T3EE8 000:025.444   SEGGER J-Link V9.14a Log File
T3EE8 000:026.890   DLL Compiled: Jan 28 2026 17:11:52
T3EE8 000:026.927   Logging started @ 2026-03-10 03:44
T3EE8 000:026.962   Process: C:\Users\trung.tran-quoc\.eclipse\com.renesas.platform_121336757\DebugComp\RA\e2-server-gdb.exe
T3EE8 000:027.833 - 27.060ms 
T3EE8 000:027.988 JLINK_GetDLLVersion()
T3EE8 000:028.028 - 0.042ms returns 91401
T3EE8 000:073.995 JLINK_OpenEx(...)
T3EE8 000:123.706   Firmware: J-Link OB-RA4M2 compiled Dec 10 2025 15:52:53
T3EE8 000:126.109   Firmware: J-Link OB-RA4M2 compiled Dec 10 2025 15:52:53
T3EE8 000:143.552   Hardware: V1.00
T3EE8 000:143.650   S/N: 1082531270
T3EE8 000:143.687   OEM: SEGGER
T3EE8 000:143.922   Feature(s): None
T3EE8 000:145.491   Bootloader: 2021 May 14
T3EE8 000:146.389   USB speed mode: Full speed (12 MBit/s)
T3EE8 000:147.760   TELNET listener socket opened on port 19021
T3EE8 000:148.639   WEBSRV WEBSRV_Init(): Starting webserver thread(s)
T3EE8 000:149.157   WEBSRV Webserver running on local port 19080
T3EE8 000:149.640   Looking for J-Link GUI Server exe at: C:\Users\trung.tran-quoc\.eclipse\com.renesas.platform_121336757\DebugComp\RA\ARM\Segger_v9.14.1\JLinkGUIServer.exe
T3EE8 000:150.824   Looking for J-Link GUI Server exe at: C:\Users\trung.tran-quoc\SEGGER\JLink_V892\JLinkGUIServer.exe
T3EE8 000:151.055   Forking J-Link GUI Server: C:\Users\trung.tran-quoc\SEGGER\JLink_V892\JLinkGUIServer.exe
T3EE8 000:750.304   J-Link GUI Server info: "J-Link GUI server V8.92 "
T3EE8 001:075.271 - 1001.798ms returns "O.K."
T3EE8 001:075.889 JLINK_TIF_Select(JLINKARM_TIF_SWD)
T3EE8 001:076.821 - 0.931ms returns 0x00
T3EE8 001:077.147 JLINK_ClrRESET()
T3EE8 001:077.678 - 0.530ms 
T3EE8 001:128.156 JLINK_SetSpeed(1500)
T3EE8 001:128.621 - 0.642ms 
T3EE8 001:128.680 JLINK_CORESIGHT_Configure(PerformTIFInit=0)
T3EE8 001:129.400 - 0.722ms returns 0
T3EE8 001:129.919 JLINK_CORESIGHT_ReadAPDPReg(DP reg 0x00)
T3EE8 001:130.861   Value=0x6BA02477
T3EE8 001:130.940 - 1.193ms returns 0
T3EE8 001:130.977 JLINK_CORESIGHT_WriteAPDPReg(DP reg 0x00, 0x0000001F)
T3EE8 001:131.354 - 0.377ms returns 0
T3EE8 001:131.424 JLINK_CORESIGHT_ReadAPDPReg(DP reg 0x00)
T3EE8 001:131.814   Value=0x6BA02477
T3EE8 001:131.882 - 0.458ms returns 0
T3EE8 001:131.923 JLINK_CORESIGHT_WriteAPDPReg(DP reg 0x02, 0x00000000)
T3EE8 001:132.272 - 0.348ms returns 0
T3EE8 001:132.349 JLINK_CORESIGHT_WriteAPDPReg(DP reg 0x01, 0x50000000)
T3EE8 001:132.727 - 0.377ms returns 0
T3EE8 001:132.846 JLINK_CORESIGHT_ReadAPDPReg(DP reg 0x01)
T3EE8 001:133.244   Value=0xF0000040
T3EE8 001:133.316 - 0.470ms returns 0
T3EE8 001:133.392 JLINK_CORESIGHT_WriteAPDPReg(DP reg 0x00, 0x0000001F)
T3EE8 001:133.666 - 0.273ms returns 0
T3EE8 001:133.770 JLINK_CORESIGHT_ReadAPDPReg(DP reg 0x00)
T3EE8 001:134.046   Value=0x6BA02477
T3EE8 001:134.085 - 0.315ms returns 0
T3EE8 001:134.110 JLINK_CORESIGHT_WriteAPDPReg(DP reg 0x01, 0x54000000)
T3EE8 001:134.394 - 0.283ms returns 0
T3EE8 001:134.437 JLINK_CORESIGHT_WriteAPDPReg(DP reg 0x01, 0x50000F00)
T3EE8 001:134.702 - 0.264ms returns 0
T3EE8 001:134.751 JLINK_CORESIGHT_WriteAPDPReg(DP reg 0x02, 0x01000000)
T3EE8 001:135.044 - 0.293ms returns 0
T3EE8 001:135.075 JLINK_CORESIGHT_WriteAPDPReg(AP reg 0x00, 0x80000002)
T3EE8 001:135.363 - 0.289ms returns 0
T3EE8 001:135.390 JLINK_CORESIGHT_WriteAPDPReg(AP reg 0x01, 0x80011100)
T3EE8 001:135.655 - 0.265ms returns 0
T3EE8 001:135.680 JLINK_CORESIGHT_WriteAPDPReg(AP reg 0x03, 0x000000A5)
T3EE8 001:135.913 - 0.233ms returns 0
T3EE8 001:135.941 JLINK_CORESIGHT_WriteAPDPReg(AP reg 0x00, 0x80000002)
T3EE8 001:136.184 - 0.243ms returns 0
T3EE8 001:136.209 JLINK_CORESIGHT_WriteAPDPReg(AP reg 0x01, 0x80011100)
T3EE8 001:136.447 - 0.238ms returns 0
T3EE8 001:136.472 JLINK_CORESIGHT_ReadAPDPReg(AP reg 0x03)
T3EE8 001:136.774   Value=0x000000A5
T3EE8 001:136.804 - 0.332ms returns 0
T3EE8 001:136.826 JLINK_ClrTMS()
T3EE8 001:136.932 - 0.106ms 
T3EE8 001:142.982 JLINK_SetTCK()
T3EE8 001:143.198 - 0.216ms returns 0
T3EE8 001:148.955 JLINK_SetRESET()
T3EE8 001:149.390 - 0.434ms 
T3EE8 001:349.967 JLINK_CORESIGHT_WriteAPDPReg(AP reg 0x00, 0x80000002)
T3EE8 001:350.452 - 0.485ms returns 0
T3EE8 001:350.525 JLINK_CORESIGHT_WriteAPDPReg(AP reg 0x01, 0x80011100)
T3EE8 001:350.824 - 0.299ms returns 0
T3EE8 001:350.889 JLINK_CORESIGHT_ReadAPDPReg(AP reg 0x03)
T3EE8 001:351.262   Value=0x00000000
T3EE8 001:351.347 - 0.458ms returns 0
T3EE8 001:351.382 JLINK_CORESIGHT_WriteAPDPReg(AP reg 0x00, 0x80000002)
T3EE8 001:351.667 - 0.284ms returns 0
T3EE8 001:351.739 JLINK_CORESIGHT_WriteAPDPReg(AP reg 0x01, 0x80011140)
T3EE8 001:352.010 - 0.271ms returns 0
T3EE8 001:352.077 JLINK_CORESIGHT_ReadAPDPReg(AP reg 0x03)
T3EE8 001:352.476   Value=0x00000002
T3EE8 001:352.556 - 0.478ms returns 0
T3EE8 001:352.596 JLINK_CORESIGHT_WriteAPDPReg(AP reg 0x00, 0x80000002)
T3EE8 001:352.891 - 0.294ms returns 0
T3EE8 001:352.959 JLINK_CORESIGHT_WriteAPDPReg(AP reg 0x01, 0x80011120)
T3EE8 001:353.312 - 0.353ms returns 0
T3EE8 001:353.374 JLINK_CORESIGHT_WriteAPDPReg(AP reg 0x03, 0x00000055)
T3EE8 001:353.675 - 0.300ms returns 0
T3EE8 001:353.740 JLINK_CORESIGHT_WriteAPDPReg(AP reg 0x00, 0x80000002)
T3EE8 001:354.028 - 0.287ms returns 0
T3EE8 001:354.096 JLINK_CORESIGHT_WriteAPDPReg(AP reg 0x01, 0x80011140)
T3EE8 001:354.388 - 0.291ms returns 0
T3EE8 001:354.461 JLINK_CORESIGHT_ReadAPDPReg(AP reg 0x03)
T3EE8 001:354.822   Value=0x00000002
T3EE8 001:354.892 - 0.431ms returns 0
T3EE8 001:354.937 JLINK_CORESIGHT_ReadAPDPReg(AP reg 0x03)
T3EE8 001:355.263   Value=0x00000002
T3EE8 001:355.342 - 0.410ms returns 0
T3EE8 001:355.384 JLINK_CORESIGHT_ReadAPDPReg(AP reg 0x03)
T3EE8 001:355.804   Value=0x00000002
T3EE8 001:355.879 - 0.494ms returns 0
T3EE8 001:355.921 JLINK_CORESIGHT_ReadAPDPReg(AP reg 0x03)
T3EE8 001:356.256   Value=0x00000002
T3EE8 001:356.369 - 0.447ms returns 0
T3EE8 001:356.411 JLINK_CORESIGHT_ReadAPDPReg(AP reg 0x03)
T3EE8 001:356.777   Value=0x00000002
T3EE8 001:356.958 - 0.545ms returns 0
T3EE8 001:357.006 JLINK_CORESIGHT_ReadAPDPReg(AP reg 0x03)
T3EE8 001:357.396   Value=0x00000002
T3EE8 001:357.482 - 0.475ms returns 0
T3EE8 001:357.527 JLINK_CORESIGHT_ReadAPDPReg(AP reg 0x03)
T3EE8 001:357.981   Value=0x00000002
T3EE8 001:358.062 - 0.535ms returns 0
T3EE8 001:358.103 JLINK_CORESIGHT_ReadAPDPReg(AP reg 0x03)
T3EE8 001:358.420   Value=0x00000002
T3EE8 001:358.474 - 0.371ms returns 0
T3EE8 001:358.512 JLINK_CORESIGHT_ReadAPDPReg(AP reg 0x03)
T3EE8 001:358.850   Value=0x00000002
T3EE8 001:358.936 - 0.424ms returns 0
T3EE8 001:358.986 JLINK_CORESIGHT_ReadAPDPReg(AP reg 0x03)
T3EE8 001:359.375   Value=0x00000002
T3EE8 001:359.457 - 0.470ms returns 0
T3EE8 001:359.494 JLINK_CORESIGHT_ReadAPDPReg(AP reg 0x03)
T3EE8 001:359.844   Value=0x00000002
T3EE8 001:359.924 - 0.430ms returns 0
T3EE8 001:361.810 JLINK_CORESIGHT_ReadAPDPReg(AP reg 0x03)
T3EE8 001:362.269   Value=0x00000002
T3EE8 001:362.325 - 0.515ms returns 0
T3EE8 001:362.354 JLINK_CORESIGHT_ReadAPDPReg(AP reg 0x03)
T3EE8 001:362.689   Value=0x00000002
T3EE8 001:362.760 - 0.405ms returns 0
T3EE8 001:362.800 JLINK_CORESIGHT_ReadAPDPReg(AP reg 0x03)
T3EE8 001:363.189   Value=0x00000002
T3EE8 001:363.236 - 0.436ms returns 0
T3EE8 001:363.268 JLINK_CORESIGHT_ReadAPDPReg(AP reg 0x03)
T3EE8 001:363.608   Value=0x00000002
T3EE8 001:363.689 - 0.420ms returns 0
T3EE8 001:363.729 JLINK_CORESIGHT_ReadAPDPReg(AP reg 0x03)
T3EE8 001:364.072   Value=0x00000002
T3EE8 001:364.178 - 0.448ms returns 0
T3EE8 001:364.213 JLINK_CORESIGHT_ReadAPDPReg(AP reg 0x03)
T3EE8 001:364.607   Value=0x00000002
T3EE8 001:364.671 - 0.458ms returns 0
T3EE8 001:364.709 JLINK_CORESIGHT_ReadAPDPReg(AP reg 0x03)
T3EE8 001:365.055   Value=0x00000002
T3EE8 001:365.129 - 0.419ms returns 0
T3EE8 001:365.167 JLINK_CORESIGHT_ReadAPDPReg(AP reg 0x03)
T3EE8 001:365.520   Value=0x00000000
T3EE8 001:365.596 - 0.428ms returns 0
T3EE8 001:365.638 JLINK_CORESIGHT_WriteAPDPReg(AP reg 0x00, 0x80000002)
T3EE8 001:365.938 - 0.300ms returns 0
T3EE8 001:366.101 JLINK_CORESIGHT_WriteAPDPReg(AP reg 0x01, 0x80011130)
T3EE8 001:367.330 - 1.228ms returns 0
T3EE8 001:367.561 JLINK_CORESIGHT_ReadAPDPReg(AP reg 0x03)
T3EE8 001:367.995   Value=0x000000C6
T3EE8 001:368.483 - 0.920ms returns 0
T3EE8 001:369.282 JLINK_CORESIGHT_WriteAPDPReg(AP reg 0x00, 0x80000002)
T3EE8 001:369.709 - 0.426ms returns 0
T3EE8 001:369.768 JLINK_CORESIGHT_WriteAPDPReg(AP reg 0x01, 0x80011140)
T3EE8 001:370.902 - 1.131ms returns 0
T3EE8 001:371.006 JLINK_CORESIGHT_ReadAPDPReg(AP reg 0x03)
T3EE8 001:371.393   Value=0x00000002
T3EE8 001:371.472 - 0.466ms returns 0
T3EE8 001:371.515 JLINK_CORESIGHT_WriteAPDPReg(AP reg 0x00, 0x80000002)
T3EE8 001:371.832 - 0.316ms returns 0
T3EE8 001:371.901 JLINK_CORESIGHT_WriteAPDPReg(AP reg 0x01, 0x80011120)
T3EE8 001:372.204 - 0.301ms returns 0
T3EE8 001:372.283 JLINK_CORESIGHT_WriteAPDPReg(AP reg 0x03, 0x3A010001)
T3EE8 001:372.591 - 0.307ms returns 0
T3EE8 001:372.653 JLINK_CORESIGHT_WriteAPDPReg(AP reg 0x00, 0x80000002)
T3EE8 001:372.978 - 0.324ms returns 0
T3EE8 001:373.051 JLINK_CORESIGHT_WriteAPDPReg(AP reg 0x01, 0x80011140)
T3EE8 001:373.384 - 0.332ms returns 0
T3EE8 001:373.462 JLINK_CORESIGHT_ReadAPDPReg(AP reg 0x03)
T3EE8 001:373.856   Value=0x00000002
T3EE8 001:373.955 - 0.492ms returns 0
T3EE8 001:374.036 JLINK_CORESIGHT_WriteAPDPReg(AP reg 0x00, 0x80000002)
T3EE8 001:374.410 - 0.374ms returns 0
T3EE8 001:374.480 JLINK_CORESIGHT_WriteAPDPReg(AP reg 0x01, 0x80011120)
T3EE8 001:374.776 - 0.295ms returns 0
T3EE8 001:374.843 JLINK_CORESIGHT_WriteAPDPReg(AP reg 0x03, 0x000003C5)
T3EE8 001:375.196 - 0.352ms returns 0
T3EE8 001:375.263 JLINK_CORESIGHT_WriteAPDPReg(AP reg 0x00, 0x80000002)
T3EE8 001:375.562 - 0.298ms returns 0
T3EE8 001:375.630 JLINK_CORESIGHT_WriteAPDPReg(AP reg 0x01, 0x80011140)
T3EE8 001:375.913 - 0.283ms returns 0
T3EE8 001:375.991 JLINK_CORESIGHT_ReadAPDPReg(AP reg 0x03)
T3EE8 001:376.361   Value=0x00000000
T3EE8 001:376.433 - 0.442ms returns 0
T3EE8 001:376.475 JLINK_CORESIGHT_WriteAPDPReg(AP reg 0x00, 0x80000002)
T3EE8 001:376.776 - 0.301ms returns 0
T3EE8 001:376.825 JLINK_CORESIGHT_WriteAPDPReg(AP reg 0x01, 0x80011130)
T3EE8 001:377.186 - 0.361ms returns 0
T3EE8 001:377.245 JLINK_CORESIGHT_ReadAPDPReg(AP reg 0x03)
T3EE8 001:377.587   Value=0x3A2A0081
T3EE8 001:377.651 - 0.405ms returns 0
T3EE8 001:377.690 JLINK_CORESIGHT_WriteAPDPReg(AP reg 0x00, 0x80000002)
T3EE8 001:378.019 - 0.329ms returns 0
T3EE8 001:378.075 JLINK_CORESIGHT_WriteAPDPReg(AP reg 0x01, 0x80011140)
T3EE8 001:378.366 - 0.290ms returns 0
T3EE8 001:378.425 JLINK_CORESIGHT_ReadAPDPReg(AP reg 0x03)
T3EE8 001:378.804   Value=0x00000000
T3EE8 001:378.888 - 0.462ms returns 0
T3EE8 001:378.935 JLINK_CORESIGHT_WriteAPDPReg(AP reg 0x00, 0x80000002)
T3EE8 001:379.219 - 0.284ms returns 0
T3EE8 001:379.276 JLINK_CORESIGHT_WriteAPDPReg(AP reg 0x01, 0x80011130)
T3EE8 001:379.625 - 0.348ms returns 0
T3EE8 001:379.684 JLINK_CORESIGHT_ReadAPDPReg(AP reg 0x03)
T3EE8 001:380.025   Value=0x808D5B00
T3EE8 001:380.084 - 0.400ms returns 0
T3EE8 001:380.123 JLINK_CORESIGHT_WriteAPDPReg(AP reg 0x00, 0x80000002)
T3EE8 001:380.403 - 0.279ms returns 0
T3EE8 001:380.472 JLINK_CORESIGHT_WriteAPDPReg(AP reg 0x01, 0x80011140)
T3EE8 001:380.759 - 0.286ms returns 0
T3EE8 001:380.819 JLINK_CORESIGHT_ReadAPDPReg(AP reg 0x03)
T3EE8 001:381.197   Value=0x00000000
T3EE8 001:381.270 - 0.450ms returns 0
T3EE8 001:381.310 JLINK_CORESIGHT_WriteAPDPReg(AP reg 0x00, 0x80000002)
T3EE8 001:381.596 - 0.286ms returns 0
T3EE8 001:381.645 JLINK_CORESIGHT_WriteAPDPReg(AP reg 0x01, 0x80011130)
T3EE8 001:381.928 - 0.282ms returns 0
T3EE8 001:382.000 JLINK_CORESIGHT_ReadAPDPReg(AP reg 0x03)
T3EE8 001:382.373   Value=0x0406070A
T3EE8 001:382.446 - 0.445ms returns 0
T3EE8 001:382.535 JLINK_CORESIGHT_WriteAPDPReg(AP reg 0x00, 0x80000002)
T3EE8 001:382.809 - 0.274ms returns 0
T3EE8 001:382.897 JLINK_CORESIGHT_WriteAPDPReg(AP reg 0x01, 0x80011140)
T3EE8 001:383.197 - 0.299ms returns 0
T3EE8 001:383.260 JLINK_CORESIGHT_ReadAPDPReg(AP reg 0x03)
T3EE8 001:383.637   Value=0x00000000
T3EE8 001:383.716 - 0.455ms returns 0
T3EE8 001:383.766 JLINK_CORESIGHT_WriteAPDPReg(AP reg 0x00, 0x80000002)
T3EE8 001:384.051 - 0.284ms returns 0
T3EE8 001:384.118 JLINK_CORESIGHT_WriteAPDPReg(AP reg 0x01, 0x80011130)
T3EE8 001:384.407 - 0.289ms returns 0
T3EE8 001:384.455 JLINK_CORESIGHT_ReadAPDPReg(AP reg 0x03)
T3EE8 001:384.787   Value=0x3154540B
T3EE8 001:384.860 - 0.405ms returns 0
T3EE8 001:384.899 JLINK_CORESIGHT_WriteAPDPReg(AP reg 0x00, 0x80000002)
T3EE8 001:385.227 - 0.327ms returns 0
T3EE8 001:385.322 JLINK_CORESIGHT_WriteAPDPReg(AP reg 0x01, 0x80011140)
T3EE8 001:385.601 - 0.278ms returns 0
T3EE8 001:385.661 JLINK_CORESIGHT_ReadAPDPReg(AP reg 0x03)
T3EE8 001:386.011   Value=0x00000000
T3EE8 001:386.071 - 0.409ms returns 0
T3EE8 001:386.109 JLINK_CORESIGHT_WriteAPDPReg(AP reg 0x00, 0x80000002)
T3EE8 001:386.390 - 0.280ms returns 0
T3EE8 001:386.440 JLINK_CORESIGHT_WriteAPDPReg(AP reg 0x01, 0x80011130)
T3EE8 001:386.704 - 0.264ms returns 0
T3EE8 001:386.762 JLINK_CORESIGHT_ReadAPDPReg(AP reg 0x03)
T3EE8 001:387.113   Value=0x545D1177
T3EE8 001:387.187 - 0.425ms returns 0
T3EE8 001:387.233 JLINK_CORESIGHT_WriteAPDPReg(AP reg 0x00, 0x80000002)
T3EE8 001:387.505 - 0.272ms returns 0
T3EE8 001:387.553 JLINK_CORESIGHT_WriteAPDPReg(AP reg 0x01, 0x80011140)
T3EE8 001:387.828 - 0.275ms returns 0
T3EE8 001:387.875 JLINK_CORESIGHT_ReadAPDPReg(AP reg 0x03)
T3EE8 001:388.189   Value=0x00000000
T3EE8 001:388.258 - 0.383ms returns 0
T3EE8 001:388.335 JLINK_CORESIGHT_WriteAPDPReg(AP reg 0x00, 0x80000002)
T3EE8 001:388.599 - 0.264ms returns 0
T3EE8 001:388.652 JLINK_CORESIGHT_WriteAPDPReg(AP reg 0x01, 0x80011130)
T3EE8 001:388.923 - 0.270ms returns 0
T3EE8 001:389.002 JLINK_CORESIGHT_ReadAPDPReg(AP reg 0x03)
T3EE8 001:389.370   Value=0x37395636
T3EE8 001:389.436 - 0.433ms returns 0
T3EE8 001:389.480 JLINK_CORESIGHT_WriteAPDPReg(AP reg 0x00, 0x80000002)
T3EE8 001:389.789 - 0.308ms returns 0
T3EE8 001:389.872 JLINK_CORESIGHT_WriteAPDPReg(AP reg 0x01, 0x80011140)
T3EE8 001:390.196 - 0.323ms returns 0
T3EE8 001:390.278 JLINK_CORESIGHT_ReadAPDPReg(AP reg 0x03)
T3EE8 001:390.787   Value=0x00000000
T3EE8 001:390.876 - 0.598ms returns 0
T3EE8 001:390.922 JLINK_CORESIGHT_WriteAPDPReg(AP reg 0x00, 0x80000002)
T3EE8 001:391.264 - 0.342ms returns 0
T3EE8 001:391.322 JLINK_CORESIGHT_WriteAPDPReg(AP reg 0x01, 0x80011130)
T3EE8 001:391.613 - 0.291ms returns 0
T3EE8 001:391.691 JLINK_CORESIGHT_ReadAPDPReg(AP reg 0x03)
T3EE8 001:392.070   Value=0x85012D34
T3EE8 001:392.150 - 0.459ms returns 0
T3EE8 001:392.201 JLINK_CORESIGHT_WriteAPDPReg(AP reg 0x00, 0x80000002)
T3EE8 001:392.525 - 0.323ms returns 0
T3EE8 001:392.639 JLINK_CORESIGHT_WriteAPDPReg(AP reg 0x01, 0x80011140)
T3EE8 001:392.973 - 0.333ms returns 0
T3EE8 001:393.066 JLINK_CORESIGHT_ReadAPDPReg(AP reg 0x03)
T3EE8 001:393.440   Value=0x00000000
T3EE8 001:393.515 - 0.449ms returns 0
T3EE8 001:393.564 JLINK_CORESIGHT_WriteAPDPReg(AP reg 0x00, 0x80000002)
T3EE8 001:393.855 - 0.291ms returns 0
T3EE8 001:393.912 JLINK_CORESIGHT_WriteAPDPReg(AP reg 0x01, 0x80011130)
T3EE8 001:394.202 - 0.289ms returns 0
T3EE8 001:394.281 JLINK_CORESIGHT_ReadAPDPReg(AP reg 0x03)
T3EE8 001:394.636   Value=0x4B375275
T3EE8 001:394.712 - 0.431ms returns 0
T3EE8 001:394.760 JLINK_CORESIGHT_WriteAPDPReg(AP reg 0x00, 0x80000002)
T3EE8 001:395.056 - 0.295ms returns 0
T3EE8 001:395.140 JLINK_CORESIGHT_WriteAPDPReg(AP reg 0x01, 0x80011140)
T3EE8 001:395.450 - 0.309ms returns 0
T3EE8 001:395.556 JLINK_CORESIGHT_ReadAPDPReg(AP reg 0x03)
T3EE8 001:395.903   Value=0x00000000
T3EE8 001:395.977 - 0.420ms returns 0
T3EE8 001:396.012 JLINK_CORESIGHT_WriteAPDPReg(AP reg 0x00, 0x80000002)
T3EE8 001:396.323 - 0.311ms returns 0
T3EE8 001:396.376 JLINK_CORESIGHT_WriteAPDPReg(AP reg 0x01, 0x80011130)
T3EE8 001:396.653 - 0.277ms returns 0
T3EE8 001:396.727 JLINK_CORESIGHT_ReadAPDPReg(AP reg 0x03)
T3EE8 001:397.103   Value=0x31503841
T3EE8 001:397.176 - 0.448ms returns 0
T3EE8 001:397.222 JLINK_CORESIGHT_WriteAPDPReg(AP reg 0x00, 0x80000002)
T3EE8 001:397.509 - 0.287ms returns 0
T3EE8 001:397.602 JLINK_CORESIGHT_WriteAPDPReg(AP reg 0x01, 0x80011140)
T3EE8 001:398.072 - 0.470ms returns 0
T3EE8 001:398.151 JLINK_CORESIGHT_ReadAPDPReg(AP reg 0x03)
T3EE8 001:398.518   Value=0x00000000
T3EE8 001:398.602 - 0.450ms returns 0
T3EE8 001:398.649 JLINK_CORESIGHT_WriteAPDPReg(AP reg 0x00, 0x80000002)
T3EE8 001:398.975 - 0.325ms returns 0
T3EE8 001:400.634 JLINK_CORESIGHT_WriteAPDPReg(AP reg 0x01, 0x80011130)
T3EE8 001:401.020 - 0.387ms returns 0
T3EE8 001:401.082 JLINK_CORESIGHT_ReadAPDPReg(AP reg 0x03)
T3EE8 001:401.573   Value=0x434C464B
T3EE8 001:401.655 - 0.572ms returns 0
T3EE8 001:401.700 JLINK_CORESIGHT_WriteAPDPReg(AP reg 0x00, 0x80000002)
T3EE8 001:402.024 - 0.324ms returns 0
T3EE8 001:402.091 JLINK_CORESIGHT_WriteAPDPReg(AP reg 0x01, 0x80011140)
T3EE8 001:403.965 - 1.872ms returns 0
T3EE8 001:404.040 JLINK_CORESIGHT_ReadAPDPReg(AP reg 0x03)
T3EE8 001:404.431   Value=0x00000000
T3EE8 001:404.515 - 0.475ms returns 0
T3EE8 001:404.565 JLINK_CORESIGHT_WriteAPDPReg(AP reg 0x00, 0x80000002)
T3EE8 001:404.882 - 0.316ms returns 0
T3EE8 001:404.944 JLINK_CORESIGHT_WriteAPDPReg(AP reg 0x01, 0x80011130)
T3EE8 001:405.316 - 0.371ms returns 0
T3EE8 001:405.386 JLINK_CORESIGHT_ReadAPDPReg(AP reg 0x03)
T3EE8 001:405.755   Value=0x20204341
T3EE8 001:405.828 - 0.441ms returns 0
T3EE8 001:405.871 JLINK_CORESIGHT_WriteAPDPReg(AP reg 0x00, 0x80000002)
T3EE8 001:406.191 - 0.320ms returns 0
T3EE8 001:406.259 JLINK_CORESIGHT_WriteAPDPReg(AP reg 0x01, 0x80011140)
T3EE8 001:406.613 - 0.354ms returns 0
T3EE8 001:406.684 JLINK_CORESIGHT_ReadAPDPReg(AP reg 0x03)
T3EE8 001:407.049   Value=0x00000000
T3EE8 001:407.138 - 0.453ms returns 0
T3EE8 001:407.185 JLINK_CORESIGHT_WriteAPDPReg(AP reg 0x00, 0x80000002)
T3EE8 001:407.518 - 0.332ms returns 0
T3EE8 001:407.584 JLINK_CORESIGHT_WriteAPDPReg(AP reg 0x01, 0x80011130)
T3EE8 001:407.867 - 0.282ms returns 0
T3EE8 001:407.931 JLINK_CORESIGHT_ReadAPDPReg(AP reg 0x03)
T3EE8 001:408.296   Value=0x0003D220
T3EE8 001:408.469 - 0.537ms returns 0
T3EE8 001:408.630 JLINK_CORESIGHT_WriteAPDPReg(AP reg 0x00, 0x80000002)
T3EE8 001:408.980 - 0.349ms returns 0
T3EE8 001:409.042 JLINK_CORESIGHT_WriteAPDPReg(AP reg 0x01, 0x80011140)
T3EE8 001:409.392 - 0.349ms returns 0
T3EE8 001:409.449 JLINK_CORESIGHT_ReadAPDPReg(AP reg 0x03)
T3EE8 001:409.804   Value=0x00000002
T3EE8 001:409.885 - 0.436ms returns 0
T3EE8 001:409.927 JLINK_CORESIGHT_WriteAPDPReg(AP reg 0x00, 0x80000002)
T3EE8 001:410.309 - 0.381ms returns 0
T3EE8 001:410.388 JLINK_CORESIGHT_WriteAPDPReg(AP reg 0x01, 0x80011120)
T3EE8 001:410.692 - 0.303ms returns 0
T3EE8 001:410.754 JLINK_CORESIGHT_WriteAPDPReg(AP reg 0x03, 0x39020001)
T3EE8 001:411.081 - 0.326ms returns 0
T3EE8 001:411.155 JLINK_CORESIGHT_WriteAPDPReg(AP reg 0x00, 0x80000002)
T3EE8 001:411.444 - 0.288ms returns 0
T3EE8 001:411.502 JLINK_CORESIGHT_WriteAPDPReg(AP reg 0x01, 0x80011140)
T3EE8 001:411.830 - 0.327ms returns 0
T3EE8 001:411.900 JLINK_CORESIGHT_ReadAPDPReg(AP reg 0x03)
T3EE8 001:412.268   Value=0x00000002
T3EE8 001:412.343 - 0.443ms returns 0
T3EE8 001:412.385 JLINK_CORESIGHT_WriteAPDPReg(AP reg 0x00, 0x80000002)
T3EE8 001:412.704 - 0.318ms returns 0
T3EE8 001:412.773 JLINK_CORESIGHT_WriteAPDPReg(AP reg 0x01, 0x80011120)
T3EE8 001:413.215 - 0.442ms returns 0
T3EE8 001:413.281 JLINK_CORESIGHT_WriteAPDPReg(AP reg 0x03, 0x0003B312)
T3EE8 001:413.575 - 0.294ms returns 0
T3EE8 001:413.807 JLINK_CORESIGHT_WriteAPDPReg(AP reg 0x00, 0x80000002)
T3EE8 001:414.290 - 0.484ms returns 0
T3EE8 001:414.354 JLINK_CORESIGHT_WriteAPDPReg(AP reg 0x01, 0x80011140)
T3EE8 001:414.670 - 0.315ms returns 0
T3EE8 001:414.744 JLINK_CORESIGHT_ReadAPDPReg(AP reg 0x03)
T3EE8 001:415.384   Value=0x00000000
T3EE8 001:415.456 - 0.712ms returns 0
T3EE8 001:415.496 JLINK_CORESIGHT_WriteAPDPReg(AP reg 0x00, 0x80000002)
T3EE8 001:415.815 - 0.318ms returns 0
T3EE8 001:415.885 JLINK_CORESIGHT_WriteAPDPReg(AP reg 0x01, 0x80011130)
T3EE8 001:416.277 - 0.390ms returns 0
T3EE8 001:416.354 JLINK_CORESIGHT_ReadAPDPReg(AP reg 0x03)
T3EE8 001:416.757   Value=0xB90A0081
T3EE8 001:416.842 - 0.487ms returns 0
T3EE8 001:416.877 JLINK_CORESIGHT_WriteAPDPReg(AP reg 0x00, 0x80000002)
T3EE8 001:417.227 - 0.349ms returns 0
T3EE8 001:417.292 JLINK_CORESIGHT_WriteAPDPReg(AP reg 0x01, 0x80011140)
T3EE8 001:417.772 - 0.478ms returns 0
T3EE8 001:417.837 JLINK_CORESIGHT_ReadAPDPReg(AP reg 0x03)
T3EE8 001:418.207   Value=0x00000000
T3EE8 001:418.297 - 0.459ms returns 0
T3EE8 001:418.344 JLINK_CORESIGHT_WriteAPDPReg(AP reg 0x00, 0x80000002)
T3EE8 001:418.657 - 0.311ms returns 0
T3EE8 001:418.719 JLINK_CORESIGHT_WriteAPDPReg(AP reg 0x01, 0x80011130)
T3EE8 001:419.049 - 0.329ms returns 0
T3EE8 001:419.173 JLINK_CORESIGHT_ReadAPDPReg(AP reg 0x03)
T3EE8 001:419.560   Value=0xFFFFFFC0
T3EE8 001:419.641 - 0.467ms returns 0
T3EE8 001:419.685 JLINK_CORESIGHT_WriteAPDPReg(AP reg 0x00, 0x80000002)
T3EE8 001:420.046 - 0.361ms returns 0
T3EE8 001:420.113 JLINK_CORESIGHT_WriteAPDPReg(AP reg 0x01, 0x80011140)
T3EE8 001:420.425 - 0.311ms returns 0
T3EE8 001:420.486 JLINK_CORESIGHT_ReadAPDPReg(AP reg 0x03)
T3EE8 001:420.881   Value=0x00000000
T3EE8 001:420.959 - 0.472ms returns 0
T3EE8 001:421.003 JLINK_CORESIGHT_WriteAPDPReg(AP reg 0x00, 0x80000002)
T3EE8 001:421.343 - 0.340ms returns 0
T3EE8 001:421.417 JLINK_CORESIGHT_WriteAPDPReg(AP reg 0x01, 0x80011130)
T3EE8 001:421.785 - 0.368ms returns 0
T3EE8 001:421.843 JLINK_CORESIGHT_ReadAPDPReg(AP reg 0x03)
T3EE8 001:422.241   Value=0xFFFFFFFF
T3EE8 001:422.322 - 0.478ms returns 0
T3EE8 001:422.364 JLINK_CORESIGHT_WriteAPDPReg(AP reg 0x00, 0x80000002)
T3EE8 001:422.670 - 0.305ms returns 0
T3EE8 001:422.742 JLINK_CORESIGHT_WriteAPDPReg(AP reg 0x01, 0x80011140)
T3EE8 001:423.057 - 0.315ms returns 0
T3EE8 001:423.122 JLINK_CORESIGHT_ReadAPDPReg(AP reg 0x03)
T3EE8 001:423.537   Value=0x00000000
T3EE8 001:423.616 - 0.494ms returns 0
T3EE8 001:423.659 JLINK_CORESIGHT_WriteAPDPReg(AP reg 0x00, 0x80000002)
T3EE8 001:424.006 - 0.346ms returns 0
T3EE8 001:424.088 JLINK_CORESIGHT_WriteAPDPReg(AP reg 0x01, 0x80011130)
T3EE8 001:424.405 - 0.317ms returns 0
T3EE8 001:424.498 JLINK_CORESIGHT_ReadAPDPReg(AP reg 0x03)
T3EE8 001:424.861   Value=0x000385FF
T3EE8 001:424.961 - 0.463ms returns 0
T3EE8 001:425.713 JLINK_CORESIGHT_WriteAPDPReg(AP reg 0x00, 0x80000002)
T3EE8 001:426.121 - 0.408ms returns 0
T3EE8 001:426.204 JLINK_CORESIGHT_WriteAPDPReg(AP reg 0x01, 0x80011140)
T3EE8 001:426.509 - 0.306ms returns 0
T3EE8 001:426.582 JLINK_CORESIGHT_ReadAPDPReg(AP reg 0x03)
T3EE8 001:426.916   Value=0x00000002
T3EE8 001:426.993 - 0.411ms returns 0
T3EE8 001:427.041 JLINK_CORESIGHT_WriteAPDPReg(AP reg 0x00, 0x80000002)
T3EE8 001:427.342 - 0.301ms returns 0
T3EE8 001:427.407 JLINK_CORESIGHT_WriteAPDPReg(AP reg 0x01, 0x80011120)
T3EE8 001:427.696 - 0.290ms returns 0
T3EE8 001:427.753 JLINK_CORESIGHT_WriteAPDPReg(AP reg 0x03, 0x2C010001)
T3EE8 001:428.049 - 0.296ms returns 0
T3EE8 001:428.107 JLINK_CORESIGHT_WriteAPDPReg(AP reg 0x00, 0x80000002)
T3EE8 001:428.389 - 0.281ms returns 0
T3EE8 001:428.461 JLINK_CORESIGHT_WriteAPDPReg(AP reg 0x01, 0x80011140)
T3EE8 001:428.742 - 0.281ms returns 0
T3EE8 001:428.811 JLINK_CORESIGHT_ReadAPDPReg(AP reg 0x03)
T3EE8 001:429.203   Value=0x00000002
T3EE8 001:429.280 - 0.469ms returns 0
T3EE8 001:429.327 JLINK_CORESIGHT_WriteAPDPReg(AP reg 0x00, 0x80000002)
T3EE8 001:429.677 - 0.349ms returns 0
T3EE8 001:429.767 JLINK_CORESIGHT_WriteAPDPReg(AP reg 0x01, 0x80011120)
T3EE8 001:430.079 - 0.312ms returns 0
T3EE8 001:430.161 JLINK_CORESIGHT_WriteAPDPReg(AP reg 0x03, 0x000003D3)
T3EE8 001:430.465 - 0.303ms returns 0
T3EE8 001:430.536 JLINK_CORESIGHT_WriteAPDPReg(AP reg 0x00, 0x80000002)
T3EE8 001:430.818 - 0.281ms returns 0
T3EE8 001:430.923 JLINK_CORESIGHT_WriteAPDPReg(AP reg 0x01, 0x80011140)
T3EE8 001:431.199 - 0.276ms returns 0
T3EE8 001:431.272 JLINK_CORESIGHT_ReadAPDPReg(AP reg 0x03)
T3EE8 001:431.627   Value=0x00000002
T3EE8 001:431.691 - 0.418ms returns 0
T3EE8 001:431.736 JLINK_CORESIGHT_ReadAPDPReg(AP reg 0x03)
T3EE8 001:432.081   Value=0x00000002
T3EE8 001:432.161 - 0.424ms returns 0
T3EE8 001:432.225 JLINK_CORESIGHT_ReadAPDPReg(AP reg 0x03)
T3EE8 001:432.604   Value=0x00000002
T3EE8 001:432.687 - 0.462ms returns 0
T3EE8 001:432.737 JLINK_CORESIGHT_ReadAPDPReg(AP reg 0x03)
T3EE8 001:433.086   Value=0x00000002
T3EE8 001:433.150 - 0.412ms returns 0
T3EE8 001:433.190 JLINK_CORESIGHT_ReadAPDPReg(AP reg 0x03)
T3EE8 001:433.539   Value=0x00000000
T3EE8 001:433.618 - 0.427ms returns 0
T3EE8 001:433.669 JLINK_CORESIGHT_WriteAPDPReg(AP reg 0x00, 0x80000002)
T3EE8 001:433.973 - 0.304ms returns 0
T3EE8 001:434.031 JLINK_CORESIGHT_WriteAPDPReg(AP reg 0x01, 0x80011130)
T3EE8 001:434.300 - 0.269ms returns 0
T3EE8 001:434.344 JLINK_CORESIGHT_ReadAPDPReg(AP reg 0x03)
T3EE8 001:434.721   Value=0x2C020081
T3EE8 001:434.837 - 0.492ms returns 0
T3EE8 001:436.237 JLINK_CORESIGHT_WriteAPDPReg(AP reg 0x00, 0x80000002)
T3EE8 001:436.604 - 0.367ms returns 0
T3EE8 001:436.685 JLINK_CORESIGHT_WriteAPDPReg(AP reg 0x01, 0x80011140)
T3EE8 001:437.006 - 0.319ms returns 0
T3EE8 001:437.081 JLINK_CORESIGHT_ReadAPDPReg(AP reg 0x03)
T3EE8 001:437.449   Value=0x00000000
T3EE8 001:437.533 - 0.451ms returns 0
T3EE8 001:437.576 JLINK_CORESIGHT_WriteAPDPReg(AP reg 0x00, 0x80000002)
T3EE8 001:437.899 - 0.323ms returns 0
T3EE8 001:437.979 JLINK_CORESIGHT_WriteAPDPReg(AP reg 0x01, 0x80011130)
T3EE8 001:438.306 - 0.325ms returns 0
T3EE8 001:438.370 JLINK_CORESIGHT_ReadAPDPReg(AP reg 0x03)
T3EE8 001:438.718   Value=0x0003CE04
T3EE8 001:438.792 - 0.421ms returns 0
T3EE8 001:438.848 JLINK_CORESIGHT_WriteAPDPReg(AP reg 0x00, 0x80000002)
T3EE8 001:439.234 - 0.385ms returns 0
T3EE8 001:439.315 JLINK_CORESIGHT_WriteAPDPReg(AP reg 0x01, 0x80011140)
T3EE8 001:439.620 - 0.305ms returns 0
T3EE8 001:439.685 JLINK_CORESIGHT_ReadAPDPReg(AP reg 0x03)
T3EE8 001:440.040   Value=0x00000002
T3EE8 001:440.351 - 0.665ms returns 0
T3EE8 001:440.394 JLINK_CORESIGHT_WriteAPDPReg(AP reg 0x00, 0x80000002)
T3EE8 001:440.753 - 0.359ms returns 0
T3EE8 001:440.806 JLINK_CORESIGHT_WriteAPDPReg(AP reg 0x01, 0x80011120)
T3EE8 001:441.212 - 0.406ms returns 0
T3EE8 001:441.299 JLINK_CORESIGHT_WriteAPDPReg(AP reg 0x03, 0x73010001)
T3EE8 001:441.626 - 0.327ms returns 0
T3EE8 001:441.747 JLINK_CORESIGHT_WriteAPDPReg(AP reg 0x00, 0x80000002)
T3EE8 001:442.095 - 0.349ms returns 0
T3EE8 001:442.172 JLINK_CORESIGHT_WriteAPDPReg(AP reg 0x01, 0x80011140)
T3EE8 001:442.478 - 0.304ms returns 0
T3EE8 001:442.659 JLINK_CORESIGHT_ReadAPDPReg(AP reg 0x03)
T3EE8 001:443.017   Value=0x00000002
T3EE8 001:443.078 - 0.420ms returns 0
T3EE8 001:443.110 JLINK_CORESIGHT_WriteAPDPReg(AP reg 0x00, 0x80000002)
T3EE8 001:443.407 - 0.296ms returns 0
T3EE8 001:443.480 JLINK_CORESIGHT_WriteAPDPReg(AP reg 0x01, 0x80011120)
T3EE8 001:443.780 - 0.300ms returns 0
T3EE8 001:443.831 JLINK_CORESIGHT_WriteAPDPReg(AP reg 0x03, 0x0000038C)
T3EE8 001:444.193 - 0.361ms returns 0
T3EE8 001:444.260 JLINK_CORESIGHT_WriteAPDPReg(AP reg 0x00, 0x80000002)
T3EE8 001:444.594 - 0.333ms returns 0
T3EE8 001:444.661 JLINK_CORESIGHT_WriteAPDPReg(AP reg 0x01, 0x80011140)
T3EE8 001:444.963 - 0.302ms returns 0
T3EE8 001:445.030 JLINK_CORESIGHT_ReadAPDPReg(AP reg 0x03)
T3EE8 001:445.396   Value=0x00000002
T3EE8 001:445.485 - 0.455ms returns 0
T3EE8 001:445.530 JLINK_CORESIGHT_ReadAPDPReg(AP reg 0x03)
T3EE8 001:445.869   Value=0x00000002
T3EE8 001:445.960 - 0.430ms returns 0
T3EE8 001:446.006 JLINK_CORESIGHT_ReadAPDPReg(AP reg 0x03)
T3EE8 001:446.356   Value=0x00000002
T3EE8 001:446.436 - 0.429ms returns 0
T3EE8 001:446.470 JLINK_CORESIGHT_ReadAPDPReg(AP reg 0x03)
T3EE8 001:446.840   Value=0x00000002
T3EE8 001:446.918 - 0.448ms returns 0
T3EE8 001:446.965 JLINK_CORESIGHT_ReadAPDPReg(AP reg 0x03)
T3EE8 001:447.368   Value=0x00000002
T3EE8 001:447.491 - 0.526ms returns 0
T3EE8 001:447.518 JLINK_CORESIGHT_ReadAPDPReg(AP reg 0x03)
T3EE8 001:447.838   Value=0x00000000
T3EE8 001:447.879 - 0.360ms returns 0
T3EE8 001:447.905 JLINK_CORESIGHT_WriteAPDPReg(AP reg 0x00, 0x80000002)
T3EE8 001:448.201 - 0.295ms returns 0
T3EE8 001:448.297 JLINK_CORESIGHT_WriteAPDPReg(AP reg 0x01, 0x80011130)
T3EE8 001:448.596 - 0.293ms returns 0
T3EE8 001:448.659 JLINK_CORESIGHT_ReadAPDPReg(AP reg 0x03)
T3EE8 001:448.997   Value=0x73020081
T3EE8 001:449.069 - 0.409ms returns 0
T3EE8 001:449.098 JLINK_CORESIGHT_WriteAPDPReg(AP reg 0x00, 0x80000002)
T3EE8 001:449.436 - 0.336ms returns 0
T3EE8 001:449.508 JLINK_CORESIGHT_WriteAPDPReg(AP reg 0x01, 0x80011140)
T3EE8 001:449.805 - 0.297ms returns 0
T3EE8 001:449.874 JLINK_CORESIGHT_ReadAPDPReg(AP reg 0x03)
T3EE8 001:450.291   Value=0x00000000
T3EE8 001:450.364 - 0.490ms returns 0
T3EE8 001:450.407 JLINK_CORESIGHT_WriteAPDPReg(AP reg 0x00, 0x80000002)
T3EE8 001:450.711 - 0.304ms returns 0
T3EE8 001:450.775 JLINK_CORESIGHT_WriteAPDPReg(AP reg 0x01, 0x80011130)
T3EE8 001:451.058 - 0.282ms returns 0
T3EE8 001:451.125 JLINK_CORESIGHT_ReadAPDPReg(AP reg 0x03)
T3EE8 001:451.486   Value=0x00038902
T3EE8 001:451.557 - 0.431ms returns 0
T3EE8 001:451.603 JLINK_CORESIGHT_WriteAPDPReg(AP reg 0x00, 0x80000002)
T3EE8 001:451.893 - 0.290ms returns 0
T3EE8 001:451.959 JLINK_CORESIGHT_WriteAPDPReg(AP reg 0x01, 0x80011140)
T3EE8 001:452.308 - 0.348ms returns 0
T3EE8 001:452.388 JLINK_CORESIGHT_ReadAPDPReg(AP reg 0x03)
T3EE8 001:452.757   Value=0x00000002
T3EE8 001:452.828 - 0.440ms returns 0
T3EE8 001:452.869 JLINK_CORESIGHT_WriteAPDPReg(AP reg 0x00, 0x80000002)
T3EE8 001:453.223 - 0.332ms returns 0
T3EE8 001:453.295 JLINK_CORESIGHT_WriteAPDPReg(AP reg 0x01, 0x80011120)
T3EE8 001:453.588 - 0.292ms returns 0
T3EE8 001:453.653 JLINK_CORESIGHT_WriteAPDPReg(AP reg 0x03, 0x75010001)
T3EE8 001:453.973 - 0.319ms returns 0
T3EE8 001:454.038 JLINK_CORESIGHT_WriteAPDPReg(AP reg 0x00, 0x80000002)
T3EE8 001:454.370 - 0.331ms returns 0
T3EE8 001:454.449 JLINK_CORESIGHT_WriteAPDPReg(AP reg 0x01, 0x80011140)
T3EE8 001:454.755 - 0.306ms returns 0
T3EE8 001:454.811 JLINK_CORESIGHT_ReadAPDPReg(AP reg 0x03)
T3EE8 001:455.209   Value=0x00000002
T3EE8 001:455.284 - 0.472ms returns 0
T3EE8 001:455.326 JLINK_CORESIGHT_WriteAPDPReg(AP reg 0x00, 0x80000002)
T3EE8 001:455.631 - 0.304ms returns 0
T3EE8 001:455.695 JLINK_CORESIGHT_WriteAPDPReg(AP reg 0x01, 0x80011120)
T3EE8 001:455.977 - 0.281ms returns 0
T3EE8 001:456.041 JLINK_CORESIGHT_WriteAPDPReg(AP reg 0x03, 0x0000038A)
T3EE8 001:456.351 - 0.309ms returns 0
T3EE8 001:456.445 JLINK_CORESIGHT_WriteAPDPReg(AP reg 0x00, 0x80000002)
T3EE8 001:456.749 - 0.303ms returns 0
T3EE8 001:456.827 JLINK_CORESIGHT_WriteAPDPReg(AP reg 0x01, 0x80011140)
T3EE8 001:457.207 - 0.379ms returns 0
T3EE8 001:457.292 JLINK_CORESIGHT_ReadAPDPReg(AP reg 0x03)
T3EE8 001:457.668   Value=0x00000000
T3EE8 001:457.741 - 0.448ms returns 0
T3EE8 001:457.782 JLINK_CORESIGHT_WriteAPDPReg(AP reg 0x00, 0x80000002)
T3EE8 001:458.064 - 0.281ms returns 0
T3EE8 001:458.144 JLINK_CORESIGHT_WriteAPDPReg(AP reg 0x01, 0x80011130)
T3EE8 001:458.453 - 0.308ms returns 0
T3EE8 001:458.520 JLINK_CORESIGHT_ReadAPDPReg(AP reg 0x03)
T3EE8 001:458.871   Value=0x75020081
T3EE8 001:458.993 - 0.472ms returns 0
T3EE8 001:459.040 JLINK_CORESIGHT_WriteAPDPReg(AP reg 0x00, 0x80000002)
T3EE8 001:459.352 - 0.311ms returns 0
T3EE8 001:459.410 JLINK_CORESIGHT_WriteAPDPReg(AP reg 0x01, 0x80011140)
T3EE8 001:459.700 - 0.291ms returns 0
T3EE8 001:459.759 JLINK_CORESIGHT_ReadAPDPReg(AP reg 0x03)
T3EE8 001:460.086   Value=0x00000000
T3EE8 001:460.168 - 0.408ms returns 0
T3EE8 001:460.209 JLINK_CORESIGHT_WriteAPDPReg(AP reg 0x00, 0x80000002)
T3EE8 001:460.505 - 0.296ms returns 0
T3EE8 001:460.571 JLINK_CORESIGHT_WriteAPDPReg(AP reg 0x01, 0x80011130)
T3EE8 001:460.850 - 0.280ms returns 0
T3EE8 001:460.895 JLINK_CORESIGHT_ReadAPDPReg(AP reg 0x03)
T3EE8 001:461.228   Value=0x00038702
T3EE8 001:461.326 - 0.430ms returns 0
T3EE8 001:461.368 JLINK_CORESIGHT_WriteAPDPReg(AP reg 0x00, 0x80000002)
T3EE8 001:461.642 - 0.275ms returns 0
T3EE8 001:461.695 JLINK_CORESIGHT_WriteAPDPReg(AP reg 0x01, 0x80011140)
T3EE8 001:461.988 - 0.292ms returns 0
T3EE8 001:462.047 JLINK_CORESIGHT_ReadAPDPReg(AP reg 0x03)
T3EE8 001:462.389   Value=0x00000002
T3EE8 001:462.774 - 0.725ms returns 0
T3EE8 001:462.818 JLINK_CORESIGHT_WriteAPDPReg(AP reg 0x00, 0x80000002)
T3EE8 001:463.193 - 0.374ms returns 0
T3EE8 001:463.296 JLINK_CORESIGHT_WriteAPDPReg(AP reg 0x01, 0x80011120)
T3EE8 001:463.606 - 0.309ms returns 0
T3EE8 001:463.676 JLINK_CORESIGHT_WriteAPDPReg(AP reg 0x03, 0x4F010001)
T3EE8 001:463.972 - 0.295ms returns 0
T3EE8 001:464.044 JLINK_CORESIGHT_WriteAPDPReg(AP reg 0x00, 0x80000002)
T3EE8 001:464.388 - 0.343ms returns 0
T3EE8 001:464.455 JLINK_CORESIGHT_WriteAPDPReg(AP reg 0x01, 0x80011140)
T3EE8 001:464.742 - 0.286ms returns 0
T3EE8 001:464.805 JLINK_CORESIGHT_ReadAPDPReg(AP reg 0x03)
T3EE8 001:465.202   Value=0x00000002
T3EE8 001:465.276 - 0.470ms returns 0
T3EE8 001:465.327 JLINK_CORESIGHT_WriteAPDPReg(AP reg 0x00, 0x80000002)
T3EE8 001:465.660 - 0.333ms returns 0
T3EE8 001:465.732 JLINK_CORESIGHT_WriteAPDPReg(AP reg 0x01, 0x80011120)
T3EE8 001:466.046 - 0.313ms returns 0
T3EE8 001:466.117 JLINK_CORESIGHT_WriteAPDPReg(AP reg 0x03, 0x000003B0)
T3EE8 001:466.403 - 0.285ms returns 0
T3EE8 001:466.479 JLINK_CORESIGHT_WriteAPDPReg(AP reg 0x00, 0x80000002)
T3EE8 001:466.782 - 0.301ms returns 0
T3EE8 001:466.858 JLINK_CORESIGHT_WriteAPDPReg(AP reg 0x01, 0x80011140)
T3EE8 001:467.198 - 0.339ms returns 0
T3EE8 001:467.270 JLINK_CORESIGHT_ReadAPDPReg(AP reg 0x03)
T3EE8 001:467.650   Value=0x00000002
T3EE8 001:467.724 - 0.454ms returns 0
T3EE8 001:467.770 JLINK_CORESIGHT_ReadAPDPReg(AP reg 0x03)
T3EE8 001:468.098   Value=0x00000002
T3EE8 001:468.163 - 0.392ms returns 0
T3EE8 001:468.207 JLINK_CORESIGHT_ReadAPDPReg(AP reg 0x03)
T3EE8 001:468.533   Value=0x00000002
T3EE8 001:468.633 - 0.425ms returns 0
T3EE8 001:468.684 JLINK_CORESIGHT_ReadAPDPReg(AP reg 0x03)
T3EE8 001:469.034   Value=0x00000002
T3EE8 001:469.097 - 0.413ms returns 0
T3EE8 001:469.139 JLINK_CORESIGHT_ReadAPDPReg(AP reg 0x03)
T3EE8 001:469.500   Value=0x00000002
T3EE8 001:469.572 - 0.433ms returns 0
T3EE8 001:469.604 JLINK_CORESIGHT_ReadAPDPReg(AP reg 0x03)
T3EE8 001:469.892   Value=0x00000002
T3EE8 001:469.964 - 0.359ms returns 0
T3EE8 001:470.006 JLINK_CORESIGHT_ReadAPDPReg(AP reg 0x03)
T3EE8 001:470.363   Value=0x00000002
T3EE8 001:470.428 - 0.421ms returns 0
T3EE8 001:470.473 JLINK_CORESIGHT_ReadAPDPReg(AP reg 0x03)
T3EE8 001:470.795   Value=0x00000002
T3EE8 001:470.861 - 0.388ms returns 0
T3EE8 001:470.907 JLINK_CORESIGHT_ReadAPDPReg(AP reg 0x03)
T3EE8 001:471.261   Value=0x00000000
T3EE8 001:471.329 - 0.422ms returns 0
T3EE8 001:471.379 JLINK_CORESIGHT_WriteAPDPReg(AP reg 0x00, 0x80000002)
T3EE8 001:471.668 - 0.289ms returns 0
T3EE8 001:471.735 JLINK_CORESIGHT_WriteAPDPReg(AP reg 0x01, 0x80011130)
T3EE8 001:472.008 - 0.272ms returns 0
T3EE8 001:472.072 JLINK_CORESIGHT_ReadAPDPReg(AP reg 0x03)
T3EE8 001:472.424   Value=0x4F0B0081
T3EE8 001:472.492 - 0.419ms returns 0
T3EE8 001:472.526 JLINK_CORESIGHT_WriteAPDPReg(AP reg 0x00, 0x80000002)
T3EE8 001:472.829 - 0.303ms returns 0
T3EE8 001:472.905 JLINK_CORESIGHT_WriteAPDPReg(AP reg 0x01, 0x80011140)
T3EE8 001:473.231 - 0.325ms returns 0
T3EE8 001:473.322 JLINK_CORESIGHT_ReadAPDPReg(AP reg 0x03)
T3EE8 001:473.860   Value=0x00000000
T3EE8 001:474.023 - 0.700ms returns 0
T3EE8 001:474.077 JLINK_CORESIGHT_WriteAPDPReg(AP reg 0x00, 0x80000002)
T3EE8 001:474.422 - 0.345ms returns 0
T3EE8 001:474.500 JLINK_CORESIGHT_WriteAPDPReg(AP reg 0x01, 0x80011130)
T3EE8 001:474.814 - 0.313ms returns 0
T3EE8 001:474.878 JLINK_CORESIGHT_ReadAPDPReg(AP reg 0x03)
T3EE8 001:475.306   Value=0xE03F0000
T3EE8 001:475.387 - 0.509ms returns 0
T3EE8 001:475.435 JLINK_CORESIGHT_WriteAPDPReg(AP reg 0x00, 0x80000002)
T3EE8 001:475.743 - 0.308ms returns 0
T3EE8 001:475.828 JLINK_CORESIGHT_WriteAPDPReg(AP reg 0x01, 0x80011140)
T3EE8 001:476.196 - 0.367ms returns 0
T3EE8 001:476.271 JLINK_CORESIGHT_ReadAPDPReg(AP reg 0x03)
T3EE8 001:476.624   Value=0x00000000
T3EE8 001:476.691 - 0.419ms returns 0
T3EE8 001:476.737 JLINK_CORESIGHT_WriteAPDPReg(AP reg 0x00, 0x80000002)
T3EE8 001:477.040 - 0.303ms returns 0
T3EE8 001:477.114 JLINK_CORESIGHT_WriteAPDPReg(AP reg 0x01, 0x80011130)
T3EE8 001:477.488 - 0.373ms returns 0
T3EE8 001:477.557 JLINK_CORESIGHT_ReadAPDPReg(AP reg 0x03)
T3EE8 001:477.900   Value=0x00000000
T3EE8 001:477.958 - 0.401ms returns 0
T3EE8 001:478.000 JLINK_CORESIGHT_WriteAPDPReg(AP reg 0x00, 0x80000002)
T3EE8 001:478.302 - 0.302ms returns 0
T3EE8 001:478.367 JLINK_CORESIGHT_WriteAPDPReg(AP reg 0x01, 0x80011140)
T3EE8 001:478.649 - 0.281ms returns 0
T3EE8 001:478.708 JLINK_CORESIGHT_ReadAPDPReg(AP reg 0x03)
T3EE8 001:479.047   Value=0x00000000
T3EE8 001:479.112 - 0.403ms returns 0
T3EE8 001:479.159 JLINK_CORESIGHT_WriteAPDPReg(AP reg 0x00, 0x80000002)
T3EE8 001:479.460 - 0.300ms returns 0
T3EE8 001:479.532 JLINK_CORESIGHT_WriteAPDPReg(AP reg 0x01, 0x80011130)
T3EE8 001:479.831 - 0.298ms returns 0
T3EE8 001:479.904 JLINK_CORESIGHT_ReadAPDPReg(AP reg 0x03)
T3EE8 001:480.293   Value=0x03870000
T3EE8 001:480.358 - 0.454ms returns 0
T3EE8 001:481.680 JLINK_CORESIGHT_WriteAPDPReg(AP reg 0x00, 0x80000002)
T3EE8 001:481.989 - 0.309ms returns 0
T3EE8 001:482.035 JLINK_CORESIGHT_WriteAPDPReg(AP reg 0x01, 0x80011140)
T3EE8 001:482.332 - 0.297ms returns 0
T3EE8 001:482.391 JLINK_CORESIGHT_ReadAPDPReg(AP reg 0x03)
T3EE8 001:482.750   Value=0x00000002
T3EE8 001:482.817 - 0.426ms returns 0
T3EE8 001:482.855 JLINK_CORESIGHT_WriteAPDPReg(AP reg 0x00, 0x80000002)
T3EE8 001:483.187 - 0.331ms returns 0
T3EE8 001:483.257 JLINK_CORESIGHT_WriteAPDPReg(AP reg 0x01, 0x80011120)
T3EE8 001:483.549 - 0.291ms returns 0
T3EE8 001:483.607 JLINK_CORESIGHT_WriteAPDPReg(AP reg 0x03, 0x2C010001)
T3EE8 001:483.885 - 0.278ms returns 0
T3EE8 001:483.950 JLINK_CORESIGHT_WriteAPDPReg(AP reg 0x00, 0x80000002)
T3EE8 001:484.302 - 0.351ms returns 0
T3EE8 001:484.364 JLINK_CORESIGHT_WriteAPDPReg(AP reg 0x01, 0x80011140)
T3EE8 001:484.658 - 0.293ms returns 0
T3EE8 001:484.713 JLINK_CORESIGHT_ReadAPDPReg(AP reg 0x03)
T3EE8 001:485.053   Value=0x00000002
T3EE8 001:485.126 - 0.412ms returns 0
T3EE8 001:485.197 JLINK_CORESIGHT_WriteAPDPReg(AP reg 0x00, 0x80000002)
T3EE8 001:485.484 - 0.286ms returns 0
T3EE8 001:485.550 JLINK_CORESIGHT_WriteAPDPReg(AP reg 0x01, 0x80011120)
T3EE8 001:485.925 - 0.374ms returns 0
T3EE8 001:485.986 JLINK_CORESIGHT_WriteAPDPReg(AP reg 0x03, 0x000003D3)
T3EE8 001:486.312 - 0.326ms returns 0
T3EE8 001:486.371 JLINK_CORESIGHT_WriteAPDPReg(AP reg 0x00, 0x80000002)
T3EE8 001:486.664 - 0.292ms returns 0
T3EE8 001:486.712 JLINK_CORESIGHT_WriteAPDPReg(AP reg 0x01, 0x80011140)
T3EE8 001:487.012 - 0.300ms returns 0
T3EE8 001:487.065 JLINK_CORESIGHT_ReadAPDPReg(AP reg 0x03)
T3EE8 001:487.409   Value=0x00000002
T3EE8 001:487.477 - 0.412ms returns 0
T3EE8 001:487.515 JLINK_CORESIGHT_ReadAPDPReg(AP reg 0x03)
T3EE8 001:487.851   Value=0x00000002
T3EE8 001:487.922 - 0.406ms returns 0
T3EE8 001:487.968 JLINK_CORESIGHT_ReadAPDPReg(AP reg 0x03)
T3EE8 001:488.365   Value=0x00000002
T3EE8 001:488.426 - 0.458ms returns 0
T3EE8 001:488.464 JLINK_CORESIGHT_ReadAPDPReg(AP reg 0x03)
T3EE8 001:488.815   Value=0x00000002
T3EE8 001:488.871 - 0.407ms returns 0
T3EE8 001:488.951 JLINK_CORESIGHT_ReadAPDPReg(AP reg 0x03)
T3EE8 001:489.287   Value=0x00000002
T3EE8 001:489.348 - 0.397ms returns 0
T3EE8 001:489.385 JLINK_CORESIGHT_ReadAPDPReg(AP reg 0x03)
T3EE8 001:489.734   Value=0x00000002
T3EE8 001:489.793 - 0.407ms returns 0
T3EE8 001:489.831 JLINK_CORESIGHT_ReadAPDPReg(AP reg 0x03)
T3EE8 001:490.198   Value=0x00000002
T3EE8 001:490.277 - 0.446ms returns 0
T3EE8 001:490.320 JLINK_CORESIGHT_ReadAPDPReg(AP reg 0x03)
T3EE8 001:490.698   Value=0x00000000
T3EE8 001:490.767 - 0.447ms returns 0
T3EE8 001:490.809 JLINK_CORESIGHT_WriteAPDPReg(AP reg 0x00, 0x80000002)
T3EE8 001:491.290 - 0.479ms returns 0
T3EE8 001:491.360 JLINK_CORESIGHT_WriteAPDPReg(AP reg 0x01, 0x80011130)
T3EE8 001:491.700 - 0.338ms returns 0
T3EE8 001:491.771 JLINK_CORESIGHT_ReadAPDPReg(AP reg 0x03)
T3EE8 001:492.114   Value=0x2C020081
T3EE8 001:492.184 - 0.413ms returns 0
T3EE8 001:492.221 JLINK_CORESIGHT_WriteAPDPReg(AP reg 0x00, 0x80000002)
T3EE8 001:492.684 - 0.463ms returns 0
T3EE8 001:492.750 JLINK_CORESIGHT_WriteAPDPReg(AP reg 0x01, 0x80011140)
T3EE8 001:493.070 - 0.320ms returns 0
T3EE8 001:493.177 JLINK_CORESIGHT_ReadAPDPReg(AP reg 0x03)
T3EE8 001:493.564   Value=0x00000000
T3EE8 001:493.638 - 0.462ms returns 0
T3EE8 001:493.680 JLINK_CORESIGHT_WriteAPDPReg(AP reg 0x00, 0x80000002)
T3EE8 001:493.978 - 0.298ms returns 0
T3EE8 001:494.031 JLINK_CORESIGHT_WriteAPDPReg(AP reg 0x01, 0x80011130)
T3EE8 001:494.322 - 0.290ms returns 0
T3EE8 001:494.381 JLINK_CORESIGHT_ReadAPDPReg(AP reg 0x03)
T3EE8 001:494.764   Value=0x0003CE04
T3EE8 001:494.838 - 0.456ms returns 0
T3EE8 001:494.916 JLINK_CORESIGHT_WriteAPDPReg(AP reg 0x00, 0x80000002)
T3EE8 001:495.232 - 0.315ms returns 0
T3EE8 001:495.293 JLINK_CORESIGHT_WriteAPDPReg(AP reg 0x01, 0x80011140)
T3EE8 001:495.590 - 0.297ms returns 0
T3EE8 001:495.647 JLINK_CORESIGHT_ReadAPDPReg(AP reg 0x03)
T3EE8 001:495.988   Value=0x00000002
T3EE8 001:496.041 - 0.393ms returns 0
T3EE8 001:496.078 JLINK_CORESIGHT_WriteAPDPReg(AP reg 0x00, 0x80000002)
T3EE8 001:496.352 - 0.274ms returns 0
T3EE8 001:496.418 JLINK_CORESIGHT_WriteAPDPReg(AP reg 0x01, 0x80011120)
T3EE8 001:496.713 - 0.295ms returns 0
T3EE8 001:496.764 JLINK_CORESIGHT_WriteAPDPReg(AP reg 0x03, 0x73010001)
T3EE8 001:497.105 - 0.341ms returns 0
T3EE8 001:497.158 JLINK_CORESIGHT_WriteAPDPReg(AP reg 0x00, 0x80000002)
T3EE8 001:497.444 - 0.285ms returns 0
T3EE8 001:497.502 JLINK_CORESIGHT_WriteAPDPReg(AP reg 0x01, 0x80011140)
T3EE8 001:497.790 - 0.287ms returns 0
T3EE8 001:497.854 JLINK_CORESIGHT_ReadAPDPReg(AP reg 0x03)
T3EE8 001:498.191   Value=0x00000002
T3EE8 001:498.255 - 0.401ms returns 0
T3EE8 001:498.294 JLINK_CORESIGHT_WriteAPDPReg(AP reg 0x00, 0x80000002)
T3EE8 001:498.578 - 0.284ms returns 0
T3EE8 001:498.621 JLINK_CORESIGHT_WriteAPDPReg(AP reg 0x01, 0x80011120)
T3EE8 001:498.880 - 0.259ms returns 0
T3EE8 001:498.931 JLINK_CORESIGHT_WriteAPDPReg(AP reg 0x03, 0x0000038C)
T3EE8 001:499.212 - 0.280ms returns 0
T3EE8 001:499.265 JLINK_CORESIGHT_WriteAPDPReg(AP reg 0x00, 0x80000002)
T3EE8 001:499.521 - 0.255ms returns 0
T3EE8 001:499.572 JLINK_CORESIGHT_WriteAPDPReg(AP reg 0x01, 0x80011140)
T3EE8 001:499.847 - 0.275ms returns 0
T3EE8 001:499.892 JLINK_CORESIGHT_ReadAPDPReg(AP reg 0x03)
T3EE8 001:500.236   Value=0x00000002
T3EE8 001:500.310 - 0.418ms returns 0
T3EE8 001:500.350 JLINK_CORESIGHT_ReadAPDPReg(AP reg 0x03)
T3EE8 001:500.713   Value=0x00000002
T3EE8 001:500.777 - 0.426ms returns 0
T3EE8 001:500.823 JLINK_CORESIGHT_ReadAPDPReg(AP reg 0x03)
T3EE8 001:501.217   Value=0x00000000
T3EE8 001:501.333 - 0.510ms returns 0
T3EE8 001:501.375 JLINK_CORESIGHT_WriteAPDPReg(AP reg 0x00, 0x80000002)
T3EE8 001:501.699 - 0.324ms returns 0
T3EE8 001:501.768 JLINK_CORESIGHT_WriteAPDPReg(AP reg 0x01, 0x80011130)
T3EE8 001:502.065 - 0.297ms returns 0
T3EE8 001:502.132 JLINK_CORESIGHT_ReadAPDPReg(AP reg 0x03)
T3EE8 001:502.487   Value=0x73020081
T3EE8 001:502.567 - 0.435ms returns 0
T3EE8 001:502.609 JLINK_CORESIGHT_WriteAPDPReg(AP reg 0x00, 0x80000002)
T3EE8 001:502.910 - 0.300ms returns 0
T3EE8 001:502.986 JLINK_CORESIGHT_WriteAPDPReg(AP reg 0x01, 0x80011140)
T3EE8 001:503.309 - 0.322ms returns 0
T3EE8 001:503.371 JLINK_CORESIGHT_ReadAPDPReg(AP reg 0x03)
T3EE8 001:503.759   Value=0x00000000
T3EE8 001:503.833 - 0.462ms returns 0
T3EE8 001:503.872 JLINK_CORESIGHT_WriteAPDPReg(AP reg 0x00, 0x80000002)
T3EE8 001:504.198 - 0.325ms returns 0
T3EE8 001:504.261 JLINK_CORESIGHT_WriteAPDPReg(AP reg 0x01, 0x80011130)
T3EE8 001:504.561 - 0.299ms returns 0
T3EE8 001:504.618 JLINK_CORESIGHT_ReadAPDPReg(AP reg 0x03)
T3EE8 001:505.015   Value=0x00038902
T3EE8 001:505.133 - 0.514ms returns 0
T3EE8 001:505.174 JLINK_CORESIGHT_WriteAPDPReg(AP reg 0x00, 0x80000002)
T3EE8 001:505.482 - 0.307ms returns 0
T3EE8 001:505.548 JLINK_CORESIGHT_WriteAPDPReg(AP reg 0x01, 0x80011140)
T3EE8 001:505.845 - 0.296ms returns 0
T3EE8 001:505.908 JLINK_CORESIGHT_ReadAPDPReg(AP reg 0x03)
T3EE8 001:506.263   Value=0x00000002
T3EE8 001:506.345 - 0.437ms returns 0
T3EE8 001:506.394 JLINK_CORESIGHT_WriteAPDPReg(AP reg 0x00, 0x80000002)
T3EE8 001:506.713 - 0.318ms returns 0
T3EE8 001:506.827 JLINK_CORESIGHT_WriteAPDPReg(AP reg 0x01, 0x80011120)
T3EE8 001:507.262 - 0.435ms returns 0
T3EE8 001:509.063 JLINK_CORESIGHT_WriteAPDPReg(AP reg 0x03, 0x75010001)
T3EE8 001:509.440 - 0.377ms returns 0
T3EE8 001:509.503 JLINK_CORESIGHT_WriteAPDPReg(AP reg 0x00, 0x80000002)
T3EE8 001:509.800 - 0.296ms returns 0
T3EE8 001:509.862 JLINK_CORESIGHT_WriteAPDPReg(AP reg 0x01, 0x80011140)
T3EE8 001:510.204 - 0.341ms returns 0
T3EE8 001:510.268 JLINK_CORESIGHT_ReadAPDPReg(AP reg 0x03)
T3EE8 001:510.619   Value=0x00000002
T3EE8 001:510.680 - 0.411ms returns 0
T3EE8 001:510.719 JLINK_CORESIGHT_WriteAPDPReg(AP reg 0x00, 0x80000002)
T3EE8 001:510.991 - 0.272ms returns 0
T3EE8 001:511.051 JLINK_CORESIGHT_WriteAPDPReg(AP reg 0x01, 0x80011120)
T3EE8 001:511.336 - 0.284ms returns 0
T3EE8 001:511.385 JLINK_CORESIGHT_WriteAPDPReg(AP reg 0x03, 0x0000038A)
T3EE8 001:511.694 - 0.309ms returns 0
T3EE8 001:511.754 JLINK_CORESIGHT_WriteAPDPReg(AP reg 0x00, 0x80000002)
T3EE8 001:512.064 - 0.309ms returns 0
T3EE8 001:512.133 JLINK_CORESIGHT_WriteAPDPReg(AP reg 0x01, 0x80011140)
T3EE8 001:512.412 - 0.279ms returns 0
T3EE8 001:512.469 JLINK_CORESIGHT_ReadAPDPReg(AP reg 0x03)
T3EE8 001:512.839   Value=0x00000002
T3EE8 001:512.892 - 0.423ms returns 0
T3EE8 001:512.933 JLINK_CORESIGHT_ReadAPDPReg(AP reg 0x03)
T3EE8 001:513.259   Value=0x00000000
T3EE8 001:513.328 - 0.394ms returns 0
T3EE8 001:513.365 JLINK_CORESIGHT_WriteAPDPReg(AP reg 0x00, 0x80000002)
T3EE8 001:513.653 - 0.287ms returns 0
T3EE8 001:513.710 JLINK_CORESIGHT_WriteAPDPReg(AP reg 0x01, 0x80011130)
T3EE8 001:513.988 - 0.278ms returns 0
T3EE8 001:514.052 JLINK_CORESIGHT_ReadAPDPReg(AP reg 0x03)
T3EE8 001:514.410   Value=0x75020081
T3EE8 001:514.475 - 0.424ms returns 0
T3EE8 001:514.512 JLINK_CORESIGHT_WriteAPDPReg(AP reg 0x00, 0x80000002)
T3EE8 001:514.799 - 0.287ms returns 0
T3EE8 001:514.853 JLINK_CORESIGHT_WriteAPDPReg(AP reg 0x01, 0x80011140)
T3EE8 001:515.193 - 0.340ms returns 0
T3EE8 001:515.244 JLINK_CORESIGHT_ReadAPDPReg(AP reg 0x03)
T3EE8 001:515.578   Value=0x00000000
T3EE8 001:515.638 - 0.394ms returns 0
T3EE8 001:515.674 JLINK_CORESIGHT_WriteAPDPReg(AP reg 0x00, 0x80000002)
T3EE8 001:515.952 - 0.277ms returns 0
T3EE8 001:516.056 JLINK_CORESIGHT_WriteAPDPReg(AP reg 0x01, 0x80011130)
T3EE8 001:516.340 - 0.283ms returns 0
T3EE8 001:516.387 JLINK_CORESIGHT_ReadAPDPReg(AP reg 0x03)
T3EE8 001:516.739   Value=0x00038702
T3EE8 001:516.796 - 0.408ms returns 0
T3EE8 001:516.834 JLINK_CORESIGHT_WriteAPDPReg(AP reg 0x00, 0x80000002)
T3EE8 001:517.100 - 0.266ms returns 0
T3EE8 001:517.156 JLINK_CORESIGHT_WriteAPDPReg(AP reg 0x01, 0x80011140)
T3EE8 001:517.433 - 0.277ms returns 0
T3EE8 001:517.478 JLINK_CORESIGHT_ReadAPDPReg(AP reg 0x03)
T3EE8 001:517.813   Value=0x00000002
T3EE8 001:517.881 - 0.402ms returns 0
T3EE8 001:517.918 JLINK_CORESIGHT_WriteAPDPReg(AP reg 0x00, 0x80000002)
T3EE8 001:518.192 - 0.274ms returns 0
T3EE8 001:518.237 JLINK_CORESIGHT_WriteAPDPReg(AP reg 0x01, 0x80011120)
T3EE8 001:518.501 - 0.263ms returns 0
T3EE8 001:518.543 JLINK_CORESIGHT_WriteAPDPReg(AP reg 0x03, 0x4E0B0001)
T3EE8 001:518.808 - 0.265ms returns 0
T3EE8 001:518.860 JLINK_CORESIGHT_WriteAPDPReg(AP reg 0x00, 0x80000002)
T3EE8 001:519.204 - 0.344ms returns 0
T3EE8 001:519.258 JLINK_CORESIGHT_WriteAPDPReg(AP reg 0x01, 0x80011140)
T3EE8 001:519.538 - 0.279ms returns 0
T3EE8 001:519.592 JLINK_CORESIGHT_ReadAPDPReg(AP reg 0x03)
T3EE8 001:519.932   Value=0x00000002
T3EE8 001:519.998 - 0.406ms returns 0
T3EE8 001:520.037 JLINK_CORESIGHT_WriteAPDPReg(AP reg 0x00, 0x80000002)
T3EE8 001:520.329 - 0.292ms returns 0
T3EE8 001:520.437 JLINK_CORESIGHT_WriteAPDPReg(AP reg 0x01, 0x80011120)
T3EE8 001:520.709 - 0.272ms returns 0
T3EE8 001:520.772 JLINK_CORESIGHT_WriteAPDPReg(AP reg 0x03, 0x00030000)
T3EE8 001:521.047 - 0.275ms returns 0
T3EE8 001:521.101 JLINK_CORESIGHT_WriteAPDPReg(AP reg 0x00, 0x80000002)
T3EE8 001:521.384 - 0.282ms returns 0
T3EE8 001:521.437 JLINK_CORESIGHT_WriteAPDPReg(AP reg 0x01, 0x80011140)
T3EE8 001:521.713 - 0.275ms returns 0
T3EE8 001:521.775 JLINK_CORESIGHT_ReadAPDPReg(AP reg 0x03)
T3EE8 001:522.103   Value=0x00000002
T3EE8 001:522.180 - 0.404ms returns 0
T3EE8 001:522.224 JLINK_CORESIGHT_WriteAPDPReg(AP reg 0x00, 0x80000002)
T3EE8 001:522.534 - 0.309ms returns 0
T3EE8 001:522.594 JLINK_CORESIGHT_WriteAPDPReg(AP reg 0x01, 0x80011120)
T3EE8 001:522.869 - 0.276ms returns 0
T3EE8 001:522.911 JLINK_CORESIGHT_WriteAPDPReg(AP reg 0x03, 0x00000000)
T3EE8 001:523.192 - 0.281ms returns 0
T3EE8 001:523.247 JLINK_CORESIGHT_WriteAPDPReg(AP reg 0x00, 0x80000002)
T3EE8 001:523.533 - 0.285ms returns 0
T3EE8 001:523.592 JLINK_CORESIGHT_WriteAPDPReg(AP reg 0x01, 0x80011140)
T3EE8 001:523.885 - 0.292ms returns 0
T3EE8 001:523.957 JLINK_CORESIGHT_ReadAPDPReg(AP reg 0x03)
T3EE8 001:524.303   Value=0x00000002
T3EE8 001:524.373 - 0.416ms returns 0
T3EE8 001:524.415 JLINK_CORESIGHT_WriteAPDPReg(AP reg 0x00, 0x80000002)
T3EE8 001:524.715 - 0.300ms returns 0
T3EE8 001:524.761 JLINK_CORESIGHT_WriteAPDPReg(AP reg 0x01, 0x80011120)
T3EE8 001:525.063 - 0.301ms returns 0
T3EE8 001:525.106 JLINK_CORESIGHT_WriteAPDPReg(AP reg 0x03, 0x03A40000)
T3EE8 001:525.369 - 0.263ms returns 0
T3EE8 001:525.416 JLINK_CORESIGHT_WriteAPDPReg(AP reg 0x00, 0x80000002)
T3EE8 001:525.703 - 0.287ms returns 0
T3EE8 001:525.769 JLINK_CORESIGHT_WriteAPDPReg(AP reg 0x01, 0x80011140)
T3EE8 001:526.086 - 0.316ms returns 0
T3EE8 001:526.142 JLINK_CORESIGHT_ReadAPDPReg(AP reg 0x03)
T3EE8 001:526.481   Value=0x00000002
T3EE8 001:526.554 - 0.397ms returns 0
T3EE8 001:526.604 JLINK_CORESIGHT_ReadAPDPReg(AP reg 0x03)
T3EE8 001:526.898   Value=0x00000002
T3EE8 001:526.966 - 0.362ms returns 0
T3EE8 001:527.002 JLINK_CORESIGHT_ReadAPDPReg(AP reg 0x03)
T3EE8 001:527.340   Value=0x00000002
T3EE8 001:527.405 - 0.403ms returns 0
T3EE8 001:527.442 JLINK_CORESIGHT_ReadAPDPReg(AP reg 0x03)
T3EE8 001:527.747   Value=0x00000002
T3EE8 001:527.802 - 0.360ms returns 0
T3EE8 001:527.837 JLINK_CORESIGHT_ReadAPDPReg(AP reg 0x03)
T3EE8 001:528.190   Value=0x00000002
T3EE8 001:528.249 - 0.412ms returns 0
T3EE8 001:528.286 JLINK_CORESIGHT_ReadAPDPReg(AP reg 0x03)
T3EE8 001:528.593   Value=0x00000002
T3EE8 001:528.657 - 0.371ms returns 0
T3EE8 001:528.695 JLINK_CORESIGHT_ReadAPDPReg(AP reg 0x03)
T3EE8 001:529.032   Value=0x00000002
T3EE8 001:529.085 - 0.390ms returns 0
T3EE8 001:529.125 JLINK_CORESIGHT_ReadAPDPReg(AP reg 0x03)
T3EE8 001:529.460   Value=0x00000002
T3EE8 001:529.532 - 0.407ms returns 0
T3EE8 001:529.571 JLINK_CORESIGHT_ReadAPDPReg(AP reg 0x03)
T3EE8 001:529.881   Value=0x00000002
T3EE8 001:529.941 - 0.370ms returns 0
T3EE8 001:529.978 JLINK_CORESIGHT_ReadAPDPReg(AP reg 0x03)
T3EE8 001:530.373   Value=0x00000002
T3EE8 001:530.436 - 0.458ms returns 0
T3EE8 001:530.475 JLINK_CORESIGHT_ReadAPDPReg(AP reg 0x03)
T3EE8 001:530.787   Value=0x00000002
T3EE8 001:530.870 - 0.393ms returns 0
T3EE8 001:530.897 JLINK_CORESIGHT_ReadAPDPReg(AP reg 0x03)
T3EE8 001:531.261   Value=0x00000000
T3EE8 001:531.327 - 0.430ms returns 0
T3EE8 001:531.367 JLINK_CORESIGHT_WriteAPDPReg(AP reg 0x00, 0x80000002)
T3EE8 001:531.652 - 0.285ms returns 0
T3EE8 001:531.705 JLINK_CORESIGHT_WriteAPDPReg(AP reg 0x01, 0x80011130)
T3EE8 001:531.970 - 0.264ms returns 0
T3EE8 001:532.018 JLINK_CORESIGHT_ReadAPDPReg(AP reg 0x03)
T3EE8 001:532.360   Value=0x4E0A0081
T3EE8 001:532.427 - 0.409ms returns 0
T3EE8 001:532.463 JLINK_CORESIGHT_WriteAPDPReg(AP reg 0x00, 0x80000002)
T3EE8 001:532.754 - 0.290ms returns 0
T3EE8 001:532.801 JLINK_CORESIGHT_WriteAPDPReg(AP reg 0x01, 0x80011140)
T3EE8 001:533.062 - 0.260ms returns 0
T3EE8 001:533.128 JLINK_CORESIGHT_ReadAPDPReg(AP reg 0x03)
T3EE8 001:533.491   Value=0x00000000
T3EE8 001:533.565 - 0.436ms returns 0
T3EE8 001:533.620 JLINK_CORESIGHT_WriteAPDPReg(AP reg 0x00, 0x80000002)
T3EE8 001:533.951 - 0.331ms returns 0
T3EE8 001:534.012 JLINK_CORESIGHT_WriteAPDPReg(AP reg 0x01, 0x80011130)
T3EE8 001:534.325 - 0.313ms returns 0
T3EE8 001:534.389 JLINK_CORESIGHT_ReadAPDPReg(AP reg 0x03)
T3EE8 001:534.744   Value=0xFFFFFF00
T3EE8 001:534.849 - 0.459ms returns 0
T3EE8 001:534.893 JLINK_CORESIGHT_WriteAPDPReg(AP reg 0x00, 0x80000002)
T3EE8 001:535.209 - 0.315ms returns 0
T3EE8 001:535.291 JLINK_CORESIGHT_WriteAPDPReg(AP reg 0x01, 0x80011140)
T3EE8 001:535.599 - 0.308ms returns 0
T3EE8 001:535.674 JLINK_CORESIGHT_ReadAPDPReg(AP reg 0x03)
T3EE8 001:536.038   Value=0x00000000
T3EE8 001:536.101 - 0.427ms returns 0
T3EE8 001:536.147 JLINK_CORESIGHT_WriteAPDPReg(AP reg 0x00, 0x80000002)
T3EE8 001:536.420 - 0.272ms returns 0
T3EE8 001:536.471 JLINK_CORESIGHT_WriteAPDPReg(AP reg 0x01, 0x80011130)
T3EE8 001:536.747 - 0.276ms returns 0
T3EE8 001:536.805 JLINK_CORESIGHT_ReadAPDPReg(AP reg 0x03)
T3EE8 001:537.214   Value=0xFFFFFFFF
T3EE8 001:537.304 - 0.498ms returns 0
T3EE8 001:537.353 JLINK_CORESIGHT_WriteAPDPReg(AP reg 0x00, 0x80000002)
T3EE8 001:537.681 - 0.328ms returns 0
T3EE8 001:537.750 JLINK_CORESIGHT_WriteAPDPReg(AP reg 0x01, 0x80011140)
T3EE8 001:538.034 - 0.283ms returns 0
T3EE8 001:538.090 JLINK_CORESIGHT_ReadAPDPReg(AP reg 0x03)
T3EE8 001:538.430   Value=0x00000000
T3EE8 001:538.498 - 0.407ms returns 0
T3EE8 001:538.542 JLINK_CORESIGHT_WriteAPDPReg(AP reg 0x00, 0x80000002)
T3EE8 001:538.840 - 0.298ms returns 0
T3EE8 001:538.903 JLINK_CORESIGHT_WriteAPDPReg(AP reg 0x01, 0x80011130)
T3EE8 001:539.228 - 0.325ms returns 0
T3EE8 001:539.295 JLINK_CORESIGHT_ReadAPDPReg(AP reg 0x03)
T3EE8 001:539.645   Value=0x0003B0FF
T3EE8 001:539.710 - 0.415ms returns 0
T3EE8 001:541.308 JLINK_CORESIGHT_WriteAPDPReg(AP reg 0x00, 0x80000002)
T3EE8 001:541.697 - 0.389ms returns 0
T3EE8 001:541.767 JLINK_CORESIGHT_WriteAPDPReg(AP reg 0x01, 0x80011140)
T3EE8 001:542.076 - 0.308ms returns 0
T3EE8 001:542.144 JLINK_CORESIGHT_ReadAPDPReg(AP reg 0x03)
T3EE8 001:542.502   Value=0x00000002
T3EE8 001:542.557 - 0.413ms returns 0
T3EE8 001:542.594 JLINK_CORESIGHT_WriteAPDPReg(AP reg 0x00, 0x80000002)
T3EE8 001:542.871 - 0.276ms returns 0
T3EE8 001:542.935 JLINK_CORESIGHT_WriteAPDPReg(AP reg 0x01, 0x80011120)
T3EE8 001:543.233 - 0.298ms returns 0
T3EE8 001:543.298 JLINK_CORESIGHT_WriteAPDPReg(AP reg 0x03, 0x4F010001)
T3EE8 001:543.583 - 0.285ms returns 0
T3EE8 001:543.682 JLINK_CORESIGHT_WriteAPDPReg(AP reg 0x00, 0x80000002)
T3EE8 001:543.969 - 0.286ms returns 0
T3EE8 001:544.028 JLINK_CORESIGHT_WriteAPDPReg(AP reg 0x01, 0x80011140)
T3EE8 001:544.314 - 0.285ms returns 0
T3EE8 001:544.375 JLINK_CORESIGHT_ReadAPDPReg(AP reg 0x03)
T3EE8 001:544.724   Value=0x00000002
T3EE8 001:544.785 - 0.410ms returns 0
T3EE8 001:544.823 JLINK_CORESIGHT_WriteAPDPReg(AP reg 0x00, 0x80000002)
T3EE8 001:545.107 - 0.283ms returns 0
T3EE8 001:545.146 JLINK_CORESIGHT_WriteAPDPReg(AP reg 0x01, 0x80011120)
T3EE8 001:545.402 - 0.255ms returns 0
T3EE8 001:545.462 JLINK_CORESIGHT_WriteAPDPReg(AP reg 0x03, 0x000003B0)
T3EE8 001:545.751 - 0.289ms returns 0
T3EE8 001:545.803 JLINK_CORESIGHT_WriteAPDPReg(AP reg 0x00, 0x80000002)
T3EE8 001:546.077 - 0.273ms returns 0
T3EE8 001:546.138 JLINK_CORESIGHT_WriteAPDPReg(AP reg 0x01, 0x80011140)
T3EE8 001:546.419 - 0.281ms returns 0
T3EE8 001:546.462 JLINK_CORESIGHT_ReadAPDPReg(AP reg 0x03)
T3EE8 001:546.820   Value=0x00000002
T3EE8 001:546.871 - 0.409ms returns 0
T3EE8 001:546.907 JLINK_CORESIGHT_ReadAPDPReg(AP reg 0x03)
T3EE8 001:547.220   Value=0x00000002
T3EE8 001:547.272 - 0.365ms returns 0
T3EE8 001:547.307 JLINK_CORESIGHT_ReadAPDPReg(AP reg 0x03)
T3EE8 001:547.618   Value=0x00000002
T3EE8 001:547.695 - 0.386ms returns 0
T3EE8 001:547.733 JLINK_CORESIGHT_ReadAPDPReg(AP reg 0x03)
T3EE8 001:548.076   Value=0x00000002
T3EE8 001:548.146 - 0.413ms returns 0
T3EE8 001:548.184 JLINK_CORESIGHT_ReadAPDPReg(AP reg 0x03)
T3EE8 001:548.514   Value=0x00000002
T3EE8 001:548.571 - 0.386ms returns 0
T3EE8 001:548.595 JLINK_CORESIGHT_ReadAPDPReg(AP reg 0x03)
T3EE8 001:548.923   Value=0x00000002
T3EE8 001:548.996 - 0.400ms returns 0
T3EE8 001:549.041 JLINK_CORESIGHT_ReadAPDPReg(AP reg 0x03)
T3EE8 001:549.389   Value=0x00000002
T3EE8 001:549.443 - 0.401ms returns 0
T3EE8 001:549.479 JLINK_CORESIGHT_ReadAPDPReg(AP reg 0x03)
T3EE8 001:549.785   Value=0x00000002
T3EE8 001:549.851 - 0.372ms returns 0
T3EE8 001:549.888 JLINK_CORESIGHT_ReadAPDPReg(AP reg 0x03)
T3EE8 001:550.225   Value=0x00000002
T3EE8 001:550.284 - 0.396ms returns 0
T3EE8 001:550.323 JLINK_CORESIGHT_ReadAPDPReg(AP reg 0x03)
T3EE8 001:550.635   Value=0x00000000
T3EE8 001:550.696 - 0.373ms returns 0
T3EE8 001:550.734 JLINK_CORESIGHT_WriteAPDPReg(AP reg 0x00, 0x80000002)
T3EE8 001:551.005 - 0.270ms returns 0
T3EE8 001:551.090 JLINK_CORESIGHT_WriteAPDPReg(AP reg 0x01, 0x80011130)
T3EE8 001:551.351 - 0.261ms returns 0
T3EE8 001:551.402 JLINK_CORESIGHT_ReadAPDPReg(AP reg 0x03)
T3EE8 001:551.759   Value=0x4F0B0081
T3EE8 001:551.817 - 0.414ms returns 0
T3EE8 001:551.853 JLINK_CORESIGHT_WriteAPDPReg(AP reg 0x00, 0x80000002)
T3EE8 001:552.215 - 0.360ms returns 0
T3EE8 001:552.279 JLINK_CORESIGHT_WriteAPDPReg(AP reg 0x01, 0x80011140)
T3EE8 001:552.614 - 0.334ms returns 0
T3EE8 001:552.668 JLINK_CORESIGHT_ReadAPDPReg(AP reg 0x03)
T3EE8 001:553.001   Value=0x00000000
T3EE8 001:553.052 - 0.384ms returns 0
T3EE8 001:553.085 JLINK_CORESIGHT_WriteAPDPReg(AP reg 0x00, 0x80000002)
T3EE8 001:553.364 - 0.278ms returns 0
T3EE8 001:553.432 JLINK_CORESIGHT_WriteAPDPReg(AP reg 0x01, 0x80011130)
T3EE8 001:553.728 - 0.295ms returns 0
T3EE8 001:553.777 JLINK_CORESIGHT_ReadAPDPReg(AP reg 0x03)
T3EE8 001:554.084   Value=0x00030000
T3EE8 001:554.116 - 0.339ms returns 0
T3EE8 001:554.140 JLINK_CORESIGHT_WriteAPDPReg(AP reg 0x00, 0x80000002)
T3EE8 001:554.403 - 0.263ms returns 0
T3EE8 001:554.429 JLINK_CORESIGHT_WriteAPDPReg(AP reg 0x01, 0x80011140)
T3EE8 001:554.717 - 0.288ms returns 0
T3EE8 001:554.772 JLINK_CORESIGHT_ReadAPDPReg(AP reg 0x03)
T3EE8 001:555.103   Value=0x00000000
T3EE8 001:555.172 - 0.400ms returns 0
T3EE8 001:555.212 JLINK_CORESIGHT_WriteAPDPReg(AP reg 0x00, 0x80000002)
T3EE8 001:555.512 - 0.300ms returns 0
T3EE8 001:555.567 JLINK_CORESIGHT_WriteAPDPReg(AP reg 0x01, 0x80011130)
T3EE8 001:555.850 - 0.283ms returns 0
T3EE8 001:555.896 JLINK_CORESIGHT_ReadAPDPReg(AP reg 0x03)
T3EE8 001:556.225   Value=0x00000000
T3EE8 001:556.285 - 0.389ms returns 0
T3EE8 001:556.321 JLINK_CORESIGHT_WriteAPDPReg(AP reg 0x00, 0x80000002)
T3EE8 001:556.603 - 0.282ms returns 0
T3EE8 001:556.654 JLINK_CORESIGHT_WriteAPDPReg(AP reg 0x01, 0x80011140)
T3EE8 001:556.956 - 0.302ms returns 0
T3EE8 001:557.024 JLINK_CORESIGHT_ReadAPDPReg(AP reg 0x03)
T3EE8 001:557.400   Value=0x00000000
T3EE8 001:557.470 - 0.445ms returns 0
T3EE8 001:557.509 JLINK_CORESIGHT_WriteAPDPReg(AP reg 0x00, 0x80000002)
T3EE8 001:557.809 - 0.299ms returns 0
T3EE8 001:557.873 JLINK_CORESIGHT_WriteAPDPReg(AP reg 0x01, 0x80011130)
T3EE8 001:558.219 - 0.346ms returns 0
T3EE8 001:558.262 JLINK_CORESIGHT_ReadAPDPReg(AP reg 0x03)
T3EE8 001:558.606   Value=0x03A30000
T3EE8 001:558.703 - 0.439ms returns 0
T3EE8 001:558.928 JLINK_CORESIGHT_WriteAPDPReg(AP reg 0x00, 0x80000002)
T3EE8 001:559.250 - 0.322ms returns 0
T3EE8 001:559.283 JLINK_CORESIGHT_WriteAPDPReg(AP reg 0x01, 0x80011140)
T3EE8 001:559.548 - 0.265ms returns 0
T3EE8 001:559.605 JLINK_CORESIGHT_ReadAPDPReg(AP reg 0x03)
T3EE8 001:559.979   Value=0x00000002
T3EE8 001:560.062 - 0.457ms returns 0
T3EE8 001:560.089 JLINK_CORESIGHT_WriteAPDPReg(AP reg 0x00, 0x80000002)
T3EE8 001:560.353 - 0.264ms returns 0
T3EE8 001:560.403 JLINK_CORESIGHT_WriteAPDPReg(AP reg 0x01, 0x80011120)
T3EE8 001:560.688 - 0.285ms returns 0
T3EE8 001:560.739 JLINK_CORESIGHT_WriteAPDPReg(AP reg 0x03, 0x4F010001)
T3EE8 001:561.005 - 0.266ms returns 0
T3EE8 001:561.066 JLINK_CORESIGHT_WriteAPDPReg(AP reg 0x00, 0x80000002)
T3EE8 001:561.405 - 0.338ms returns 0
T3EE8 001:561.468 JLINK_CORESIGHT_WriteAPDPReg(AP reg 0x01, 0x80011140)
T3EE8 001:561.759 - 0.291ms returns 0
T3EE8 001:561.837 JLINK_CORESIGHT_ReadAPDPReg(AP reg 0x03)
T3EE8 001:562.190   Value=0x00000002
T3EE8 001:562.259 - 0.422ms returns 0
T3EE8 001:562.295 JLINK_CORESIGHT_WriteAPDPReg(AP reg 0x00, 0x80000002)
T3EE8 001:562.588 - 0.292ms returns 0
T3EE8 001:562.650 JLINK_CORESIGHT_WriteAPDPReg(AP reg 0x01, 0x80011120)
T3EE8 001:562.940 - 0.291ms returns 0
T3EE8 001:562.988 JLINK_CORESIGHT_WriteAPDPReg(AP reg 0x03, 0x000003B0)
T3EE8 001:563.300 - 0.311ms returns 0
T3EE8 001:563.348 JLINK_CORESIGHT_WriteAPDPReg(AP reg 0x00, 0x80000002)
T3EE8 001:563.626 - 0.277ms returns 0
T3EE8 001:563.682 JLINK_CORESIGHT_WriteAPDPReg(AP reg 0x01, 0x80011140)
T3EE8 001:563.985 - 0.301ms returns 0
T3EE8 001:564.048 JLINK_CORESIGHT_ReadAPDPReg(AP reg 0x03)
T3EE8 001:564.402   Value=0x00000002
T3EE8 001:564.475 - 0.426ms returns 0
T3EE8 001:564.514 JLINK_CORESIGHT_ReadAPDPReg(AP reg 0x03)
T3EE8 001:564.871   Value=0x00000002
T3EE8 001:564.943 - 0.429ms returns 0
T3EE8 001:564.982 JLINK_CORESIGHT_ReadAPDPReg(AP reg 0x03)
T3EE8 001:565.366   Value=0x00000002
T3EE8 001:565.428 - 0.446ms returns 0
T3EE8 001:565.466 JLINK_CORESIGHT_ReadAPDPReg(AP reg 0x03)
T3EE8 001:565.787   Value=0x00000002
T3EE8 001:565.854 - 0.387ms returns 0
T3EE8 001:565.893 JLINK_CORESIGHT_ReadAPDPReg(AP reg 0x03)
T3EE8 001:566.238   Value=0x00000002
T3EE8 001:566.307 - 0.413ms returns 0
T3EE8 001:566.345 JLINK_CORESIGHT_ReadAPDPReg(AP reg 0x03)
T3EE8 001:566.704   Value=0x00000002
T3EE8 001:566.763 - 0.418ms returns 0
T3EE8 001:566.799 JLINK_CORESIGHT_ReadAPDPReg(AP reg 0x03)
T3EE8 001:567.202   Value=0x00000002
T3EE8 001:567.277 - 0.478ms returns 0
T3EE8 001:567.326 JLINK_CORESIGHT_ReadAPDPReg(AP reg 0x03)
T3EE8 001:567.678   Value=0x00000000
T3EE8 001:567.748 - 0.422ms returns 0
T3EE8 001:567.793 JLINK_CORESIGHT_WriteAPDPReg(AP reg 0x00, 0x80000002)
T3EE8 001:568.096 - 0.303ms returns 0
T3EE8 001:568.166 JLINK_CORESIGHT_WriteAPDPReg(AP reg 0x01, 0x80011130)
T3EE8 001:568.451 - 0.284ms returns 0
T3EE8 001:568.513 JLINK_CORESIGHT_ReadAPDPReg(AP reg 0x03)
T3EE8 001:568.871   Value=0x4F0B0081
T3EE8 001:568.939 - 0.425ms returns 0
T3EE8 001:568.983 JLINK_CORESIGHT_WriteAPDPReg(AP reg 0x00, 0x80000002)
T3EE8 001:569.311 - 0.328ms returns 0
T3EE8 001:569.394 JLINK_CORESIGHT_WriteAPDPReg(AP reg 0x01, 0x80011140)
T3EE8 001:569.654 - 0.260ms returns 0
T3EE8 001:569.716 JLINK_CORESIGHT_ReadAPDPReg(AP reg 0x03)
T3EE8 001:570.049   Value=0x00000000
T3EE8 001:570.110 - 0.394ms returns 0
T3EE8 001:570.154 JLINK_CORESIGHT_WriteAPDPReg(AP reg 0x00, 0x80000002)
T3EE8 001:570.485 - 0.330ms returns 0
T3EE8 001:570.535 JLINK_CORESIGHT_WriteAPDPReg(AP reg 0x01, 0x80011130)
T3EE8 001:570.804 - 0.268ms returns 0
T3EE8 001:570.866 JLINK_CORESIGHT_ReadAPDPReg(AP reg 0x03)
T3EE8 001:571.218   Value=0x00030000
T3EE8 001:571.270 - 0.404ms returns 0
T3EE8 001:571.311 JLINK_CORESIGHT_WriteAPDPReg(AP reg 0x00, 0x80000002)
T3EE8 001:571.586 - 0.274ms returns 0
T3EE8 001:571.647 JLINK_CORESIGHT_WriteAPDPReg(AP reg 0x01, 0x80011140)
T3EE8 001:571.976 - 0.328ms returns 0
T3EE8 001:572.032 JLINK_CORESIGHT_ReadAPDPReg(AP reg 0x03)
T3EE8 001:572.374   Value=0x00000000
T3EE8 001:572.431 - 0.399ms returns 0
T3EE8 001:572.473 JLINK_CORESIGHT_WriteAPDPReg(AP reg 0x00, 0x80000002)
T3EE8 001:572.753 - 0.280ms returns 0
T3EE8 001:572.828 JLINK_CORESIGHT_WriteAPDPReg(AP reg 0x01, 0x80011130)
T3EE8 001:573.191 - 0.363ms returns 0
T3EE8 001:573.265 JLINK_CORESIGHT_ReadAPDPReg(AP reg 0x03)
T3EE8 001:573.634   Value=0x00000000
T3EE8 001:573.705 - 0.439ms returns 0
T3EE8 001:573.753 JLINK_CORESIGHT_WriteAPDPReg(AP reg 0x00, 0x80000002)
T3EE8 001:574.046 - 0.293ms returns 0
T3EE8 001:574.125 JLINK_CORESIGHT_WriteAPDPReg(AP reg 0x01, 0x80011140)
T3EE8 001:574.428 - 0.303ms returns 0
T3EE8 001:574.502 JLINK_CORESIGHT_ReadAPDPReg(AP reg 0x03)
T3EE8 001:574.856   Value=0x00000000
T3EE8 001:574.946 - 0.443ms returns 0
T3EE8 001:574.979 JLINK_CORESIGHT_WriteAPDPReg(AP reg 0x00, 0x80000002)
T3EE8 001:575.297 - 0.318ms returns 0
T3EE8 001:575.376 JLINK_CORESIGHT_WriteAPDPReg(AP reg 0x01, 0x80011130)
T3EE8 001:575.680 - 0.305ms returns 0
T3EE8 001:575.800 JLINK_CORESIGHT_ReadAPDPReg(AP reg 0x03)
T3EE8 001:576.214   Value=0x03A30000
T3EE8 001:576.256 - 0.457ms returns 0
T3EE8 001:577.447 JLINK_CORESIGHT_ReadAPDPReg(DP reg 0x01)
T3EE8 001:577.736   Value=0xF0000F40
T3EE8 001:577.770 - 0.323ms returns 0
T3EE8 001:577.794 JLINK_CORESIGHT_WriteAPDPReg(DP reg 0x01, 0xA0000F40)
T3EE8 001:578.087 - 0.293ms returns 0
T3EE8 001:578.118 JLINK_CORESIGHT_ReadAPDPReg(DP reg 0x01)
T3EE8 001:578.424   Value=0x00000F40
T3EE8 001:578.491 - 0.373ms returns 0
T3EE8 001:578.529 JLINK_ClrRESET()
T3EE8 001:578.881 - 0.351ms 
T3EE8 001:688.582 JLINK_Close()
T3EE8 001:708.025 - 19.441ms
T3EE8 001:708.347   
T3EE8 001:708.424   Closed
