T60D8 000:004.486   SEGGER J-Link V9.42 Log File
T60D8 000:004.814   DLL Compiled: May  6 2026 12:25:27
T60D8 000:004.849   Logging started @ 2026-06-03 08:07
T60D8 000:004.887   Process: C:\Users\a5124973\.eclipse\com.renesas.platform_1584587709\DebugComp\RA\e2-server-gdb.exe
T60D8 000:004.931 - 4.924ms 
T60D8 000:004.984 JLINK_GetDLLVersion()
T60D8 000:005.019 - 0.036ms returns 94200
T60D8 000:015.767 JLINK_OpenEx(...)
T60D8 000:033.866   Firmware: J-Link OB-RA4M2 compiled Dec 10 2025 15:52:53
T60D8 000:036.502   Firmware: J-Link OB-RA4M2 compiled Dec 10 2025 15:52:53
T60D8 000:054.575   Hardware: V1.00
T60D8 000:054.651   S/N: 1082818640
T60D8 000:054.681   OEM: SEGGER
T60D8 000:054.719   Feature(s): None
T60D8 000:059.206   Bootloader: 2021 May 14
T60D8 000:059.825   USB speed mode: Full speed (12 MBit/s)
T60D8 000:060.545   TELNET listener socket opened on port 19021
T60D8 000:061.022   WEBSRV WEBSRV_Init(): Starting webserver thread(s)
T60D8 000:061.451   WEBSRV Webserver running on local port 19080
T60D8 000:061.780   Looking for J-Link GUI Server exe at: C:\Users\a5124973\.eclipse\com.renesas.platform_1584587709\DebugComp\RA\ARM\Segger_v9.42.0\JLinkGUIServer.exe
T60D8 000:062.082   Looking for J-Link GUI Server exe at: C:\Users\a5124973\SEGGER\JLink_V914a\JLinkGUIServer.exe
T60D8 000:062.223   Forking J-Link GUI Server: C:\Users\a5124973\SEGGER\JLink_V914a\JLinkGUIServer.exe
T60D8 000:086.502   J-Link GUI Server info: "J-Link GUI server V9.14a "
T60D8 000:087.788 - 72.016ms returns "O.K."
T60D8 000:088.301 JLINKT4DB8 070:344.016   
  ***** Error: 
T4DB8 070:344.144   Cannot connect to the probe/programmer.
T4DB8 070:344.472 - 68161.072ms returns "Cannot connect to the probe/programmer."
T41A8 070:517.360 JLINK_Close()
T41A8 070:518.736 - 1.377ms
T41A8 070:518.816   
T41A8 070:518.848   Closed
0.467ms returns 0
T60D8 000:141.481 JLINK_CORESIGHT_ReadAPDPReg(DP reg 0x00)
T60D8 000:142.012   Value=0x6BA02477
T60D8 000:142.053 - 0.573ms returns 0
T60D8 000:142.086 JLINK_CORESIGHT_WriteAPDPReg(DP reg 0x00, 0x0000001F)
T60D8 000:142.420 - 0.334ms returns 0
T60D8 000:142.454 JLINK_CORESIGHT_ReadAPDPReg(DP reg 0x00)
T60D8 000:142.734   Value=0x6BA02477
T60D8 000:142.789 - 0.334ms returns 0
T60D8 000:142.819 JLINK_CORESIGHT_WriteAPDPReg(DP reg 0x02, 0x00000000)
T60D8 000:143.100 - 0.280ms returns 0
T60D8 000:143.165 JLINK_CORESIGHT_WriteAPDPReg(DP reg 0x01, 0x50000000)
T60D8 000:143.449 - 0.284ms returns 0
T60D8 000:143.496 JLINK_CORESIGHT_ReadAPDPReg(DP reg 0x01)
T60D8 000:143.798   Value=0xF0000000
T60D8 000:143.866 - 0.369ms returns 0
T60D8 000:143.897 JLINK_CORESIGHT_WriteAPDPReg(DP reg 0x00, 0x0000001F)
T60D8 000:144.173 - 0.275ms returns 0
T60D8 000:144.225 JLINK_CORESIGHT_ReadAPDPReg(DP reg 0x00)
T60D8 000:144.556   Value=0x6BA02477
T60D8 000:144.597 - 0.372ms returns 0
T60D8 000:144.625 JLINK_CORESIGHT_WriteAPDPReg(DP reg 0x01, 0x54000000)
T60D8 000:144.885 - 0.260ms returns 0
T60D8 000:144.923 JLINK_CORESIGHT_WriteAPDPReg(DP reg 0x01, 0x50000F00)
T60D8 000:145.176 - 0.253ms returns 0
T60D8 000:145.213 JLINK_CORESIGHT_WriteAPDPReg(DP reg 0x02, 0x01000000)
T60D8 000:145.476 - 0.262ms returns 0
T60D8 000:145.522 JLINK_CORESIGHT_WriteAPDPReg(AP reg 0x00, 0x80000002)
T60D8 000:145.821 - 0.298ms returns 0
T60D8 000:145.876 JLINK_CORESIGHT_WriteAPDPReg(AP reg 0x01, 0x80011100)
T60D8 000:146.152 - 0.276ms returns 0
T60D8 000:146.196 JLINK_CORESIGHT_WriteAPDPReg(AP reg 0x03, 0x000000A5)
T60D8 000:146.476 - 0.280ms returns 0
T60D8 000:146.536 JLINK_CORESIGHT_WriteAPDPReg(AP reg 0x00, 0x80000002)
T60D8 000:146.797 - 0.261ms returns 0
T60D8 000:146.836 JLINK_CORESIGHT_WriteAPDPReg(AP reg 0x01, 0x80011100)
T60D8 000:147.085 - 0.249ms returns 0
T60D8 000:147.123 JLINK_CORESIGHT_ReadAPDPReg(AP reg 0x03)
T60D8 000:147.427   Value=0x000000A5
T60D8 000:147.469 - 0.346ms returns 0
T60D8 000:147.502 JLINK_ClrTMS()
T60D8 000:147.618 - 0.115ms 
T60D8 000:153.147 JLINK_SetTCK()
T60D8 000:153.398 - 0.250ms returns 0
T60D8 000:159.164 JLINK_SetRESET()
T60D8 000:159.481 - 0.315ms 
T60D8 000:359.712 JLINK_CORESIGHT_WriteAPDPReg(AP reg 0x00, 0x80000002)
T60D8 000:360.243 - 0.531ms returns 0
T60D8 000:360.318 JLINK_CORESIGHT_WriteAPDPReg(AP reg 0x01, 0x80011100)
T60D8 000:360.718 - 0.399ms returns 0
T60D8 000:360.777 JLINK_CORESIGHT_ReadAPDPReg(AP reg 0x03)
T60D8 000:361.354   Value=0x00000000
T60D8 000:361.428 - 0.650ms returns 0
T60D8 000:361.454 JLINK_CORESIGHT_WriteAPDPReg(AP reg 0x00, 0x80000002)
T60D8 000:361.778 - 0.323ms returns 0
T60D8 000:361.828 JLINK_CORESIGHT_WriteAPDPReg(AP reg 0x01, 0x80011140)
T60D8 000:362.160 - 0.331ms returns 0
T60D8 000:362.213 JLINK_CORESIGHT_ReadAPDPReg(AP reg 0x03)
T60D8 000:362.729   Value=0x00000002
T60D8 000:362.789 - 0.575ms returns 0
T60D8 000:362.813 JLINK_CORESIGHT_WriteAPDPReg(AP reg 0x00, 0x80000002)
T60D8 000:363.229 - 0.416ms returns 0
T60D8 000:363.280 JLINK_CORESIGHT_WriteAPDPReg(AP reg 0x01, 0x80011120)
T60D8 000:363.633 - 0.353ms returns 0
T60D8 000:363.700 JLINK_CORESIGHT_WriteAPDPReg(AP reg 0x03, 0x00000055)
T60D8 000:364.075 - 0.374ms returns 0
T60D8 000:364.146 JLINK_CORESIGHT_WriteAPDPReg(AP reg 0x00, 0x80000002)
T60D8 000:364.543 - 0.397ms returns 0
T60D8 000:364.614 JLINK_CORESIGHT_WriteAPDPReg(AP reg 0x01, 0x80011140)
T60D8 000:364.980 - 0.366ms returns 0
T60D8 000:365.050 JLINK_CORESIGHT_ReadAPDPReg(AP reg 0x03)
T60D8 000:365.609   Value=0x00000002
T60D8 000:365.690 - 0.639ms returns 0
T60D8 000:365.727 JLINK_CORESIGHT_ReadAPDPReg(AP reg 0x03)
T60D8 000:366.296   Value=0x00000002
T60D8 000:366.374 - 0.647ms returns 0
T60D8 000:366.411 JLINK_CORESIGHT_ReadAPDPReg(AP reg 0x03)
T60D8 000:366.955   Value=0x00000002
T60D8 000:367.036 - 0.625ms returns 0
T60D8 000:367.070 JLINK_CORESIGHT_ReadAPDPReg(AP reg 0x03)
T60D8 000:367.624   Value=0x00000002
T60D8 000:367.707 - 0.637ms returns 0
T60D8 000:367.743 JLINK_CORESIGHT_ReadAPDPReg(AP reg 0x03)
T60D8 000:368.324   Value=0x00000002
T60D8 000:368.387 - 0.643ms returns 0
T60D8 000:368.414 JLINK_CORESIGHT_ReadAPDPReg(AP reg 0x03)
T60D8 000:368.878   Value=0x00000002
T60D8 000:368.941 - 0.526ms returns 0
T60D8 000:368.968 JLINK_CORESIGHT_ReadAPDPReg(AP reg 0x03)
T60D8 000:369.559   Value=0x00000002
T60D8 000:369.626 - 0.658ms returns 0
T60D8 000:369.655 JLINK_CORESIGHT_ReadAPDPReg(AP reg 0x03)
T60D8 000:370.181   Value=0x00000002
T60D8 000:370.245 - 0.590ms returns 0
T60D8 000:370.272 JLINK_CORESIGHT_ReadAPDPReg(AP reg 0x03)
T60D8 000:370.751   Value=0x00000002
T60D8 000:370.818 - 0.546ms returns 0
T60D8 000:370.844 JLINK_CORESIGHT_ReadAPDPReg(AP reg 0x03)
T60D8 000:371.385   Value=0x00000002
T60D8 000:371.441 - 0.597ms returns 0
T60D8 000:371.465 JLINK_CORESIGHT_ReadAPDPReg(AP reg 0x03)
T60D8 000:371.831   Value=0x00000002
T60D8 000:371.884 - 0.419ms returns 0
T60D8 000:371.907 JLINK_CORESIGHT_ReadAPDPReg(AP reg 0x03)
T60D8 000:372.232   Value=0x00000002
T60D8 000:372.286 - 0.378ms returns 0
T60D8 000:372.309 JLINK_CORESIGHT_ReadAPDPReg(AP reg 0x03)
T60D8 000:372.697   Value=0x00000002
T60D8 000:372.751 - 0.441ms returns 0
T60D8 000:372.773 JLINK_CORESIGHT_ReadAPDPReg(AP reg 0x03)
T60D8 000:373.193   Value=0x00000002
T60D8 000:373.247 - 0.473ms returns 0
T60D8 000:373.271 JLINK_CORESIGHT_ReadAPDPReg(AP reg 0x03)
T60D8 000:373.708   Value=0x00000002
T60D8 000:373.762 - 0.491ms returns 0
T60D8 000:373.788 JLINK_CORESIGHT_ReadAPDPReg(AP reg 0x03)
T60D8 000:374.124   Value=0x00000002
T60D8 000:374.178 - 0.389ms returns 0
T60D8 000:374.201 JLINK_CORESIGHT_ReadAPDPReg(AP reg 0x03)
T60D8 000:374.543   Value=0x00000002
T60D8 000:374.600 - 0.398ms returns 0
T60D8 000:374.623 JLINK_CORESIGHT_ReadAPDPReg(AP reg 0x03)
T60D8 000:375.029   Value=0x00000002
T60D8 000:375.084 - 0.461ms returns 0
T60D8 000:375.108 JLINK_CORESIGHT_ReadAPDPReg(AP reg 0x03)
T60D8 000:375.467   Value=0x00000002
T60D8 000:375.523 - 0.415ms returns 0
T60D8 000:375.547 JLINK_CORESIGHT_ReadAPDPReg(AP reg 0x03)
T60D8 000:375.889   Value=0x00000000
T60D8 000:375.942 - 0.394ms returns 0
T60D8 000:375.966 JLINK_CORESIGHT_WriteAPDPReg(AP reg 0x00, 0x80000002)
T60D8 000:376.302 - 0.335ms returns 0
T60D8 000:376.355 JLINK_CORESIGHT_WriteAPDPReg(AP reg 0x01, 0x80011130)
T60D8 000:376.705 - 0.350ms returns 0
T60D8 000:376.754 JLINK_CORESIGHT_ReadAPDPReg(AP reg 0x03)
T60D8 000:377.110   Value=0x000000C6
T60D8 000:377.168 - 0.414ms returns 0
T60D8 000:377.204 JLINK_CORESIGHT_WriteAPDPReg(AP reg 0x00, 0x80000002)
T60D8 000:377.517 - 0.313ms returns 0
T60D8 000:377.564 JLINK_CORESIGHT_WriteAPDPReg(AP reg 0x01, 0x80011140)
T60D8 000:377.867 - 0.302ms returns 0
T60D8 000:377.918 JLINK_CORESIGHT_ReadAPDPReg(AP reg 0x03)
T60D8 000:378.255   Value=0x00000002
T60D8 000:378.312 - 0.394ms returns 0
T60D8 000:378.337 JLINK_CORESIGHT_WriteAPDPReg(AP reg 0x00, 0x80000002)
T60D8 000:378.657 - 0.320ms returns 0
T60D8 000:378.705 JLINK_CORESIGHT_WriteAPDPReg(AP reg 0x01, 0x80011120)
T60D8 000:379.001 - 0.295ms returns 0
T60D8 000:379.052 JLINK_CORESIGHT_WriteAPDPReg(AP reg 0x03, 0x3A010001)
T60D8 000:379.342 - 0.290ms returns 0
T60D8 000:379.397 JLINK_CORESIGHT_WriteAPDPReg(AP reg 0x00, 0x80000002)
T60D8 000:379.685 - 0.289ms returns 0
T60D8 000:379.737 JLINK_CORESIGHT_WriteAPDPReg(AP reg 0x01, 0x80011140)
T60D8 000:380.100 - 0.363ms returns 0
T60D8 000:380.175 JLINK_CORESIGHT_ReadAPDPReg(AP reg 0x03)
T60D8 000:380.521   Value=0x00000002
T60D8 000:380.575 - 0.400ms returns 0
T60D8 000:380.607 JLINK_CORESIGHT_WriteAPDPReg(AP reg 0x00, 0x80000002)
T60D8 000:380.901 - 0.294ms returns 0
T60D8 000:380.953 JLINK_CORESIGHT_WriteAPDPReg(AP reg 0x01, 0x80011120)
T60D8 000:381.238 - 0.285ms returns 0
T60D8 000:381.292 JLINK_CORESIGHT_WriteAPDPReg(AP reg 0x03, 0x000003C5)
T60D8 000:381.593 - 0.301ms returns 0
T60D8 000:381.645 JLINK_CORESIGHT_WriteAPDPReg(AP reg 0x00, 0x80000002)
T60D8 000:381.943 - 0.298ms returns 0
T60D8 000:381.995 JLINK_CORESIGHT_WriteAPDPReg(AP reg 0x01, 0x80011140)
T60D8 000:382.286 - 0.291ms returns 0
T60D8 000:382.339 JLINK_CORESIGHT_ReadAPDPReg(AP reg 0x03)
T60D8 000:382.681   Value=0x00000002
T60D8 000:382.737 - 0.398ms returns 0
T60D8 000:382.768 JLINK_CORESIGHT_ReadAPDPReg(AP reg 0x03)
T60D8 000:383.096   Value=0x00000002
T60D8 000:383.152 - 0.383ms returns 0
T60D8 000:383.180 JLINK_CORESIGHT_ReadAPDPReg(AP reg 0x03)
T60D8 000:383.516   Value=0x00000002
T60D8 000:383.569 - 0.388ms returns 0
T60D8 000:383.597 JLINK_CORESIGHT_ReadAPDPReg(AP reg 0x03)
T60D8 000:383.917   Value=0x00000000
T60D8 000:383.972 - 0.375ms returns 0
T60D8 000:384.003 JLINK_CORESIGHT_WriteAPDPReg(AP reg 0x00, 0x80000002)
T60D8 000:384.327 - 0.323ms returns 0
T60D8 000:384.384 JLINK_CORESIGHT_WriteAPDPReg(AP reg 0x01, 0x80011130)
T60D8 000:384.702 - 0.318ms returns 0
T60D8 000:384.755 JLINK_CORESIGHT_ReadAPDPReg(AP reg 0x03)
T60D8 000:385.203   Value=0x3A2A0081
T60D8 000:385.257 - 0.502ms returns 0
T60D8 000:385.289 JLINK_CORESIGHT_WriteAPDPReg(AP reg 0x00, 0x80000002)
T60D8 000:385.597 - 0.308ms returns 0
T60D8 000:385.650 JLINK_CORESIGHT_WriteAPDPReg(AP reg 0x01, 0x80011140)
T60D8 000:385.950 - 0.300ms returns 0
T60D8 000:386.003 JLINK_CORESIGHT_ReadAPDPReg(AP reg 0x03)
T60D8 000:386.320   Value=0x00000000
T60D8 000:386.375 - 0.372ms returns 0
T60D8 000:386.408 JLINK_CORESIGHT_WriteAPDPReg(AP reg 0x00, 0x80000002)
T60D8 000:386.738 - 0.329ms returns 0
T60D8 000:386.793 JLINK_CORESIGHT_WriteAPDPReg(AP reg 0x01, 0x80011130)
T60D8 000:387.083 - 0.290ms returns 0
T60D8 000:387.138 JLINK_CORESIGHT_ReadAPDPReg(AP reg 0x03)
T60D8 000:387.490   Value=0x808D5B00
T60D8 000:387.550 - 0.411ms returns 0
T60D8 000:387.580 JLINK_CORESIGHT_WriteAPDPReg(AP reg 0x00, 0x80000002)
T60D8 000:387.901 - 0.321ms returns 0
T60D8 000:387.957 JLINK_CORESIGHT_WriteAPDPReg(AP reg 0x01, 0x80011140)
T60D8 000:388.205 - 0.248ms returns 0
T60D8 000:388.239 JLINK_CORESIGHT_ReadAPDPReg(AP reg 0x03)
T60D8 000:388.607   Value=0x00000000
T60D8 000:388.644 - 0.404ms returns 0
T60D8 000:388.668 JLINK_CORESIGHT_WriteAPDPReg(AP reg 0x00, 0x80000002)
T60D8 000:388.941 - 0.273ms returns 0
T60D8 000:388.989 JLINK_CORESIGHT_WriteAPDPReg(AP reg 0x01, 0x80011130)
T60D8 000:389.258 - 0.269ms returns 0
T60D8 000:389.307 JLINK_CORESIGHT_ReadAPDPReg(AP reg 0x03)
T60D8 000:389.627   Value=0x0406070A
T60D8 000:389.665 - 0.358ms returns 0
T60D8 000:389.691 JLINK_CORESIGHT_WriteAPDPReg(AP reg 0x00, 0x80000002)
T60D8 000:390.053 - 0.362ms returns 0
T60D8 000:390.091 JLINK_CORESIGHT_WriteAPDPReg(AP reg 0x01, 0x80011140)
T60D8 000:390.426 - 0.335ms returns 0
T60D8 000:390.463 JLINK_CORESIGHT_ReadAPDPReg(AP reg 0x03)
T60D8 000:390.791   Value=0x00000000
T60D8 000:390.836 - 0.373ms returns 0
T60D8 000:390.863 JLINK_CORESIGHT_WriteAPDPReg(AP reg 0x00, 0x80000002)
T60D8 000:391.180 - 0.317ms returns 0
T60D8 000:391.238 JLINK_CORESIGHT_WriteAPDPReg(AP reg 0x01, 0x80011130)
T60D8 000:391.602 - 0.364ms returns 0
T60D8 000:391.657 JLINK_CORESIGHT_ReadAPDPReg(AP reg 0x03)
T60D8 000:392.026   Value=0x3254540B
T60D8 000:392.089 - 0.432ms returns 0
T60D8 000:392.118 JLINK_CORESIGHT_WriteAPDPReg(AP reg 0x00, 0x80000002)
T60D8 000:392.418 - 0.300ms returns 0
T60D8 000:392.481 JLINK_CORESIGHT_WriteAPDPReg(AP reg 0x01, 0x80011140)
T60D8 000:392.788 - 0.306ms returns 0
T60D8 000:392.888 JLINK_CORESIGHT_ReadAPDPReg(AP reg 0x03)
T60D8 000:393.277   Value=0x00000000
T60D8 000:393.331 - 0.443ms returns 0
T60D8 000:393.362 JLINK_CORESIGHT_WriteAPDPReg(AP reg 0x00, 0x80000002)
T60D8 000:393.710 - 0.348ms returns 0
T60D8 000:393.766 JLINK_CORESIGHT_WriteAPDPReg(AP reg 0x01, 0x80011130)
T60D8 000:394.114 - 0.347ms returns 0
T60D8 000:394.166 JLINK_CORESIGHT_ReadAPDPReg(AP reg 0x03)
T60D8 000:394.555   Value=0x54B5CF58
T60D8 000:394.611 - 0.444ms returns 0
T60D8 000:394.644 JLINK_CORESIGHT_WriteAPDPReg(AP reg 0x00, 0x80000002)
T60D8 000:395.002 - 0.358ms returns 0
T60D8 000:395.057 JLINK_CORESIGHT_WriteAPDPReg(AP reg 0x01, 0x80011140)
T60D8 000:395.440 - 0.382ms returns 0
T60D8 000:395.497 JLINK_CORESIGHT_ReadAPDPReg(AP reg 0x03)
T60D8 000:395.952   Value=0x00000000
T60D8 000:396.012 - 0.515ms returns 0
T60D8 000:396.043 JLINK_CORESIGHT_WriteAPDPReg(AP reg 0x00, 0x80000002)
T60D8 000:396.433 - 0.390ms returns 0
T60D8 000:396.488 JLINK_CORESIGHT_WriteAPDPReg(AP reg 0x01, 0x80011130)
T60D8 000:396.886 - 0.398ms returns 0
T60D8 000:396.939 JLINK_CORESIGHT_ReadAPDPReg(AP reg 0x03)
T60D8 000:397.433   Value=0x34325736
T60D8 000:397.491 - 0.551ms returns 0
T60D8 000:397.520 JLINK_CORESIGHT_WriteAPDPReg(AP reg 0x00, 0x80000002)
T60D8 000:397.848 - 0.327ms returns 0
T60D8 000:397.902 JLINK_CORESIGHT_WriteAPDPReg(AP reg 0x01, 0x80011140)
T60D8 000:398.271 - 0.368ms returns 0
T60D8 000:398.326 JLINK_CORESIGHT_ReadAPDPReg(AP reg 0x03)
T60D8 000:398.742   Value=0x00000000
T60D8 000:398.811 - 0.485ms returns 0
T60D8 000:398.841 JLINK_CORESIGHT_WriteAPDPReg(AP reg 0x00, 0x80000002)
T60D8 000:399.146 - 0.304ms returns 0
T60D8 000:399.208 JLINK_CORESIGHT_WriteAPDPReg(AP reg 0x01, 0x80011130)
T60D8 000:399.635 - 0.427ms returns 0
T60D8 000:399.694 JLINK_CORESIGHT_ReadAPDPReg(AP reg 0x03)
T60D8 000:400.099   Value=0x7D012D30
T60D8 000:400.157 - 0.463ms returns 0
T60D8 000:400.188 JLINK_CORESIGHT_WriteAPDPReg(AP reg 0x00, 0x80000002)
T60D8 000:400.642 - 0.453ms returns 0
T60D8 000:400.696 JLINK_CORESIGHT_WriteAPDPReg(AP reg 0x01, 0x80011140)
T60D8 000:401.095 - 0.399ms returns 0
T60D8 000:401.169 JLINK_CORESIGHT_ReadAPDPReg(AP reg 0x03)
T60D8 000:401.607   Value=0x00000000
T60D8 000:401.667 - 0.498ms returns 0
T60D8 000:401.698 JLINK_CORESIGHT_WriteAPDPReg(AP reg 0x00, 0x80000002)
T60D8 000:402.178 - 0.480ms returns 0
T60D8 000:402.233 JLINK_CORESIGHT_WriteAPDPReg(AP reg 0x01, 0x80011130)
T60D8 000:402.590 - 0.354ms returns 0
T60D8 000:402.733 JLINK_CORESIGHT_ReadAPDPReg(AP reg 0x03)
T60D8 000:403.241   Value=0x4B375288
T60D8 000:403.301 - 0.569ms returns 0
T60D8 000:403.332 JLINK_CORESIGHT_WriteAPDPReg(AP reg 0x00, 0x80000002)
T60D8 000:403.615 - 0.283ms returns 0
T60D8 000:403.681 JLINK_CORESIGHT_WriteAPDPReg(AP reg 0x01, 0x80011140)
T60D8 000:403.996 - 0.314ms returns 0
T60D8 000:404.057 JLINK_CORESIGHT_ReadAPDPReg(AP reg 0x03)
T60D8 000:404.511   Value=0x00000000
T60D8 000:404.579 - 0.522ms returns 0
T60D8 000:404.609 JLINK_CORESIGHT_WriteAPDPReg(AP reg 0x00, 0x80000002)
T60D8 000:404.990 - 0.380ms returns 0
T60D8 000:405.049 JLINK_CORESIGHT_WriteAPDPReg(AP reg 0x01, 0x80011130)
T60D8 000:405.484 - 0.434ms returns 0
T60D8 000:405.543 JLINK_CORESIGHT_ReadAPDPReg(AP reg 0x03)
T60D8 000:405.964   Value=0x32543841
T60D8 000:406.025 - 0.482ms returns 0
T60D8 000:406.054 JLINK_CORESIGHT_WriteAPDPReg(AP reg 0x00, 0x80000002)
T60D8 000:406.420 - 0.365ms returns 0
T60D8 000:406.478 JLINK_CORESIGHT_WriteAPDPReg(AP reg 0x01, 0x80011140)
T60D8 000:406.861 - 0.382ms returns 0
T60D8 000:406.922 JLINK_CORESIGHT_ReadAPDPReg(AP reg 0x03)
T60D8 000:407.415   Value=0x00000000
T60D8 000:407.455 - 0.533ms returns 0
T60D8 000:407.482 JLINK_CORESIGHT_WriteAPDPReg(AP reg 0x00, 0x80000002)
T60D8 000:407.734 - 0.252ms returns 0
T60D8 000:407.765 JLINK_CORESIGHT_WriteAPDPReg(AP reg 0x01, 0x80011130)
T60D8 000:407.999 - 0.234ms returns 0
T60D8 000:408.029 JLINK_CORESIGHT_ReadAPDPReg(AP reg 0x03)
T60D8 000:408.312   Value=0x434C464C
T60D8 000:408.345 - 0.317ms returns 0
T60D8 000:408.370 JLINK_CORESIGHT_WriteAPDPReg(AP reg 0x00, 0x80000002)
T60D8 000:408.603 - 0.233ms returns 0
T60D8 000:408.635 JLINK_CORESIGHT_WriteAPDPReg(AP reg 0x01, 0x80011140)
T60D8 000:408.867 - 0.232ms returns 0
T60D8 000:408.896 JLINK_CORESIGHT_ReadAPDPReg(AP reg 0x03)
T60D8 000:409.187   Value=0x00000000
T60D8 000:409.222 - 0.325ms returns 0
T60D8 000:409.248 JLINK_CORESIGHT_WriteAPDPReg(AP reg 0x00, 0x80000002)
T60D8 000:409.551 - 0.302ms returns 0
T60D8 000:409.608 JLINK_CORESIGHT_WriteAPDPReg(AP reg 0x01, 0x80011130)
T60D8 000:409.865 - 0.257ms returns 0
T60D8 000:409.905 JLINK_CORESIGHT_ReadAPDPReg(AP reg 0x03)
T60D8 000:410.197   Value=0x20204341
T60D8 000:410.233 - 0.327ms returns 0
T60D8 000:410.258 JLINK_CORESIGHT_WriteAPDPReg(AP reg 0x00, 0x80000002)
T60D8 000:410.550 - 0.291ms returns 0
T60D8 000:410.580 JLINK_CORESIGHT_WriteAPDPReg(AP reg 0x01, 0x80011140)
T60D8 000:410.816 - 0.236ms returns 0
T60D8 000:410.848 JLINK_CORESIGHT_ReadAPDPReg(AP reg 0x03)
T60D8 000:411.142   Value=0x00000000
T60D8 000:411.179 - 0.330ms returns 0
T60D8 000:411.204 JLINK_CORESIGHT_WriteAPDPReg(AP reg 0x00, 0x80000002)
T60D8 000:411.546 - 0.341ms returns 0
T60D8 000:411.579 JLINK_CORESIGHT_WriteAPDPReg(AP reg 0x01, 0x80011130)
T60D8 000:411.823 - 0.243ms returns 0
T60D8 000:411.854 JLINK_CORESIGHT_ReadAPDPReg(AP reg 0x03)
T60D8 000:412.151   Value=0x0003D620
T60D8 000:412.186 - 0.332ms returns 0
T60D8 000:413.019 JLINK_CORESIGHT_WriteAPDPReg(AP reg 0x00, 0x80000002)
T60D8 000:413.311 - 0.293ms returns 0
T60D8 000:413.341 JLINK_CORESIGHT_WriteAPDPReg(AP reg 0x01, 0x80011140)
T60D8 000:413.582 - 0.240ms returns 0
T60D8 000:413.611 JLINK_CORESIGHT_ReadAPDPReg(AP reg 0x03)
T60D8 000:413.910   Value=0x00000002
T60D8 000:413.945 - 0.334ms returns 0
T60D8 000:413.971 JLINK_CORESIGHT_WriteAPDPReg(AP reg 0x00, 0x80000002)
T60D8 000:414.207 - 0.236ms returns 0
T60D8 000:414.234 JLINK_CORESIGHT_WriteAPDPReg(AP reg 0x01, 0x80011120)
T60D8 000:414.465 - 0.231ms returns 0
T60D8 000:414.491 JLINK_CORESIGHT_WriteAPDPReg(AP reg 0x03, 0x39020001)
T60D8 000:414.737 - 0.245ms returns 0
T60D8 000:414.764 JLINK_CORESIGHT_WriteAPDPReg(AP reg 0x00, 0x80000002)
T60D8 000:415.065 - 0.300ms returns 0
T60D8 000:415.106 JLINK_CORESIGHT_WriteAPDPReg(AP reg 0x01, 0x80011140)
T60D8 000:415.414 - 0.308ms returns 0
T60D8 000:415.442 JLINK_CORESIGHT_ReadAPDPReg(AP reg 0x03)
T60D8 000:415.763   Value=0x00000002
T60D8 000:415.799 - 0.356ms returns 0
T60D8 000:415.821 JLINK_CORESIGHT_WriteAPDPReg(AP reg 0x00, 0x80000002)
T60D8 000:416.167 - 0.346ms returns 0
T60D8 000:416.193 JLINK_CORESIGHT_WriteAPDPReg(AP reg 0x01, 0x80011120)
T60D8 000:416.437 - 0.244ms returns 0
T60D8 000:416.463 JLINK_CORESIGHT_WriteAPDPReg(AP reg 0x03, 0x0003B312)
T60D8 000:416.708 - 0.245ms returns 0
T60D8 000:416.733 JLINK_CORESIGHT_WriteAPDPReg(AP reg 0x00, 0x80000002)
T60D8 000:416.959 - 0.225ms returns 0
T60D8 000:416.985 JLINK_CORESIGHT_WriteAPDPReg(AP reg 0x01, 0x80011140)
T60D8 000:417.208 - 0.223ms returns 0
T60D8 000:417.238 JLINK_CORESIGHT_ReadAPDPReg(AP reg 0x03)
T60D8 000:417.606   Value=0x00000000
T60D8 000:417.641 - 0.403ms returns 0
T60D8 000:417.663 JLINK_CORESIGHT_WriteAPDPReg(AP reg 0x00, 0x80000002)
T60D8 000:417.898 - 0.235ms returns 0
T60D8 000:417.924 JLINK_CORESIGHT_WriteAPDPReg(AP reg 0x01, 0x80011130)
T60D8 000:418.155 - 0.231ms returns 0
T60D8 000:418.182 JLINK_CORESIGHT_ReadAPDPReg(AP reg 0x03)
T60D8 000:418.473   Value=0xB90A0081
T60D8 000:418.542 - 0.360ms returns 0
T60D8 000:418.576 JLINK_CORESIGHT_WriteAPDPReg(AP reg 0x00, 0x80000002)
T60D8 000:418.940 - 0.363ms returns 0
T60D8 000:418.986 JLINK_CORESIGHT_WriteAPDPReg(AP reg 0x01, 0x80011140)
T60D8 000:419.335 - 0.348ms returns 0
T60D8 000:419.363 JLINK_CORESIGHT_ReadAPDPReg(AP reg 0x03)
T60D8 000:419.731   Value=0x00000000
T60D8 000:419.766 - 0.402ms returns 0
T60D8 000:419.788 JLINK_CORESIGHT_WriteAPDPReg(AP reg 0x00, 0x80000002)
T60D8 000:420.133 - 0.345ms returns 0
T60D8 000:420.161 JLINK_CORESIGHT_WriteAPDPReg(AP reg 0x01, 0x80011130)
T60D8 000:420.555 - 0.394ms returns 0
T60D8 000:420.581 JLINK_CORESIGHT_ReadAPDPReg(AP reg 0x03)
T60D8 000:420.988   Value=0xFFFFFFC0
T60D8 000:421.022 - 0.441ms returns 0
T60D8 000:421.045 JLINK_CORESIGHT_WriteAPDPReg(AP reg 0x00, 0x80000002)
T60D8 000:421.424 - 0.379ms returns 0
T60D8 000:421.449 JLINK_CORESIGHT_WriteAPDPReg(AP reg 0x01, 0x80011140)
T60D8 000:421.776 - 0.327ms returns 0
T60D8 000:421.811 JLINK_CORESIGHT_ReadAPDPReg(AP reg 0x03)
T60D8 000:422.236   Value=0x00000000
T60D8 000:422.276 - 0.465ms returns 0
T60D8 000:422.299 JLINK_CORESIGHT_WriteAPDPReg(AP reg 0x00, 0x80000002)
T60D8 000:422.649 - 0.350ms returns 0
T60D8 000:422.675 JLINK_CORESIGHT_WriteAPDPReg(AP reg 0x01, 0x80011130)
T60D8 000:423.058 - 0.382ms returns 0
T60D8 000:423.089 JLINK_CORESIGHT_ReadAPDPReg(AP reg 0x03)
T60D8 000:423.448   Value=0xFFFFFFFF
T60D8 000:423.482 - 0.392ms returns 0
T60D8 000:423.505 JLINK_CORESIGHT_WriteAPDPReg(AP reg 0x00, 0x80000002)
T60D8 000:423.845 - 0.340ms returns 0
T60D8 000:423.871 JLINK_CORESIGHT_WriteAPDPReg(AP reg 0x01, 0x80011140)
T60D8 000:424.150 - 0.279ms returns 0
T60D8 000:424.177 JLINK_CORESIGHT_ReadAPDPReg(AP reg 0x03)
T60D8 000:424.603   Value=0x00000000
T60D8 000:424.638 - 0.461ms returns 0
T60D8 000:424.660 JLINK_CORESIGHT_WriteAPDPReg(AP reg 0x00, 0x80000002)
T60D8 000:424.998 - 0.338ms returns 0
T60D8 000:425.024 JLINK_CORESIGHT_WriteAPDPReg(AP reg 0x01, 0x80011130)
T60D8 000:425.292 - 0.268ms returns 0
T60D8 000:425.323 JLINK_CORESIGHT_ReadAPDPReg(AP reg 0x03)
T60D8 000:425.665   Value=0x000385FF
T60D8 000:425.699 - 0.376ms returns 0
T60D8 000:425.796 JLINK_CORESIGHT_WriteAPDPReg(AP reg 0x00, 0x80000002)
T60D8 000:426.147 - 0.351ms returns 0
T60D8 000:426.184 JLINK_CORESIGHT_WriteAPDPReg(AP reg 0x01, 0x80011140)
T60D8 000:426.561 - 0.376ms returns 0
T60D8 000:426.608 JLINK_CORESIGHT_ReadAPDPReg(AP reg 0x03)
T60D8 000:426.942   Value=0x00000002
T60D8 000:426.982 - 0.373ms returns 0
T60D8 000:427.005 JLINK_CORESIGHT_WriteAPDPReg(AP reg 0x00, 0x80000002)
T60D8 000:427.290 - 0.285ms returns 0
T60D8 000:427.322 JLINK_CORESIGHT_WriteAPDPReg(AP reg 0x01, 0x80011120)
T60D8 000:427.581 - 0.259ms returns 0
T60D8 000:427.611 JLINK_CORESIGHT_WriteAPDPReg(AP reg 0x03, 0x2C010001)
T60D8 000:427.864 - 0.252ms returns 0
T60D8 000:427.894 JLINK_CORESIGHT_WriteAPDPReg(AP reg 0x00, 0x80000002)
T60D8 000:428.119 - 0.225ms returns 0
T60D8 000:428.149 JLINK_CORESIGHT_WriteAPDPReg(AP reg 0x01, 0x80011140)
T60D8 000:428.423 - 0.274ms returns 0
T60D8 000:428.457 JLINK_CORESIGHT_ReadAPDPReg(AP reg 0x03)
T60D8 000:428.774   Value=0x00000002
T60D8 000:428.815 - 0.358ms returns 0
T60D8 000:428.839 JLINK_CORESIGHT_WriteAPDPReg(AP reg 0x00, 0x80000002)
T60D8 000:429.182 - 0.342ms returns 0
T60D8 000:429.211 JLINK_CORESIGHT_WriteAPDPReg(AP reg 0x01, 0x80011120)
T60D8 000:429.472 - 0.261ms returns 0
T60D8 000:429.504 JLINK_CORESIGHT_WriteAPDPReg(AP reg 0x03, 0x000003D3)
T60D8 000:429.781 - 0.277ms returns 0
T60D8 000:429.821 JLINK_CORESIGHT_WriteAPDPReg(AP reg 0x00, 0x80000002)
T60D8 000:430.185 - 0.365ms returns 0
T60D8 000:430.220 JLINK_CORESIGHT_WriteAPDPReg(AP reg 0x01, 0x80011140)
T60D8 000:430.555 - 0.335ms returns 0
T60D8 000:430.584 JLINK_CORESIGHT_ReadAPDPReg(AP reg 0x03)
T60D8 000:430.950   Value=0x00000002
T60D8 000:430.985 - 0.401ms returns 0
T60D8 000:431.008 JLINK_CORESIGHT_ReadAPDPReg(AP reg 0x03)
T60D8 000:431.425   Value=0x00000000
T60D8 000:431.457 - 0.449ms returns 0
T60D8 000:431.479 JLINK_CORESIGHT_WriteAPDPReg(AP reg 0x00, 0x80000002)
T60D8 000:431.834 - 0.355ms returns 0
T60D8 000:431.863 JLINK_CORESIGHT_WriteAPDPReg(AP reg 0x01, 0x80011130)
T60D8 000:432.159 - 0.296ms returns 0
T60D8 000:432.184 JLINK_CORESIGHT_ReadAPDPReg(AP reg 0x03)
T60D8 000:432.610   Value=0x2C020081
T60D8 000:432.651 - 0.467ms returns 0
T60D8 000:432.675 JLINK_CORESIGHT_WriteAPDPReg(AP reg 0x00, 0x80000002)
T60D8 000:432.955 - 0.280ms returns 0
T60D8 000:432.984 JLINK_CORESIGHT_WriteAPDPReg(AP reg 0x01, 0x80011140)
T60D8 000:433.282 - 0.297ms returns 0
T60D8 000:433.308 JLINK_CORESIGHT_ReadAPDPReg(AP reg 0x03)
T60D8 000:433.651   Value=0x00000000
T60D8 000:433.685 - 0.377ms returns 0
T60D8 000:433.708 JLINK_CORESIGHT_WriteAPDPReg(AP reg 0x00, 0x80000002)
T60D8 000:434.047 - 0.338ms returns 0
T60D8 000:434.101 JLINK_CORESIGHT_WriteAPDPReg(AP reg 0x01, 0x80011130)
T60D8 000:434.416 - 0.315ms returns 0
T60D8 000:434.460 JLINK_CORESIGHT_ReadAPDPReg(AP reg 0x03)
T60D8 000:434.875   Value=0x0003CE04
T60D8 000:434.909 - 0.449ms returns 0
T60D8 000:434.938 JLINK_CORESIGHT_WriteAPDPReg(AP reg 0x00, 0x80000002)
T60D8 000:435.303 - 0.364ms returns 0
T60D8 000:435.330 JLINK_CORESIGHT_WriteAPDPReg(AP reg 0x01, 0x80011140)
T60D8 000:435.644 - 0.314ms returns 0
T60D8 000:435.671 JLINK_CORESIGHT_ReadAPDPReg(AP reg 0x03)
T60D8 000:436.028   Value=0x00000002
T60D8 000:436.063 - 0.391ms returns 0
T60D8 000:436.085 JLINK_CORESIGHT_WriteAPDPReg(AP reg 0x00, 0x80000002)
T60D8 000:436.424 - 0.339ms returns 0
T60D8 000:436.451 JLINK_CORESIGHT_WriteAPDPReg(AP reg 0x01, 0x80011120)
T60D8 000:436.749 - 0.298ms returns 0
T60D8 000:436.774 JLINK_CORESIGHT_WriteAPDPReg(AP reg 0x03, 0x73010001)
T60D8 000:437.078 - 0.303ms returns 0
T60D8 000:437.104 JLINK_CORESIGHT_WriteAPDPReg(AP reg 0x00, 0x80000002)
T60D8 000:437.429 - 0.325ms returns 0
T60D8 000:437.456 JLINK_CORESIGHT_WriteAPDPReg(AP reg 0x01, 0x80011140)
T60D8 000:437.750 - 0.293ms returns 0
T60D8 000:437.779 JLINK_CORESIGHT_ReadAPDPReg(AP reg 0x03)
T60D8 000:438.155   Value=0x00000002
T60D8 000:438.190 - 0.411ms returns 0
T60D8 000:438.216 JLINK_CORESIGHT_WriteAPDPReg(AP reg 0x00, 0x80000002)
T60D8 000:438.595 - 0.379ms returns 0
T60D8 000:438.625 JLINK_CORESIGHT_WriteAPDPReg(AP reg 0x01, 0x80011120)
T60D8 000:438.964 - 0.339ms returns 0
T60D8 000:438.992 JLINK_CORESIGHT_WriteAPDPReg(AP reg 0x03, 0x0000038C)
T60D8 000:439.268 - 0.276ms returns 0
T60D8 000:439.297 JLINK_CORESIGHT_WriteAPDPReg(AP reg 0x00, 0x80000002)
T60D8 000:439.561 - 0.264ms returns 0
T60D8 000:439.589 JLINK_CORESIGHT_WriteAPDPReg(AP reg 0x01, 0x80011140)
T60D8 000:439.837 - 0.248ms returns 0
T60D8 000:439.864 JLINK_CORESIGHT_ReadAPDPReg(AP reg 0x03)
T60D8 000:440.195   Value=0x00000002
T60D8 000:440.229 - 0.364ms returns 0
T60D8 000:440.254 JLINK_CORESIGHT_ReadAPDPReg(AP reg 0x03)
T60D8 000:440.596   Value=0x00000000
T60D8 000:440.630 - 0.376ms returns 0
T60D8 000:440.654 JLINK_CORESIGHT_WriteAPDPReg(AP reg 0x00, 0x80000002)
T60D8 000:440.901 - 0.246ms returns 0
T60D8 000:440.928 JLINK_CORESIGHT_WriteAPDPReg(AP reg 0x01, 0x80011130)
T60D8 000:441.210 - 0.282ms returns 0
T60D8 000:441.239 JLINK_CORESIGHT_ReadAPDPReg(AP reg 0x03)
T60D8 000:441.596   Value=0x73020081
T60D8 000:441.630 - 0.391ms returns 0
T60D8 000:441.655 JLINK_CORESIGHT_WriteAPDPReg(AP reg 0x00, 0x80000002)
T60D8 000:441.930 - 0.274ms returns 0
T60D8 000:441.959 JLINK_CORESIGHT_WriteAPDPReg(AP reg 0x01, 0x80011140)
T60D8 000:442.225 - 0.266ms returns 0
T60D8 000:442.257 JLINK_CORESIGHT_ReadAPDPReg(AP reg 0x03)
T60D8 000:442.740   Value=0x00000000
T60D8 000:442.798 - 0.541ms returns 0
T60D8 000:442.843 JLINK_CORESIGHT_WriteAPDPReg(AP reg 0x00, 0x80000002)
T60D8 000:443.262 - 0.418ms returns 0
T60D8 000:443.318 JLINK_CORESIGHT_WriteAPDPReg(AP reg 0x01, 0x80011130)
T60D8 000:443.795 - 0.477ms returns 0
T60D8 000:443.848 JLINK_CORESIGHT_ReadAPDPReg(AP reg 0x03)
T60D8 000:444.279   Value=0x00038902
T60D8 000:444.340 - 0.492ms returns 0
T60D8 000:444.372 JLINK_CORESIGHT_WriteAPDPReg(AP reg 0x00, 0x80000002)
T60D8 000:444.668 - 0.296ms returns 0
T60D8 000:444.725 JLINK_CORESIGHT_WriteAPDPReg(AP reg 0x01, 0x80011140)
T60D8 000:445.047 - 0.321ms returns 0
T60D8 000:445.102 JLINK_CORESIGHT_ReadAPDPReg(AP reg 0x03)
T60D8 000:445.549   Value=0x00000002
T60D8 000:445.603 - 0.501ms returns 0
T60D8 000:445.632 JLINK_CORESIGHT_WriteAPDPReg(AP reg 0x00, 0x80000002)
T60D8 000:445.932 - 0.300ms returns 0
T60D8 000:445.990 JLINK_CORESIGHT_WriteAPDPReg(AP reg 0x01, 0x80011120)
T60D8 000:446.360 - 0.370ms returns 0
T60D8 000:446.418 JLINK_CORESIGHT_WriteAPDPReg(AP reg 0x03, 0x75010001)
T60D8 000:446.808 - 0.390ms returns 0
T60D8 000:446.864 JLINK_CORESIGHT_WriteAPDPReg(AP reg 0x00, 0x80000002)
T60D8 000:447.158 - 0.294ms returns 0
T60D8 000:447.213 JLINK_CORESIGHT_WriteAPDPReg(AP reg 0x01, 0x80011140)
T60D8 000:447.501 - 0.287ms returns 0
T60D8 000:447.557 JLINK_CORESIGHT_ReadAPDPReg(AP reg 0x03)
T60D8 000:447.898   Value=0x00000002
T60D8 000:447.954 - 0.397ms returns 0
T60D8 000:447.983 JLINK_CORESIGHT_WriteAPDPReg(AP reg 0x00, 0x80000002)
T60D8 000:448.232 - 0.249ms returns 0
T60D8 000:448.287 JLINK_CORESIGHT_WriteAPDPReg(AP reg 0x01, 0x80011120)
T60D8 000:448.579 - 0.291ms returns 0
T60D8 000:448.636 JLINK_CORESIGHT_WriteAPDPReg(AP reg 0x03, 0x0000038A)
T60D8 000:448.918 - 0.282ms returns 0
T60D8 000:448.973 JLINK_CORESIGHT_WriteAPDPReg(AP reg 0x00, 0x80000002)
T60D8 000:449.248 - 0.275ms returns 0
T60D8 000:449.305 JLINK_CORESIGHT_WriteAPDPReg(AP reg 0x01, 0x80011140)
T60D8 000:449.557 - 0.252ms returns 0
T60D8 000:449.611 JLINK_CORESIGHT_ReadAPDPReg(AP reg 0x03)
T60D8 000:449.948   Value=0x00000002
T60D8 000:450.021 - 0.410ms returns 0
T60D8 000:450.081 JLINK_CORESIGHT_ReadAPDPReg(AP reg 0x03)
T60D8 000:450.455   Value=0x00000002
T60D8 000:450.516 - 0.436ms returns 0
T60D8 000:450.547 JLINK_CORESIGHT_ReadAPDPReg(AP reg 0x03)
T60D8 000:450.871   Value=0x00000002
T60D8 000:450.928 - 0.381ms returns 0
T60D8 000:450.957 JLINK_CORESIGHT_ReadAPDPReg(AP reg 0x03)
T60D8 000:451.276   Value=0x00000002
T60D8 000:451.331 - 0.373ms returns 0
T60D8 000:451.361 JLINK_CORESIGHT_ReadAPDPReg(AP reg 0x03)
T60D8 000:451.681   Value=0x00000002
T60D8 000:451.737 - 0.375ms returns 0
T60D8 000:451.767 JLINK_CORESIGHT_ReadAPDPReg(AP reg 0x03)
T60D8 000:452.096   Value=0x00000002
T60D8 000:452.151 - 0.384ms returns 0
T60D8 000:452.182 JLINK_CORESIGHT_ReadAPDPReg(AP reg 0x03)
T60D8 000:452.508   Value=0x00000000
T60D8 000:452.564 - 0.382ms returns 0
T60D8 000:452.593 JLINK_CORESIGHT_WriteAPDPReg(AP reg 0x00, 0x80000002)
T60D8 000:452.878 - 0.284ms returns 0
T60D8 000:452.933 JLINK_CORESIGHT_WriteAPDPReg(AP reg 0x01, 0x80011130)
T60D8 000:453.222 - 0.288ms returns 0
T60D8 000:453.275 JLINK_CORESIGHT_ReadAPDPReg(AP reg 0x03)
T60D8 000:453.628   Value=0x75020081
T60D8 000:453.685 - 0.409ms returns 0
T60D8 000:453.715 JLINK_CORESIGHT_WriteAPDPReg(AP reg 0x00, 0x80000002)
T60D8 000:454.023 - 0.307ms returns 0
T60D8 000:454.082 JLINK_CORESIGHT_WriteAPDPReg(AP reg 0x01, 0x80011140)
T60D8 000:454.345 - 0.263ms returns 0
T60D8 000:454.400 JLINK_CORESIGHT_ReadAPDPReg(AP reg 0x03)
T60D8 000:454.695   Value=0x00000000
T60D8 000:454.751 - 0.351ms returns 0
T60D8 000:454.781 JLINK_CORESIGHT_WriteAPDPReg(AP reg 0x00, 0x80000002)
T60D8 000:455.066 - 0.285ms returns 0
T60D8 000:455.120 JLINK_CORESIGHT_WriteAPDPReg(AP reg 0x01, 0x80011130)
T60D8 000:455.462 - 0.341ms returns 0
T60D8 000:455.518 JLINK_CORESIGHT_ReadAPDPReg(AP reg 0x03)
T60D8 000:455.893   Value=0x00038702
T60D8 000:455.951 - 0.432ms returns 0
T60D8 000:456.790 JLINK_CORESIGHT_WriteAPDPReg(AP reg 0x00, 0x80000002)
T60D8 000:457.107 - 0.317ms returns 0
T60D8 000:457.155 JLINK_CORESIGHT_WriteAPDPReg(AP reg 0x01, 0x80011140)
T60D8 000:457.457 - 0.301ms returns 0
T60D8 000:457.508 JLINK_CORESIGHT_ReadAPDPReg(AP reg 0x03)
T60D8 000:457.845   Value=0x00000002
T60D8 000:457.903 - 0.395ms returns 0
T60D8 000:457.930 JLINK_CORESIGHT_WriteAPDPReg(AP reg 0x00, 0x80000002)
T60D8 000:458.198 - 0.267ms returns 0
T60D8 000:458.248 JLINK_CORESIGHT_WriteAPDPReg(AP reg 0x01, 0x80011120)
T60D8 000:458.527 - 0.278ms returns 0
T60D8 000:458.575 JLINK_CORESIGHT_WriteAPDPReg(AP reg 0x03, 0x4F010001)
T60D8 000:458.849 - 0.273ms returns 0
T60D8 000:458.898 JLINK_CORESIGHT_WriteAPDPReg(AP reg 0x00, 0x80000002)
T60D8 000:459.175 - 0.276ms returns 0
T60D8 000:459.224 JLINK_CORESIGHT_WriteAPDPReg(AP reg 0x01, 0x80011140)
T60D8 000:459.554 - 0.330ms returns 0
T60D8 000:459.601 JLINK_CORESIGHT_ReadAPDPReg(AP reg 0x03)
T60D8 000:460.039   Value=0x00000002
T60D8 000:460.099 - 0.497ms returns 0
T60D8 000:460.124 JLINK_CORESIGHT_WriteAPDPReg(AP reg 0x00, 0x80000002)
T60D8 000:460.466 - 0.341ms returns 0
T60D8 000:460.519 JLINK_CORESIGHT_WriteAPDPReg(AP reg 0x01, 0x80011120)
T60D8 000:460.823 - 0.303ms returns 0
T60D8 000:460.876 JLINK_CORESIGHT_WriteAPDPReg(AP reg 0x03, 0x000003B0)
T60D8 000:461.159 - 0.282ms returns 0
T60D8 000:461.211 JLINK_CORESIGHT_WriteAPDPReg(AP reg 0x00, 0x80000002)
T60D8 000:461.511 - 0.299ms returns 0
T60D8 000:461.547 JLINK_CORESIGHT_WriteAPDPReg(AP reg 0x01, 0x80011140)
T60D8 000:461.787 - 0.239ms returns 0
T60D8 000:461.815 JLINK_CORESIGHT_ReadAPDPReg(AP reg 0x03)
T60D8 000:462.112   Value=0x00000002
T60D8 000:462.148 - 0.332ms returns 0
T60D8 000:462.172 JLINK_CORESIGHT_ReadAPDPReg(AP reg 0x03)
T60D8 000:462.438   Value=0x00000002
T60D8 000:462.471 - 0.299ms returns 0
T60D8 000:462.494 JLINK_CORESIGHT_ReadAPDPReg(AP reg 0x03)
T60D8 000:462.780   Value=0x00000002
T60D8 000:462.815 - 0.321ms returns 0
T60D8 000:462.836 JLINK_CORESIGHT_ReadAPDPReg(AP reg 0x03)
T60D8 000:463.119   Value=0x00000002
T60D8 000:463.154 - 0.317ms returns 0
T60D8 000:463.177 JLINK_CORESIGHT_ReadAPDPReg(AP reg 0x03)
T60D8 000:463.478   Value=0x00000002
T60D8 000:463.696 - 0.517ms returns 0
T60D8 000:463.817 JLINK_CORESIGHT_ReadAPDPReg(AP reg 0x03)
T60D8 000:464.219   Value=0x00000000
T60D8 000:464.261 - 0.445ms returns 0
T60D8 000:464.284 JLINK_CORESIGHT_WriteAPDPReg(AP reg 0x00, 0x80000002)
T60D8 000:464.549 - 0.264ms returns 0
T60D8 000:464.588 JLINK_CORESIGHT_WriteAPDPReg(AP reg 0x01, 0x80011130)
T60D8 000:464.821 - 0.233ms returns 0
T60D8 000:464.850 JLINK_CORESIGHT_ReadAPDPReg(AP reg 0x03)
T60D8 000:465.165   Value=0x4F0B0081
T60D8 000:465.235 - 0.384ms returns 0
T60D8 000:465.271 JLINK_CORESIGHT_WriteAPDPReg(AP reg 0x00, 0x80000002)
T60D8 000:465.642 - 0.369ms returns 0
T60D8 000:465.779 JLINK_CORESIGHT_WriteAPDPReg(AP reg 0x01, 0x80011140)
T60D8 000:466.112 - 0.334ms returns 0
T60D8 000:466.164 JLINK_CORESIGHT_ReadAPDPReg(AP reg 0x03)
T60D8 000:466.499   Value=0x00000000
T60D8 000:466.555 - 0.391ms returns 0
T60D8 000:466.579 JLINK_CORESIGHT_WriteAPDPReg(AP reg 0x00, 0x80000002)
T60D8 000:466.862 - 0.282ms returns 0
T60D8 000:466.911 JLINK_CORESIGHT_WriteAPDPReg(AP reg 0x01, 0x80011130)
T60D8 000:467.185 - 0.274ms returns 0
T60D8 000:467.236 JLINK_CORESIGHT_ReadAPDPReg(AP reg 0x03)
T60D8 000:467.574   Value=0x60000000
T60D8 000:467.629 - 0.392ms returns 0
T60D8 000:467.653 JLINK_CORESIGHT_WriteAPDPReg(AP reg 0x00, 0x80000002)
T60D8 000:467.926 - 0.272ms returns 0
T60D8 000:467.978 JLINK_CORESIGHT_WriteAPDPReg(AP reg 0x01, 0x80011140)
T60D8 000:468.347 - 0.368ms returns 0
T60D8 000:468.395 JLINK_CORESIGHT_ReadAPDPReg(AP reg 0x03)
T60D8 000:468.720   Value=0x00000000
T60D8 000:468.776 - 0.381ms returns 0
T60D8 000:468.801 JLINK_CORESIGHT_WriteAPDPReg(AP reg 0x00, 0x80000002)
T60D8 000:469.075 - 0.274ms returns 0
T60D8 000:469.125 JLINK_CORESIGHT_WriteAPDPReg(AP reg 0x01, 0x80011130)
T60D8 000:469.449 - 0.324ms returns 0
T60D8 000:469.500 JLINK_CORESIGHT_ReadAPDPReg(AP reg 0x03)
T60D8 000:469.822   Value=0x00000000
T60D8 000:469.879 - 0.378ms returns 0
T60D8 000:469.904 JLINK_CORESIGHT_WriteAPDPReg(AP reg 0x00, 0x80000002)
T60D8 000:470.182 - 0.277ms returns 0
T60D8 000:470.232 JLINK_CORESIGHT_WriteAPDPReg(AP reg 0x01, 0x80011140)
T60D8 000:470.505 - 0.272ms returns 0
T60D8 000:470.557 JLINK_CORESIGHT_ReadAPDPReg(AP reg 0x03)
T60D8 000:470.874   Value=0x00000000
T60D8 000:470.930 - 0.372ms returns 0
T60D8 000:470.956 JLINK_CORESIGHT_WriteAPDPReg(AP reg 0x00, 0x80000002)
T60D8 000:471.185 - 0.228ms returns 0
T60D8 000:471.216 JLINK_CORESIGHT_WriteAPDPReg(AP reg 0x01, 0x80011130)
T60D8 000:471.597 - 0.380ms returns 0
T60D8 000:471.630 JLINK_CORESIGHT_ReadAPDPReg(AP reg 0x03)
T60D8 000:471.920   Value=0x03460000
T60D8 000:471.955 - 0.325ms returns 0
T60D8 000:472.064 JLINK_CORESIGHT_ReadAPDPReg(DP reg 0x01)
T60D8 000:472.310   Value=0xF0000F40
T60D8 000:472.344 - 0.280ms returns 0
T60D8 000:472.366 JLINK_CORESIGHT_WriteAPDPReg(DP reg 0x01, 0xA0000F40)
T60D8 000:472.632 - 0.263ms returns 0
T60D8 000:472.777 JLINK_CORESIGHT_ReadAPDPReg(DP reg 0x01)
T60D8 000:473.234   Value=0x00000F40
T60D8 000:473.302 - 0.526ms returns 0
T60D8 000:473.328 JLINK_ClrRESET()
T60D8 000:473.725 - 0.396ms 
T60D8 000:578.834 JLINK_Close()
T60D8 000:593.499 - 14.664ms
T60D8 000:593.583   
T60D8 000:593.613   Closed
