Component: Arm Compiler for Embedded 6.19 Tool: armlink [5e73cb00]

==============================================================================

Section Cross References

    ext_irq_setup.o(.text.init_icu_module) refers to common_data.o(.bss.g_external_irq_ctrl) for g_external_irq_ctrl
    ext_irq_setup.o(.text.init_icu_module) refers to common_data.o(.rodata.g_external_irq_cfg) for g_external_irq_cfg
    ext_irq_setup.o(.text.init_icu_module) refers to r_icu.o(.text.R_ICU_ExternalIrqOpen) for R_ICU_ExternalIrqOpen
    ext_irq_setup.o(.text.init_icu_module) refers to ext_irq_setup.o(.rodata.str1.1) for .L.str
    ext_irq_setup.o(.text.init_icu_module) refers to segger_rtt_printf.o(.text.SEGGER_RTT_printf) for SEGGER_RTT_printf
    ext_irq_setup.o(.ARM.exidx.text.init_icu_module) refers to ext_irq_setup.o(.text.init_icu_module) for [Anonymous Symbol]
    ext_irq_setup.o(.text.enable_icu_module) refers to common_data.o(.bss.g_external_irq_ctrl) for g_external_irq_ctrl
    ext_irq_setup.o(.text.enable_icu_module) refers to r_icu.o(.text.R_ICU_ExternalIrqEnable) for R_ICU_ExternalIrqEnable
    ext_irq_setup.o(.text.enable_icu_module) refers to ext_irq_setup.o(.rodata.str1.1) for .L.str
    ext_irq_setup.o(.text.enable_icu_module) refers to segger_rtt_printf.o(.text.SEGGER_RTT_printf) for SEGGER_RTT_printf
    ext_irq_setup.o(.ARM.exidx.text.enable_icu_module) refers to ext_irq_setup.o(.text.enable_icu_module) for [Anonymous Symbol]
    ext_irq_setup.o(.text.deinit_icu_module) refers to common_data.o(.bss.g_external_irq_ctrl) for g_external_irq_ctrl
    ext_irq_setup.o(.text.deinit_icu_module) refers to r_icu.o(.text.R_ICU_ExternalIrqClose) for R_ICU_ExternalIrqClose
    ext_irq_setup.o(.text.deinit_icu_module) refers to ext_irq_setup.o(.rodata.str1.1) for .L.str
    ext_irq_setup.o(.text.deinit_icu_module) refers to segger_rtt_printf.o(.text.SEGGER_RTT_printf) for SEGGER_RTT_printf
    ext_irq_setup.o(.ARM.exidx.text.deinit_icu_module) refers to ext_irq_setup.o(.text.deinit_icu_module) for [Anonymous Symbol]
    ext_irq_setup.o(.text.ext_irq_callback) refers to hal_data.o(.bss.g_timer_ctrl) for g_timer_ctrl
    ext_irq_setup.o(.text.ext_irq_callback) refers to r_gpt.o(.text.R_GPT_Stop) for R_GPT_Stop
    ext_irq_setup.o(.text.ext_irq_callback) refers to ext_irq_setup.o(.rodata.str1.1) for .L.str
    ext_irq_setup.o(.text.ext_irq_callback) refers to segger_rtt_printf.o(.text.SEGGER_RTT_printf) for SEGGER_RTT_printf
    ext_irq_setup.o(.ARM.exidx.text.ext_irq_callback) refers to ext_irq_setup.o(.text.ext_irq_callback) for [Anonymous Symbol]
    hal_entry.o(.text.hal_entry) refers to bsp_common.o(.text.R_FSP_VersionGet) for R_FSP_VersionGet
    hal_entry.o(.text.hal_entry) refers to hal_entry.o(.rodata.str1.1) for .L.str
    hal_entry.o(.text.hal_entry) refers to segger_rtt_printf.o(.text.SEGGER_RTT_printf) for SEGGER_RTT_printf
    hal_entry.o(.text.hal_entry) refers to board_leds.o(.rodata.g_bsp_leds) for g_bsp_leds
    hal_entry.o(.text.hal_entry) refers to common_data.o(.bss.g_ioport_ctrl) for g_ioport_ctrl
    hal_entry.o(.text.hal_entry) refers to r_ioport.o(.text.R_IOPORT_PinWrite) for R_IOPORT_PinWrite
    hal_entry.o(.text.hal_entry) refers to timer_setup.o(.text.init_gpt_module) for init_gpt_module
    hal_entry.o(.text.hal_entry) refers to ext_irq_setup.o(.text.init_icu_module) for init_icu_module
    hal_entry.o(.text.hal_entry) refers to timer_setup.o(.text.deinit_gpt_module) for deinit_gpt_module
    hal_entry.o(.text.hal_entry) refers to timer_setup.o(.bss.g_timer_overflow_counter) for g_timer_overflow_counter
    hal_entry.o(.text.hal_entry) refers to segger_rtt.o(.text.SEGGER_RTT_HasKey) for SEGGER_RTT_HasKey
    hal_entry.o(.text.hal_entry) refers to segger_rtt.o(.text.SEGGER_RTT_Read) for SEGGER_RTT_Read
    hal_entry.o(.text.hal_entry) refers to atoi.o(.text) for atoi
    hal_entry.o(.text.hal_entry) refers to hal_data.o(.rodata.g_wdt_cfg) for g_wdt_cfg
    hal_entry.o(.text.hal_entry) refers to hal_data.o(.bss.g_wdt_ctrl) for g_wdt_ctrl
    hal_entry.o(.text.hal_entry) refers to r_wdt.o(.text.R_WDT_Open) for R_WDT_Open
    hal_entry.o(.text.hal_entry) refers to timer_setup.o(.text.timer_start) for timer_start
    hal_entry.o(.text.hal_entry) refers to ext_irq_setup.o(.text.enable_icu_module) for enable_icu_module
    hal_entry.o(.text.hal_entry) refers to ext_irq_setup.o(.text.deinit_icu_module) for deinit_icu_module
    hal_entry.o(.ARM.exidx.text.hal_entry) refers to hal_entry.o(.text.hal_entry) for [Anonymous Symbol]
    hal_entry.o(.text.R_BSP_WarmStart) refers to common_data.o(.bss.g_ioport_ctrl) for g_ioport_ctrl
    hal_entry.o(.text.R_BSP_WarmStart) refers to pin_data.o(.rodata.g_bsp_pin_cfg) for g_bsp_pin_cfg
    hal_entry.o(.text.R_BSP_WarmStart) refers to r_ioport.o(.text.R_IOPORT_Open) for R_IOPORT_Open
    hal_entry.o(.ARM.exidx.text.R_BSP_WarmStart) refers to hal_entry.o(.text.R_BSP_WarmStart) for [Anonymous Symbol]
[...]
    r_ioport.o(.rodata.g_ioport_on_ioport) refers to r_ioport.o(.text.R_IOPORT_PinRead) for R_IOPORT_PinRead
    r_ioport.o(.rodata.g_ioport_on_ioport) refers to r_ioport.o(.text.R_IOPORT_PinWrite) for R_IOPORT_PinWrite
    r_ioport.o(.rodata.g_ioport_on_ioport) refers to r_ioport.o(.text.R_IOPORT_PortDirectionSet) for R_IOPORT_PortDirectionSet
    r_ioport.o(.rodata.g_ioport_on_ioport) refers to r_ioport.o(.text.R_IOPORT_PortEventInputRead) for R_IOPORT_PortEventInputRead
    r_ioport.o(.rodata.g_ioport_on_ioport) refers to r_ioport.o(.text.R_IOPORT_PortEventOutputWrite) for R_IOPORT_PortEventOutputWrite
    r_ioport.o(.rodata.g_ioport_on_ioport) refers to r_ioport.o(.text.R_IOPORT_PortRead) for R_IOPORT_PortRead
    r_ioport.o(.rodata.g_ioport_on_ioport) refers to r_ioport.o(.text.R_IOPORT_PortWrite) for R_IOPORT_PortWrite
    r_wdt.o(.text.R_WDT_Open) refers to r_wdt.o(.rodata.g_wdtcr_timeout) for g_wdtcr_timeout
    r_wdt.o(.ARM.exidx.text.R_WDT_Open) refers to r_wdt.o(.text.R_WDT_Open) for [Anonymous Symbol]
    r_wdt.o(.ARM.exidx.text.R_WDT_Refresh) refers to r_wdt.o(.text.R_WDT_Refresh) for [Anonymous Symbol]
    r_wdt.o(.ARM.exidx.text.R_WDT_StatusGet) refers to r_wdt.o(.text.R_WDT_StatusGet) for [Anonymous Symbol]
    r_wdt.o(.ARM.exidx.text.R_WDT_StatusClear) refers to r_wdt.o(.text.R_WDT_StatusClear) for [Anonymous Symbol]
    r_wdt.o(.ARM.exidx.text.R_WDT_CounterGet) refers to r_wdt.o(.text.R_WDT_CounterGet) for [Anonymous Symbol]
    r_wdt.o(.text.R_WDT_TimeoutGet) refers to r_wdt.o(.rodata.g_wdtcr_timeout) for g_wdtcr_timeout
    r_wdt.o(.text.R_WDT_TimeoutGet) refers to system.o(.bss.SystemCoreClock) for SystemCoreClock
    r_wdt.o(.ARM.exidx.text.R_WDT_TimeoutGet) refers to r_wdt.o(.text.R_WDT_TimeoutGet) for [Anonymous Symbol]
    r_wdt.o(.ARM.exidx.text.R_WDT_CallbackSet) refers to r_wdt.o(.text.R_WDT_CallbackSet) for [Anonymous Symbol]
    r_wdt.o(.rodata.g_wdt_on_wdt) refers to r_wdt.o(.text.R_WDT_Open) for R_WDT_Open
    r_wdt.o(.rodata.g_wdt_on_wdt) refers to r_wdt.o(.text.R_WDT_Refresh) for R_WDT_Refresh
    r_wdt.o(.rodata.g_wdt_on_wdt) refers to r_wdt.o(.text.R_WDT_StatusGet) for R_WDT_StatusGet
    r_wdt.o(.rodata.g_wdt_on_wdt) refers to r_wdt.o(.text.R_WDT_StatusClear) for R_WDT_StatusClear
    r_wdt.o(.rodata.g_wdt_on_wdt) refers to r_wdt.o(.text.R_WDT_CounterGet) for R_WDT_CounterGet
    r_wdt.o(.rodata.g_wdt_on_wdt) refers to r_wdt.o(.text.R_WDT_TimeoutGet) for R_WDT_TimeoutGet
    r_wdt.o(.rodata.g_wdt_on_wdt) refers to r_wdt.o(.text.R_WDT_CallbackSet) for R_WDT_CallbackSet
    common_data.o(.ARM.exidx.text.g_common_init) refers to common_data.o(.text.g_common_init) for [Anonymous Symbol]
    common_data.o(.rodata.g_external_irq_cfg) refers to ext_irq_setup.o(.text.ext_irq_callback) for ext_irq_callback
    common_data.o(.rodata.g_external_irq) refers to common_data.o(.bss.g_external_irq_ctrl) for g_external_irq_ctrl
    common_data.o(.rodata.g_external_irq) refers to common_data.o(.rodata.g_external_irq_cfg) for g_external_irq_cfg
    common_data.o(.rodata.g_external_irq) refers to r_icu.o(.rodata.g_external_irq_on_icu) for g_external_irq_on_icu
    common_data.o(.rodata.g_ioport) refers to common_data.o(.bss.g_ioport_ctrl) for g_ioport_ctrl
    common_data.o(.rodata.g_ioport) refers to pin_data.o(.rodata.g_bsp_pin_cfg) for g_bsp_pin_cfg
    common_data.o(.rodata.g_ioport) refers to r_ioport.o(.rodata.g_ioport_on_ioport) for g_ioport_on_ioport
    hal_data.o(.text.g_hal_init) refers to common_data.o(.text.g_common_init) for g_common_init
    hal_data.o(.ARM.exidx.text.g_hal_init) refers to hal_data.o(.text.g_hal_init) for [Anonymous Symbol]
    hal_data.o(.rodata.g_timer_cfg) refers to timer_setup.o(.text.gpt_callback) for gpt_callback
    hal_data.o(.rodata.g_timer_cfg) refers to hal_data.o(.rodata.g_timer_extend) for g_timer_extend
    hal_data.o(.rodata.g_timer) refers to hal_data.o(.bss.g_timer_ctrl) for g_timer_ctrl
    hal_data.o(.rodata.g_timer) refers to hal_data.o(.rodata.g_timer_cfg) for g_timer_cfg
    hal_data.o(.rodata.g_timer) refers to r_gpt.o(.rodata.g_timer_on_gpt) for g_timer_on_gpt
    hal_data.o(.rodata.g_wdt) refers to hal_data.o(.bss.g_wdt_ctrl) for g_wdt_ctrl
    hal_data.o(.rodata.g_wdt) refers to hal_data.o(.rodata.g_wdt_cfg) for g_wdt_cfg
    hal_data.o(.rodata.g_wdt) refers to r_wdt.o(.rodata.g_wdt_on_wdt) for g_wdt_on_wdt
    main.o(.text.main) refers to hal_entry.o(.text.hal_entry) for hal_entry
    main.o(.ARM.exidx.text.main) refers to main.o(.text.main) for [Anonymous Symbol]
    pin_data.o(.rodata.g_bsp_pin_cfg) refers to pin_data.o(.rodata.g_bsp_pin_cfg_data) for g_bsp_pin_cfg_data
    vector_data.o(.application_vectors) refers to r_gpt.o(.text.gpt_counter_overflow_isr) for gpt_counter_overflow_isr
    vector_data.o(.application_vectors) refers to r_icu.o(.text.r_icu_isr) for r_icu_isr
    atoi.o(.text) refers to errno.o(i.__aeabi_errno_addr) for __aeabi_errno_addr
    atoi.o(.text) refers to strtol.o(.text) for strtol
    errno.o(i.__aeabi_errno_addr) refers to errno.o(.data) for .data
    errno.o(i.__read_errno) refers to errno.o(.data) for .data
    errno.o(i.__set_errno) refers to errno.o(.data) for .data
    strtol.o(.text) refers to ctype_o.o(.text) for __rt_ctype_table
    strtol.o(.text) refers to _strtoul.o(.text) for _strtoul
    strtol.o(.text) refers to errno.o(i.__aeabi_errno_addr) for __aeabi_errno_addr
    ctype_o.o(.text) refers to ctype_o.o(.constdata) for .constdata
    ctype_o.o(.constdata) refers to ctype_o.o(.constdata) for __ctype_table
    isalnum_o.o(.text) refers to ctype_o.o(.text) for __rt_ctype_table
    isalpha_o.o(.text) refers to ctype_o.o(.text) for __rt_ctype_table
    isblank_o.o(.text) refers to ctype_o.o(.constdata) for __ctype_table
    iscntrl_o.o(.text) refers to ctype_o.o(.text) for __rt_ctype_table
    isdigit_o.o(.text) refers to ctype_o.o(.text) for __rt_ctype_table
    isgraph_o.o(.text) refers to ctype_o.o(.text) for __rt_ctype_table
    islower_o.o(.text) refers to ctype_o.o(.text) for __rt_ctype_table
    isprint_o.o(.text) refers to ctype_o.o(.text) for __rt_ctype_table
    ispunct_o.o(.text) refers to ctype_o.o(.text) for __rt_ctype_table
    isspace_o.o(.text) refers to ctype_o.o(.text) for __rt_ctype_table
    isupper_o.o(.text) refers to ctype_o.o(.text) for __rt_ctype_table
    isxdigit_o.o(.text) refers to ctype_o.o(.text) for __rt_ctype_table
    _strtoul.o(.text) refers to _chval.o(.text) for _chval
    _strtoul.o(.text) refers to errno.o(i.__aeabi_errno_addr) for __aeabi_errno_addr


==============================================================================

Removing Unused input sections from the image.

    Removing ext_irq_setup.o(.text), (0 bytes).
    Removing ext_irq_setup.o(.ARM.exidx.text.init_icu_module), (8 bytes).
    Removing ext_irq_setup.o(.ARM.exidx.text.enable_icu_module), (8 bytes).
    Removing ext_irq_setup.o(.ARM.exidx.text.deinit_icu_module), (8 bytes).
    Removing ext_irq_setup.o(.ARM.exidx.text.ext_irq_callback), (8 bytes).
    Removing hal_entry.o(.text), (0 bytes).
    Removing hal_entry.o(.ARM.exidx.text.hal_entry), (8 bytes).
    Removing hal_entry.o(.ARM.exidx.text.R_BSP_WarmStart), (8 bytes).
    Removing segger_rtt.o(.text), (0 bytes).
    Removing segger_rtt.o(.text.SEGGER_RTT_ReadUpBufferNoLock), (128 bytes).
    Removing segger_rtt.o(.ARM.exidx.text.SEGGER_RTT_ReadUpBufferNoLock), (8 bytes).
    Removing segger_rtt.o(.ARM.exidx.text._DoInit), (8 bytes).
    Removing segger_rtt.o(.ARM.exidx.text.SEGGER_RTT_ReadNoLock), (8 bytes).
    Removing segger_rtt.o(.text.SEGGER_RTT_ReadUpBuffer), (28 bytes).
    Removing segger_rtt.o(.ARM.exidx.text.SEGGER_RTT_ReadUpBuffer), (8 bytes).
    Removing segger_rtt.o(.ARM.exidx.text.SEGGER_RTT_Read), (8 bytes).
    Removing segger_rtt.o(.text.SEGGER_RTT_WriteWithOverwriteNoLock), (182 bytes).
    Removing segger_rtt.o(.ARM.exidx.text.SEGGER_RTT_WriteWithOverwriteNoLock), (8 bytes).
    Removing segger_rtt.o(.text.SEGGER_RTT_WriteDownBufferNoLock), (230 bytes).
    Removing segger_rtt.o(.ARM.exidx.text.SEGGER_RTT_WriteDownBufferNoLock), (8 bytes).
    Removing segger_rtt.o(.ARM.exidx.text._WriteBlocking), (8 bytes).
    Removing segger_rtt.o(.ARM.exidx.text.SEGGER_RTT_WriteNoLock), (8 bytes).
    Removing segger_rtt.o(.text.SEGGER_RTT_WriteDownBuffer), (56 bytes).
    Removing segger_rtt.o(.ARM.exidx.text.SEGGER_RTT_WriteDownBuffer), (8 bytes).
    Removing segger_rtt.o(.ARM.exidx.text.SEGGER_RTT_Write), (8 bytes).
    Removing segger_rtt.o(.text.SEGGER_RTT_WriteString), (26 bytes).
    Removing segger_rtt.o(.ARM.exidx.text.SEGGER_RTT_WriteString), (8 bytes).
    Removing segger_rtt.o(.text.SEGGER_RTT_PutCharSkipNoLock), (66 bytes).
    Removing segger_rtt.o(.ARM.exidx.text.SEGGER_RTT_PutCharSkipNoLock), (8 bytes).
    Removing segger_rtt.o(.text.SEGGER_RTT_PutCharSkip), (92 bytes).
    Removing segger_rtt.o(.ARM.exidx.text.SEGGER_RTT_PutCharSkip), (8 bytes).
    Removing segger_rtt.o(.text.SEGGER_RTT_PutChar), (108 bytes).
    Removing segger_rtt.o(.ARM.exidx.text.SEGGER_RTT_PutChar), (8 bytes).
    Removing segger_rtt.o(.text.SEGGER_RTT_GetKey), (50 bytes).
    Removing segger_rtt.o(.ARM.exidx.text.SEGGER_RTT_GetKey), (8 bytes).
    Removing segger_rtt.o(.text.SEGGER_RTT_WaitKey), (46 bytes).
    Removing segger_rtt.o(.ARM.exidx.text.SEGGER_RTT_WaitKey), (8 bytes).
    Removing segger_rtt.o(.ARM.exidx.text.SEGGER_RTT_HasKey), (8 bytes).
    Removing segger_rtt.o(.text.SEGGER_RTT_HasData), (24 bytes).
    Removing segger_rtt.o(.ARM.exidx.text.SEGGER_RTT_HasData), (8 bytes).
    Removing segger_rtt.o(.text.SEGGER_RTT_HasDataUp), (24 bytes).
    Removing segger_rtt.o(.ARM.exidx.text.SEGGER_RTT_HasDataUp), (8 bytes).
    Removing segger_rtt.o(.text.SEGGER_RTT_AllocDownBuffer), (112 bytes).
    Removing segger_rtt.o(.ARM.exidx.text.SEGGER_RTT_AllocDownBuffer), (8 bytes).
    Removing segger_rtt.o(.text.SEGGER_RTT_AllocUpBuffer), (112 bytes).
    Removing segger_rtt.o(.ARM.exidx.text.SEGGER_RTT_AllocUpBuffer), (8 bytes).
    Removing segger_rtt.o(.text.SEGGER_RTT_ConfigUpBuffer), (98 bytes).
    Removing segger_rtt.o(.ARM.exidx.text.SEGGER_RTT_ConfigUpBuffer), (8 bytes).
    Removing segger_rtt.o(.text.SEGGER_RTT_ConfigDownBuffer), (102 bytes).
    Removing segger_rtt.o(.ARM.exidx.text.SEGGER_RTT_ConfigDownBuffer), (8 bytes).
    Removing segger_rtt.o(.text.SEGGER_RTT_SetNameUpBuffer), (62 bytes).
    Removing segger_rtt.o(.ARM.exidx.text.SEGGER_RTT_SetNameUpBuffer), (8 bytes).
    Removing segger_rtt.o(.text.SEGGER_RTT_SetNameDownBuffer), (62 bytes).
    Removing segger_rtt.o(.ARM.exidx.text.SEGGER_RTT_SetNameDownBuffer), (8 bytes).
    Removing segger_rtt.o(.text.SEGGER_RTT_SetFlagsUpBuffer), (62 bytes).
    Removing segger_rtt.o(.ARM.exidx.text.SEGGER_RTT_SetFlagsUpBuffer), (8 bytes).
    Removing segger_rtt.o(.text.SEGGER_RTT_SetFlagsDownBuffer), (62 bytes).
    Removing segger_rtt.o(.ARM.exidx.text.SEGGER_RTT_SetFlagsDownBuffer), (8 bytes).
    Removing segger_rtt.o(.text.SEGGER_RTT_Init), (4 bytes).
    Removing segger_rtt.o(.ARM.exidx.text.SEGGER_RTT_Init), (8 bytes).
    Removing segger_rtt.o(.text.SEGGER_RTT_SetTerminal), (214 bytes).
    Removing segger_rtt.o(.ARM.exidx.text.SEGGER_RTT_SetTerminal), (8 bytes).
    Removing segger_rtt.o(.text.SEGGER_RTT_TerminalOut), (362 bytes).
    Removing segger_rtt.o(.ARM.exidx.text.SEGGER_RTT_TerminalOut), (8 bytes).
    Removing segger_rtt.o(.text.SEGGER_RTT_GetAvailWriteSpace), (40 bytes).
    Removing segger_rtt.o(.ARM.exidx.text.SEGGER_RTT_GetAvailWriteSpace), (8 bytes).
    Removing segger_rtt.o(.text.SEGGER_RTT_GetBytesInBuffer), (34 bytes).
    Removing segger_rtt.o(.ARM.exidx.text.SEGGER_RTT_GetBytesInBuffer), (8 bytes).
    Removing segger_rtt.o(.rodata.cst16), (16 bytes).
    Removing segger_rtt.o(.bss._ActiveTerminal), (1 bytes).
    Removing segger_rtt_printf.o(.text), (0 bytes).
    Removing segger_rtt_printf.o(.ARM.exidx.text.SEGGER_RTT_vprintf), (8 bytes).
    Removing segger_rtt_printf.o(.ARM.exidx.text._StoreChar), (8 bytes).
    Removing segger_rtt_printf.o(.ARM.exidx.text._PrintUnsigned), (8 bytes).
    Removing segger_rtt_printf.o(.ARM.exidx.text.SEGGER_RTT_printf), (8 bytes).
    Removing timer_setup.o(.text), (0 bytes).
    Removing timer_setup.o(.ARM.exidx.text.init_gpt_module), (8 bytes).
    Removing timer_setup.o(.ARM.exidx.text.timer_start), (8 bytes).
    Removing timer_setup.o(.ARM.exidx.text.deinit_gpt_module), (8 bytes).
    Removing timer_setup.o(.ARM.exidx.text.gpt_callback), (8 bytes).
    Removing board_init.o(.text), (0 bytes).
    Removing board_init.o(.ARM.exidx.text.bsp_init), (8 bytes).
    Removing board_leds.o(.text), (0 bytes).
    Removing startup.o(.text), (0 bytes).
    Removing startup.o(.ARM.exidx.text.Reset_Handler), (8 bytes).
    Removing startup.o(.ARM.exidx.text.Default_Handler), (8 bytes).
    Removing system.o(.text), (0 bytes).
    Removing system.o(.ARM.exidx.text.SystemInit), (8 bytes).
    Removing system.o(.text.R_BSP_WarmStart), (2 bytes).
    Removing system.o(.ARM.exidx.text.R_BSP_WarmStart), (8 bytes).
    Removing bsp_clocks.o(.text), (0 bytes).
    Removing bsp_clocks.o(.text.bsp_prv_operating_mode_set), (68 bytes).
    Removing bsp_clocks.o(.ARM.exidx.text.bsp_prv_operating_mode_set), (8 bytes).
    Removing bsp_clocks.o(.text.bsp_prv_prepare_pll), (12 bytes).
    Removing bsp_clocks.o(.ARM.exidx.text.bsp_prv_prepare_pll), (8 bytes).
    Removing bsp_clocks.o(.ARM.exidx.text.SystemCoreClockUpdate), (8 bytes).
    Removing bsp_clocks.o(.text.prv_clock_dividers_set), (12 bytes).
    Removing bsp_clocks.o(.ARM.exidx.text.prv_clock_dividers_set), (8 bytes).
    Removing bsp_clocks.o(.text.bsp_prv_clock_set), (204 bytes).
    Removing bsp_clocks.o(.ARM.exidx.text.bsp_prv_clock_set), (8 bytes).
    Removing bsp_clocks.o(.ARM.exidx.text.bsp_clock_init), (8 bytes).
    Removing bsp_clocks.o(.text.R_BSP_OctaclkUpdate), (2 bytes).
    Removing bsp_clocks.o(.ARM.exidx.text.R_BSP_OctaclkUpdate), (8 bytes).
    Removing bsp_clocks.o(.text.R_BSP_SourceClockHzGet), (14 bytes).
    Removing bsp_clocks.o(.ARM.exidx.text.R_BSP_SourceClockHzGet), (8 bytes).
    Removing bsp_clocks.o(.ARM.exidx.text.R_BSP_Init_RTC), (8 bytes).
    Removing bsp_common.o(.text), (0 bytes).
    Removing bsp_common.o(.text.bsp_init_internal), (2 bytes).
    Removing bsp_common.o(.ARM.exidx.text.bsp_init_internal), (8 bytes).
    Removing bsp_common.o(.ARM.exidx.text.R_FSP_VersionGet), (8 bytes).
    Removing bsp_common.o(.text.__aeabi_assert), (6 bytes).
    Removing bsp_common.o(.ARM.exidx.text.__aeabi_assert), (8 bytes).
    Removing bsp_delay.o(.text), (0 bytes).
    Removing bsp_delay.o(.ARM.exidx.text.R_BSP_SoftwareDelay), (8 bytes).
    Removing bsp_delay.o(.ARM.exidx.text.bsp_prv_software_delay_loop), (8 bytes).
    Removing bsp_group_irq.o(.text), (0 bytes).
    Removing bsp_group_irq.o(.text.R_BSP_GroupIrqWrite), (24 bytes).
    Removing bsp_group_irq.o(.ARM.exidx.text.R_BSP_GroupIrqWrite), (8 bytes).
    Removing bsp_group_irq.o(.ARM.exidx.text.NMI_Handler), (8 bytes).
    Removing bsp_guard.o(.text), (0 bytes).
    Removing bsp_io.o(.text), (0 bytes).
    Removing bsp_irq.o(.text), (0 bytes).
    Removing bsp_irq.o(.ARM.exidx.text.bsp_irq_cfg), (8 bytes).
    Removing bsp_irq.o(.rodata.g_interrupt_event_link_select), (384 bytes).
    Removing bsp_register_protection.o(.text), (0 bytes).
    Removing bsp_register_protection.o(.ARM.exidx.text.R_BSP_RegisterProtectEnable), (8 bytes).
    Removing bsp_register_protection.o(.ARM.exidx.text.R_BSP_RegisterProtectDisable), (8 bytes).
    Removing bsp_rom_registers.o(.text), (0 bytes).
    Removing bsp_sbrk.o(.text), (0 bytes).
    Removing bsp_security.o(.text), (0 bytes).
    Removing bsp_security.o(.rodata.gp_start_of_nonsecure_flash), (4 bytes).
    Removing bsp_security.o(.rodata.gp_start_of_nonsecure_callable_flash), (4 bytes).
    Removing bsp_security.o(.rodata.gp_start_of_secure_flash), (4 bytes).
    Removing bsp_security.o(.rodata.gp_start_of_nonsecure_ram), (4 bytes).
    Removing bsp_security.o(.rodata.gp_start_of_nonsecure_callable_ram), (4 bytes).
    Removing bsp_security.o(.rodata.gp_start_of_secure_ram), (4 bytes).
    Removing bsp_security.o(.rodata.gp_start_of_nonsecure_data_flash), (4 bytes).
    Removing bsp_security.o(.rodata.gp_start_of_secure_data_flash), (4 bytes).
    Removing r_gpt.o(.text), (0 bytes).
    Removing r_gpt.o(.ARM.exidx.text.R_GPT_Open), (8 bytes).
    Removing r_gpt.o(.ARM.exidx.text.R_GPT_Start), (8 bytes).
    Removing r_gpt.o(.ARM.exidx.text.R_GPT_Stop), (8 bytes).
    Removing r_gpt.o(.text.R_GPT_Reset), (32 bytes).
    Removing r_gpt.o(.ARM.exidx.text.R_GPT_Reset), (8 bytes).
    Removing r_gpt.o(.text.R_GPT_Enable), (80 bytes).
    Removing r_gpt.o(.ARM.exidx.text.R_GPT_Enable), (8 bytes).
    Removing r_gpt.o(.text.R_GPT_Disable), (54 bytes).
    Removing r_gpt.o(.ARM.exidx.text.R_GPT_Disable), (8 bytes).
    Removing r_gpt.o(.text.R_GPT_PeriodSet), (50 bytes).
    Removing r_gpt.o(.ARM.exidx.text.R_GPT_PeriodSet), (8 bytes).
    Removing r_gpt.o(.text.R_GPT_DutyCycleSet), (4 bytes).
    Removing r_gpt.o(.ARM.exidx.text.R_GPT_DutyCycleSet), (8 bytes).
    Removing r_gpt.o(.text.R_GPT_InfoGet), (94 bytes).
    Removing r_gpt.o(.ARM.exidx.text.R_GPT_InfoGet), (8 bytes).
    Removing r_gpt.o(.text.R_GPT_StatusGet), (52 bytes).
    Removing r_gpt.o(.ARM.exidx.text.R_GPT_StatusGet), (8 bytes).
    Removing r_gpt.o(.text.R_GPT_CallbackSet), (50 bytes).
    Removing r_gpt.o(.ARM.exidx.text.R_GPT_CallbackSet), (8 bytes).
    Removing r_gpt.o(.ARM.exidx.text.R_GPT_Close), (8 bytes).
    Removing r_gpt.o(.ARM.exidx.text.gpt_hardware_initialize), (8 bytes).
    Removing r_gpt.o(.text.R_GPT_CounterSet), (40 bytes).
    Removing r_gpt.o(.ARM.exidx.text.R_GPT_CounterSet), (8 bytes).
    Removing r_gpt.o(.text.R_GPT_OutputEnable), (50 bytes).
    Removing r_gpt.o(.ARM.exidx.text.R_GPT_OutputEnable), (8 bytes).
    Removing r_gpt.o(.text.R_GPT_OutputDisable), (50 bytes).
    Removing r_gpt.o(.ARM.exidx.text.R_GPT_OutputDisable), (8 bytes).
    Removing r_gpt.o(.text.R_GPT_AdcTriggerSet), (38 bytes).
    Removing r_gpt.o(.ARM.exidx.text.R_GPT_AdcTriggerSet), (8 bytes).
    Removing r_gpt.o(.text.R_GPT_PwmOutputDelaySet), (4 bytes).
    Removing r_gpt.o(.ARM.exidx.text.R_GPT_PwmOutputDelaySet), (8 bytes).
    Removing r_gpt.o(.text.R_GPT_PwmOutputDelayInitialize), (4 bytes).
    Removing r_gpt.o(.ARM.exidx.text.R_GPT_PwmOutputDelayInitialize), (8 bytes).
    Removing r_gpt.o(.ARM.exidx.text.gpt_counter_overflow_isr), (8 bytes).
    Removing r_gpt.o(.text.gpt_capture_a_isr), (6 bytes).
    Removing r_gpt.o(.ARM.exidx.text.gpt_capture_a_isr), (8 bytes).
    Removing r_gpt.o(.text.r_gpt_capture_common_isr), (190 bytes).
    Removing r_gpt.o(.ARM.exidx.text.r_gpt_capture_common_isr), (8 bytes).
    Removing r_gpt.o(.text.gpt_capture_b_isr), (6 bytes).
    Removing r_gpt.o(.ARM.exidx.text.gpt_capture_b_isr), (8 bytes).
    Removing r_gpt.o(.ARM.exidx.text.r_gpt_enable_irq), (8 bytes).
    Removing r_gpt.o(.rodata.g_timer_on_gpt), (48 bytes).
    Removing r_icu.o(.text), (0 bytes).
    Removing r_icu.o(.ARM.exidx.text.R_ICU_ExternalIrqOpen), (8 bytes).
    Removing r_icu.o(.ARM.exidx.text.R_ICU_ExternalIrqEnable), (8 bytes).
    Removing r_icu.o(.text.R_ICU_ExternalIrqDisable), (70 bytes).
    Removing r_icu.o(.ARM.exidx.text.R_ICU_ExternalIrqDisable), (8 bytes).
    Removing r_icu.o(.text.R_ICU_ExternalIrqCallbackSet), (36 bytes).
    Removing r_icu.o(.ARM.exidx.text.R_ICU_ExternalIrqCallbackSet), (8 bytes).
    Removing r_icu.o(.ARM.exidx.text.R_ICU_ExternalIrqClose), (8 bytes).
    Removing r_icu.o(.ARM.exidx.text.r_icu_isr), (8 bytes).
    Removing r_icu.o(.rodata.g_external_irq_on_icu), (20 bytes).
    Removing r_ioport.o(.text), (0 bytes).
    Removing r_ioport.o(.ARM.exidx.text.R_IOPORT_Open), (8 bytes).
    Removing r_ioport.o(.text.R_IOPORT_Close), (30 bytes).
    Removing r_ioport.o(.ARM.exidx.text.R_IOPORT_Close), (8 bytes).
    Removing r_ioport.o(.text.R_IOPORT_PinsCfg), (42 bytes).
    Removing r_ioport.o(.ARM.exidx.text.R_IOPORT_PinsCfg), (8 bytes).
    Removing r_ioport.o(.text.R_IOPORT_PinCfg), (202 bytes).
    Removing r_ioport.o(.ARM.exidx.text.R_IOPORT_PinCfg), (8 bytes).
    Removing r_ioport.o(.text.R_IOPORT_PinEventInputRead), (84 bytes).
    Removing r_ioport.o(.ARM.exidx.text.R_IOPORT_PinEventInputRead), (8 bytes).
    Removing r_ioport.o(.text.R_IOPORT_PinEventOutputWrite), (128 bytes).
    Removing r_ioport.o(.ARM.exidx.text.R_IOPORT_PinEventOutputWrite), (8 bytes).
    Removing r_ioport.o(.text.R_IOPORT_PinRead), (60 bytes).
    Removing r_ioport.o(.ARM.exidx.text.R_IOPORT_PinRead), (8 bytes).
    Removing r_ioport.o(.ARM.exidx.text.R_IOPORT_PinWrite), (8 bytes).
    Removing r_ioport.o(.text.R_IOPORT_PortDirectionSet), (76 bytes).
    Removing r_ioport.o(.ARM.exidx.text.R_IOPORT_PortDirectionSet), (8 bytes).
    Removing r_ioport.o(.text.R_IOPORT_PortEventInputRead), (68 bytes).
    Removing r_ioport.o(.ARM.exidx.text.R_IOPORT_PortEventInputRead), (8 bytes).
    Removing r_ioport.o(.text.R_IOPORT_PortEventOutputWrite), (72 bytes).
    Removing r_ioport.o(.ARM.exidx.text.R_IOPORT_PortEventOutputWrite), (8 bytes).
    Removing r_ioport.o(.text.R_IOPORT_PortRead), (48 bytes).
    Removing r_ioport.o(.ARM.exidx.text.R_IOPORT_PortRead), (8 bytes).
    Removing r_ioport.o(.text.R_IOPORT_PortWrite), (64 bytes).
    Removing r_ioport.o(.ARM.exidx.text.R_IOPORT_PortWrite), (8 bytes).
    Removing r_ioport.o(.ARM.exidx.text.r_ioport_pins_config), (8 bytes).
    Removing r_ioport.o(.ARM.exidx.text.bsp_vbatt_init), (8 bytes).
    Removing r_ioport.o(.rodata.g_ioport_on_ioport), (52 bytes).
    Removing r_wdt.o(.text), (0 bytes).
    Removing r_wdt.o(.ARM.exidx.text.R_WDT_Open), (8 bytes).
    Removing r_wdt.o(.ARM.exidx.text.R_WDT_Refresh), (8 bytes).
    Removing r_wdt.o(.text.R_WDT_StatusGet), (4 bytes).
    Removing r_wdt.o(.ARM.exidx.text.R_WDT_StatusGet), (8 bytes).
    Removing r_wdt.o(.text.R_WDT_StatusClear), (4 bytes).
    Removing r_wdt.o(.ARM.exidx.text.R_WDT_StatusClear), (8 bytes).
    Removing r_wdt.o(.text.R_WDT_CounterGet), (54 bytes).
    Removing r_wdt.o(.ARM.exidx.text.R_WDT_CounterGet), (8 bytes).
    Removing r_wdt.o(.text.R_WDT_TimeoutGet), (184 bytes).
    Removing r_wdt.o(.ARM.exidx.text.R_WDT_TimeoutGet), (8 bytes).
    Removing r_wdt.o(.text.R_WDT_CallbackSet), (50 bytes).
    Removing r_wdt.o(.ARM.exidx.text.R_WDT_CallbackSet), (8 bytes).
    Removing r_wdt.o(.rodata.g_wdt_on_wdt), (28 bytes).
    Removing common_data.o(.text), (0 bytes).
    Removing common_data.o(.text.g_common_init), (2 bytes).
    Removing common_data.o(.ARM.exidx.text.g_common_init), (8 bytes).
    Removing common_data.o(.rodata.g_external_irq), (12 bytes).
    Removing common_data.o(.rodata.g_ioport), (12 bytes).
    Removing hal_data.o(.text), (0 bytes).
    Removing hal_data.o(.text.g_hal_init), (4 bytes).
    Removing hal_data.o(.ARM.exidx.text.g_hal_init), (8 bytes).
    Removing hal_data.o(.rodata.g_timer), (12 bytes).
    Removing hal_data.o(.rodata.g_wdt), (12 bytes).
    Removing main.o(.text), (0 bytes).
    Removing main.o(.ARM.exidx.text.main), (8 bytes).
    Removing main.o(.ARM.use_no_argv), (4 bytes).
    Removing pin_data.o(.text), (0 bytes).
    Removing vector_data.o(.text), (0 bytes).

248 unused section(s) (total 6459 bytes) removed from the image.

==============================================================================

Image Symbol Table

    Local Symbols

    Symbol Name                              Value     Ov Type        Size  Object(Section)

    ../clib/microlib/ctype/ctype.c           0x00000000   Number         0  ctype_o.o ABSOLUTE
    ../clib/microlib/ctype/ctype.c           0x00000000   Number         0  isalnum_o.o ABSOLUTE
    ../clib/microlib/ctype/ctype.c           0x00000000   Number         0  isalpha_o.o ABSOLUTE
    ../clib/microlib/ctype/ctype.c           0x00000000   Number         0  isblank_o.o ABSOLUTE
    ../clib/microlib/ctype/ctype.c           0x00000000   Number         0  iscntrl_o.o ABSOLUTE
    ../clib/microlib/ctype/ctype.c           0x00000000   Number         0  isdigit_o.o ABSOLUTE
    ../clib/microlib/ctype/ctype.c           0x00000000   Number         0  isgraph_o.o ABSOLUTE
    ../clib/microlib/ctype/ctype.c           0x00000000   Number         0  islower_o.o ABSOLUTE
    ../clib/microlib/ctype/ctype.c           0x00000000   Number         0  isprint_o.o ABSOLUTE
    ../clib/microlib/ctype/ctype.c           0x00000000   Number         0  ispunct_o.o ABSOLUTE
    ../clib/microlib/ctype/ctype.c           0x00000000   Number         0  isspace_o.o ABSOLUTE
    ../clib/microlib/ctype/ctype.c           0x00000000   Number         0  isupper_o.o ABSOLUTE
    ../clib/microlib/ctype/ctype.c           0x00000000   Number         0  isxdigit_o.o ABSOLUTE
    ../clib/microlib/errno.c                 0x00000000   Number         0  errno.o ABSOLUTE
    ../clib/microlib/string/memcpy.c         0x00000000   Number         0  memcpya.o ABSOLUTE
    ../clib/microlib/string/memcpy.c         0x00000000   Number         0  memcpyb.o ABSOLUTE
    ../clib/microlib/string/memset.c         0x00000000   Number         0  memseta.o ABSOLUTE
    ../clib/microlib/string/strlen.c         0x00000000   Number         0  strlen.o ABSOLUTE
    ../clib/scanf.c                          0x00000000   Number         0  atoi.o ABSOLUTE
    ../clib/scanf.c                          0x00000000   Number         0  strtol.o ABSOLUTE
    ../clib/scanf.c                          0x00000000   Number         0  _strtoul.o ABSOLUTE
    ../clib/scanf.c                          0x00000000   Number         0  _chval.o ABSOLUTE
    SEGGER_RTT.c                             0x00000000   Number         0  segger_rtt.o ABSOLUTE
    SEGGER_RTT_printf.c                      0x00000000   Number         0  segger_rtt_printf.o ABSOLUTE
    __tagsym$$used.1                         0x00000000   Number         0  startup.o(.fixed_vectors)
    board_init.c                             0x00000000   Number         0  board_init.o ABSOLUTE
    board_leds.c                             0x00000000   Number         0  board_leds.o ABSOLUTE
    bsp_clocks.c                             0x00000000   Number         0  bsp_clocks.o ABSOLUTE
    bsp_common.c                             0x00000000   Number         0  bsp_common.o ABSOLUTE
    bsp_delay.c                              0x00000000   Number         0  bsp_delay.o ABSOLUTE
    bsp_group_irq.c                          0x00000000   Number         0  bsp_group_irq.o ABSOLUTE
    bsp_guard.c                              0x00000000   Number         0  bsp_guard.o ABSOLUTE
    bsp_io.c                                 0x00000000   Number         0  bsp_io.o ABSOLUTE
    bsp_irq.c                                0x00000000   Number         0  bsp_irq.o ABSOLUTE
    bsp_register_protection.c                0x00000000   Number         0  bsp_register_protection.o ABSOLUTE
    bsp_rom_registers.c                      0x00000000   Number         0  bsp_rom_registers.o ABSOLUTE
    bsp_sbrk.c                               0x00000000   Number         0  bsp_sbrk.o ABSOLUTE
    bsp_security.c                           0x00000000   Number         0  bsp_security.o ABSOLUTE
    common_data.c                            0x00000000   Number         0  common_data.o ABSOLUTE
    dc.s                                     0x00000000   Number         0  dc.o ABSOLUTE
    ext_irq_setup.c                          0x00000000   Number         0  ext_irq_setup.o ABSOLUTE
    hal_data.c                               0x00000000   Number         0  hal_data.o ABSOLUTE
    hal_entry.c                              0x00000000   Number         0  hal_entry.o ABSOLUTE
    main.c                                   0x00000000   Number         0  main.o ABSOLUTE
    pin_data.c                               0x00000000   Number         0  pin_data.o ABSOLUTE
    r_gpt.c                                  0x00000000   Number         0  r_gpt.o ABSOLUTE
    r_icu.c                                  0x00000000   Number         0  r_icu.o ABSOLUTE
    r_ioport.c                               0x00000000   Number         0  r_ioport.o ABSOLUTE
    r_wdt.c                                  0x00000000   Number         0  r_wdt.o ABSOLUTE
    startup.c                                0x00000000   Number         0  startup.o ABSOLUTE
    system.c                                 0x00000000   Number         0  system.o ABSOLUTE
    timer_setup.c                            0x00000000   Number         0  timer_setup.o ABSOLUTE
    vector_data.c                            0x00000000   Number         0  vector_data.o ABSOLUTE
    __tagsym$$used.0                         0x00000040   Number         0  vector_data.o(.application_vectors)
    .text                                    0x000001c0   Section        0  memcpya.o(.text)
    .text                                    0x000001e4   Section        0  memseta.o(.text)
    .text                                    0x00000208   Section        0  atoi.o(.text)
    .text                                    0x00000222   Section        0  strtol.o(.text)
    .text                                    0x00000294   Section        0  ctype_o.o(.text)
    .text                                    0x0000029c   Section        0  _strtoul.o(.text)
    .text                                    0x0000033a   Section        0  _chval.o(.text)
    [Anonymous Symbol]                       0x00000356   Section        0  startup.o(.text.Default_Handler)
    [Anonymous Symbol]                       0x0000035c   Section        0  bsp_group_irq.o(.text.NMI_Handler)
    [Anonymous Symbol]                       0x00000392   Section        0  bsp_clocks.o(.text.R_BSP_Init_RTC)
    [Anonymous Symbol]                       0x000003a0   Section        0  bsp_register_protection.o(.text.R_BSP_RegisterProtectDisable)
    [Anonymous Symbol]                       0x000003ee   Section        0  bsp_register_protection.o(.text.R_BSP_RegisterProtectEnable)
    [Anonymous Symbol]                       0x00000440   Section        0  bsp_delay.o(.text.R_BSP_SoftwareDelay)
    [Anonymous Symbol]                       0x00000488   Section        0  hal_entry.o(.text.R_BSP_WarmStart)
    [Anonymous Symbol]                       0x000004a2   Section        0  bsp_common.o(.text.R_FSP_VersionGet)
    [Anonymous Symbol]                       0x000004b6   Section        0  r_gpt.o(.text.R_GPT_Close)
    [Anonymous Symbol]                       0x00000564   Section        0  r_gpt.o(.text.R_GPT_Open)
    [Anonymous Symbol]                       0x000005f2   Section        0  r_gpt.o(.text.R_GPT_Start)
    [Anonymous Symbol]                       0x00000612   Section        0  r_gpt.o(.text.R_GPT_Stop)
    [Anonymous Symbol]                       0x00000632   Section        0  r_icu.o(.text.R_ICU_ExternalIrqClose)
    [Anonymous Symbol]                       0x00000688   Section        0  r_icu.o(.text.R_ICU_ExternalIrqEnable)
    [Anonymous Symbol]                       0x000006ea   Section        0  r_icu.o(.text.R_ICU_ExternalIrqOpen)
    [Anonymous Symbol]                       0x0000078e   Section        0  r_ioport.o(.text.R_IOPORT_Open)
    [Anonymous Symbol]                       0x000007c6   Section        0  r_ioport.o(.text.R_IOPORT_PinWrite)
    [Anonymous Symbol]                       0x0000080e   Section        0  r_wdt.o(.text.R_WDT_Open)
    [Anonymous Symbol]                       0x00000894   Section        0  r_wdt.o(.text.R_WDT_Refresh)
    [Anonymous Symbol]                       0x000008c0   Section        0  startup.o(.text.Reset_Handler)
    [Anonymous Symbol]                       0x000008ca   Section        0  segger_rtt.o(.text.SEGGER_RTT_HasKey)
    [Anonymous Symbol]                       0x000008e8   Section        0  segger_rtt.o(.text.SEGGER_RTT_Read)
    [Anonymous Symbol]                       0x00000904   Section        0  segger_rtt.o(.text.SEGGER_RTT_ReadNoLock)
    [Anonymous Symbol]                       0x00000984   Section        0  segger_rtt.o(.text.SEGGER_RTT_Write)
    [Anonymous Symbol]                       0x000009bc   Section        0  segger_rtt.o(.text.SEGGER_RTT_WriteNoLock)
    [Anonymous Symbol]                       0x00000ab6   Section        0  segger_rtt_printf.o(.text.SEGGER_RTT_printf)
    [Anonymous Symbol]                       0x00000ad4   Section        0  segger_rtt_printf.o(.text.SEGGER_RTT_vprintf)
    [Anonymous Symbol]                       0x00000da4   Section        0  bsp_clocks.o(.text.SystemCoreClockUpdate)
    [Anonymous Symbol]                       0x00000dd0   Section        0  system.o(.text.SystemInit)
    _DoInit                                  0x00000ec1   Thumb Code   108  segger_rtt.o(.text._DoInit)
    [Anonymous Symbol]                       0x00000ec0   Section        0  segger_rtt.o(.text._DoInit)
    _DoInit._aInitStr                        0x00000f2c   Number         0  segger_rtt.o(.text._DoInit)
    _PrintUnsigned                           0x00000f41   Thumb Code   232  segger_rtt_printf.o(.text._PrintUnsigned)
    [Anonymous Symbol]                       0x00000f40   Section        0  segger_rtt_printf.o(.text._PrintUnsigned)
    _PrintUnsigned._aV2C                     0x00001028   Number         0  segger_rtt_printf.o(.text._PrintUnsigned)
    _StoreChar                               0x00001039   Thumb Code    64  segger_rtt_printf.o(.text._StoreChar)
    [Anonymous Symbol]                       0x00001038   Section        0  segger_rtt_printf.o(.text._StoreChar)
    _WriteBlocking                           0x00001079   Thumb Code   116  segger_rtt.o(.text._WriteBlocking)
    [Anonymous Symbol]                       0x00001078   Section        0  segger_rtt.o(.text._WriteBlocking)
    [Anonymous Symbol]                       0x000010ec   Section        0  bsp_clocks.o(.text.bsp_clock_init)
    [Anonymous Symbol]                       0x000011d8   Section        0  board_init.o(.text.bsp_init)
    [Anonymous Symbol]                       0x000011dc   Section        0  bsp_irq.o(.text.bsp_irq_cfg)
    sw_delay_loop                            0x0000126e   Number         0  bsp_delay.o(.text.bsp_prv_software_delay_loop)
    [Anonymous Symbol]                       0x0000126e   Section        0  bsp_delay.o(.text.bsp_prv_software_delay_loop)
    bsp_vbatt_init                           0x00001279   Thumb Code   120  r_ioport.o(.text.bsp_vbatt_init)
    [Anonymous Symbol]                       0x00001278   Section        0  r_ioport.o(.text.bsp_vbatt_init)
    g_vbatt_pins_input                       0x000012f0   Number         0  r_ioport.o(.text.bsp_vbatt_init)
    [Anonymous Symbol]                       0x000012fc   Section        0  timer_setup.o(.text.deinit_gpt_module)
    [Anonymous Symbol]                       0x0000135c   Section        0  ext_irq_setup.o(.text.deinit_icu_module)
    [Anonymous Symbol]                       0x000013c8   Section        0  ext_irq_setup.o(.text.enable_icu_module)
    [Anonymous Symbol]                       0x00001434   Section        0  ext_irq_setup.o(.text.ext_irq_callback)
    [Anonymous Symbol]                       0x000014d0   Section        0  timer_setup.o(.text.gpt_callback)
    [Anonymous Symbol]                       0x00001584   Section        0  r_gpt.o(.text.gpt_counter_overflow_isr)
    gpt_hardware_initialize                  0x00001631   Thumb Code   246  r_gpt.o(.text.gpt_hardware_initialize)
    [Anonymous Symbol]                       0x00001630   Section        0  r_gpt.o(.text.gpt_hardware_initialize)
    [Anonymous Symbol]                       0x00001728   Section        0  hal_entry.o(.text.hal_entry)
    [Anonymous Symbol]                       0x00001a68   Section        0  timer_setup.o(.text.init_gpt_module)
    [Anonymous Symbol]                       0x00001ad0   Section        0  ext_irq_setup.o(.text.init_icu_module)
    [Anonymous Symbol]                       0x00001b40   Section        0  main.o(.text.main)
    r_gpt_enable_irq                         0x00001b4b   Thumb Code    88  r_gpt.o(.text.r_gpt_enable_irq)
    [Anonymous Symbol]                       0x00001b4a   Section        0  r_gpt.o(.text.r_gpt_enable_irq)
    [Anonymous Symbol]                       0x00001ba2   Section        0  r_icu.o(.text.r_icu_isr)
    r_ioport_pins_config                     0x00001c15   Thumb Code   196  r_ioport.o(.text.r_ioport_pins_config)
    [Anonymous Symbol]                       0x00001c14   Section        0  r_ioport.o(.text.r_ioport_pins_config)
    [Anonymous Symbol]                       0x00001cd8   Section        0  timer_setup.o(.text.timer_start)
    i.__aeabi_errno_addr                     0x00001d30   Section        0  errno.o(i.__aeabi_errno_addr)
    .constdata                               0x00001d38   Section      129  ctype_o.o(.constdata)
    table                                    0x00001dbc   Data           4  ctype_o.o(.constdata)
    .constdata                               0x00001dbc   Section        4  ctype_o.o(.constdata)
    g_prcr_masks                             0x00001dc0   Data           8  bsp_register_protection.o(.rodata.cst8)
    [Anonymous Symbol]                       0x00001dc0   Section        0  bsp_register_protection.o(.rodata.cst8)
    g_bsp_prv_leds                           0x00001e10   Data           4  board_leds.o(.rodata.g_bsp_prv_leds)
    [Anonymous Symbol]                       0x00001e10   Section        0  board_leds.o(.rodata.g_bsp_prv_leds)
    g_wdtcr_timeout                          0x00002044   Data           7  r_wdt.o(.rodata.g_wdtcr_timeout)
    [Anonymous Symbol]                       0x00002044   Section        0  r_wdt.o(.rodata.g_wdtcr_timeout)
    .L.str                                   0x0000204b   Data          28  ext_irq_setup.o(.rodata.str1.1)
    .L.str                                   0x0000204b   Data          28  ext_irq_setup.o(.rodata.str1.1)
    .L.str.13                                0x0000204b   Data          28  ext_irq_setup.o(.rodata.str1.1)
    [Anonymous Symbol]                       0x0000204b   Section        0  ext_irq_setup.o(.rodata.str1.1)
    .L.str.12                                0x00002067   Data          32  hal_entry.o(.rodata.str1.1)
    [Anonymous Symbol]                       0x00002067   Section        0  hal_entry.o(.rodata.str1.1)
    .L.str.21                                0x00002087   Data          39  hal_entry.o(.rodata.str1.1)
    .L.str.15                                0x000020ae   Data          37  hal_entry.o(.rodata.str1.1)
    .L.str.14                                0x000020d3   Data          34  hal_entry.o(.rodata.str1.1)
    .L.str.20                                0x000020f5   Data          35  hal_entry.o(.rodata.str1.1)
    .L.str.19                                0x00002118   Data          34  hal_entry.o(.rodata.str1.1)
    .L.str.26                                0x0000213a   Data          73  hal_entry.o(.rodata.str1.1)
    .L.str.16                                0x00002183   Data          26  hal_entry.o(.rodata.str1.1)
    .L.str.23                                0x0000219d   Data          63  hal_entry.o(.rodata.str1.1)
    .L.str.5                                 0x000021dc   Data         128  hal_entry.o(.rodata.str1.1)
    .L.str.17                                0x0000225c   Data          14  hal_entry.o(.rodata.str1.1)
    .L.str.2                                 0x0000226a   Data          68  hal_entry.o(.rodata.str1.1)
    .L.str.4                                 0x000022ae   Data          72  hal_entry.o(.rodata.str1.1)
    .L.str.1                                 0x000022f6   Data          69  hal_entry.o(.rodata.str1.1)
    .L.str                                   0x0000233b   Data          69  hal_entry.o(.rodata.str1.1)
    .L.str.18                                0x00002380   Data          25  hal_entry.o(.rodata.str1.1)
    .L__FUNCTION__.read_Input_from_RTT       0x00002399   Data          20  hal_entry.o(.rodata.str1.1)
    .L.str.22                                0x000023ad   Data          37  hal_entry.o(.rodata.str1.1)
    .L.str.9                                 0x000023d2   Data          65  hal_entry.o(.rodata.str1.1)
    .L.str.25                                0x00002413   Data          41  hal_entry.o(.rodata.str1.1)
    .L.str.6                                 0x0000243c   Data          79  hal_entry.o(.rodata.str1.1)
    .L.str.8                                 0x0000248b   Data          82  hal_entry.o(.rodata.str1.1)
    .L__FUNCTION__.hal_entry                 0x000024dd   Data          10  hal_entry.o(.rodata.str1.1)
    .L.str                                   0x000024e7   Data           9  segger_rtt.o(.rodata.str1.1)
    [Anonymous Symbol]                       0x000024e7   Section        0  segger_rtt.o(.rodata.str1.1)
    __tagsym$$used.0                         0x000024f0   Number         0  bsp_common.o(.version)
    g_fsp_version                            0x000024f0   Data           4  bsp_common.o(.version)
    [Anonymous Symbol]                       0x000024f0   Section        0  bsp_common.o(.version)
    __tagsym$$used.1                         0x000024f4   Number         0  bsp_common.o(.version)
    g_fsp_version_string                     0x000024f4   Data           6  bsp_common.o(.version)
    [Anonymous Symbol]                       0x000024f4   Section        0  bsp_common.o(.version)
    __tagsym$$used.2                         0x000024fa   Number         0  bsp_common.o(.version)
    g_fsp_version_build_string               0x000024fa   Data          68  bsp_common.o(.version)
    [Anonymous Symbol]                       0x000024fa   Section        0  bsp_common.o(.version)
    __tagsym$$used.1                         0x0100a100   Number         0  bsp_rom_registers.o(.option_setting_ofs0)
    g_bsp_rom_ofs0                           0x0100a100   Data           4  bsp_rom_registers.o(.option_setting_ofs0)
    [Anonymous Symbol]                       0x0100a100   Section        0  bsp_rom_registers.o(.option_setting_ofs0)
    __tagsym$$used.0                         0x0100a120   Number         0  bsp_rom_registers.o(.id_code)
    g_bsp_id_codes                           0x0100a120   Data          16  bsp_rom_registers.o(.id_code)
    [Anonymous Symbol]                       0x0100a120   Section        0  bsp_rom_registers.o(.id_code)
    __tagsym$$used.2                         0x0100a134   Number         0  bsp_rom_registers.o(.option_setting_sas)
    g_bsp_rom_sas                            0x0100a134   Data           4  bsp_rom_registers.o(.option_setting_sas)
    [Anonymous Symbol]                       0x0100a134   Section        0  bsp_rom_registers.o(.option_setting_sas)
    __tagsym$$used.3                         0x0100a200   Number         0  bsp_rom_registers.o(.option_setting_ofs1_sec)
    g_bsp_rom_ofs1                           0x0100a200   Data           4  bsp_rom_registers.o(.option_setting_ofs1_sec)
    [Anonymous Symbol]                       0x0100a200   Section        0  bsp_rom_registers.o(.option_setting_ofs1_sec)
    __tagsym$$used.4                         0x0100a240   Number         0  bsp_rom_registers.o(.option_setting_bps_sec0)
    g_bsp_rom_bps0                           0x0100a240   Data           4  bsp_rom_registers.o(.option_setting_bps_sec0)
    [Anonymous Symbol]                       0x0100a240   Section        0  bsp_rom_registers.o(.option_setting_bps_sec0)
    __tagsym$$used.5                         0x0100a260   Number         0  bsp_rom_registers.o(.option_setting_pbps_sec0)
    g_bsp_rom_pbps0                          0x0100a260   Data           4  bsp_rom_registers.o(.option_setting_pbps_sec0)
    [Anonymous Symbol]                       0x0100a260   Section        0  bsp_rom_registers.o(.option_setting_pbps_sec0)
    _errno                                   0x20000000   Data           4  errno.o(.data)
    .data                                    0x20000000   Section        4  errno.o(.data)
    _acDownBuffer                            0x200000b0   Data          16  segger_rtt.o(.bss._acDownBuffer)
    [Anonymous Symbol]                       0x200000b0   Section        0  segger_rtt.o(.bss._acDownBuffer)
    _acUpBuffer                              0x200000c0   Data        1024  segger_rtt.o(.bss._acUpBuffer)
    [Anonymous Symbol]                       0x200000c0   Section        0  segger_rtt.o(.bss._acUpBuffer)
    gpt_callback.level_led                   0x200006dc   Data           4  timer_setup.o(.bss.gpt_callback.level_led)
    [Anonymous Symbol]                       0x200006dc   Section        0  timer_setup.o(.bss.gpt_callback.level_led)
    __tagsym$$used.0                         0x200006e0   Number         0  bsp_clocks.o(.bss.noinit)
    g_clock_freq                             0x200006e0   Data          24  bsp_clocks.o(.bss.noinit)
    [Anonymous Symbol]                       0x200006e0   Section        0  bsp_clocks.o(.bss.noinit)
    __tagsym$$used.2                         0x200006f8   Number         0  startup.o(.bss.heap)
    g_heap                                   0x200006f8   Data        1024  startup.o(.bss.heap)
    [Anonymous Symbol]                       0x200006f8   Section        0  startup.o(.bss.heap)
    __tagsym$$used.0                         0x20000af8   Number         0  startup.o(.bss.stack)
    g_main_stack                             0x20000af8   Data        1024  startup.o(.bss.stack)
    [Anonymous Symbol]                       0x20000af8   Section        0  startup.o(.bss.stack)

    Global Symbols

    Symbol Name                              Value     Ov Type        Size  Object(Section)

    BuildAttributes$$THM_ISAv4$E$P$D$K$B$S$7EM$8M$VFPi5$EXTD16$VFPS$VFMA$PE$A:L22UL41UL21$X:L11$S22US41US21$IEEE1$IW$USESV6$~STKCKD$USESV7$WCHAR32$ENUMINT$~SHL$OSPACE$MICROLIB$REQ8$PRES8$EABIv2 0x00000000   Number         0  anon$$obj.o ABSOLUTE
    Image$$__tz_FLASH_S$$Base                0x00000000   Number         0  anon$$obj.o ABSOLUTE
    __Vectors                                0x00000000   Data          64  startup.o(.fixed_vectors)
    Image$$DATA$$Length                      0x00000004   Number         0  anon$$obj.o ABSOLUTE
    g_vector_table                           0x00000040   Data         384  vector_data.o(.application_vectors)
    Image$$INIT_ARRAY$$Base                  0x000001c0   Number         0  anon$$obj.o ABSOLUTE
    Image$$INIT_ARRAY$$Limit                 0x000001c0   Number         0  anon$$obj.o ABSOLUTE
    __aeabi_memcpy                           0x000001c1   Thumb Code    36  memcpya.o(.text)
    __aeabi_memcpy4                          0x000001c1   Thumb Code     0  memcpya.o(.text)
    __aeabi_memcpy8                          0x000001c1   Thumb Code     0  memcpya.o(.text)
    __aeabi_memset                           0x000001e5   Thumb Code    14  memseta.o(.text)
    __aeabi_memset4                          0x000001e5   Thumb Code     0  memseta.o(.text)
    __aeabi_memset8                          0x000001e5   Thumb Code     0  memseta.o(.text)
    __aeabi_memclr                           0x000001f3   Thumb Code     4  memseta.o(.text)
    __aeabi_memclr4                          0x000001f3   Thumb Code     0  memseta.o(.text)
    __aeabi_memclr8                          0x000001f3   Thumb Code     0  memseta.o(.text)
    _memset$wrapper                          0x000001f7   Thumb Code    18  memseta.o(.text)
    atoi                                     0x00000209   Thumb Code    26  atoi.o(.text)
    strtol                                   0x00000223   Thumb Code   112  strtol.o(.text)
    __rt_ctype_table                         0x00000295   Thumb Code     4  ctype_o.o(.text)
    _strtoul                                 0x0000029d   Thumb Code   158  _strtoul.o(.text)
    _chval                                   0x0000033b   Thumb Code    28  _chval.o(.text)
    BusFault_Handler                         0x00000357   Thumb Code     4  startup.o(.text.Default_Handler)
    DebugMon_Handler                         0x00000357   Thumb Code     4  startup.o(.text.Default_Handler)
    Default_Handler                          0x00000357   Thumb Code     4  startup.o(.text.Default_Handler)
    HardFault_Handler                        0x00000357   Thumb Code     4  startup.o(.text.Default_Handler)
    MemManage_Handler                        0x00000357   Thumb Code     4  startup.o(.text.Default_Handler)
    PendSV_Handler                           0x00000357   Thumb Code     4  startup.o(.text.Default_Handler)
    SVC_Handler                              0x00000357   Thumb Code     4  startup.o(.text.Default_Handler)
    SecureFault_Handler                      0x00000357   Thumb Code     4  startup.o(.text.Default_Handler)
    SysTick_Handler                          0x00000357   Thumb Code     4  startup.o(.text.Default_Handler)
    UsageFault_Handler                       0x00000357   Thumb Code     4  startup.o(.text.Default_Handler)
    NMI_Handler                              0x0000035d   Thumb Code    54  bsp_group_irq.o(.text.NMI_Handler)
    R_BSP_Init_RTC                           0x00000393   Thumb Code    14  bsp_clocks.o(.text.R_BSP_Init_RTC)
    R_BSP_RegisterProtectDisable             0x000003a1   Thumb Code    78  bsp_register_protection.o(.text.R_BSP_RegisterProtectDisable)
    R_BSP_RegisterProtectEnable              0x000003ef   Thumb Code    82  bsp_register_protection.o(.text.R_BSP_RegisterProtectEnable)
    R_BSP_SoftwareDelay                      0x00000441   Thumb Code    72  bsp_delay.o(.text.R_BSP_SoftwareDelay)
    R_BSP_WarmStart                          0x00000489   Thumb Code    26  hal_entry.o(.text.R_BSP_WarmStart)
    R_FSP_VersionGet                         0x000004a3   Thumb Code    20  bsp_common.o(.text.R_FSP_VersionGet)
    R_GPT_Close                              0x000004b7   Thumb Code   174  r_gpt.o(.text.R_GPT_Close)
    R_GPT_Open                               0x00000565   Thumb Code   142  r_gpt.o(.text.R_GPT_Open)
    R_GPT_Start                              0x000005f3   Thumb Code    32  r_gpt.o(.text.R_GPT_Start)
    R_GPT_Stop                               0x00000613   Thumb Code    32  r_gpt.o(.text.R_GPT_Stop)
    R_ICU_ExternalIrqClose                   0x00000633   Thumb Code    86  r_icu.o(.text.R_ICU_ExternalIrqClose)
    R_ICU_ExternalIrqEnable                  0x00000689   Thumb Code    98  r_icu.o(.text.R_ICU_ExternalIrqEnable)
    Image$$BSS$$ZI$$Length                   0x000006dc   Number         0  anon$$obj.o ABSOLUTE
    R_ICU_ExternalIrqOpen                    0x000006eb   Thumb Code   164  r_icu.o(.text.R_ICU_ExternalIrqOpen)
    R_IOPORT_Open                            0x0000078f   Thumb Code    56  r_ioport.o(.text.R_IOPORT_Open)
    R_IOPORT_PinWrite                        0x000007c7   Thumb Code    72  r_ioport.o(.text.R_IOPORT_PinWrite)
    R_WDT_Open                               0x0000080f   Thumb Code   134  r_wdt.o(.text.R_WDT_Open)
    R_WDT_Refresh                            0x00000895   Thumb Code    42  r_wdt.o(.text.R_WDT_Refresh)
    Reset_Handler                            0x000008c1   Thumb Code    10  startup.o(.text.Reset_Handler)
    SEGGER_RTT_HasKey                        0x000008cb   Thumb Code    30  segger_rtt.o(.text.SEGGER_RTT_HasKey)
    SEGGER_RTT_Read                          0x000008e9   Thumb Code    28  segger_rtt.o(.text.SEGGER_RTT_Read)
    SEGGER_RTT_ReadNoLock                    0x00000905   Thumb Code   128  segger_rtt.o(.text.SEGGER_RTT_ReadNoLock)
    SEGGER_RTT_Write                         0x00000985   Thumb Code    56  segger_rtt.o(.text.SEGGER_RTT_Write)
    SEGGER_RTT_WriteNoLock                   0x000009bd   Thumb Code   250  segger_rtt.o(.text.SEGGER_RTT_WriteNoLock)
    SEGGER_RTT_printf                        0x00000ab7   Thumb Code    30  segger_rtt_printf.o(.text.SEGGER_RTT_printf)
    SEGGER_RTT_vprintf                       0x00000ad5   Thumb Code   720  segger_rtt_printf.o(.text.SEGGER_RTT_vprintf)
    SystemCoreClockUpdate                    0x00000da5   Thumb Code    44  bsp_clocks.o(.text.SystemCoreClockUpdate)
    SystemInit                               0x00000dd1   Thumb Code   240  system.o(.text.SystemInit)
    bsp_clock_init                           0x000010ed   Thumb Code   236  bsp_clocks.o(.text.bsp_clock_init)
    bsp_init                                 0x000011d9   Thumb Code     2  board_init.o(.text.bsp_init)
    bsp_irq_cfg                              0x000011dd   Thumb Code   146  bsp_irq.o(.text.bsp_irq_cfg)
    bsp_prv_software_delay_loop              0x0000126f   Thumb Code     8  bsp_delay.o(.text.bsp_prv_software_delay_loop)
    deinit_gpt_module                        0x000012fd   Thumb Code    40  timer_setup.o(.text.deinit_gpt_module)
    deinit_icu_module                        0x0000135d   Thumb Code    40  ext_irq_setup.o(.text.deinit_icu_module)
    enable_icu_module                        0x000013c9   Thumb Code    40  ext_irq_setup.o(.text.enable_icu_module)
    ext_irq_callback                         0x00001435   Thumb Code    52  ext_irq_setup.o(.text.ext_irq_callback)
    gpt_callback                             0x000014d1   Thumb Code   124  timer_setup.o(.text.gpt_callback)
    gpt_counter_overflow_isr                 0x00001585   Thumb Code   172  r_gpt.o(.text.gpt_counter_overflow_isr)
    hal_entry                                0x00001729   Thumb Code   688  hal_entry.o(.text.hal_entry)
    init_gpt_module                          0x00001a69   Thumb Code    48  timer_setup.o(.text.init_gpt_module)
    init_icu_module                          0x00001ad1   Thumb Code    48  ext_irq_setup.o(.text.init_icu_module)
    main                                     0x00001b41   Thumb Code    10  main.o(.text.main)
    r_icu_isr                                0x00001ba3   Thumb Code   114  r_icu.o(.text.r_icu_isr)
    timer_start                              0x00001cd9   Thumb Code    40  timer_setup.o(.text.timer_start)
    __aeabi_errno_addr                       0x00001d31   Thumb Code     4  errno.o(i.__aeabi_errno_addr)
    __rt_errno_addr                          0x00001d31   Thumb Code     0  errno.o(i.__aeabi_errno_addr)
    __ctype_table                            0x00001d38   Data         129  ctype_o.o(.constdata)
    g_bsp_leds                               0x00001dc8   Data           8  board_leds.o(.rodata.g_bsp_leds)
    g_bsp_pin_cfg                            0x00001dd0   Data           8  pin_data.o(.rodata.g_bsp_pin_cfg)
    g_bsp_pin_cfg_data                       0x00001dd8   Data          56  pin_data.o(.rodata.g_bsp_pin_cfg_data)
    g_external_irq_cfg                       0x00001e14   Data          32  common_data.o(.rodata.g_external_irq_cfg)
    g_interrupt_event_link_select            0x00001e34   Data         384  vector_data.o(.rodata.g_interrupt_event_link_select)
    g_timer_cfg                              0x00001fb4   Data          36  hal_data.o(.rodata.g_timer_cfg)
    g_timer_extend                           0x00001fd8   Data          72  hal_data.o(.rodata.g_timer_extend)
    g_wdt_cfg                                0x00002020   Data          36  hal_data.o(.rodata.g_wdt_cfg)
    Load$$DATA$$Base                         0x00002540   Number         0  anon$$obj.o ABSOLUTE
    Image$$__tz_FLASH_C$$Base                0x00003800   Number         0  anon$$obj.o ABSOLUTE
    Image$$__tz_FLASH_N$$Base                0x00008000   Number         0  anon$$obj.o ABSOLUTE
    Image$$__tz_DATA_FLASH_N$$Base           0x08000000   Number         0  anon$$obj.o ABSOLUTE
    Image$$__tz_DATA_FLASH_S$$Base           0x08000000   Number         0  anon$$obj.o ABSOLUTE
    Image$$DATA$$Base                        0x20000000   Number         0  anon$$obj.o ABSOLUTE
    Image$$__tz_RAM_S$$Base                  0x20000000   Number         0  anon$$obj.o ABSOLUTE
    Image$$BSS$$ZI$$Base                     0x20000004   Number         0  anon$$obj.o ABSOLUTE
    SystemCoreClock                          0x20000004   Data           4  system.o(.bss.SystemCoreClock)
    _SEGGER_RTT                              0x20000008   Data         168  segger_rtt.o(.bss._SEGGER_RTT)
    g_bsp_group_irq_sources                  0x200004c0   Data          64  bsp_group_irq.o(.bss.g_bsp_group_irq_sources)
    g_external_irq_ctrl                      0x20000500   Data          20  common_data.o(.bss.g_external_irq_ctrl)
    g_ioport_ctrl                            0x20000514   Data           8  common_data.o(.bss.g_ioport_ctrl)
    g_protect_counters                       0x2000051c   Data           8  bsp_register_protection.o(.bss.g_protect_counters)
    g_protect_pfswe_counter                  0x20000524   Data           4  bsp_io.o(.bss.g_protect_pfswe_counter)
    g_timer_ctrl                             0x20000528   Data          32  hal_data.o(.bss.g_timer_ctrl)
    g_timer_overflow_counter                 0x20000548   Data           4  timer_setup.o(.bss.g_timer_overflow_counter)
    g_wdt_ctrl                               0x2000054c   Data          16  hal_data.o(.bss.g_wdt_ctrl)
    gp_renesas_isr_context                   0x2000055c   Data         384  bsp_irq.o(.bss.gp_renesas_isr_context)
    Image$$__tz_RAM_C$$Base                  0x2000a000   Number         0  anon$$obj.o ABSOLUTE
    Image$$__tz_RAM_N$$Base                  0x2000a000   Number         0  anon$$obj.o ABSOLUTE



==============================================================================

Memory Map of the image

  Image Entry point : 0x000008c1

  Load Region LOAD_REGION_FLASH (Base: 0x00000000, Size: 0x00002548, Max: 0x00040000, ABSOLUTE)

    Execution Region __tz_FLASH_S (Exec base: 0x00000000, Load base: 0x00000000, Size: 0x00000000, Max: 0x00000000, ABSOLUTE)

    Exec Addr    Load Addr    Size         Type   Attr      Idx    E Section Name        Object

    0x00000000        -       0x00000000   Zero   RW            1    __tz_FLASH_S.bss    anon$$obj.o


    Execution Region VECTORS (Exec base: 0x00000000, Load base: 0x00000000, Size: 0x000001c0, Max: 0xffffffff, ABSOLUTE, FIXED)

    Exec Addr    Load Addr    Size         Type   Attr      Idx    E Section Name        Object

    0x00000000   0x00000000   0x00000040   Data   RO          206    .fixed_vectors      startup.o
    0x00000040   0x00000040   0x00000180   Data   RO          539    .application_vectors  vector_data.o


    Execution Region MCUBOOT_SCE9_KEY (Exec base: 0x000001c0, Load base: 0x000001c0, Size: 0x00000000, Max: 0xffffffff, ABSOLUTE, FIXED)

    **** No section assigned to this execution region ****


    Execution Region INIT_ARRAY (Exec base: 0x000001c0, Load base: 0x000001c0, Size: 0x00000000, Max: 0xffffffff, ABSOLUTE, FIXED)

    **** No section assigned to this execution region ****


    Execution Region USB_DESC_FS (Exec base: 0x000001c0, Load base: 0x000001c0, Size: 0x00000000, Max: 0xffffffff, ABSOLUTE, FIXED)

    **** No section assigned to this execution region ****


    Execution Region RO_CODE_DATA (Exec base: 0x000001c0, Load base: 0x000001c0, Size: 0x00002380, Max: 0xffffffff, ABSOLUTE, FIXED)

    Exec Addr    Load Addr    Size         Type   Attr      Idx    E Section Name        Object

    0x000001c0   0x000001c0   0x00000024   Code   RO          547    .text               mc_w.l(memcpya.o)
    0x000001e4   0x000001e4   0x00000024   Code   RO          549    .text               mc_w.l(memseta.o)
    0x00000208   0x00000208   0x0000001a   Code   RO          555    .text               mc_w.l(atoi.o)
    0x00000222   0x00000222   0x00000070   Code   RO          564    .text               mc_w.l(strtol.o)
    0x00000292   0x00000292   0x00000002   PAD
    0x00000294   0x00000294   0x00000008   Code   RO          566    .text               mc_w.l(ctype_o.o)
    0x0000029c   0x0000029c   0x0000009e   Code   RO          594    .text               mc_w.l(_strtoul.o)
    0x0000033a   0x0000033a   0x0000001c   Code   RO          596    .text               mc_w.l(_chval.o)
    0x00000356   0x00000356   0x00000004   Code   RO          203    .text.Default_Handler  startup.o
    0x0000035a   0x0000035a   0x00000002   PAD
    0x0000035c   0x0000035c   0x00000036   Code   RO          286    .text.NMI_Handler   bsp_group_irq.o
    0x00000392   0x00000392   0x0000000e   Code   RO          244    .text.R_BSP_Init_RTC  bsp_clocks.o
    0x000003a0   0x000003a0   0x0000004e   Code   RO          317    .text.R_BSP_RegisterProtectDisable  bsp_register_protection.o
    0x000003ee   0x000003ee   0x00000052   Code   RO          315    .text.R_BSP_RegisterProtectEnable  bsp_register_protection.o
    0x00000440   0x00000440   0x00000048   Code   RO          272    .text.R_BSP_SoftwareDelay  bsp_delay.o
    0x00000488   0x00000488   0x0000001a   Code   RO           60    .text.R_BSP_WarmStart  hal_entry.o
    0x000004a2   0x000004a2   0x00000014   Code   RO          257    .text.R_FSP_VersionGet  bsp_common.o
    0x000004b6   0x000004b6   0x000000ae   Code   RO          376    .text.R_GPT_Close   r_gpt.o
    0x00000564   0x00000564   0x0000008e   Code   RO          354    .text.R_GPT_Open    r_gpt.o
    0x000005f2   0x000005f2   0x00000020   Code   RO          356    .text.R_GPT_Start   r_gpt.o
    0x00000612   0x00000612   0x00000020   Code   RO          358    .text.R_GPT_Stop    r_gpt.o
    0x00000632   0x00000632   0x00000056   Code   RO          419    .text.R_ICU_ExternalIrqClose  r_icu.o
    0x00000688   0x00000688   0x00000062   Code   RO          413    .text.R_ICU_ExternalIrqEnable  r_icu.o
    0x000006ea   0x000006ea   0x000000a4   Code   RO          411    .text.R_ICU_ExternalIrqOpen  r_icu.o
    0x0000078e   0x0000078e   0x00000038   Code   RO          432    .text.R_IOPORT_Open  r_ioport.o
    0x000007c6   0x000007c6   0x00000048   Code   RO          446    .text.R_IOPORT_PinWrite  r_ioport.o
    0x0000080e   0x0000080e   0x00000086   Code   RO          471    .text.R_WDT_Open    r_wdt.o
    0x00000894   0x00000894   0x0000002a   Code   RO          473    .text.R_WDT_Refresh  r_wdt.o
    0x000008be   0x000008be   0x00000002   PAD
    0x000008c0   0x000008c0   0x0000000a   Code   RO          201  * .text.Reset_Handler  startup.o
    0x000008ca   0x000008ca   0x0000001e   Code   RO          105    .text.SEGGER_RTT_HasKey  segger_rtt.o
    0x000008e8   0x000008e8   0x0000001c   Code   RO           79    .text.SEGGER_RTT_Read  segger_rtt.o
    0x00000904   0x00000904   0x00000080   Code   RO           75    .text.SEGGER_RTT_ReadNoLock  segger_rtt.o
    0x00000984   0x00000984   0x00000038   Code   RO           91    .text.SEGGER_RTT_Write  segger_rtt.o
    0x000009bc   0x000009bc   0x000000fa   Code   RO           87    .text.SEGGER_RTT_WriteNoLock  segger_rtt.o
    0x00000ab6   0x00000ab6   0x0000001e   Code   RO          157    .text.SEGGER_RTT_printf  segger_rtt_printf.o
    0x00000ad4   0x00000ad4   0x000002d0   Code   RO          151    .text.SEGGER_RTT_vprintf  segger_rtt_printf.o
    0x00000da4   0x00000da4   0x0000002c   Code   RO          232    .text.SystemCoreClockUpdate  bsp_clocks.o
    0x00000dd0   0x00000dd0   0x000000f0   Code   RO          215    .text.SystemInit    system.o
    0x00000ec0   0x00000ec0   0x00000080   Code   RO           73    .text._DoInit       segger_rtt.o
    0x00000f40   0x00000f40   0x000000f8   Code   RO          155    .text._PrintUnsigned  segger_rtt_printf.o
    0x00001038   0x00001038   0x00000040   Code   RO          153    .text._StoreChar    segger_rtt_printf.o
    0x00001078   0x00001078   0x00000074   Code   RO           85    .text._WriteBlocking  segger_rtt.o
    0x000010ec   0x000010ec   0x000000ec   Code   RO          238    .text.bsp_clock_init  bsp_clocks.o
    0x000011d8   0x000011d8   0x00000002   Code   RO          186    .text.bsp_init      board_init.o
    0x000011da   0x000011da   0x00000002   PAD
    0x000011dc   0x000011dc   0x00000092   Code   RO          304    .text.bsp_irq_cfg   bsp_irq.o
    0x0000126e   0x0000126e   0x00000008   Code   RO          274    .text.bsp_prv_software_delay_loop  bsp_delay.o
    0x00001276   0x00001276   0x00000002   PAD
    0x00001278   0x00001278   0x00000084   Code   RO          460    .text.bsp_vbatt_init  r_ioport.o
    0x000012fc   0x000012fc   0x00000060   Code   RO          171    .text.deinit_gpt_module  timer_setup.o
    0x0000135c   0x0000135c   0x0000006c   Code   RO           45    .text.deinit_icu_module  ext_irq_setup.o
    0x000013c8   0x000013c8   0x0000006c   Code   RO           43    .text.enable_icu_module  ext_irq_setup.o
    0x00001434   0x00001434   0x0000009c   Code   RO           47    .text.ext_irq_callback  ext_irq_setup.o
    0x000014d0   0x000014d0   0x000000b4   Code   RO          173    .text.gpt_callback  timer_setup.o
    0x00001584   0x00001584   0x000000ac   Code   RO          392    .text.gpt_counter_overflow_isr  r_gpt.o
    0x00001630   0x00001630   0x000000f6   Code   RO          378    .text.gpt_hardware_initialize  r_gpt.o
    0x00001726   0x00001726   0x00000002   PAD
    0x00001728   0x00001728   0x00000340   Code   RO           58    .text.hal_entry     hal_entry.o
    0x00001a68   0x00001a68   0x00000068   Code   RO          167    .text.init_gpt_module  timer_setup.o
    0x00001ad0   0x00001ad0   0x00000070   Code   RO           41    .text.init_icu_module  ext_irq_setup.o
    0x00001b40   0x00001b40   0x0000000a   Code   RO          523    .text.main          main.o
    0x00001b4a   0x00001b4a   0x00000058   Code   RO          400    .text.r_gpt_enable_irq  r_gpt.o
    0x00001ba2   0x00001ba2   0x00000072   Code   RO          421    .text.r_icu_isr     r_icu.o
    0x00001c14   0x00001c14   0x000000c4   Code   RO          458    .text.r_ioport_pins_config  r_ioport.o
    0x00001cd8   0x00001cd8   0x00000058   Code   RO          169    .text.timer_start   timer_setup.o
    0x00001d30   0x00001d30   0x00000008   Code   RO          557    i.__aeabi_errno_addr  mc_w.l(errno.o)
    0x00001d38   0x00001d38   0x00000081   Data   RO          567    .constdata          mc_w.l(ctype_o.o)
    0x00001db9   0x00001db9   0x00000003   PAD
    0x00001dbc   0x00001dbc   0x00000004   Data   RO          568    .constdata          mc_w.l(ctype_o.o)
    0x00001dc0   0x00001dc0   0x00000008   Data   RO          320    .rodata.cst8        bsp_register_protection.o
    0x00001dc8   0x00001dc8   0x00000008   Data   RO          195    .rodata.g_bsp_leds  board_leds.o
    0x00001dd0   0x00001dd0   0x00000008   Data   RO          533    .rodata.g_bsp_pin_cfg  pin_data.o
    0x00001dd8   0x00001dd8   0x00000038   Data   RO          532    .rodata.g_bsp_pin_cfg_data  pin_data.o
    0x00001e10   0x00001e10   0x00000004   Data   RO          194    .rodata.g_bsp_prv_leds  board_leds.o
    0x00001e14   0x00001e14   0x00000020   Data   RO          497    .rodata.g_external_irq_cfg  common_data.o
    0x00001e34   0x00001e34   0x00000180   Data   RO          540    .rodata.g_interrupt_event_link_select  vector_data.o
    0x00001fb4   0x00001fb4   0x00000024   Data   RO          511    .rodata.g_timer_cfg  hal_data.o
    0x00001fd8   0x00001fd8   0x00000048   Data   RO          510    .rodata.g_timer_extend  hal_data.o
    0x00002020   0x00002020   0x00000024   Data   RO          514    .rodata.g_wdt_cfg   hal_data.o
    0x00002044   0x00002044   0x00000007   Data   RO          486    .rodata.g_wdtcr_timeout  r_wdt.o
    0x0000204b   0x0000204b   0x0000001c   Data   RO           49    .rodata.str1.1      ext_irq_setup.o
    0x00002067   0x00002067   0x00000480   Data   RO           62    .rodata.str1.1      hal_entry.o
    0x000024e7   0x000024e7   0x00000009   Data   RO          140    .rodata.str1.1      segger_rtt.o
    0x000024f0   0x000024f0   0x00000004   Data   RO          261    .version            bsp_common.o
    0x000024f4   0x000024f4   0x00000006   Data   RO          262    .version            bsp_common.o
    0x000024fa   0x000024fa   0x00000044   Data   RO          263    .version            bsp_common.o


    Execution Region __tz_RAM_S (Exec base: 0x20000000, Load base: 0x00002540, Size: 0x00000000, Max: 0x00000000, ABSOLUTE)

    Exec Addr    Load Addr    Size         Type   Attr      Idx    E Section Name        Object

    0x20000000        -       0x00000000   Zero   RW            2    __tz_RAM_S.bss      anon$$obj.o


    Execution Region DTC_VECTOR_TABLE (Exec base: 0x20000000, Load base: 0x00002540, Size: 0x00000000, Max: 0x0000a000, ABSOLUTE, UNINIT)

    **** No section assigned to this execution region ****


    Execution Region DATA (Exec base: 0x20000000, Load base: 0x00002540, Size: 0x00000004, Max: 0xffffffff, ABSOLUTE)

    Exec Addr    Load Addr    Size         Type   Attr      Idx    E Section Name        Object

    0x20000000   0x00002540   0x00000004   Data   RW          560    .data               mc_w.l(errno.o)


    Execution Region BSS (Exec base: 0x20000004, Load base: 0x00002544, Size: 0x000006dc, Max: 0xffffffff, ABSOLUTE)

    Exec Addr    Load Addr    Size         Type   Attr      Idx    E Section Name        Object

    0x20000004        -       0x00000004   Zero   RW          219    .bss.SystemCoreClock  system.o
    0x20000008        -       0x000000a8   Zero   RW          137    .bss._SEGGER_RTT    segger_rtt.o
    0x200000b0        -       0x00000010   Zero   RW          142    .bss._acDownBuffer  segger_rtt.o
    0x200000c0        -       0x00000400   Zero   RW          141    .bss._acUpBuffer    segger_rtt.o
    0x200004c0        -       0x00000040   Zero   RW          288    .bss.g_bsp_group_irq_sources  bsp_group_irq.o
    0x20000500        -       0x00000014   Zero   RW          498    .bss.g_external_irq_ctrl  common_data.o
    0x20000514        -       0x00000008   Zero   RW          500    .bss.g_ioport_ctrl  common_data.o
    0x2000051c        -       0x00000008   Zero   RW          319    .bss.g_protect_counters  bsp_register_protection.o
    0x20000524        -       0x00000004   Zero   RW          298    .bss.g_protect_pfswe_counter  bsp_io.o
    0x20000528        -       0x00000020   Zero   RW          512    .bss.g_timer_ctrl   hal_data.o
    0x20000548        -       0x00000004   Zero   RW          175    .bss.g_timer_overflow_counter  timer_setup.o
    0x2000054c        -       0x00000010   Zero   RW          515    .bss.g_wdt_ctrl     hal_data.o
    0x2000055c        -       0x00000180   Zero   RW          307    .bss.gp_renesas_isr_context  bsp_irq.o
    0x200006dc        -       0x00000004   Zero   RW          177    .bss.gpt_callback.level_led  timer_setup.o


    Execution Region NOINIT (Exec base: 0x200006e0, Load base: 0x00002544, Size: 0x00000018, Max: 0xffffffff, ABSOLUTE, UNINIT)

    Exec Addr    Load Addr    Size         Type   Attr      Idx    E Section Name        Object

    0x200006e0        -       0x00000018   Zero   RW          246    .bss.noinit         bsp_clocks.o


    Execution Region ARM_LIB_HEAP (Exec base: 0x200006f8, Load base: 0x00002548, Size: 0x00000400, Max: 0xffffffff, ABSOLUTE, UNINIT)

    Exec Addr    Load Addr    Size         Type   Attr      Idx    E Section Name        Object

    0x200006f8        -       0x00000400   Zero   RW          207    .bss.heap           startup.o


    Execution Region ARM_LIB_STACK (Exec base: 0x20000af8, Load base: 0x00002548, Size: 0x00000000, Max: 0x00000000, ABSOLUTE, UNINIT)

    Exec Addr    Load Addr    Size         Type   Attr      Idx    E Section Name        Object

    0x20000af8        -       0x00000000   Zero   RW            3    ARM_LIB_STACK.bss   anon$$obj.o


    Execution Region STACK (Exec base: 0x20000af8, Load base: 0x00002548, Size: 0x00000400, Max: 0xffffffff, ABSOLUTE, UNINIT)

    Exec Addr    Load Addr    Size         Type   Attr      Idx    E Section Name        Object

    0x20000af8        -       0x00000400   Zero   RW          205    .bss.stack          startup.o


    Execution Region RAM_END (Exec base: 0x20000ef8, Load base: 0x00002548, Size: 0x00000004, Max: 0x00000004, ABSOLUTE)

    Exec Addr    Load Addr    Size         Type   Attr      Idx    E Section Name        Object

    0x20000ef8        -       0x00000004   Zero   RW            4    RAM_END.bss         anon$$obj.o


    Execution Region __tz_RAM_C (Exec base: 0x2000a000, Load base: 0x00002548, Size: 0x00000000, Max: 0x00000000, ABSOLUTE)

    Exec Addr    Load Addr    Size         Type   Attr      Idx    E Section Name        Object

    0x2000a000        -       0x00000000   Zero   RW            5    __tz_RAM_C.bss      anon$$obj.o


    Execution Region __tz_RAM_N (Exec base: 0x2000a000, Load base: 0x00002548, Size: 0x00000000, Max: 0x00000000, ABSOLUTE)

    Exec Addr    Load Addr    Size         Type   Attr      Idx    E Section Name        Object

    0x2000a000        -       0x00000000   Zero   RW            6    __tz_RAM_N.bss      anon$$obj.o


    Execution Region RAM_LIMIT (Exec base: 0x2000a000, Load base: 0x00002548, Size: 0x00000004, Max: 0x00000004, ABSOLUTE)

    Exec Addr    Load Addr    Size         Type   Attr      Idx    E Section Name        Object

    0x2000a000        -       0x00000004   Zero   RW            7    RAM_LIMIT.bss       anon$$obj.o


    Execution Region OSPI_DEVICE_0_NO_LOAD (Exec base: 0x80020000, Load base: 0x00002548, Size: 0x00000000, Max: 0xffffffff, ABSOLUTE, UNINIT)

    **** No section assigned to this execution region ****


    Execution Region OSPI_DEVICE_1_NO_LOAD (Exec base: 0x80030000, Load base: 0x00002548, Size: 0x00000000, Max: 0xffffffff, ABSOLUTE, UNINIT)

    **** No section assigned to this execution region ****



  Load Region LOAD_REGION_NSC_FLASH (Base: 0x00003800, Size: 0x00000000, Max: 0xffffffff, ABSOLUTE)

    Execution Region __tz_FLASH_C (Exec base: 0x00003800, Load base: 0x00003800, Size: 0x00000000, Max: 0x00000000, ABSOLUTE)

    Exec Addr    Load Addr    Size         Type   Attr      Idx    E Section Name        Object

    0x00003800        -       0x00000000   Zero   RW            8    __tz_FLASH_C.bss    anon$$obj.o


    Execution Region EXEC_NSCR (Exec base: 0x00003800, Load base: 0x00003800, Size: 0x00000000, Max: 0xffffffff, ABSOLUTE, FIXED)

    **** No section assigned to this execution region ****


    Execution Region __tz_FLASH_N (Exec base: 0x00008000, Load base: 0x00003800, Size: 0x00000000, Max: 0x00000000, ABSOLUTE)

    Exec Addr    Load Addr    Size         Type   Attr      Idx    E Section Name        Object

    0x00008000        -       0x00000000   Zero   RW            9    __tz_FLASH_N.bss    anon$$obj.o



  Load Region LOAD_REGION_OPTION_SETTING (Base: 0x0100a100, Size: 0x00000080, Max: 0x00000100, ABSOLUTE)

    Execution Region __tz_OPTION_SETTING_S (Exec base: 0x0100a100, Load base: 0x0100a100, Size: 0x00000000, Max: 0x00000000, ABSOLUTE)

    Exec Addr    Load Addr    Size         Type   Attr      Idx    E Section Name        Object

    0x0100a100        -       0x00000000   Zero   RW           10    __tz_OPTION_SETTING_S.bss  anon$$obj.o


    Execution Region OFS0 (Exec base: 0x0100a100, Load base: 0x0100a100, Size: 0x00000004, Max: 0xffffffff, ABSOLUTE, FIXED)

    Exec Addr    Load Addr    Size         Type   Attr      Idx    E Section Name        Object

    0x0100a100   0x0100a100   0x00000004   Data   RO          330    .option_setting_ofs0  bsp_rom_registers.o


    Execution Region UNUSED_0 (Exec base: 0x0100a104, Load base: 0x0100a104, Size: 0x00000000, Max: 0x00000000, ABSOLUTE, FIXED)

    Exec Addr    Load Addr    Size         Type   Attr      Idx    E Section Name        Object

    0x0100a104        -       0x00000000   Zero   RW           11    UNUSED_0.bss        anon$$obj.o


    Execution Region OFS2 (Exec base: 0x0100a104, Load base: 0x0100a104, Size: 0x00000000, Max: 0xffffffff, ABSOLUTE, FIXED)

    **** No section assigned to this execution region ****


    Execution Region UNUSED_1 (Exec base: 0x0100a104, Load base: 0x0100a104, Size: 0x0000000c, Max: 0x0000000c, ABSOLUTE, FIXED)

    Exec Addr    Load Addr    Size         Type   Attr      Idx    E Section Name        Object

    0x0100a104        -       0x0000000c   Zero   RW           12    UNUSED_1.bss        anon$$obj.o


    Execution Region DUALSEL (Exec base: 0x0100a110, Load base: 0x0100a110, Size: 0x00000000, Max: 0xffffffff, ABSOLUTE, FIXED)

    **** No section assigned to this execution region ****


    Execution Region UNUSED_BEFORE_ID_CODE (Exec base: 0x0100a110, Load base: 0x0100a110, Size: 0x00000010, Max: 0x00000010, ABSOLUTE, FIXED)

    Exec Addr    Load Addr    Size         Type   Attr      Idx    E Section Name        Object

    0x0100a110        -       0x00000010   Zero   RW           13    UNUSED_BEFORE_ID_CODE.bss  anon$$obj.o


    Execution Region __tz_ID_CODE_S (Exec base: 0x0100a120, Load base: 0x0100a120, Size: 0x00000000, Max: 0x00000000, ABSOLUTE)

    Exec Addr    Load Addr    Size         Type   Attr      Idx    E Section Name        Object

    0x0100a120        -       0x00000000   Zero   RW           14    __tz_ID_CODE_S.bss  anon$$obj.o


    Execution Region __tz_ID_CODE_N (Exec base: 0x0100a120, Load base: 0x0100a120, Size: 0x00000000, Max: 0x00000000, ABSOLUTE)

    Exec Addr    Load Addr    Size         Type   Attr      Idx    E Section Name        Object

    0x0100a120        -       0x00000000   Zero   RW           15    __tz_ID_CODE_N.bss  anon$$obj.o


    Execution Region ID_CODE (Exec base: 0x0100a120, Load base: 0x0100a120, Size: 0x00000010, Max: 0xffffffff, ABSOLUTE, FIXED)

    Exec Addr    Load Addr    Size         Type   Attr      Idx    E Section Name        Object

    0x0100a120   0x0100a120   0x00000010   Data   RO          329    .id_code            bsp_rom_registers.o


    Execution Region UNUSED_AFTER_ID_CODE (Exec base: 0x0100a130, Load base: 0x0100a130, Size: 0x00000004, Max: 0x00000004, ABSOLUTE, FIXED)

    Exec Addr    Load Addr    Size         Type   Attr      Idx    E Section Name        Object

    0x0100a130        -       0x00000004   Zero   RW           16    UNUSED_AFTER_ID_CODE.bss  anon$$obj.o


    Execution Region SAS (Exec base: 0x0100a134, Load base: 0x0100a134, Size: 0x00000004, Max: 0xffffffff, ABSOLUTE, FIXED)

    Exec Addr    Load Addr    Size         Type   Attr      Idx    E Section Name        Object

    0x0100a134   0x0100a134   0x00000004   Data   RO          331    .option_setting_sas  bsp_rom_registers.o


    Execution Region UNUSED_3 (Exec base: 0x0100a138, Load base: 0x0100a138, Size: 0x00000048, Max: 0x00000048, ABSOLUTE, FIXED)

    Exec Addr    Load Addr    Size         Type   Attr      Idx    E Section Name        Object

    0x0100a138        -       0x00000048   Zero   RW           17    UNUSED_3.bss        anon$$obj.o


    Execution Region __tz_OPTION_SETTING_N (Exec base: 0x0100a180, Load base: 0x0100a180, Size: 0x00000000, Max: 0x00000000, ABSOLUTE)

    Exec Addr    Load Addr    Size         Type   Attr      Idx    E Section Name        Object

    0x0100a180        -       0x00000000   Zero   RW           18    __tz_OPTION_SETTING_N.bss  anon$$obj.o



  Load Region LOAD_REGION_OPTION_SETTING_S (Base: 0x0100a200, Size: 0x00000100, Max: 0x00000100, ABSOLUTE)

    Execution Region __tz_OPTION_SETTING_S_S (Exec base: 0x0100a200, Load base: 0x0100a200, Size: 0x00000000, Max: 0x00000000, ABSOLUTE)

    Exec Addr    Load Addr    Size         Type   Attr      Idx    E Section Name        Object

    0x0100a200        -       0x00000000   Zero   RW           19    __tz_OPTION_SETTING_S_S.bss  anon$$obj.o


    Execution Region OFS1_SEC (Exec base: 0x0100a200, Load base: 0x0100a200, Size: 0x00000004, Max: 0xffffffff, ABSOLUTE, FIXED)

    Exec Addr    Load Addr    Size         Type   Attr      Idx    E Section Name        Object

    0x0100a200   0x0100a200   0x00000004   Data   RO          332    .option_setting_ofs1_sec  bsp_rom_registers.o


    Execution Region UNUSED_7 (Exec base: 0x0100a204, Load base: 0x0100a204, Size: 0x00000000, Max: 0x00000000, ABSOLUTE, FIXED)

    Exec Addr    Load Addr    Size         Type   Attr      Idx    E Section Name        Object

    0x0100a204        -       0x00000000   Zero   RW           20    UNUSED_7.bss        anon$$obj.o


    Execution Region OFS3_SEC (Exec base: 0x0100a204, Load base: 0x0100a204, Size: 0x00000000, Max: 0xffffffff, ABSOLUTE, FIXED)

    **** No section assigned to this execution region ****


    Execution Region UNUSED_8 (Exec base: 0x0100a204, Load base: 0x0100a204, Size: 0x0000000c, Max: 0x0000000c, ABSOLUTE, FIXED)

    Exec Addr    Load Addr    Size         Type   Attr      Idx    E Section Name        Object

    0x0100a204        -       0x0000000c   Zero   RW           21    UNUSED_8.bss        anon$$obj.o


    Execution Region BANKSEL_SEC (Exec base: 0x0100a210, Load base: 0x0100a210, Size: 0x00000000, Max: 0xffffffff, ABSOLUTE, FIXED)

    **** No section assigned to this execution region ****


    Execution Region UNUSED_9 (Exec base: 0x0100a210, Load base: 0x0100a210, Size: 0x00000030, Max: 0x00000030, ABSOLUTE, FIXED)

    Exec Addr    Load Addr    Size         Type   Attr      Idx    E Section Name        Object

    0x0100a210        -       0x00000030   Zero   RW           22    UNUSED_9.bss        anon$$obj.o


    Execution Region BPS_SEC (Exec base: 0x0100a240, Load base: 0x0100a240, Size: 0x00000004, Max: 0xffffffff, ABSOLUTE, FIXED)

    Exec Addr    Load Addr    Size         Type   Attr      Idx    E Section Name        Object

    0x0100a240   0x0100a240   0x00000004   Data   RO          333    .option_setting_bps_sec0  bsp_rom_registers.o


    Execution Region UNUSED_10 (Exec base: 0x0100a244, Load base: 0x0100a244, Size: 0x0000001c, Max: 0x0000001c, ABSOLUTE, FIXED)

    Exec Addr    Load Addr    Size         Type   Attr      Idx    E Section Name        Object

    0x0100a244        -       0x0000001c   Zero   RW           23    UNUSED_10.bss       anon$$obj.o


    Execution Region PBPS_SEC (Exec base: 0x0100a260, Load base: 0x0100a260, Size: 0x00000004, Max: 0xffffffff, ABSOLUTE, FIXED)

    Exec Addr    Load Addr    Size         Type   Attr      Idx    E Section Name        Object

    0x0100a260   0x0100a260   0x00000004   Data   RO          334    .option_setting_pbps_sec0  bsp_rom_registers.o


    Execution Region UNUSED_11 (Exec base: 0x0100a264, Load base: 0x0100a264, Size: 0x0000001c, Max: 0x0000001c, ABSOLUTE, FIXED)

    Exec Addr    Load Addr    Size         Type   Attr      Idx    E Section Name        Object

    0x0100a264        -       0x0000001c   Zero   RW           24    UNUSED_11.bss       anon$$obj.o


    Execution Region OFS1_SEL (Exec base: 0x0100a280, Load base: 0x0100a280, Size: 0x00000000, Max: 0xffffffff, ABSOLUTE, FIXED)

    **** No section assigned to this execution region ****


    Execution Region UNUSED_12 (Exec base: 0x0100a280, Load base: 0x0100a280, Size: 0x00000004, Max: 0x00000004, ABSOLUTE, FIXED)

    Exec Addr    Load Addr    Size         Type   Attr      Idx    E Section Name        Object

    0x0100a280        -       0x00000004   Zero   RW           25    UNUSED_12.bss       anon$$obj.o


    Execution Region OFS3_SEL (Exec base: 0x0100a284, Load base: 0x0100a284, Size: 0x00000000, Max: 0xffffffff, ABSOLUTE, FIXED)

    **** No section assigned to this execution region ****


    Execution Region UNUSED_13 (Exec base: 0x0100a284, Load base: 0x0100a284, Size: 0x0000000c, Max: 0x0000000c, ABSOLUTE, FIXED)

    Exec Addr    Load Addr    Size         Type   Attr      Idx    E Section Name        Object

    0x0100a284        -       0x0000000c   Zero   RW           26    UNUSED_13.bss       anon$$obj.o


    Execution Region BANKSEL_SEL (Exec base: 0x0100a290, Load base: 0x0100a290, Size: 0x00000000, Max: 0xffffffff, ABSOLUTE, FIXED)

    **** No section assigned to this execution region ****


    Execution Region UNUSED_14 (Exec base: 0x0100a290, Load base: 0x0100a290, Size: 0x00000030, Max: 0x00000030, ABSOLUTE, FIXED)

    Exec Addr    Load Addr    Size         Type   Attr      Idx    E Section Name        Object

    0x0100a290        -       0x00000030   Zero   RW           27    UNUSED_14.bss       anon$$obj.o


    Execution Region BPS_SEL (Exec base: 0x0100a2c0, Load base: 0x0100a2c0, Size: 0x00000000, Max: 0xffffffff, ABSOLUTE, FIXED)

    **** No section assigned to this execution region ****


    Execution Region UNUSED_15 (Exec base: 0x0100a2c0, Load base: 0x0100a2c0, Size: 0x00000040, Max: 0x00000040, ABSOLUTE, FIXED)

    Exec Addr    Load Addr    Size         Type   Attr      Idx    E Section Name        Object

    0x0100a2c0        -       0x00000040   Zero   RW           28    UNUSED_15.bss       anon$$obj.o


    Execution Region __tz_OPTION_SETTING_S_N (Exec base: 0x0100a300, Load base: 0x0100a300, Size: 0x00000000, Max: 0x00000000, ABSOLUTE)

    Exec Addr    Load Addr    Size         Type   Attr      Idx    E Section Name        Object

    0x0100a300        -       0x00000000   Zero   RW           29    __tz_OPTION_SETTING_S_N.bss  anon$$obj.o



  Load Region LOAD_REGION_DATA_FLASH (Base: 0x08000000, Size: 0x00000000, Max: 0x00001000, ABSOLUTE)

    Execution Region __tz_DATA_FLASH_S (Exec base: 0x08000000, Load base: 0x08000000, Size: 0x00000000, Max: 0x00000000, ABSOLUTE)

    Exec Addr    Load Addr    Size         Type   Attr      Idx    E Section Name        Object

    0x08000000        -       0x00000000   Zero   RW           30    __tz_DATA_FLASH_S.bss  anon$$obj.o


    Execution Region DATA_FLASH (Exec base: 0x08000000, Load base: 0x08000000, Size: 0x00000000, Max: 0xffffffff, ABSOLUTE)

    **** No section assigned to this execution region ****


    Execution Region __tz_DATA_FLASH_N (Exec base: 0x08000000, Load base: 0x08000000, Size: 0x00000000, Max: 0x00000000, ABSOLUTE)

    Exec Addr    Load Addr    Size         Type   Attr      Idx    E Section Name        Object

    0x08000000        -       0x00000000   Zero   RW           31    __tz_DATA_FLASH_N.bss  anon$$obj.o



  Load Region LOAD_REGION_QSPI_FLASH (Base: 0x60000000, Size: 0x00000000, Max: 0x00000000, ABSOLUTE)

    Execution Region __tz_QSPI_FLASH_S (Exec base: 0x60000000, Load base: 0x60000000, Size: 0x00000000, Max: 0x00000000, ABSOLUTE)

    Exec Addr    Load Addr    Size         Type   Attr      Idx    E Section Name        Object

    0x60000000        -       0x00000000   Zero   RW           32    __tz_QSPI_FLASH_S.bss  anon$$obj.o


    Execution Region QSPI_FLASH (Exec base: 0x60000000, Load base: 0x60000000, Size: 0x00000000, Max: 0xffffffff, ABSOLUTE, FIXED)

    **** No section assigned to this execution region ****


    Execution Region __tz_QSPI_FLASH_N (Exec base: 0x60000000, Load base: 0x60000000, Size: 0x00000000, Max: 0x00000000, ABSOLUTE)

    Exec Addr    Load Addr    Size         Type   Attr      Idx    E Section Name        Object

    0x60000000        -       0x00000000   Zero   RW           33    __tz_QSPI_FLASH_N.bss  anon$$obj.o



  Load Region LOAD_REGION_OSPI_DEVICE_0 (Base: 0x80020000, Size: 0x00000000, Max: 0x00000000, ABSOLUTE)

    Execution Region __tz_OSPI_DEVICE_0_S (Exec base: 0x80020000, Load base: 0x80020000, Size: 0x00000000, Max: 0x00000000, ABSOLUTE)

    Exec Addr    Load Addr    Size         Type   Attr      Idx    E Section Name        Object

    0x80020000        -       0x00000000   Zero   RW           34    __tz_OSPI_DEVICE_0_S.bss  anon$$obj.o


    Execution Region OSPI_DEVICE_0 (Exec base: 0x80020000, Load base: 0x80020000, Size: 0x00000000, Max: 0xffffffff, ABSOLUTE, FIXED)

    **** No section assigned to this execution region ****


    Execution Region __tz_OSPI_DEVICE_0_N (Exec base: 0x80020000, Load base: 0x80020000, Size: 0x00000000, Max: 0x00000000, ABSOLUTE)

    Exec Addr    Load Addr    Size         Type   Attr      Idx    E Section Name        Object

    0x80020000        -       0x00000000   Zero   RW           35    __tz_OSPI_DEVICE_0_N.bss  anon$$obj.o



  Load Region LOAD_REGION_OSPI_DEVICE_1 (Base: 0x80030000, Size: 0x00000000, Max: 0x00000000, ABSOLUTE)

    Execution Region __tz_OSPI_DEVICE_1_S (Exec base: 0x80030000, Load base: 0x80030000, Size: 0x00000000, Max: 0x00000000, ABSOLUTE)

    Exec Addr    Load Addr    Size         Type   Attr      Idx    E Section Name        Object

    0x80030000        -       0x00000000   Zero   RW           36    __tz_OSPI_DEVICE_1_S.bss  anon$$obj.o


    Execution Region OSPI_DEVICE_1 (Exec base: 0x80030000, Load base: 0x80030000, Size: 0x00000000, Max: 0xffffffff, ABSOLUTE, FIXED)

    **** No section assigned to this execution region ****


    Execution Region __tz_OSPI_DEVICE_1_N (Exec base: 0x80030000, Load base: 0x80030000, Size: 0x00000000, Max: 0x00000000, ABSOLUTE)

    Exec Addr    Load Addr    Size         Type   Attr      Idx    E Section Name        Object

    0x80030000        -       0x00000000   Zero   RW           37    __tz_OSPI_DEVICE_1_N.bss  anon$$obj.o



  Load Region LOAD_REGION_SDRAM (Base: 0x80010000, Size: 0x00000000, Max: 0x00000000, ABSOLUTE)

    Execution Region __tz_SDRAM_S (Exec base: 0x80010000, Load base: 0x80010000, Size: 0x00000000, Max: 0x00000000, ABSOLUTE)

    Exec Addr    Load Addr    Size         Type   Attr      Idx    E Section Name        Object

    0x80010000        -       0x00000000   Zero   RW           38    __tz_SDRAM_S.bss    anon$$obj.o


    Execution Region SDRAM (Exec base: 0x80010000, Load base: 0x80010000, Size: 0x00000000, Max: 0xffffffff, ABSOLUTE, FIXED)

    **** No section assigned to this execution region ****


    Execution Region __tz_SDRAM_N (Exec base: 0x80010000, Load base: 0x80010000, Size: 0x00000000, Max: 0x00000000, ABSOLUTE)

    Exec Addr    Load Addr    Size         Type   Attr      Idx    E Section Name        Object

    0x80010000        -       0x00000000   Zero   RW           39    __tz_SDRAM_N.bss    anon$$obj.o


==============================================================================

Image component sizes


      Code (inc. data)   RO Data    RW Data    ZI Data      Debug   Object Name

         2          0          0          0          0        659   board_init.o
         0          0         12          0          0        932   board_leds.o
       294          0          0          0         24      28023   bsp_clocks.o
        20          0         78          0          0       9826   bsp_common.o
        80          0          0          0          0       1805   bsp_delay.o
        54          0          0          0         64      13802   bsp_group_irq.o
         0          0          0          0          4        685   bsp_io.o
       146          0          0          0        384      14218   bsp_irq.o
       160          0          8          0          8      22268   bsp_register_protection.o
         0          0         36          0          0        922   bsp_rom_registers.o
         0          0         32          0         28      19433   common_data.o
       484        304         28          0          0      10641   ext_irq_setup.o
         0          0        144          0         48      33793   hal_data.o
       858        144       1152          0          0      40017   hal_entry.o
        10          0          0          0          0        612   main.o
         0          0         64          0          0       8158   pin_data.o
       886          0          0          0          0      73088   r_gpt.o
       462          0          0          0          0      18701   r_icu.o
       456         12          0          0          0      35145   r_ioport.o
       176          0          7          0          0      35957   r_wdt.o
       736         20          9          0       1208      21913   segger_rtt.o
      1062         26          0          0          0       4966   segger_rtt_printf.o
        14          0         64          0       2048       1136   startup.o
       240          0          0          0          4       8632   system.o
       468        216          0          0          8      18468   timer_setup.o
         0          0        768          0          0       6565   vector_data.o

    ----------------------------------------------------------------------
      6618        722       2404          0       4184     430365   Object Totals
         0          0          0          0        356          0   (incl. Generated)
        10          0          2          0          0          0   (incl. Padding)

    ----------------------------------------------------------------------

      Code (inc. data)   RO Data    RW Data    ZI Data      Debug   Library Member Name

        28          0          0          0          0         68   _chval.o
       158          0          0          0          0         92   _strtoul.o
        26          0          0          0          0         80   atoi.o
         8          4        133          0          0         68   ctype_o.o
         8          4          0          4          0         68   errno.o
        36          0          0          0          0         68   memcpya.o
        36          0          0          0          0        108   memseta.o
       112          0          0          0          0         88   strtol.o

    ----------------------------------------------------------------------
       414          8        136          4          0        640   Library Totals
         2          0          3          0          0          0   (incl. Padding)

    ----------------------------------------------------------------------

      Code (inc. data)   RO Data    RW Data    ZI Data      Debug   Library Name

       412          8        133          4          0        640   mc_w.l

    ----------------------------------------------------------------------
       414          8        136          4          0        640   Library Totals

    ----------------------------------------------------------------------

==============================================================================


      Code (inc. data)   RO Data    RW Data    ZI Data      Debug   

      7032        730       2540          4       4184     430437   Grand Totals
      7032        730       2540          4       4184     430437   ELF Image Totals
      7032        730       2540          4          0          0   ROM Totals

==============================================================================

    Total RO  Size (Code + RO Data)                 9572 (   9.35kB)
    Total RW  Size (RW Data + ZI Data)              4188 (   4.09kB)
    Total ROM Size (Code + RO Data + RW Data)       9576 (   9.35kB)

==============================================================================

