T8DF0 000:017.506   SEGGER J-Link V9.14a Log File
T8DF0 000:018.680   DLL Compiled: Jan 28 2026 17:11:52
T8DF0 000:018.721   Logging started @ 2026-03-10 03:49
T8DF0 000:018.755   Process: C:\Users\trung.tran-quoc\.eclipse\com.renesas.platform_121336757\DebugComp\RA\e2-server-gdb.exe
T8DF0 000:019.406 - 18.799ms 
T8DF0 000:019.506 JLINK_GetDLLVersion()
T8DF0 000:019.541 - 0.037ms returns 91401
T8DF0 000:049.506 JLINK_OpenEx(...)
T8DF0 000:080.215   Firmware: J-Link OB-RA4M2 compiled Dec 10 2025 15:52:53
T8DF0 000:082.030   Firmware: J-Link OB-RA4M2 compiled Dec 10 2025 15:52:53
T8DF0 000:097.383   Hardware: V1.00
T8DF0 000:097.502   S/N: 1082531270
T8DF0 000:097.554   OEM: SEGGER
T8DF0 000:097.897   Feature(s): None
T8DF0 000:099.496   Bootloader: 2021 May 14
T8DF0 000:100.165   USB speed mode: Full speed (12 MBit/s)
T8DF0 000:101.287   TELNET listener socket opened on port 19021
T8DF0 000:102.051   WEBSRV WEBSRV_Init(): Starting webserver thread(s)
T8DF0 000:102.552   WEBSRV Webserver running on local port 19080
T8DF0 000:102.895   Looking for J-Link GUI Server exe at: C:\Users\trung.tran-quoc\.eclipse\com.renesas.platform_121336757\DebugComp\RA\ARM\Segger_v9.14.1\JLinkGUIServer.exe
T8DF0 000:103.156   Looking for J-Link GUI Server exe at: C:\Users\trung.tran-quoc\SEGGER\JLink_V892\JLinkGUIServer.exe
T8DF0 000:103.231   Forking J-Link GUI Server: C:\Users\trung.tran-quoc\SEGGER\JLink_V892\JLinkGUIServer.exe
T8DF0 000:444.298   J-Link GUI Server info: "J-Link GUI server V8.92 "
T8DF0 000:638.240 - 588.728ms returns "O.K."
T8DF0 000:638.495 JLINK_TIF_Select(JLINKARM_TIF_SWD)
T8DF0 000:639.327 - 0.832ms returns 0x00
T8DF0 000:639.368 JLINK_ClrRESET()
T8DF0 000:639.639 - 0.270ms 
T8DF0 000:690.017 JLINK_SetSpeed(1500)
T8DF0 000:690.367 - 0.361ms 
T8DF0 000:690.445 JLINK_CORESIGHT_Configure(PerformTIFInit=0)
T8DF0 000:691.140 - 0.698ms returns 0
T8DF0 000:691.180 JLINK_CORESIGHT_ReadAPDPReg(DP reg 0x00)
T8DF0 000:691.771   Value=0x6BA02477
T8DF0 000:691.799 - 0.622ms returns 0
T8DF0 000:691.822 JLINK_CORESIGHT_WriteAPDPReg(DP reg 0x00, 0x0000001F)
T8DF0 000:692.149 - 0.327ms returns 0
T8DF0 000:692.177 JLINK_CORESIGHT_ReadAPDPReg(DP reg 0x00)
T8DF0 000:692.432   Value=0x6BA02477
T8DF0 000:692.462 - 0.285ms returns 0
T8DF0 000:692.486 JLINK_CORESIGHT_WriteAPDPReg(DP reg 0x02, 0x00000000)
T8DF0 000:692.757 - 0.271ms returns 0
T8DF0 000:692.785 JLINK_CORESIGHT_WriteAPDPReg(DP reg 0x01, 0x50000000)
T8DF0 000:693.067 - 0.282ms returns 0
T8DF0 000:693.097 JLINK_CORESIGHT_ReadAPDPReg(DP reg 0x01)
T8DF0 000:693.329   Value=0xF0000040
T8DF0 000:693.360 - 0.262ms returns 0
T8DF0 000:693.383 JLINK_CORESIGHT_WriteAPDPReg(DP reg 0x00, 0x0000001F)
T8DF0 000:693.610 - 0.227ms returns 0
T8DF0 000:693.639 JLINK_CORESIGHT_ReadAPDPReg(DP reg 0x00)
T8DF0 000:693.882   Value=0x6BA02477
T8DF0 000:693.914 - 0.275ms returns 0
T8DF0 000:693.937 JLINK_CORESIGHT_WriteAPDPReg(DP reg 0x01, 0x54000000)
T8DF0 000:694.164 - 0.227ms returns 0
T8DF0 000:694.192 JLINK_CORESIGHT_WriteAPDPReg(DP reg 0x01, 0x50000F00)
T8DF0 000:694.447 - 0.255ms returns 0
T8DF0 000:694.476 JLINK_CORESIGHT_WriteAPDPReg(DP reg 0x02, 0x01000000)
T8DF0 000:694.704 - 0.228ms returns 0
T8DF0 000:694.732 JLINK_CORESIGHT_WriteAPDPReg(AP reg 0x00, 0x80000002)
T8DF0 000:694.991 - 0.259ms returns 0
T8DF0 000:695.019 JLINK_CORESIGHT_WriteAPDPReg(AP reg 0x01, 0x80011100)
T8DF0 000:695.277 - 0.257ms returns 0
T8DF0 000:695.306 JLINK_CORESIGHT_WriteAPDPReg(AP reg 0x03, 0x000000A5)
T8DF0 000:695.529 - 0.224ms returns 0
T8DF0 000:695.557 JLINK_CORESIGHT_WriteAPDPReg(AP reg 0x00, 0x80000002)
T8DF0 000:695.798 - 0.240ms returns 0
T8DF0 000:695.826 JLINK_CORESIGHT_WriteAPDPReg(AP reg 0x01, 0x80011100)
T8DF0 000:696.059 - 0.233ms returns 0
T8DF0 000:696.088 JLINK_CORESIGHT_ReadAPDPReg(AP reg 0x03)
T8DF0 000:696.372   Value=0x000000A5
T8DF0 000:696.402 - 0.314ms returns 0
T8DF0 000:696.425 JLINK_ClrTMS()
T8DF0 000:696.521 - 0.095ms 
T8DF0 000:701.897 JLINK_SetTCK()
T8DF0 000:702.123 - 0.224ms returns 0
T8DF0 000:707.915 JLINK_SetRESET()
T8DF0 000:708.221 - 0.306ms 
T8DF0 000:909.031 JLINK_CORESIGHT_WriteAPDPReg(AP reg 0x00, 0x80000002)
T8DF0 000:909.359 - 0.330ms returns 0
T8DF0 000:909.391 JLINK_CORESIGHT_WriteAPDPReg(AP reg 0x01, 0x80011100)
T8DF0 000:909.698 - 0.308ms returns 0
T8DF0 000:909.718 JLINK_CORESIGHT_ReadAPDPReg(AP reg 0x03)
T8DF0 000:910.051   Value=0x00000000
T8DF0 000:910.076 - 0.357ms returns 0
T8DF0 000:910.098 JLINK_CORESIGHT_WriteAPDPReg(AP reg 0x00, 0x80000002)
T8DF0 000:910.320 - 0.221ms returns 0
T8DF0 000:910.364 JLINK_CORESIGHT_WriteAPDPReg(AP reg 0x01, 0x80011140)
T8DF0 000:910.585 - 0.221ms returns 0
T8DF0 000:910.610 JLINK_CORESIGHT_ReadAPDPReg(AP reg 0x03)
T8DF0 000:910.877   Value=0x00000002
T8DF0 000:910.907 - 0.296ms returns 0
T8DF0 000:910.927 JLINK_CORESIGHT_WriteAPDPReg(AP reg 0x00, 0x80000002)
T8DF0 000:911.147 - 0.219ms returns 0
T8DF0 000:911.166 JLINK_CORESIGHT_WriteAPDPReg(AP reg 0x01, 0x80011120)
T8DF0 000:911.388 - 0.222ms returns 0
T8DF0 000:911.408 JLINK_CORESIGHT_WriteAPDPReg(AP reg 0x03, 0x00000055)
T8DF0 000:911.619 - 0.211ms returns 0
T8DF0 000:911.638 JLINK_CORESIGHT_WriteAPDPReg(AP reg 0x00, 0x80000002)
T8DF0 000:911.878 - 0.239ms returns 0
T8DF0 000:911.897 JLINK_CORESIGHT_WriteAPDPReg(AP reg 0x01, 0x80011140)
T8DF0 000:912.110 - 0.212ms returns 0
T8DF0 000:912.130 JLINK_CORESIGHT_ReadAPDPReg(AP reg 0x03)
T8DF0 000:912.404   Value=0x00000002
T8DF0 000:912.430 - 0.300ms returns 0
T8DF0 000:912.448 JLINK_CORESIGHT_ReadAPDPReg(AP reg 0x03)
T8DF0 000:912.720   Value=0x00000002
T8DF0 000:912.743 - 0.295ms returns 0
T8DF0 000:912.760 JLINK_CORESIGHT_ReadAPDPReg(AP reg 0x03)
T8DF0 000:913.041   Value=0x00000002
T8DF0 000:913.064 - 0.303ms returns 0
T8DF0 000:913.081 JLINK_CORESIGHT_ReadAPDPReg(AP reg 0x03)
T8DF0 000:913.323   Value=0x00000002
T8DF0 000:913.346 - 0.264ms returns 0
T8DF0 000:913.363 JLINK_CORESIGHT_ReadAPDPReg(AP reg 0x03)
T8DF0 000:913.596   Value=0x00000002
T8DF0 000:913.619 - 0.255ms returns 0
T8DF0 000:913.636 JLINK_CORESIGHT_ReadAPDPReg(AP reg 0x03)
T8DF0 000:913.910   Value=0x00000002
T8DF0 000:913.933 - 0.297ms returns 0
T8DF0 000:914.003 JLINK_CORESIGHT_ReadAPDPReg(AP reg 0x03)
T8DF0 000:914.420   Value=0x00000002
T8DF0 000:914.481 - 0.477ms returns 0
T8DF0 000:914.512 JLINK_CORESIGHT_ReadAPDPReg(AP reg 0x03)
T8DF0 000:914.929   Value=0x00000002
T8DF0 000:914.990 - 0.478ms returns 0
T8DF0 000:915.022 JLINK_CORESIGHT_ReadAPDPReg(AP reg 0x03)
T8DF0 000:915.401   Value=0x00000002
T8DF0 000:915.440 - 0.417ms returns 0
T8DF0 000:915.461 JLINK_CORESIGHT_ReadAPDPReg(AP reg 0x03)
T8DF0 000:915.782   Value=0x00000002
T8DF0 000:915.810 - 0.349ms returns 0
T8DF0 000:915.828 JLINK_CORESIGHT_ReadAPDPReg(AP reg 0x03)
T8DF0 000:916.176   Value=0x00000002
T8DF0 000:916.213 - 0.384ms returns 0
T8DF0 000:916.233 JLINK_CORESIGHT_ReadAPDPReg(AP reg 0x03)
T8DF0 000:916.519   Value=0x00000002
T8DF0 000:916.543 - 0.309ms returns 0
T8DF0 000:916.559 JLINK_CORESIGHT_ReadAPDPReg(AP reg 0x03)
T8DF0 000:916.878   Value=0x00000002
T8DF0 000:916.900 - 0.340ms returns 0
T8DF0 000:916.917 JLINK_CORESIGHT_ReadAPDPReg(AP reg 0x03)
T8DF0 000:917.248   Value=0x00000002
T8DF0 000:917.271 - 0.354ms returns 0
T8DF0 000:917.287 JLINK_CORESIGHT_ReadAPDPReg(AP reg 0x03)
T8DF0 000:917.583   Value=0x00000002
T8DF0 000:917.606 - 0.318ms returns 0
T8DF0 000:917.622 JLINK_CORESIGHT_ReadAPDPReg(AP reg 0x03)
T8DF0 000:917.909   Value=0x00000002
T8DF0 000:917.931 - 0.309ms returns 0
T8DF0 000:917.947 JLINK_CORESIGHT_ReadAPDPReg(AP reg 0x03)
T8DF0 000:918.207   Value=0x00000002
T8DF0 000:918.232 - 0.284ms returns 0
T8DF0 000:918.249 JLINK_CORESIGHT_ReadAPDPReg(AP reg 0x03)
T8DF0 000:918.490   Value=0x00000002
T8DF0 000:918.513 - 0.263ms returns 0
T8DF0 000:918.529 JLINK_CORESIGHT_ReadAPDPReg(AP reg 0x03)
T8DF0 000:918.794   Value=0x00000002
T8DF0 000:918.816 - 0.287ms returns 0
T8DF0 000:918.833 JLINK_CORESIGHT_ReadAPDPReg(AP reg 0x03)
T8DF0 000:919.088   Value=0x00000002
T8DF0 000:919.111 - 0.279ms returns 0
T8DF0 000:919.128 JLINK_CORESIGHT_ReadAPDPReg(AP reg 0x03)
T8DF0 000:919.408   Value=0x00000002
T8DF0 000:919.436 - 0.308ms returns 0
T8DF0 000:919.454 JLINK_CORESIGHT_ReadAPDPReg(AP reg 0x03)
T8DF0 000:919.734   Value=0x00000002
T8DF0 000:919.760 - 0.305ms returns 0
T8DF0 000:919.777 JLINK_CORESIGHT_ReadAPDPReg(AP reg 0x03)
T8DF0 000:920.025   Value=0x00000002
T8DF0 000:920.047 - 0.270ms returns 0
T8DF0 000:920.064 JLINK_CORESIGHT_ReadAPDPReg(AP reg 0x03)
T8DF0 000:920.337   Value=0x00000002
T8DF0 000:920.359 - 0.294ms returns 0
T8DF0 000:920.375 JLINK_CORESIGHT_ReadAPDPReg(AP reg 0x03)
T8DF0 000:920.657   Value=0x00000002
T8DF0 000:920.680 - 0.304ms returns 0
T8DF0 000:920.696 JLINK_CORESIGHT_ReadAPDPReg(AP reg 0x03)
T8DF0 000:920.945   Value=0x00000002
T8DF0 000:920.969 - 0.273ms returns 0
T8DF0 000:920.986 JLINK_CORESIGHT_ReadAPDPReg(AP reg 0x03)
T8DF0 000:921.233   Value=0x00000002
T8DF0 000:921.256 - 0.270ms returns 0
T8DF0 000:921.273 JLINK_CORESIGHT_ReadAPDPReg(AP reg 0x03)
T8DF0 000:921.516   Value=0x00000002
T8DF0 000:921.543 - 0.270ms returns 0
T8DF0 000:921.560 JLINK_CORESIGHT_ReadAPDPReg(AP reg 0x03)
T8DF0 000:921.798   Value=0x00000002
T8DF0 000:921.824 - 0.264ms returns 0
T8DF0 000:921.841 JLINK_CORESIGHT_ReadAPDPReg(AP reg 0x03)
T8DF0 000:922.093   Value=0x00000002
T8DF0 000:922.116 - 0.274ms returns 0
T8DF0 000:922.132 JLINK_CORESIGHT_ReadAPDPReg(AP reg 0x03)
T8DF0 000:922.413   Value=0x00000002
T8DF0 000:922.436 - 0.303ms returns 0
T8DF0 000:922.452 JLINK_CORESIGHT_ReadAPDPReg(AP reg 0x03)
T8DF0 000:922.692   Value=0x00000002
T8DF0 000:922.714 - 0.261ms returns 0
T8DF0 000:922.731 JLINK_CORESIGHT_ReadAPDPReg(AP reg 0x03)
T8DF0 000:923.049   Value=0x00000000
T8DF0 000:923.071 - 0.341ms returns 0
T8DF0 000:923.089 JLINK_CORESIGHT_WriteAPDPReg(AP reg 0x00, 0x80000002)
T8DF0 000:923.300 - 0.211ms returns 0
T8DF0 000:923.319 JLINK_CORESIGHT_WriteAPDPReg(AP reg 0x01, 0x80011130)
T8DF0 000:923.530 - 0.211ms returns 0
T8DF0 000:923.548 JLINK_CORESIGHT_ReadAPDPReg(AP reg 0x03)
T8DF0 000:923.877   Value=0x000000C6
T8DF0 000:923.900 - 0.351ms returns 0
T8DF0 000:923.933 JLINK_CORESIGHT_WriteAPDPReg(AP reg 0x00, 0x80000002)
T8DF0 000:924.187 - 0.253ms returns 0
T8DF0 000:924.207 JLINK_CORESIGHT_WriteAPDPReg(AP reg 0x01, 0x80011140)
T8DF0 000:924.416 - 0.209ms returns 0
T8DF0 000:924.434 JLINK_CORESIGHT_ReadAPDPReg(AP reg 0x03)
T8DF0 000:924.708   Value=0x00000002
T8DF0 000:924.730 - 0.296ms returns 0
T8DF0 000:924.747 JLINK_CORESIGHT_WriteAPDPReg(AP reg 0x00, 0x80000002)
T8DF0 000:925.083 - 0.335ms returns 0
T8DF0 000:925.152 JLINK_CORESIGHT_WriteAPDPReg(AP reg 0x01, 0x80011120)
T8DF0 000:925.513 - 0.360ms returns 0
T8DF0 000:925.538 JLINK_CORESIGHT_WriteAPDPReg(AP reg 0x03, 0x3A010001)
T8DF0 000:925.887 - 0.349ms returns 0
T8DF0 000:925.922 JLINK_CORESIGHT_WriteAPDPReg(AP reg 0x00, 0x80000002)
T8DF0 000:926.211 - 0.289ms returns 0
T8DF0 000:926.243 JLINK_CORESIGHT_WriteAPDPReg(AP reg 0x01, 0x80011140)
T8DF0 000:926.502 - 0.259ms returns 0
T8DF0 000:926.523 JLINK_CORESIGHT_ReadAPDPReg(AP reg 0x03)
T8DF0 000:926.842   Value=0x00000002
T8DF0 000:926.899 - 0.376ms returns 0
T8DF0 000:926.945 JLINK_CORESIGHT_WriteAPDPReg(AP reg 0x00, 0x80000002)
T8DF0 000:927.215 - 0.271ms returns 0
T8DF0 000:927.235 JLINK_CORESIGHT_WriteAPDPReg(AP reg 0x01, 0x80011120)
T8DF0 000:927.453 - 0.217ms returns 0
T8DF0 000:927.474 JLINK_CORESIGHT_WriteAPDPReg(AP reg 0x03, 0x000003C5)
T8DF0 000:927.710 - 0.236ms returns 0
T8DF0 000:927.735 JLINK_CORESIGHT_WriteAPDPReg(AP reg 0x00, 0x80000002)
T8DF0 000:927.988 - 0.253ms returns 0
T8DF0 000:928.007 JLINK_CORESIGHT_WriteAPDPReg(AP reg 0x01, 0x80011140)
T8DF0 000:928.360 - 0.353ms returns 0
T8DF0 000:928.393 JLINK_CORESIGHT_ReadAPDPReg(AP reg 0x03)
T8DF0 000:928.698   Value=0x00000002
T8DF0 000:928.721 - 0.328ms returns 0
T8DF0 000:928.739 JLINK_CORESIGHT_ReadAPDPReg(AP reg 0x03)
T8DF0 000:929.031   Value=0x00000000
T8DF0 000:929.062 - 0.322ms returns 0
T8DF0 000:929.083 JLINK_CORESIGHT_WriteAPDPReg(AP reg 0x00, 0x80000002)
T8DF0 000:929.319 - 0.236ms returns 0
T8DF0 000:929.345 JLINK_CORESIGHT_WriteAPDPReg(AP reg 0x01, 0x80011130)
T8DF0 000:929.557 - 0.212ms returns 0
T8DF0 000:929.577 JLINK_CORESIGHT_ReadAPDPReg(AP reg 0x03)
T8DF0 000:929.911   Value=0x3A2A0081
T8DF0 000:929.936 - 0.359ms returns 0
T8DF0 000:929.953 JLINK_CORESIGHT_WriteAPDPReg(AP reg 0x00, 0x80000002)
T8DF0 000:930.169 - 0.216ms returns 0
T8DF0 000:930.195 JLINK_CORESIGHT_WriteAPDPReg(AP reg 0x01, 0x80011140)
T8DF0 000:930.492 - 0.296ms returns 0
T8DF0 000:930.520 JLINK_CORESIGHT_ReadAPDPReg(AP reg 0x03)
T8DF0 000:930.898   Value=0x00000000
T8DF0 000:930.931 - 0.410ms returns 0
T8DF0 000:930.960 JLINK_CORESIGHT_WriteAPDPReg(AP reg 0x00, 0x80000002)
T8DF0 000:931.280 - 0.318ms returns 0
T8DF0 000:931.344 JLINK_CORESIGHT_WriteAPDPReg(AP reg 0x01, 0x80011130)
T8DF0 000:931.602 - 0.258ms returns 0
T8DF0 000:931.652 JLINK_CORESIGHT_ReadAPDPReg(AP reg 0x03)
T8DF0 000:931.969   Value=0x808D5B00
T8DF0 000:932.039 - 0.387ms returns 0
T8DF0 000:932.069 JLINK_CORESIGHT_WriteAPDPReg(AP reg 0x00, 0x80000002)
T8DF0 000:932.352 - 0.261ms returns 0
T8DF0 000:932.382 JLINK_CORESIGHT_WriteAPDPReg(AP reg 0x01, 0x80011140)
T8DF0 000:932.632 - 0.249ms returns 0
T8DF0 000:932.660 JLINK_CORESIGHT_ReadAPDPReg(AP reg 0x03)
T8DF0 000:932.982   Value=0x00000000
T8DF0 000:933.042 - 0.382ms returns 0
T8DF0 000:933.093 JLINK_CORESIGHT_WriteAPDPReg(AP reg 0x00, 0x80000002)
T8DF0 000:933.368 - 0.274ms returns 0
T8DF0 000:933.407 JLINK_CORESIGHT_WriteAPDPReg(AP reg 0x01, 0x80011130)
T8DF0 000:933.690 - 0.283ms returns 0
T8DF0 000:933.721 JLINK_CORESIGHT_ReadAPDPReg(AP reg 0x03)
T8DF0 000:934.054   Value=0x0406070A
T8DF0 000:934.082 - 0.361ms returns 0
T8DF0 000:934.103 JLINK_CORESIGHT_WriteAPDPReg(AP reg 0x00, 0x80000002)
T8DF0 000:934.331 - 0.228ms returns 0
T8DF0 000:934.364 JLINK_CORESIGHT_WriteAPDPReg(AP reg 0x01, 0x80011140)
T8DF0 000:934.591 - 0.227ms returns 0
T8DF0 000:934.637 JLINK_CORESIGHT_ReadAPDPReg(AP reg 0x03)
T8DF0 000:934.947   Value=0x00000000
T8DF0 000:934.975 - 0.338ms returns 0
T8DF0 000:934.996 JLINK_CORESIGHT_WriteAPDPReg(AP reg 0x00, 0x80000002)
T8DF0 000:935.209 - 0.213ms returns 0
T8DF0 000:935.231 JLINK_CORESIGHT_WriteAPDPReg(AP reg 0x01, 0x80011130)
T8DF0 000:935.459 - 0.228ms returns 0
T8DF0 000:935.484 JLINK_CORESIGHT_ReadAPDPReg(AP reg 0x03)
T8DF0 000:935.767   Value=0x3154540B
T8DF0 000:935.801 - 0.317ms returns 0
T8DF0 000:935.822 JLINK_CORESIGHT_WriteAPDPReg(AP reg 0x00, 0x80000002)
T8DF0 000:936.088 - 0.266ms returns 0
T8DF0 000:936.118 JLINK_CORESIGHT_WriteAPDPReg(AP reg 0x01, 0x80011140)
T8DF0 000:936.346 - 0.227ms returns 0
T8DF0 000:936.369 JLINK_CORESIGHT_ReadAPDPReg(AP reg 0x03)
T8DF0 000:936.753   Value=0x00000000
T8DF0 000:936.784 - 0.414ms returns 0
T8DF0 000:936.805 JLINK_CORESIGHT_WriteAPDPReg(AP reg 0x00, 0x80000002)
T8DF0 000:937.058 - 0.253ms returns 0
T8DF0 000:937.081 JLINK_CORESIGHT_WriteAPDPReg(AP reg 0x01, 0x80011130)
T8DF0 000:937.293 - 0.212ms returns 0
T8DF0 000:937.317 JLINK_CORESIGHT_ReadAPDPReg(AP reg 0x03)
T8DF0 000:937.591   Value=0x545D1177
T8DF0 000:937.614 - 0.297ms returns 0
T8DF0 000:937.634 JLINK_CORESIGHT_WriteAPDPReg(AP reg 0x00, 0x80000002)
T8DF0 000:937.882 - 0.249ms returns 0
T8DF0 000:937.904 JLINK_CORESIGHT_WriteAPDPReg(AP reg 0x01, 0x80011140)
T8DF0 000:938.148 - 0.244ms returns 0
T8DF0 000:938.170 JLINK_CORESIGHT_ReadAPDPReg(AP reg 0x03)
T8DF0 000:938.492   Value=0x00000000
T8DF0 000:938.525 - 0.355ms returns 0
T8DF0 000:938.547 JLINK_CORESIGHT_WriteAPDPReg(AP reg 0x00, 0x80000002)
T8DF0 000:938.891 - 0.343ms returns 0
T8DF0 000:938.947 JLINK_CORESIGHT_WriteAPDPReg(AP reg 0x01, 0x80011130)
T8DF0 000:939.184 - 0.237ms returns 0
T8DF0 000:939.229 JLINK_CORESIGHT_ReadAPDPReg(AP reg 0x03)
T8DF0 000:939.578   Value=0x37395636
T8DF0 000:939.602 - 0.373ms returns 0
T8DF0 000:939.622 JLINK_CORESIGHT_WriteAPDPReg(AP reg 0x00, 0x80000002)
T8DF0 000:939.882 - 0.260ms returns 0
T8DF0 000:939.906 JLINK_CORESIGHT_WriteAPDPReg(AP reg 0x01, 0x80011140)
T8DF0 000:940.142 - 0.235ms returns 0
T8DF0 000:940.166 JLINK_CORESIGHT_ReadAPDPReg(AP reg 0x03)
T8DF0 000:940.533   Value=0x00000000
T8DF0 000:940.560 - 0.394ms returns 0
T8DF0 000:940.582 JLINK_CORESIGHT_WriteAPDPReg(AP reg 0x00, 0x80000002)
T8DF0 000:940.898 - 0.316ms returns 0
T8DF0 000:940.985 JLINK_CORESIGHT_WriteAPDPReg(AP reg 0x01, 0x80011130)
T8DF0 000:941.253 - 0.268ms returns 0
T8DF0 000:941.318 JLINK_CORESIGHT_ReadAPDPReg(AP reg 0x03)
T8DF0 000:941.601   Value=0x85012D34
T8DF0 000:941.628 - 0.310ms returns 0
T8DF0 000:941.650 JLINK_CORESIGHT_WriteAPDPReg(AP reg 0x00, 0x80000002)
T8DF0 000:941.977 - 0.327ms returns 0
T8DF0 000:942.011 JLINK_CORESIGHT_WriteAPDPReg(AP reg 0x01, 0x80011140)
T8DF0 000:942.237 - 0.226ms returns 0
T8DF0 000:942.263 JLINK_CORESIGHT_ReadAPDPReg(AP reg 0x03)
T8DF0 000:942.564   Value=0x00000000
T8DF0 000:942.589 - 0.325ms returns 0
T8DF0 000:942.609 JLINK_CORESIGHT_WriteAPDPReg(AP reg 0x00, 0x80000002)
T8DF0 000:942.886 - 0.276ms returns 0
T8DF0 000:942.941 JLINK_CORESIGHT_WriteAPDPReg(AP reg 0x01, 0x80011130)
T8DF0 000:943.273 - 0.332ms returns 0
T8DF0 000:943.296 JLINK_CORESIGHT_ReadAPDPReg(AP reg 0x03)
T8DF0 000:943.566   Value=0x4B375275
T8DF0 000:943.590 - 0.293ms returns 0
T8DF0 000:943.609 JLINK_CORESIGHT_WriteAPDPReg(AP reg 0x00, 0x80000002)
T8DF0 000:943.888 - 0.278ms returns 0
T8DF0 000:943.938 JLINK_CORESIGHT_WriteAPDPReg(AP reg 0x01, 0x80011140)
T8DF0 000:944.197 - 0.259ms returns 0
T8DF0 000:944.225 JLINK_CORESIGHT_ReadAPDPReg(AP reg 0x03)
T8DF0 000:944.556   Value=0x00000000
T8DF0 000:944.581 - 0.356ms returns 0
T8DF0 000:944.601 JLINK_CORESIGHT_WriteAPDPReg(AP reg 0x00, 0x80000002)
T8DF0 000:944.886 - 0.284ms returns 0
T8DF0 000:944.930 JLINK_CORESIGHT_WriteAPDPReg(AP reg 0x01, 0x80011130)
T8DF0 000:945.146 - 0.216ms returns 0
T8DF0 000:945.171 JLINK_CORESIGHT_ReadAPDPReg(AP reg 0x03)
T8DF0 000:945.449   Value=0x31503841
T8DF0 000:945.475 - 0.304ms returns 0
T8DF0 000:945.497 JLINK_CORESIGHT_WriteAPDPReg(AP reg 0x00, 0x80000002)
T8DF0 000:945.742 - 0.245ms returns 0
T8DF0 000:945.767 JLINK_CORESIGHT_WriteAPDPReg(AP reg 0x01, 0x80011140)
T8DF0 000:946.011 - 0.243ms returns 0
T8DF0 000:946.064 JLINK_CORESIGHT_ReadAPDPReg(AP reg 0x03)
T8DF0 000:946.385   Value=0x00000000
T8DF0 000:946.439 - 0.374ms returns 0
T8DF0 000:946.463 JLINK_CORESIGHT_WriteAPDPReg(AP reg 0x00, 0x80000002)
T8DF0 000:946.717 - 0.254ms returns 0
T8DF0 000:946.763 JLINK_CORESIGHT_WriteAPDPReg(AP reg 0x01, 0x80011130)
T8DF0 000:947.090 - 0.327ms returns 0
T8DF0 000:947.140 JLINK_CORESIGHT_ReadAPDPReg(AP reg 0x03)
T8DF0 000:947.608   Value=0x434C464B
T8DF0 000:947.683 - 0.543ms returns 0
T8DF0 000:947.711 JLINK_CORESIGHT_WriteAPDPReg(AP reg 0x00, 0x80000002)
T8DF0 000:948.026 - 0.314ms returns 0
T8DF0 000:948.088 JLINK_CORESIGHT_WriteAPDPReg(AP reg 0x01, 0x80011140)
T8DF0 000:948.496 - 0.407ms returns 0
T8DF0 000:948.559 JLINK_CORESIGHT_ReadAPDPReg(AP reg 0x03)
T8DF0 000:948.910   Value=0x00000000
T8DF0 000:948.979 - 0.419ms returns 0
T8DF0 000:949.034 JLINK_CORESIGHT_WriteAPDPReg(AP reg 0x00, 0x80000002)
T8DF0 000:949.326 - 0.292ms returns 0
T8DF0 000:949.387 JLINK_CORESIGHT_WriteAPDPReg(AP reg 0x01, 0x80011130)
T8DF0 000:949.686 - 0.299ms returns 0
T8DF0 000:949.731 JLINK_CORESIGHT_ReadAPDPReg(AP reg 0x03)
T8DF0 000:950.110   Value=0x20204341
T8DF0 000:950.163 - 0.431ms returns 0
T8DF0 000:950.186 JLINK_CORESIGHT_WriteAPDPReg(AP reg 0x00, 0x80000002)
T8DF0 000:950.418 - 0.232ms returns 0
T8DF0 000:950.441 JLINK_CORESIGHT_WriteAPDPReg(AP reg 0x01, 0x80011140)
T8DF0 000:950.684 - 0.243ms returns 0
T8DF0 000:950.718 JLINK_CORESIGHT_ReadAPDPReg(AP reg 0x03)
T8DF0 000:951.087   Value=0x00000000
T8DF0 000:951.146 - 0.427ms returns 0
T8DF0 000:951.169 JLINK_CORESIGHT_WriteAPDPReg(AP reg 0x00, 0x80000002)
T8DF0 000:951.394 - 0.225ms returns 0
T8DF0 000:951.417 JLINK_CORESIGHT_WriteAPDPReg(AP reg 0x01, 0x80011130)
T8DF0 000:951.629 - 0.212ms returns 0
T8DF0 000:951.664 JLINK_CORESIGHT_ReadAPDPReg(AP reg 0x03)
T8DF0 000:951.951   Value=0x0003D220
T8DF0 000:951.978 - 0.313ms returns 0
T8DF0 000:952.706 JLINK_CORESIGHT_WriteAPDPReg(AP reg 0x00, 0x80000002)
T8DF0 000:953.000 - 0.294ms returns 0
T8DF0 000:953.022 JLINK_CORESIGHT_WriteAPDPReg(AP reg 0x01, 0x80011140)
T8DF0 000:953.246 - 0.224ms returns 0
T8DF0 000:953.267 JLINK_CORESIGHT_ReadAPDPReg(AP reg 0x03)
T8DF0 000:953.542   Value=0x00000002
T8DF0 000:953.577 - 0.309ms returns 0
T8DF0 000:953.596 JLINK_CORESIGHT_WriteAPDPReg(AP reg 0x00, 0x80000002)
T8DF0 000:953.880 - 0.284ms returns 0
T8DF0 000:953.903 JLINK_CORESIGHT_WriteAPDPReg(AP reg 0x01, 0x80011120)
T8DF0 000:954.115 - 0.211ms returns 0
T8DF0 000:954.134 JLINK_CORESIGHT_WriteAPDPReg(AP reg 0x03, 0x39020001)
T8DF0 000:954.348 - 0.213ms returns 0
T8DF0 000:954.368 JLINK_CORESIGHT_WriteAPDPReg(AP reg 0x00, 0x80000002)
T8DF0 000:954.572 - 0.204ms returns 0
T8DF0 000:954.592 JLINK_CORESIGHT_WriteAPDPReg(AP reg 0x01, 0x80011140)
T8DF0 000:954.884 - 0.292ms returns 0
T8DF0 000:954.912 JLINK_CORESIGHT_ReadAPDPReg(AP reg 0x03)
T8DF0 000:955.195   Value=0x00000002
T8DF0 000:955.222 - 0.310ms returns 0
T8DF0 000:955.240 JLINK_CORESIGHT_WriteAPDPReg(AP reg 0x00, 0x80000002)
T8DF0 000:955.488 - 0.248ms returns 0
T8DF0 000:955.507 JLINK_CORESIGHT_WriteAPDPReg(AP reg 0x01, 0x80011120)
T8DF0 000:955.704 - 0.196ms returns 0
T8DF0 000:955.723 JLINK_CORESIGHT_WriteAPDPReg(AP reg 0x03, 0x0003B312)
T8DF0 000:956.000 - 0.277ms returns 0
T8DF0 000:956.029 JLINK_CORESIGHT_WriteAPDPReg(AP reg 0x00, 0x80000002)
T8DF0 000:956.247 - 0.218ms returns 0
T8DF0 000:956.267 JLINK_CORESIGHT_WriteAPDPReg(AP reg 0x01, 0x80011140)
T8DF0 000:956.487 - 0.220ms returns 0
T8DF0 000:956.508 JLINK_CORESIGHT_ReadAPDPReg(AP reg 0x03)
T8DF0 000:956.801   Value=0x00000000
T8DF0 000:956.833 - 0.325ms returns 0
T8DF0 000:956.852 JLINK_CORESIGHT_WriteAPDPReg(AP reg 0x00, 0x80000002)
T8DF0 000:957.123 - 0.270ms returns 0
T8DF0 000:957.175 JLINK_CORESIGHT_WriteAPDPReg(AP reg 0x01, 0x80011130)
T8DF0 000:957.429 - 0.255ms returns 0
T8DF0 000:957.458 JLINK_CORESIGHT_ReadAPDPReg(AP reg 0x03)
T8DF0 000:957.757   Value=0xB90A0081
T8DF0 000:957.782 - 0.323ms returns 0
T8DF0 000:957.799 JLINK_CORESIGHT_WriteAPDPReg(AP reg 0x00, 0x80000002)
T8DF0 000:958.020 - 0.221ms returns 0
T8DF0 000:958.040 JLINK_CORESIGHT_WriteAPDPReg(AP reg 0x01, 0x80011140)
T8DF0 000:958.259 - 0.219ms returns 0
T8DF0 000:958.279 JLINK_CORESIGHT_ReadAPDPReg(AP reg 0x03)
T8DF0 000:958.551   Value=0x00000000
T8DF0 000:958.583 - 0.303ms returns 0
T8DF0 000:958.601 JLINK_CORESIGHT_WriteAPDPReg(AP reg 0x00, 0x80000002)
T8DF0 000:958.897 - 0.295ms returns 0
T8DF0 000:958.943 JLINK_CORESIGHT_WriteAPDPReg(AP reg 0x01, 0x80011130)
T8DF0 000:959.194 - 0.251ms returns 0
T8DF0 000:959.219 JLINK_CORESIGHT_ReadAPDPReg(AP reg 0x03)
T8DF0 000:959.522   Value=0xFFFFFFC0
T8DF0 000:959.555 - 0.336ms returns 0
T8DF0 000:959.573 JLINK_CORESIGHT_WriteAPDPReg(AP reg 0x00, 0x80000002)
T8DF0 000:959.786 - 0.213ms returns 0
T8DF0 000:959.810 JLINK_CORESIGHT_WriteAPDPReg(AP reg 0x01, 0x80011140)
T8DF0 000:960.045 - 0.235ms returns 0
T8DF0 000:960.068 JLINK_CORESIGHT_ReadAPDPReg(AP reg 0x03)
T8DF0 000:960.420   Value=0x00000000
T8DF0 000:960.483 - 0.415ms returns 0
T8DF0 000:960.502 JLINK_CORESIGHT_WriteAPDPReg(AP reg 0x00, 0x80000002)
T8DF0 000:960.734 - 0.232ms returns 0
T8DF0 000:960.754 JLINK_CORESIGHT_WriteAPDPReg(AP reg 0x01, 0x80011130)
T8DF0 000:960.999 - 0.245ms returns 0
T8DF0 000:961.028 JLINK_CORESIGHT_ReadAPDPReg(AP reg 0x03)
T8DF0 000:961.316   Value=0xFFFFFFFF
T8DF0 000:961.345 - 0.317ms returns 0
T8DF0 000:961.363 JLINK_CORESIGHT_WriteAPDPReg(AP reg 0x00, 0x80000002)
T8DF0 000:961.570 - 0.207ms returns 0
T8DF0 000:961.590 JLINK_CORESIGHT_WriteAPDPReg(AP reg 0x01, 0x80011140)
T8DF0 000:961.878 - 0.287ms returns 0
T8DF0 000:961.915 JLINK_CORESIGHT_ReadAPDPReg(AP reg 0x03)
T8DF0 000:962.203   Value=0x00000000
T8DF0 000:962.227 - 0.312ms returns 0
T8DF0 000:962.245 JLINK_CORESIGHT_WriteAPDPReg(AP reg 0x00, 0x80000002)
T8DF0 000:962.512 - 0.267ms returns 0
T8DF0 000:962.550 JLINK_CORESIGHT_WriteAPDPReg(AP reg 0x01, 0x80011130)
T8DF0 000:962.820 - 0.270ms returns 0
T8DF0 000:962.859 JLINK_CORESIGHT_ReadAPDPReg(AP reg 0x03)
T8DF0 000:963.197   Value=0x000385FF
T8DF0 000:963.235 - 0.376ms returns 0
T8DF0 000:963.635 JLINK_CORESIGHT_WriteAPDPReg(AP reg 0x00, 0x80000002)
T8DF0 000:963.910 - 0.275ms returns 0
T8DF0 000:963.930 JLINK_CORESIGHT_WriteAPDPReg(AP reg 0x01, 0x80011140)
T8DF0 000:964.293 - 0.363ms returns 0
T8DF0 000:964.354 JLINK_CORESIGHT_ReadAPDPReg(AP reg 0x03)
T8DF0 000:964.724   Value=0x00000002
T8DF0 000:964.791 - 0.437ms returns 0
T8DF0 000:964.827 JLINK_CORESIGHT_WriteAPDPReg(AP reg 0x00, 0x80000002)
T8DF0 000:965.147 - 0.320ms returns 0
T8DF0 000:965.201 JLINK_CORESIGHT_WriteAPDPReg(AP reg 0x01, 0x80011120)
T8DF0 000:965.485 - 0.275ms returns 0
T8DF0 000:965.535 JLINK_CORESIGHT_WriteAPDPReg(AP reg 0x03, 0x2C010001)
T8DF0 000:965.765 - 0.230ms returns 0
T8DF0 000:965.800 JLINK_CORESIGHT_WriteAPDPReg(AP reg 0x00, 0x80000002)
T8DF0 000:966.032 - 0.231ms returns 0
T8DF0 000:966.064 JLINK_CORESIGHT_WriteAPDPReg(AP reg 0x01, 0x80011140)
T8DF0 000:966.290 - 0.226ms returns 0
T8DF0 000:966.313 JLINK_CORESIGHT_ReadAPDPReg(AP reg 0x03)
T8DF0 000:966.582   Value=0x00000002
T8DF0 000:966.607 - 0.293ms returns 0
T8DF0 000:966.625 JLINK_CORESIGHT_WriteAPDPReg(AP reg 0x00, 0x80000002)
T8DF0 000:966.878 - 0.253ms returns 0
T8DF0 000:966.900 JLINK_CORESIGHT_WriteAPDPReg(AP reg 0x01, 0x80011120)
T8DF0 000:967.134 - 0.234ms returns 0
T8DF0 000:967.154 JLINK_CORESIGHT_WriteAPDPReg(AP reg 0x03, 0x000003D3)
T8DF0 000:967.373 - 0.219ms returns 0
T8DF0 000:967.403 JLINK_CORESIGHT_WriteAPDPReg(AP reg 0x00, 0x80000002)
T8DF0 000:967.636 - 0.233ms returns 0
T8DF0 000:967.667 JLINK_CORESIGHT_WriteAPDPReg(AP reg 0x01, 0x80011140)
T8DF0 000:967.889 - 0.222ms returns 0
T8DF0 000:967.915 JLINK_CORESIGHT_ReadAPDPReg(AP reg 0x03)
T8DF0 000:968.197   Value=0x00000002
T8DF0 000:968.243 - 0.328ms returns 0
T8DF0 000:968.264 JLINK_CORESIGHT_ReadAPDPReg(AP reg 0x03)
T8DF0 000:968.545   Value=0x00000002
T8DF0 000:968.568 - 0.304ms returns 0
T8DF0 000:968.585 JLINK_CORESIGHT_ReadAPDPReg(AP reg 0x03)
T8DF0 000:968.877   Value=0x00000002
T8DF0 000:968.910 - 0.324ms returns 0
T8DF0 000:968.928 JLINK_CORESIGHT_ReadAPDPReg(AP reg 0x03)
T8DF0 000:969.209   Value=0x00000002
T8DF0 000:969.241 - 0.312ms returns 0
T8DF0 000:969.260 JLINK_CORESIGHT_ReadAPDPReg(AP reg 0x03)
T8DF0 000:969.529   Value=0x00000002
T8DF0 000:969.557 - 0.297ms returns 0
T8DF0 000:969.575 JLINK_CORESIGHT_ReadAPDPReg(AP reg 0x03)
T8DF0 000:969.878   Value=0x00000002
T8DF0 000:969.900 - 0.325ms returns 0
T8DF0 000:969.919 JLINK_CORESIGHT_ReadAPDPReg(AP reg 0x03)
T8DF0 000:970.219   Value=0x00000002
T8DF0 000:970.252 - 0.332ms returns 0
T8DF0 000:970.270 JLINK_CORESIGHT_ReadAPDPReg(AP reg 0x03)
T8DF0 000:970.522   Value=0x00000002
T8DF0 000:970.545 - 0.275ms returns 0
T8DF0 000:970.562 JLINK_CORESIGHT_ReadAPDPReg(AP reg 0x03)
T8DF0 000:970.874   Value=0x00000002
T8DF0 000:970.921 - 0.359ms returns 0
T8DF0 000:970.938 JLINK_CORESIGHT_ReadAPDPReg(AP reg 0x03)
T8DF0 000:971.185   Value=0x00000000
T8DF0 000:971.207 - 0.268ms returns 0
T8DF0 000:971.224 JLINK_CORESIGHT_WriteAPDPReg(AP reg 0x00, 0x80000002)
T8DF0 000:971.446 - 0.222ms returns 0
T8DF0 000:971.464 JLINK_CORESIGHT_WriteAPDPReg(AP reg 0x01, 0x80011130)
T8DF0 000:971.675 - 0.211ms returns 0
T8DF0 000:971.694 JLINK_CORESIGHT_ReadAPDPReg(AP reg 0x03)
T8DF0 000:971.974   Value=0x2C020081
T8DF0 000:971.997 - 0.303ms returns 0
T8DF0 000:972.013 JLINK_CORESIGHT_WriteAPDPReg(AP reg 0x00, 0x80000002)
T8DF0 000:972.231 - 0.217ms returns 0
T8DF0 000:972.252 JLINK_CORESIGHT_WriteAPDPReg(AP reg 0x01, 0x80011140)
T8DF0 000:972.486 - 0.234ms returns 0
T8DF0 000:972.505 JLINK_CORESIGHT_ReadAPDPReg(AP reg 0x03)
T8DF0 000:972.770   Value=0x00000000
T8DF0 000:972.792 - 0.287ms returns 0
T8DF0 000:972.809 JLINK_CORESIGHT_WriteAPDPReg(AP reg 0x00, 0x80000002)
T8DF0 000:973.025 - 0.216ms returns 0
T8DF0 000:973.045 JLINK_CORESIGHT_WriteAPDPReg(AP reg 0x01, 0x80011130)
T8DF0 000:973.294 - 0.249ms returns 0
T8DF0 000:973.333 JLINK_CORESIGHT_ReadAPDPReg(AP reg 0x03)
T8DF0 000:973.617   Value=0x0003CE04
T8DF0 000:973.640 - 0.307ms returns 0
T8DF0 000:973.665 JLINK_CORESIGHT_WriteAPDPReg(AP reg 0x00, 0x80000002)
T8DF0 000:973.919 - 0.254ms returns 0
T8DF0 000:973.943 JLINK_CORESIGHT_WriteAPDPReg(AP reg 0x01, 0x80011140)
T8DF0 000:974.157 - 0.215ms returns 0
T8DF0 000:974.176 JLINK_CORESIGHT_ReadAPDPReg(AP reg 0x03)
T8DF0 000:974.454   Value=0x00000002
T8DF0 000:974.476 - 0.300ms returns 0
T8DF0 000:974.493 JLINK_CORESIGHT_WriteAPDPReg(AP reg 0x00, 0x80000002)
T8DF0 000:974.705 - 0.211ms returns 0
T8DF0 000:974.723 JLINK_CORESIGHT_WriteAPDPReg(AP reg 0x01, 0x80011120)
T8DF0 000:974.991 - 0.267ms returns 0
T8DF0 000:975.012 JLINK_CORESIGHT_WriteAPDPReg(AP reg 0x03, 0x73010001)
T8DF0 000:975.226 - 0.214ms returns 0
T8DF0 000:975.246 JLINK_CORESIGHT_WriteAPDPReg(AP reg 0x00, 0x80000002)
T8DF0 000:975.466 - 0.220ms returns 0
T8DF0 000:975.485 JLINK_CORESIGHT_WriteAPDPReg(AP reg 0x01, 0x80011140)
T8DF0 000:975.685 - 0.200ms returns 0
T8DF0 000:975.704 JLINK_CORESIGHT_ReadAPDPReg(AP reg 0x03)
T8DF0 000:976.049   Value=0x00000002
T8DF0 000:976.072 - 0.368ms returns 0
T8DF0 000:976.089 JLINK_CORESIGHT_WriteAPDPReg(AP reg 0x00, 0x80000002)
T8DF0 000:976.303 - 0.214ms returns 0
T8DF0 000:976.322 JLINK_CORESIGHT_WriteAPDPReg(AP reg 0x01, 0x80011120)
T8DF0 000:976.540 - 0.218ms returns 0
T8DF0 000:976.559 JLINK_CORESIGHT_WriteAPDPReg(AP reg 0x03, 0x0000038C)
T8DF0 000:976.768 - 0.209ms returns 0
T8DF0 000:976.787 JLINK_CORESIGHT_WriteAPDPReg(AP reg 0x00, 0x80000002)
T8DF0 000:977.004 - 0.217ms returns 0
T8DF0 000:977.027 JLINK_CORESIGHT_WriteAPDPReg(AP reg 0x01, 0x80011140)
T8DF0 000:977.246 - 0.219ms returns 0
T8DF0 000:977.267 JLINK_CORESIGHT_ReadAPDPReg(AP reg 0x03)
T8DF0 000:977.544   Value=0x00000000
T8DF0 000:977.567 - 0.299ms returns 0
T8DF0 000:977.586 JLINK_CORESIGHT_WriteAPDPReg(AP reg 0x00, 0x80000002)
T8DF0 000:977.795 - 0.209ms returns 0
T8DF0 000:977.816 JLINK_CORESIGHT_WriteAPDPReg(AP reg 0x01, 0x80011130)
T8DF0 000:978.036 - 0.219ms returns 0
T8DF0 000:978.057 JLINK_CORESIGHT_ReadAPDPReg(AP reg 0x03)
T8DF0 000:978.334   Value=0x73020081
T8DF0 000:978.356 - 0.298ms returns 0
T8DF0 000:978.375 JLINK_CORESIGHT_WriteAPDPReg(AP reg 0x00, 0x80000002)
T8DF0 000:978.585 - 0.210ms returns 0
T8DF0 000:978.607 JLINK_CORESIGHT_WriteAPDPReg(AP reg 0x01, 0x80011140)
T8DF0 000:978.882 - 0.275ms returns 0
T8DF0 000:978.910 JLINK_CORESIGHT_ReadAPDPReg(AP reg 0x03)
T8DF0 000:979.206   Value=0x00000000
T8DF0 000:979.233 - 0.323ms returns 0
T8DF0 000:979.254 JLINK_CORESIGHT_WriteAPDPReg(AP reg 0x00, 0x80000002)
T8DF0 000:979.471 - 0.217ms returns 0
T8DF0 000:979.493 JLINK_CORESIGHT_WriteAPDPReg(AP reg 0x01, 0x80011130)
T8DF0 000:979.691 - 0.198ms returns 0
T8DF0 000:979.712 JLINK_CORESIGHT_ReadAPDPReg(AP reg 0x03)
T8DF0 000:979.979   Value=0x00038902
T8DF0 000:980.001 - 0.288ms returns 0
T8DF0 000:980.021 JLINK_CORESIGHT_WriteAPDPReg(AP reg 0x00, 0x80000002)
T8DF0 000:980.244 - 0.222ms returns 0
T8DF0 000:980.271 JLINK_CORESIGHT_WriteAPDPReg(AP reg 0x01, 0x80011140)
T8DF0 000:980.493 - 0.221ms returns 0
T8DF0 000:980.518 JLINK_CORESIGHT_ReadAPDPReg(AP reg 0x03)
T8DF0 000:980.795   Value=0x00000002
T8DF0 000:980.824 - 0.306ms returns 0
T8DF0 000:980.845 JLINK_CORESIGHT_WriteAPDPReg(AP reg 0x00, 0x80000002)
T8DF0 000:981.190 - 0.344ms returns 0
T8DF0 000:981.363 JLINK_CORESIGHT_WriteAPDPReg(AP reg 0x01, 0x80011120)
T8DF0 000:981.671 - 0.308ms returns 0
T8DF0 000:981.695 JLINK_CORESIGHT_WriteAPDPReg(AP reg 0x03, 0x75010001)
T8DF0 000:981.997 - 0.302ms returns 0
T8DF0 000:982.023 JLINK_CORESIGHT_WriteAPDPReg(AP reg 0x00, 0x80000002)
T8DF0 000:982.332 - 0.308ms returns 0
T8DF0 000:982.370 JLINK_CORESIGHT_WriteAPDPReg(AP reg 0x01, 0x80011140)
T8DF0 000:982.583 - 0.213ms returns 0
T8DF0 000:982.605 JLINK_CORESIGHT_ReadAPDPReg(AP reg 0x03)
T8DF0 000:982.880   Value=0x00000002
T8DF0 000:982.905 - 0.299ms returns 0
T8DF0 000:982.925 JLINK_CORESIGHT_WriteAPDPReg(AP reg 0x00, 0x80000002)
T8DF0 000:983.208 - 0.283ms returns 0
T8DF0 000:983.232 JLINK_CORESIGHT_WriteAPDPReg(AP reg 0x01, 0x80011120)
T8DF0 000:983.448 - 0.216ms returns 0
T8DF0 000:983.468 JLINK_CORESIGHT_WriteAPDPReg(AP reg 0x03, 0x0000038A)
T8DF0 000:983.676 - 0.208ms returns 0
T8DF0 000:983.696 JLINK_CORESIGHT_WriteAPDPReg(AP reg 0x00, 0x80000002)
T8DF0 000:983.987 - 0.291ms returns 0
T8DF0 000:984.008 JLINK_CORESIGHT_WriteAPDPReg(AP reg 0x01, 0x80011140)
T8DF0 000:984.222 - 0.214ms returns 0
T8DF0 000:984.242 JLINK_CORESIGHT_ReadAPDPReg(AP reg 0x03)
T8DF0 000:984.517   Value=0x00000002
T8DF0 000:984.538 - 0.295ms returns 0
T8DF0 000:984.556 JLINK_CORESIGHT_ReadAPDPReg(AP reg 0x03)
T8DF0 000:984.880   Value=0x00000002
T8DF0 000:984.947 - 0.390ms returns 0
T8DF0 000:984.966 JLINK_CORESIGHT_ReadAPDPReg(AP reg 0x03)
T8DF0 000:985.213   Value=0x00000002
T8DF0 000:985.235 - 0.268ms returns 0
T8DF0 000:985.253 JLINK_CORESIGHT_ReadAPDPReg(AP reg 0x03)
T8DF0 000:985.501   Value=0x00000002
T8DF0 000:985.522 - 0.269ms returns 0
T8DF0 000:985.540 JLINK_CORESIGHT_ReadAPDPReg(AP reg 0x03)
T8DF0 000:985.917   Value=0x00000002
T8DF0 000:985.938 - 0.397ms returns 0
T8DF0 000:985.956 JLINK_CORESIGHT_ReadAPDPReg(AP reg 0x03)
T8DF0 000:986.231   Value=0x00000000
T8DF0 000:986.251 - 0.295ms returns 0
T8DF0 000:986.270 JLINK_CORESIGHT_WriteAPDPReg(AP reg 0x00, 0x80000002)
T8DF0 000:986.485 - 0.214ms returns 0
T8DF0 000:986.505 JLINK_CORESIGHT_WriteAPDPReg(AP reg 0x01, 0x80011130)
T8DF0 000:986.705 - 0.200ms returns 0
T8DF0 000:986.725 JLINK_CORESIGHT_ReadAPDPReg(AP reg 0x03)
T8DF0 000:987.080   Value=0x75020081
T8DF0 000:987.101 - 0.376ms returns 0
T8DF0 000:987.120 JLINK_CORESIGHT_WriteAPDPReg(AP reg 0x00, 0x80000002)
T8DF0 000:987.332 - 0.212ms returns 0
T8DF0 000:987.353 JLINK_CORESIGHT_WriteAPDPReg(AP reg 0x01, 0x80011140)
T8DF0 000:987.556 - 0.203ms returns 0
T8DF0 000:987.577 JLINK_CORESIGHT_ReadAPDPReg(AP reg 0x03)
T8DF0 000:987.880   Value=0x00000000
T8DF0 000:987.902 - 0.325ms returns 0
T8DF0 000:987.921 JLINK_CORESIGHT_WriteAPDPReg(AP reg 0x00, 0x80000002)
T8DF0 000:988.143 - 0.221ms returns 0
T8DF0 000:988.178 JLINK_CORESIGHT_WriteAPDPReg(AP reg 0x01, 0x80011130)
T8DF0 000:988.403 - 0.225ms returns 0
T8DF0 000:988.428 JLINK_CORESIGHT_ReadAPDPReg(AP reg 0x03)
T8DF0 000:988.699   Value=0x00038702
T8DF0 000:988.721 - 0.292ms returns 0
T8DF0 000:989.393 JLINK_CORESIGHT_WriteAPDPReg(AP reg 0x00, 0x80000002)
T8DF0 000:989.631 - 0.238ms returns 0
T8DF0 000:989.651 JLINK_CORESIGHT_WriteAPDPReg(AP reg 0x01, 0x80011140)
T8DF0 000:989.884 - 0.233ms returns 0
T8DF0 000:989.914 JLINK_CORESIGHT_ReadAPDPReg(AP reg 0x03)
T8DF0 000:990.292   Value=0x00000002
T8DF0 000:990.320 - 0.405ms returns 0
T8DF0 000:990.337 JLINK_CORESIGHT_WriteAPDPReg(AP reg 0x00, 0x80000002)
T8DF0 000:990.602 - 0.265ms returns 0
T8DF0 000:990.620 JLINK_CORESIGHT_WriteAPDPReg(AP reg 0x01, 0x80011120)
T8DF0 000:990.881 - 0.261ms returns 0
T8DF0 000:990.901 JLINK_CORESIGHT_WriteAPDPReg(AP reg 0x03, 0x4F010001)
T8DF0 000:991.122 - 0.220ms returns 0
T8DF0 000:991.140 JLINK_CORESIGHT_WriteAPDPReg(AP reg 0x00, 0x80000002)
T8DF0 000:991.353 - 0.213ms returns 0
T8DF0 000:991.371 JLINK_CORESIGHT_WriteAPDPReg(AP reg 0x01, 0x80011140)
T8DF0 000:991.577 - 0.206ms returns 0
T8DF0 000:991.595 JLINK_CORESIGHT_ReadAPDPReg(AP reg 0x03)
T8DF0 000:991.894   Value=0x00000002
T8DF0 000:991.915 - 0.319ms returns 0
T8DF0 000:991.962 JLINK_CORESIGHT_WriteAPDPReg(AP reg 0x00, 0x80000002)
T8DF0 000:992.182 - 0.220ms returns 0
T8DF0 000:992.200 JLINK_CORESIGHT_WriteAPDPReg(AP reg 0x01, 0x80011120)
T8DF0 000:992.415 - 0.215ms returns 0
T8DF0 000:992.433 JLINK_CORESIGHT_WriteAPDPReg(AP reg 0x03, 0x000003B0)
T8DF0 000:992.640 - 0.207ms returns 0
T8DF0 000:992.658 JLINK_CORESIGHT_WriteAPDPReg(AP reg 0x00, 0x80000002)
T8DF0 000:992.874 - 0.216ms returns 0
T8DF0 000:992.892 JLINK_CORESIGHT_WriteAPDPReg(AP reg 0x01, 0x80011140)
T8DF0 000:993.113 - 0.221ms returns 0
T8DF0 000:993.131 JLINK_CORESIGHT_ReadAPDPReg(AP reg 0x03)
T8DF0 000:993.411   Value=0x00000000
T8DF0 000:993.435 - 0.304ms returns 0
T8DF0 000:993.452 JLINK_CORESIGHT_WriteAPDPReg(AP reg 0x00, 0x80000002)
T8DF0 000:993.659 - 0.207ms returns 0
T8DF0 000:993.677 JLINK_CORESIGHT_WriteAPDPReg(AP reg 0x01, 0x80011130)
T8DF0 000:993.913 - 0.236ms returns 0
T8DF0 000:993.931 JLINK_CORESIGHT_ReadAPDPReg(AP reg 0x03)
T8DF0 000:994.214   Value=0x4F0B0081
T8DF0 000:994.235 - 0.304ms returns 0
T8DF0 000:994.251 JLINK_CORESIGHT_WriteAPDPReg(AP reg 0x00, 0x80000002)
T8DF0 000:994.465 - 0.214ms returns 0
T8DF0 000:994.483 JLINK_CORESIGHT_WriteAPDPReg(AP reg 0x01, 0x80011140)
T8DF0 000:994.690 - 0.207ms returns 0
T8DF0 000:994.708 JLINK_CORESIGHT_ReadAPDPReg(AP reg 0x03)
T8DF0 000:994.978   Value=0x00000000
T8DF0 000:994.999 - 0.291ms returns 0
T8DF0 000:995.015 JLINK_CORESIGHT_WriteAPDPReg(AP reg 0x00, 0x80000002)
T8DF0 000:995.230 - 0.215ms returns 0
T8DF0 000:995.248 JLINK_CORESIGHT_WriteAPDPReg(AP reg 0x01, 0x80011130)
T8DF0 000:995.461 - 0.213ms returns 0
T8DF0 000:995.479 JLINK_CORESIGHT_ReadAPDPReg(AP reg 0x03)
T8DF0 000:995.752   Value=0xE03F0000
T8DF0 000:995.773 - 0.294ms returns 0
T8DF0 000:995.789 JLINK_CORESIGHT_WriteAPDPReg(AP reg 0x00, 0x80000002)
T8DF0 000:996.008 - 0.218ms returns 0
T8DF0 000:996.026 JLINK_CORESIGHT_WriteAPDPReg(AP reg 0x01, 0x80011140)
T8DF0 000:996.238 - 0.212ms returns 0
T8DF0 000:996.256 JLINK_CORESIGHT_ReadAPDPReg(AP reg 0x03)
T8DF0 000:996.532   Value=0x00000000
T8DF0 000:996.553 - 0.297ms returns 0
T8DF0 000:996.569 JLINK_CORESIGHT_WriteAPDPReg(AP reg 0x00, 0x80000002)
T8DF0 000:996.777 - 0.208ms returns 0
T8DF0 000:996.795 JLINK_CORESIGHT_WriteAPDPReg(AP reg 0x01, 0x80011130)
T8DF0 000:997.008 - 0.213ms returns 0
T8DF0 000:997.026 JLINK_CORESIGHT_ReadAPDPReg(AP reg 0x03)
T8DF0 000:997.327   Value=0x00000000
T8DF0 000:997.378 - 0.350ms returns 0
T8DF0 000:997.423 JLINK_CORESIGHT_WriteAPDPReg(AP reg 0x00, 0x80000002)
T8DF0 000:997.655 - 0.230ms returns 0
T8DF0 000:997.707 JLINK_CORESIGHT_WriteAPDPReg(AP reg 0x01, 0x80011140)
T8DF0 000:997.995 - 0.287ms returns 0
T8DF0 000:998.026 JLINK_CORESIGHT_ReadAPDPReg(AP reg 0x03)
T8DF0 000:998.367   Value=0x00000000
T8DF0 000:998.395 - 0.369ms returns 0
T8DF0 000:998.414 JLINK_CORESIGHT_WriteAPDPReg(AP reg 0x00, 0x80000002)
T8DF0 000:998.781 - 0.367ms returns 0
T8DF0 000:998.816 JLINK_CORESIGHT_WriteAPDPReg(AP reg 0x01, 0x80011130)
T8DF0 000:999.123 - 0.307ms returns 0
T8DF0 000:999.146 JLINK_CORESIGHT_ReadAPDPReg(AP reg 0x03)
T8DF0 000:999.432   Value=0x03870000
T8DF0 000:999.466 - 0.319ms returns 0
T8DF0 000:999.580 JLINK_CORESIGHT_WriteAPDPReg(AP reg 0x00, 0x80000002)
T8DF0 000:999.837 - 0.256ms returns 0
T8DF0 000:999.870 JLINK_CORESIGHT_WriteAPDPReg(AP reg 0x01, 0x80011140)
T8DF0 001:000.097 - 0.227ms returns 0
T8DF0 001:000.117 JLINK_CORESIGHT_ReadAPDPReg(AP reg 0x03)
T8DF0 001:000.394   Value=0x00000002
T8DF0 001:000.415 - 0.298ms returns 0
T8DF0 001:000.431 JLINK_CORESIGHT_WriteAPDPReg(AP reg 0x00, 0x80000002)
T8DF0 001:000.636 - 0.205ms returns 0
T8DF0 001:000.654 JLINK_CORESIGHT_WriteAPDPReg(AP reg 0x01, 0x80011120)
T8DF0 001:000.879 - 0.225ms returns 0
T8DF0 001:000.896 JLINK_CORESIGHT_WriteAPDPReg(AP reg 0x03, 0x2C010001)
T8DF0 001:001.132 - 0.236ms returns 0
T8DF0 001:001.150 JLINK_CORESIGHT_WriteAPDPReg(AP reg 0x00, 0x80000002)
T8DF0 001:001.366 - 0.216ms returns 0
T8DF0 001:001.388 JLINK_CORESIGHT_WriteAPDPReg(AP reg 0x01, 0x80011140)
T8DF0 001:001.597 - 0.208ms returns 0
T8DF0 001:001.618 JLINK_CORESIGHT_ReadAPDPReg(AP reg 0x03)
T8DF0 001:001.873   Value=0x00000002
T8DF0 001:001.895 - 0.276ms returns 0
T8DF0 001:001.910 JLINK_CORESIGHT_WriteAPDPReg(AP reg 0x00, 0x80000002)
T8DF0 001:002.122 - 0.212ms returns 0
T8DF0 001:002.140 JLINK_CORESIGHT_WriteAPDPReg(AP reg 0x01, 0x80011120)
T8DF0 001:002.353 - 0.213ms returns 0
T8DF0 001:002.370 JLINK_CORESIGHT_WriteAPDPReg(AP reg 0x03, 0x000003D3)
T8DF0 001:002.573 - 0.203ms returns 0
T8DF0 001:002.591 JLINK_CORESIGHT_WriteAPDPReg(AP reg 0x00, 0x80000002)
T8DF0 001:002.873 - 0.282ms returns 0
T8DF0 001:002.897 JLINK_CORESIGHT_WriteAPDPReg(AP reg 0x01, 0x80011140)
T8DF0 001:003.116 - 0.219ms returns 0
T8DF0 001:003.136 JLINK_CORESIGHT_ReadAPDPReg(AP reg 0x03)
T8DF0 001:003.414   Value=0x00000002
T8DF0 001:003.435 - 0.299ms returns 0
T8DF0 001:003.451 JLINK_CORESIGHT_ReadAPDPReg(AP reg 0x03)
T8DF0 001:003.720   Value=0x00000002
T8DF0 001:003.741 - 0.290ms returns 0
T8DF0 001:003.757 JLINK_CORESIGHT_ReadAPDPReg(AP reg 0x03)
T8DF0 001:004.051   Value=0x00000002
T8DF0 001:004.074 - 0.317ms returns 0
T8DF0 001:004.090 JLINK_CORESIGHT_ReadAPDPReg(AP reg 0x03)
T8DF0 001:004.364   Value=0x00000002
T8DF0 001:004.385 - 0.294ms returns 0
T8DF0 001:004.400 JLINK_CORESIGHT_ReadAPDPReg(AP reg 0x03)
T8DF0 001:004.638   Value=0x00000002
T8DF0 001:004.658 - 0.258ms returns 0
T8DF0 001:004.674 JLINK_CORESIGHT_ReadAPDPReg(AP reg 0x03)
T8DF0 001:004.947   Value=0x00000000
T8DF0 001:004.969 - 0.295ms returns 0
T8DF0 001:004.984 JLINK_CORESIGHT_WriteAPDPReg(AP reg 0x00, 0x80000002)
T8DF0 001:005.324 - 0.338ms returns 0
T8DF0 001:005.395 JLINK_CORESIGHT_WriteAPDPReg(AP reg 0x01, 0x80011130)
T8DF0 001:005.655 - 0.259ms returns 0
T8DF0 001:005.711 JLINK_CORESIGHT_ReadAPDPReg(AP reg 0x03)
T8DF0 001:006.063   Value=0x2C020081
T8DF0 001:006.093 - 0.381ms returns 0
T8DF0 001:006.110 JLINK_CORESIGHT_WriteAPDPReg(AP reg 0x00, 0x80000002)
T8DF0 001:006.335 - 0.224ms returns 0
T8DF0 001:006.353 JLINK_CORESIGHT_WriteAPDPReg(AP reg 0x01, 0x80011140)
T8DF0 001:006.560 - 0.207ms returns 0
T8DF0 001:006.579 JLINK_CORESIGHT_ReadAPDPReg(AP reg 0x03)
T8DF0 001:006.882   Value=0x00000000
T8DF0 001:006.913 - 0.334ms returns 0
T8DF0 001:006.931 JLINK_CORESIGHT_WriteAPDPReg(AP reg 0x00, 0x80000002)
T8DF0 001:007.149 - 0.218ms returns 0
T8DF0 001:007.172 JLINK_CORESIGHT_WriteAPDPReg(AP reg 0x01, 0x80011130)
T8DF0 001:007.390 - 0.217ms returns 0
T8DF0 001:007.410 JLINK_CORESIGHT_ReadAPDPReg(AP reg 0x03)
T8DF0 001:007.691   Value=0x0003CE04
T8DF0 001:007.718 - 0.308ms returns 0
T8DF0 001:007.739 JLINK_CORESIGHT_WriteAPDPReg(AP reg 0x00, 0x80000002)
T8DF0 001:007.989 - 0.250ms returns 0
T8DF0 001:008.008 JLINK_CORESIGHT_WriteAPDPReg(AP reg 0x01, 0x80011140)
T8DF0 001:008.239 - 0.231ms returns 0
T8DF0 001:008.259 JLINK_CORESIGHT_ReadAPDPReg(AP reg 0x03)
T8DF0 001:008.528   Value=0x00000002
T8DF0 001:008.557 - 0.297ms returns 0
T8DF0 001:008.575 JLINK_CORESIGHT_WriteAPDPReg(AP reg 0x00, 0x80000002)
T8DF0 001:008.984 - 0.409ms returns 0
T8DF0 001:009.002 JLINK_CORESIGHT_WriteAPDPReg(AP reg 0x01, 0x80011120)
T8DF0 001:009.213 - 0.210ms returns 0
T8DF0 001:009.231 JLINK_CORESIGHT_WriteAPDPReg(AP reg 0x03, 0x73010001)
T8DF0 001:009.448 - 0.218ms returns 0
T8DF0 001:009.466 JLINK_CORESIGHT_WriteAPDPReg(AP reg 0x00, 0x80000002)
T8DF0 001:009.675 - 0.209ms returns 0
T8DF0 001:009.692 JLINK_CORESIGHT_WriteAPDPReg(AP reg 0x01, 0x80011140)
T8DF0 001:009.916 - 0.224ms returns 0
T8DF0 001:009.934 JLINK_CORESIGHT_ReadAPDPReg(AP reg 0x03)
T8DF0 001:010.209   Value=0x00000002
T8DF0 001:010.230 - 0.296ms returns 0
T8DF0 001:010.245 JLINK_CORESIGHT_WriteAPDPReg(AP reg 0x00, 0x80000002)
T8DF0 001:010.473 - 0.228ms returns 0
T8DF0 001:010.491 JLINK_CORESIGHT_WriteAPDPReg(AP reg 0x01, 0x80011120)
T8DF0 001:010.719 - 0.227ms returns 0
T8DF0 001:010.736 JLINK_CORESIGHT_WriteAPDPReg(AP reg 0x03, 0x0000038C)
T8DF0 001:010.990 - 0.254ms returns 0
T8DF0 001:011.008 JLINK_CORESIGHT_WriteAPDPReg(AP reg 0x00, 0x80000002)
T8DF0 001:011.220 - 0.212ms returns 0
T8DF0 001:011.238 JLINK_CORESIGHT_WriteAPDPReg(AP reg 0x01, 0x80011140)
T8DF0 001:011.455 - 0.217ms returns 0
T8DF0 001:011.472 JLINK_CORESIGHT_ReadAPDPReg(AP reg 0x03)
T8DF0 001:011.737   Value=0x00000002
T8DF0 001:011.758 - 0.286ms returns 0
T8DF0 001:011.774 JLINK_CORESIGHT_ReadAPDPReg(AP reg 0x03)
T8DF0 001:012.028   Value=0x00000002
T8DF0 001:012.049 - 0.274ms returns 0
T8DF0 001:012.064 JLINK_CORESIGHT_ReadAPDPReg(AP reg 0x03)
T8DF0 001:012.308   Value=0x00000002
T8DF0 001:012.329 - 0.265ms returns 0
T8DF0 001:012.344 JLINK_CORESIGHT_ReadAPDPReg(AP reg 0x03)
T8DF0 001:012.586   Value=0x00000002
T8DF0 001:012.609 - 0.264ms returns 0
T8DF0 001:012.624 JLINK_CORESIGHT_ReadAPDPReg(AP reg 0x03)
T8DF0 001:012.873   Value=0x00000002
T8DF0 001:012.894 - 0.269ms returns 0
T8DF0 001:012.909 JLINK_CORESIGHT_ReadAPDPReg(AP reg 0x03)
T8DF0 001:013.156   Value=0x00000002
T8DF0 001:013.177 - 0.267ms returns 0
T8DF0 001:013.192 JLINK_CORESIGHT_ReadAPDPReg(AP reg 0x03)
T8DF0 001:013.439   Value=0x00000002
T8DF0 001:013.459 - 0.267ms returns 0
T8DF0 001:013.474 JLINK_CORESIGHT_ReadAPDPReg(AP reg 0x03)
T8DF0 001:013.746   Value=0x00000000
T8DF0 001:013.767 - 0.292ms returns 0
T8DF0 001:013.782 JLINK_CORESIGHT_WriteAPDPReg(AP reg 0x00, 0x80000002)
T8DF0 001:014.030 - 0.247ms returns 0
T8DF0 001:014.062 JLINK_CORESIGHT_WriteAPDPReg(AP reg 0x01, 0x80011130)
T8DF0 001:016.017 - 1.954ms returns 0
T8DF0 001:016.060 JLINK_CORESIGHT_ReadAPDPReg(AP reg 0x03)
T8DF0 001:016.376   Value=0x73020081
T8DF0 001:016.398 - 0.338ms returns 0
T8DF0 001:016.417 JLINK_CORESIGHT_WriteAPDPReg(AP reg 0x00, 0x80000002)
T8DF0 001:016.631 - 0.214ms returns 0
T8DF0 001:016.651 JLINK_CORESIGHT_WriteAPDPReg(AP reg 0x01, 0x80011140)
T8DF0 001:016.880 - 0.229ms returns 0
T8DF0 001:016.900 JLINK_CORESIGHT_ReadAPDPReg(AP reg 0x03)
T8DF0 001:017.182   Value=0x00000000
T8DF0 001:017.203 - 0.302ms returns 0
T8DF0 001:017.221 JLINK_CORESIGHT_WriteAPDPReg(AP reg 0x00, 0x80000002)
T8DF0 001:017.434 - 0.213ms returns 0
T8DF0 001:017.454 JLINK_CORESIGHT_WriteAPDPReg(AP reg 0x01, 0x80011130)
T8DF0 001:017.663 - 0.209ms returns 0
T8DF0 001:017.682 JLINK_CORESIGHT_ReadAPDPReg(AP reg 0x03)
T8DF0 001:017.942   Value=0x00038902
T8DF0 001:017.965 - 0.282ms returns 0
T8DF0 001:017.985 JLINK_CORESIGHT_WriteAPDPReg(AP reg 0x00, 0x80000002)
T8DF0 001:018.254 - 0.267ms returns 0
T8DF0 001:018.311 JLINK_CORESIGHT_WriteAPDPReg(AP reg 0x01, 0x80011140)
T8DF0 001:018.545 - 0.234ms returns 0
T8DF0 001:018.570 JLINK_CORESIGHT_ReadAPDPReg(AP reg 0x03)
T8DF0 001:018.879   Value=0x00000002
T8DF0 001:018.900 - 0.330ms returns 0
T8DF0 001:018.941 JLINK_CORESIGHT_WriteAPDPReg(AP reg 0x00, 0x80000002)
T8DF0 001:019.168 - 0.227ms returns 0
T8DF0 001:019.187 JLINK_CORESIGHT_WriteAPDPReg(AP reg 0x01, 0x80011120)
T8DF0 001:019.401 - 0.213ms returns 0
T8DF0 001:019.421 JLINK_CORESIGHT_WriteAPDPReg(AP reg 0x03, 0x75010001)
T8DF0 001:019.623 - 0.202ms returns 0
T8DF0 001:019.643 JLINK_CORESIGHT_WriteAPDPReg(AP reg 0x00, 0x80000002)
T8DF0 001:019.879 - 0.235ms returns 0
T8DF0 001:019.898 JLINK_CORESIGHT_WriteAPDPReg(AP reg 0x01, 0x80011140)
T8DF0 001:020.116 - 0.218ms returns 0
T8DF0 001:020.136 JLINK_CORESIGHT_ReadAPDPReg(AP reg 0x03)
T8DF0 001:020.417   Value=0x00000002
T8DF0 001:020.438 - 0.301ms returns 0
T8DF0 001:020.456 JLINK_CORESIGHT_WriteAPDPReg(AP reg 0x00, 0x80000002)
T8DF0 001:020.768 - 0.312ms returns 0
T8DF0 001:020.802 JLINK_CORESIGHT_WriteAPDPReg(AP reg 0x01, 0x80011120)
T8DF0 001:021.105 - 0.302ms returns 0
T8DF0 001:021.130 JLINK_CORESIGHT_WriteAPDPReg(AP reg 0x03, 0x0000038A)
T8DF0 001:021.457 - 0.326ms returns 0
T8DF0 001:021.480 JLINK_CORESIGHT_WriteAPDPReg(AP reg 0x00, 0x80000002)
T8DF0 001:021.693 - 0.213ms returns 0
T8DF0 001:021.714 JLINK_CORESIGHT_WriteAPDPReg(AP reg 0x01, 0x80011140)
T8DF0 001:021.987 - 0.273ms returns 0
T8DF0 001:022.008 JLINK_CORESIGHT_ReadAPDPReg(AP reg 0x03)
T8DF0 001:022.354   Value=0x00000002
T8DF0 001:022.402 - 0.394ms returns 0
T8DF0 001:022.422 JLINK_CORESIGHT_ReadAPDPReg(AP reg 0x03)
T8DF0 001:022.696   Value=0x00000000
T8DF0 001:022.717 - 0.295ms returns 0
T8DF0 001:022.735 JLINK_CORESIGHT_WriteAPDPReg(AP reg 0x00, 0x80000002)
T8DF0 001:022.991 - 0.255ms returns 0
T8DF0 001:023.013 JLINK_CORESIGHT_WriteAPDPReg(AP reg 0x01, 0x80011130)
T8DF0 001:023.226 - 0.213ms returns 0
T8DF0 001:023.246 JLINK_CORESIGHT_ReadAPDPReg(AP reg 0x03)
T8DF0 001:023.525   Value=0x75020081
T8DF0 001:023.546 - 0.300ms returns 0
T8DF0 001:023.564 JLINK_CORESIGHT_WriteAPDPReg(AP reg 0x00, 0x80000002)
T8DF0 001:023.777 - 0.213ms returns 0
T8DF0 001:023.802 JLINK_CORESIGHT_WriteAPDPReg(AP reg 0x01, 0x80011140)
T8DF0 001:024.027 - 0.225ms returns 0
T8DF0 001:024.047 JLINK_CORESIGHT_ReadAPDPReg(AP reg 0x03)
T8DF0 001:024.327   Value=0x00000000
T8DF0 001:024.348 - 0.300ms returns 0
T8DF0 001:024.366 JLINK_CORESIGHT_WriteAPDPReg(AP reg 0x00, 0x80000002)
T8DF0 001:024.569 - 0.203ms returns 0
T8DF0 001:024.589 JLINK_CORESIGHT_WriteAPDPReg(AP reg 0x01, 0x80011130)
T8DF0 001:024.873 - 0.285ms returns 0
T8DF0 001:024.893 JLINK_CORESIGHT_ReadAPDPReg(AP reg 0x03)
T8DF0 001:025.168   Value=0x00038702
T8DF0 001:025.189 - 0.295ms returns 0
T8DF0 001:025.850 JLINK_CORESIGHT_WriteAPDPReg(AP reg 0x00, 0x80000002)
T8DF0 001:026.131 - 0.282ms returns 0
T8DF0 001:026.151 JLINK_CORESIGHT_WriteAPDPReg(AP reg 0x01, 0x80011140)
T8DF0 001:026.370 - 0.219ms returns 0
T8DF0 001:026.387 JLINK_CORESIGHT_ReadAPDPReg(AP reg 0x03)
T8DF0 001:026.653   Value=0x00000002
T8DF0 001:026.673 - 0.285ms returns 0
T8DF0 001:026.689 JLINK_CORESIGHT_WriteAPDPReg(AP reg 0x00, 0x80000002)
T8DF0 001:026.916 - 0.227ms returns 0
T8DF0 001:026.933 JLINK_CORESIGHT_WriteAPDPReg(AP reg 0x01, 0x80011120)
T8DF0 001:027.147 - 0.214ms returns 0
T8DF0 001:027.165 JLINK_CORESIGHT_WriteAPDPReg(AP reg 0x03, 0x4E0B0001)
T8DF0 001:027.380 - 0.215ms returns 0
T8DF0 001:027.398 JLINK_CORESIGHT_WriteAPDPReg(AP reg 0x00, 0x80000002)
T8DF0 001:027.608 - 0.210ms returns 0
T8DF0 001:027.625 JLINK_CORESIGHT_WriteAPDPReg(AP reg 0x01, 0x80011140)
T8DF0 001:027.879 - 0.254ms returns 0
T8DF0 001:027.897 JLINK_CORESIGHT_ReadAPDPReg(AP reg 0x03)
T8DF0 001:028.175   Value=0x00000002
T8DF0 001:028.198 - 0.301ms returns 0
T8DF0 001:028.215 JLINK_CORESIGHT_WriteAPDPReg(AP reg 0x00, 0x80000002)
T8DF0 001:028.430 - 0.215ms returns 0
T8DF0 001:028.448 JLINK_CORESIGHT_WriteAPDPReg(AP reg 0x01, 0x80011120)
T8DF0 001:028.654 - 0.206ms returns 0
T8DF0 001:028.671 JLINK_CORESIGHT_WriteAPDPReg(AP reg 0x03, 0x00030000)
T8DF0 001:028.888 - 0.216ms returns 0
T8DF0 001:028.905 JLINK_CORESIGHT_WriteAPDPReg(AP reg 0x00, 0x80000002)
T8DF0 001:029.117 - 0.212ms returns 0
T8DF0 001:029.134 JLINK_CORESIGHT_WriteAPDPReg(AP reg 0x01, 0x80011140)
T8DF0 001:029.352 - 0.217ms returns 0
T8DF0 001:029.382 JLINK_CORESIGHT_ReadAPDPReg(AP reg 0x03)
T8DF0 001:029.669   Value=0x00000002
T8DF0 001:029.694 - 0.311ms returns 0
T8DF0 001:029.711 JLINK_CORESIGHT_WriteAPDPReg(AP reg 0x00, 0x80000002)
T8DF0 001:029.989 - 0.278ms returns 0
T8DF0 001:030.014 JLINK_CORESIGHT_WriteAPDPReg(AP reg 0x01, 0x80011120)
T8DF0 001:030.259 - 0.245ms returns 0
T8DF0 001:030.278 JLINK_CORESIGHT_WriteAPDPReg(AP reg 0x03, 0x00000000)
T8DF0 001:030.494 - 0.216ms returns 0
T8DF0 001:030.512 JLINK_CORESIGHT_WriteAPDPReg(AP reg 0x00, 0x80000002)
T8DF0 001:030.809 - 0.296ms returns 0
T8DF0 001:030.859 JLINK_CORESIGHT_WriteAPDPReg(AP reg 0x01, 0x80011140)
T8DF0 001:031.310 - 0.450ms returns 0
T8DF0 001:031.342 JLINK_CORESIGHT_ReadAPDPReg(AP reg 0x03)
T8DF0 001:031.684   Value=0x00000002
T8DF0 001:031.716 - 0.374ms returns 0
T8DF0 001:031.734 JLINK_CORESIGHT_WriteAPDPReg(AP reg 0x00, 0x80000002)
T8DF0 001:032.019 - 0.284ms returns 0
T8DF0 001:032.049 JLINK_CORESIGHT_WriteAPDPReg(AP reg 0x01, 0x80011120)
T8DF0 001:032.325 - 0.275ms returns 0
T8DF0 001:032.354 JLINK_CORESIGHT_WriteAPDPReg(AP reg 0x03, 0x03A40000)
T8DF0 001:032.572 - 0.218ms returns 0
T8DF0 001:032.590 JLINK_CORESIGHT_WriteAPDPReg(AP reg 0x00, 0x80000002)
T8DF0 001:032.874 - 0.284ms returns 0
T8DF0 001:032.891 JLINK_CORESIGHT_WriteAPDPReg(AP reg 0x01, 0x80011140)
T8DF0 001:033.108 - 0.216ms returns 0
T8DF0 001:033.126 JLINK_CORESIGHT_ReadAPDPReg(AP reg 0x03)
T8DF0 001:033.407   Value=0x00000002
T8DF0 001:033.427 - 0.301ms returns 0
T8DF0 001:033.443 JLINK_CORESIGHT_ReadAPDPReg(AP reg 0x03)
T8DF0 001:033.690   Value=0x00000002
T8DF0 001:033.710 - 0.268ms returns 0
T8DF0 001:033.726 JLINK_CORESIGHT_ReadAPDPReg(AP reg 0x03)
T8DF0 001:034.027   Value=0x00000002
T8DF0 001:034.048 - 0.322ms returns 0
T8DF0 001:034.063 JLINK_CORESIGHT_ReadAPDPReg(AP reg 0x03)
T8DF0 001:034.317   Value=0x00000002
T8DF0 001:034.339 - 0.276ms returns 0
T8DF0 001:034.354 JLINK_CORESIGHT_ReadAPDPReg(AP reg 0x03)
T8DF0 001:034.590   Value=0x00000002
T8DF0 001:034.610 - 0.256ms returns 0
T8DF0 001:034.625 JLINK_CORESIGHT_ReadAPDPReg(AP reg 0x03)
T8DF0 001:034.879   Value=0x00000002
T8DF0 001:034.900 - 0.274ms returns 0
T8DF0 001:034.915 JLINK_CORESIGHT_ReadAPDPReg(AP reg 0x03)
T8DF0 001:035.159   Value=0x00000002
T8DF0 001:035.180 - 0.265ms returns 0
T8DF0 001:035.195 JLINK_CORESIGHT_ReadAPDPReg(AP reg 0x03)
T8DF0 001:035.440   Value=0x00000002
T8DF0 001:035.460 - 0.265ms returns 0
T8DF0 001:035.475 JLINK_CORESIGHT_ReadAPDPReg(AP reg 0x03)
T8DF0 001:035.749   Value=0x00000002
T8DF0 001:035.769 - 0.293ms returns 0
T8DF0 001:035.784 JLINK_CORESIGHT_ReadAPDPReg(AP reg 0x03)
T8DF0 001:036.032   Value=0x00000002
T8DF0 001:036.053 - 0.268ms returns 0
T8DF0 001:036.068 JLINK_CORESIGHT_ReadAPDPReg(AP reg 0x03)
T8DF0 001:036.315   Value=0x00000002
T8DF0 001:036.335 - 0.267ms returns 0
T8DF0 001:036.350 JLINK_CORESIGHT_ReadAPDPReg(AP reg 0x03)
T8DF0 001:036.588   Value=0x00000002
T8DF0 001:036.608 - 0.258ms returns 0
T8DF0 001:036.624 JLINK_CORESIGHT_ReadAPDPReg(AP reg 0x03)
T8DF0 001:036.873   Value=0x00000002
T8DF0 001:036.894 - 0.270ms returns 0
T8DF0 001:036.909 JLINK_CORESIGHT_ReadAPDPReg(AP reg 0x03)
T8DF0 001:037.206   Value=0x00000002
T8DF0 001:037.238 - 0.329ms returns 0
T8DF0 001:037.255 JLINK_CORESIGHT_ReadAPDPReg(AP reg 0x03)
T8DF0 001:037.510   Value=0x00000002
T8DF0 001:037.537 - 0.281ms returns 0
T8DF0 001:037.554 JLINK_CORESIGHT_ReadAPDPReg(AP reg 0x03)
T8DF0 001:037.888   Value=0x00000002
T8DF0 001:037.934 - 0.380ms returns 0
T8DF0 001:037.950 JLINK_CORESIGHT_ReadAPDPReg(AP reg 0x03)
T8DF0 001:038.206   Value=0x00000002
T8DF0 001:038.229 - 0.279ms returns 0
T8DF0 001:038.245 JLINK_CORESIGHT_ReadAPDPReg(AP reg 0x03)
T8DF0 001:038.491   Value=0x00000002
T8DF0 001:038.511 - 0.266ms returns 0
T8DF0 001:038.527 JLINK_CORESIGHT_ReadAPDPReg(AP reg 0x03)
T8DF0 001:038.804   Value=0x00000002
T8DF0 001:038.824 - 0.297ms returns 0
T8DF0 001:038.839 JLINK_CORESIGHT_ReadAPDPReg(AP reg 0x03)
T8DF0 001:039.112   Value=0x00000002
T8DF0 001:039.132 - 0.293ms returns 0
T8DF0 001:039.148 JLINK_CORESIGHT_ReadAPDPReg(AP reg 0x03)
T8DF0 001:039.395   Value=0x00000002
T8DF0 001:039.415 - 0.267ms returns 0
T8DF0 001:039.430 JLINK_CORESIGHT_ReadAPDPReg(AP reg 0x03)
T8DF0 001:039.700   Value=0x00000002
T8DF0 001:039.720 - 0.290ms returns 0
T8DF0 001:039.736 JLINK_CORESIGHT_ReadAPDPReg(AP reg 0x03)
T8DF0 001:040.051   Value=0x00000002
T8DF0 001:040.091 - 0.355ms returns 0
T8DF0 001:040.106 JLINK_CORESIGHT_ReadAPDPReg(AP reg 0x03)
T8DF0 001:040.384   Value=0x00000002
T8DF0 001:040.414 - 0.308ms returns 0
T8DF0 001:040.432 JLINK_CORESIGHT_ReadAPDPReg(AP reg 0x03)
T8DF0 001:040.711   Value=0x00000002
T8DF0 001:040.737 - 0.304ms returns 0
T8DF0 001:040.753 JLINK_CORESIGHT_ReadAPDPReg(AP reg 0x03)
T8DF0 001:041.051   Value=0x00000002
T8DF0 001:041.072 - 0.319ms returns 0
T8DF0 001:041.088 JLINK_CORESIGHT_ReadAPDPReg(AP reg 0x03)
T8DF0 001:041.375   Value=0x00000000
T8DF0 001:041.395 - 0.307ms returns 0
T8DF0 001:041.411 JLINK_CORESIGHT_WriteAPDPReg(AP reg 0x00, 0x80000002)
T8DF0 001:041.620 - 0.208ms returns 0
T8DF0 001:041.637 JLINK_CORESIGHT_WriteAPDPReg(AP reg 0x01, 0x80011130)
T8DF0 001:041.878 - 0.241ms returns 0
T8DF0 001:041.896 JLINK_CORESIGHT_ReadAPDPReg(AP reg 0x03)
T8DF0 001:042.174   Value=0x4E0A0081
T8DF0 001:042.195 - 0.299ms returns 0
T8DF0 001:042.211 JLINK_CORESIGHT_WriteAPDPReg(AP reg 0x00, 0x80000002)
T8DF0 001:042.426 - 0.215ms returns 0
T8DF0 001:042.446 JLINK_CORESIGHT_WriteAPDPReg(AP reg 0x01, 0x80011140)
T8DF0 001:042.659 - 0.213ms returns 0
T8DF0 001:042.677 JLINK_CORESIGHT_ReadAPDPReg(AP reg 0x03)
T8DF0 001:042.942   Value=0x00000000
T8DF0 001:042.965 - 0.288ms returns 0
T8DF0 001:042.980 JLINK_CORESIGHT_WriteAPDPReg(AP reg 0x00, 0x80000002)
T8DF0 001:043.193 - 0.212ms returns 0
T8DF0 001:043.210 JLINK_CORESIGHT_WriteAPDPReg(AP reg 0x01, 0x80011130)
T8DF0 001:043.426 - 0.216ms returns 0
T8DF0 001:043.445 JLINK_CORESIGHT_ReadAPDPReg(AP reg 0x03)
T8DF0 001:043.721   Value=0xFFFFFF00
T8DF0 001:043.742 - 0.297ms returns 0
T8DF0 001:043.757 JLINK_CORESIGHT_WriteAPDPReg(AP reg 0x00, 0x80000002)
T8DF0 001:043.991 - 0.234ms returns 0
T8DF0 001:044.014 JLINK_CORESIGHT_WriteAPDPReg(AP reg 0x01, 0x80011140)
T8DF0 001:044.229 - 0.215ms returns 0
T8DF0 001:044.251 JLINK_CORESIGHT_ReadAPDPReg(AP reg 0x03)
T8DF0 001:044.532   Value=0x00000000
T8DF0 001:044.552 - 0.302ms returns 0
T8DF0 001:044.568 JLINK_CORESIGHT_WriteAPDPReg(AP reg 0x00, 0x80000002)
T8DF0 001:044.777 - 0.208ms returns 0
T8DF0 001:044.794 JLINK_CORESIGHT_WriteAPDPReg(AP reg 0x01, 0x80011130)
T8DF0 001:045.008 - 0.214ms returns 0
T8DF0 001:045.026 JLINK_CORESIGHT_ReadAPDPReg(AP reg 0x03)
T8DF0 001:045.307   Value=0xFFFFFFFF
T8DF0 001:045.327 - 0.301ms returns 0
T8DF0 001:045.342 JLINK_CORESIGHT_WriteAPDPReg(AP reg 0x00, 0x80000002)
T8DF0 001:045.550 - 0.207ms returns 0
T8DF0 001:045.567 JLINK_CORESIGHT_WriteAPDPReg(AP reg 0x01, 0x80011140)
T8DF0 001:045.776 - 0.209ms returns 0
T8DF0 001:045.794 JLINK_CORESIGHT_ReadAPDPReg(AP reg 0x03)
T8DF0 001:046.066   Value=0x00000000
T8DF0 001:046.087 - 0.292ms returns 0
T8DF0 001:046.102 JLINK_CORESIGHT_WriteAPDPReg(AP reg 0x00, 0x80000002)
T8DF0 001:046.317 - 0.215ms returns 0
T8DF0 001:046.335 JLINK_CORESIGHT_WriteAPDPReg(AP reg 0x01, 0x80011130)
T8DF0 001:046.551 - 0.216ms returns 0
T8DF0 001:046.568 JLINK_CORESIGHT_ReadAPDPReg(AP reg 0x03)
T8DF0 001:046.879   Value=0x0003B0FF
T8DF0 001:046.900 - 0.331ms returns 0
T8DF0 001:046.941 JLINK_CORESIGHT_WriteAPDPReg(AP reg 0x00, 0x80000002)
T8DF0 001:047.157 - 0.216ms returns 0
T8DF0 001:047.174 JLINK_CORESIGHT_WriteAPDPReg(AP reg 0x01, 0x80011140)
T8DF0 001:047.517 - 0.341ms returns 0
T8DF0 001:047.579 JLINK_CORESIGHT_ReadAPDPReg(AP reg 0x03)
T8DF0 001:048.127   Value=0x00000002
T8DF0 001:048.183 - 0.604ms returns 0
T8DF0 001:048.213 JLINK_CORESIGHT_WriteAPDPReg(AP reg 0x00, 0x80000002)
T8DF0 001:048.543 - 0.329ms returns 0
T8DF0 001:048.576 JLINK_CORESIGHT_WriteAPDPReg(AP reg 0x01, 0x80011120)
T8DF0 001:048.884 - 0.308ms returns 0
T8DF0 001:048.921 JLINK_CORESIGHT_WriteAPDPReg(AP reg 0x03, 0x4F010001)
T8DF0 001:049.194 - 0.272ms returns 0
T8DF0 001:049.228 JLINK_CORESIGHT_WriteAPDPReg(AP reg 0x00, 0x80000002)
T8DF0 001:049.453 - 0.225ms returns 0
T8DF0 001:049.472 JLINK_CORESIGHT_WriteAPDPReg(AP reg 0x01, 0x80011140)
T8DF0 001:049.686 - 0.214ms returns 0
T8DF0 001:049.704 JLINK_CORESIGHT_ReadAPDPReg(AP reg 0x03)
T8DF0 001:050.049   Value=0x00000002
T8DF0 001:050.070 - 0.366ms returns 0
T8DF0 001:050.090 JLINK_CORESIGHT_WriteAPDPReg(AP reg 0x00, 0x80000002)
T8DF0 001:050.310 - 0.220ms returns 0
T8DF0 001:050.338 JLINK_CORESIGHT_WriteAPDPReg(AP reg 0x01, 0x80011120)
T8DF0 001:050.560 - 0.222ms returns 0
T8DF0 001:050.584 JLINK_CORESIGHT_WriteAPDPReg(AP reg 0x03, 0x000003B0)
T8DF0 001:050.893 - 0.309ms returns 0
T8DF0 001:050.916 JLINK_CORESIGHT_WriteAPDPReg(AP reg 0x00, 0x80000002)
T8DF0 001:051.131 - 0.216ms returns 0
T8DF0 001:051.152 JLINK_CORESIGHT_WriteAPDPReg(AP reg 0x01, 0x80011140)
T8DF0 001:051.366 - 0.214ms returns 0
T8DF0 001:051.386 JLINK_CORESIGHT_ReadAPDPReg(AP reg 0x03)
T8DF0 001:051.666   Value=0x00000002
T8DF0 001:051.687 - 0.301ms returns 0
T8DF0 001:051.705 JLINK_CORESIGHT_ReadAPDPReg(AP reg 0x03)
T8DF0 001:051.981   Value=0x00000002
T8DF0 001:052.023 - 0.317ms returns 0
T8DF0 001:052.049 JLINK_CORESIGHT_ReadAPDPReg(AP reg 0x03)
T8DF0 001:052.369   Value=0x00000002
T8DF0 001:052.401 - 0.351ms returns 0
T8DF0 001:052.421 JLINK_CORESIGHT_ReadAPDPReg(AP reg 0x03)
T8DF0 001:052.691   Value=0x00000002
T8DF0 001:052.719 - 0.298ms returns 0
T8DF0 001:052.740 JLINK_CORESIGHT_ReadAPDPReg(AP reg 0x03)
T8DF0 001:053.167   Value=0x00000002
T8DF0 001:053.189 - 0.449ms returns 0
T8DF0 001:053.208 JLINK_CORESIGHT_ReadAPDPReg(AP reg 0x03)
T8DF0 001:053.468   Value=0x00000002
T8DF0 001:053.489 - 0.281ms returns 0
T8DF0 001:053.511 JLINK_CORESIGHT_ReadAPDPReg(AP reg 0x03)
T8DF0 001:053.783   Value=0x00000002
T8DF0 001:053.804 - 0.292ms returns 0
T8DF0 001:053.822 JLINK_CORESIGHT_ReadAPDPReg(AP reg 0x03)
T8DF0 001:054.097   Value=0x00000002
T8DF0 001:054.118 - 0.296ms returns 0
T8DF0 001:054.135 JLINK_CORESIGHT_ReadAPDPReg(AP reg 0x03)
T8DF0 001:054.380   Value=0x00000002
T8DF0 001:054.401 - 0.265ms returns 0
T8DF0 001:054.419 JLINK_CORESIGHT_ReadAPDPReg(AP reg 0x03)
T8DF0 001:054.667   Value=0x00000000
T8DF0 001:054.688 - 0.269ms returns 0
T8DF0 001:054.706 JLINK_CORESIGHT_WriteAPDPReg(AP reg 0x00, 0x80000002)
T8DF0 001:054.915 - 0.209ms returns 0
T8DF0 001:054.935 JLINK_CORESIGHT_WriteAPDPReg(AP reg 0x01, 0x80011130)
T8DF0 001:055.156 - 0.221ms returns 0
T8DF0 001:055.177 JLINK_CORESIGHT_ReadAPDPReg(AP reg 0x03)
T8DF0 001:055.458   Value=0x4F0B0081
T8DF0 001:055.480 - 0.303ms returns 0
T8DF0 001:055.497 JLINK_CORESIGHT_WriteAPDPReg(AP reg 0x00, 0x80000002)
T8DF0 001:055.701 - 0.203ms returns 0
T8DF0 001:055.721 JLINK_CORESIGHT_WriteAPDPReg(AP reg 0x01, 0x80011140)
T8DF0 001:055.990 - 0.269ms returns 0
T8DF0 001:056.010 JLINK_CORESIGHT_ReadAPDPReg(AP reg 0x03)
T8DF0 001:056.285   Value=0x00000000
T8DF0 001:056.305 - 0.295ms returns 0
T8DF0 001:056.323 JLINK_CORESIGHT_WriteAPDPReg(AP reg 0x00, 0x80000002)
T8DF0 001:056.535 - 0.212ms returns 0
T8DF0 001:056.555 JLINK_CORESIGHT_WriteAPDPReg(AP reg 0x01, 0x80011130)
T8DF0 001:056.758 - 0.203ms returns 0
T8DF0 001:056.778 JLINK_CORESIGHT_ReadAPDPReg(AP reg 0x03)
T8DF0 001:057.057   Value=0x00030000
T8DF0 001:057.078 - 0.300ms returns 0
T8DF0 001:057.096 JLINK_CORESIGHT_WriteAPDPReg(AP reg 0x00, 0x80000002)
T8DF0 001:057.310 - 0.213ms returns 0
T8DF0 001:057.329 JLINK_CORESIGHT_WriteAPDPReg(AP reg 0x01, 0x80011140)
T8DF0 001:057.541 - 0.212ms returns 0
T8DF0 001:057.561 JLINK_CORESIGHT_ReadAPDPReg(AP reg 0x03)
T8DF0 001:057.878   Value=0x00000000
T8DF0 001:057.905 - 0.341ms returns 0
T8DF0 001:057.941 JLINK_CORESIGHT_WriteAPDPReg(AP reg 0x00, 0x80000002)
T8DF0 001:058.168 - 0.227ms returns 0
T8DF0 001:058.195 JLINK_CORESIGHT_WriteAPDPReg(AP reg 0x01, 0x80011130)
T8DF0 001:058.496 - 0.301ms returns 0
T8DF0 001:058.517 JLINK_CORESIGHT_ReadAPDPReg(AP reg 0x03)
T8DF0 001:058.777   Value=0x00000000
T8DF0 001:058.798 - 0.281ms returns 0
T8DF0 001:058.816 JLINK_CORESIGHT_WriteAPDPReg(AP reg 0x00, 0x80000002)
T8DF0 001:059.033 - 0.216ms returns 0
T8DF0 001:059.052 JLINK_CORESIGHT_WriteAPDPReg(AP reg 0x01, 0x80011140)
T8DF0 001:059.266 - 0.214ms returns 0
T8DF0 001:059.286 JLINK_CORESIGHT_ReadAPDPReg(AP reg 0x03)
T8DF0 001:059.557   Value=0x00000000
T8DF0 001:059.578 - 0.292ms returns 0
T8DF0 001:059.596 JLINK_CORESIGHT_WriteAPDPReg(AP reg 0x00, 0x80000002)
T8DF0 001:059.879 - 0.283ms returns 0
T8DF0 001:059.899 JLINK_CORESIGHT_WriteAPDPReg(AP reg 0x01, 0x80011130)
T8DF0 001:060.121 - 0.223ms returns 0
T8DF0 001:060.142 JLINK_CORESIGHT_ReadAPDPReg(AP reg 0x03)
T8DF0 001:060.434   Value=0x03A30000
T8DF0 001:060.456 - 0.314ms returns 0
T8DF0 001:061.127 JLINK_CORESIGHT_WriteAPDPReg(AP reg 0x00, 0x80000002)
T8DF0 001:061.418 - 0.291ms returns 0
T8DF0 001:061.440 JLINK_CORESIGHT_WriteAPDPReg(AP reg 0x01, 0x80011140)
T8DF0 001:061.655 - 0.214ms returns 0
T8DF0 001:061.673 JLINK_CORESIGHT_ReadAPDPReg(AP reg 0x03)
T8DF0 001:061.947   Value=0x00000002
T8DF0 001:061.969 - 0.296ms returns 0
T8DF0 001:061.985 JLINK_CORESIGHT_WriteAPDPReg(AP reg 0x00, 0x80000002)
T8DF0 001:062.199 - 0.214ms returns 0
T8DF0 001:062.216 JLINK_CORESIGHT_WriteAPDPReg(AP reg 0x01, 0x80011120)
T8DF0 001:062.433 - 0.217ms returns 0
T8DF0 001:062.450 JLINK_CORESIGHT_WriteAPDPReg(AP reg 0x03, 0x4F010001)
T8DF0 001:062.659 - 0.208ms returns 0
T8DF0 001:062.677 JLINK_CORESIGHT_WriteAPDPReg(AP reg 0x00, 0x80000002)
T8DF0 001:062.910 - 0.234ms returns 0
T8DF0 001:062.928 JLINK_CORESIGHT_WriteAPDPReg(AP reg 0x01, 0x80011140)
T8DF0 001:063.146 - 0.218ms returns 0
T8DF0 001:063.163 JLINK_CORESIGHT_ReadAPDPReg(AP reg 0x03)
T8DF0 001:063.443   Value=0x00000002
T8DF0 001:063.525 - 0.361ms returns 0
T8DF0 001:063.540 JLINK_CORESIGHT_WriteAPDPReg(AP reg 0x00, 0x80000002)
T8DF0 001:063.737 - 0.196ms returns 0
T8DF0 001:063.754 JLINK_CORESIGHT_WriteAPDPReg(AP reg 0x01, 0x80011120)
T8DF0 001:063.988 - 0.233ms returns 0
T8DF0 001:064.005 JLINK_CORESIGHT_WriteAPDPReg(AP reg 0x03, 0x000003B0)
T8DF0 001:064.516 - 0.510ms returns 0
T8DF0 001:064.545 JLINK_CORESIGHT_WriteAPDPReg(AP reg 0x00, 0x80000002)
T8DF0 001:064.884 - 0.338ms returns 0
T8DF0 001:064.910 JLINK_CORESIGHT_WriteAPDPReg(AP reg 0x01, 0x80011140)
T8DF0 001:065.196 - 0.285ms returns 0
T8DF0 001:065.215 JLINK_CORESIGHT_ReadAPDPReg(AP reg 0x03)
T8DF0 001:065.541   Value=0x00000002
T8DF0 001:065.563 - 0.348ms returns 0
T8DF0 001:065.579 JLINK_CORESIGHT_ReadAPDPReg(AP reg 0x03)
T8DF0 001:065.918   Value=0x00000002
T8DF0 001:065.953 - 0.373ms returns 0
T8DF0 001:065.972 JLINK_CORESIGHT_ReadAPDPReg(AP reg 0x03)
T8DF0 001:066.318   Value=0x00000002
T8DF0 001:066.345 - 0.372ms returns 0
T8DF0 001:066.361 JLINK_CORESIGHT_ReadAPDPReg(AP reg 0x03)
T8DF0 001:066.600   Value=0x00000002
T8DF0 001:066.621 - 0.259ms returns 0
T8DF0 001:066.637 JLINK_CORESIGHT_ReadAPDPReg(AP reg 0x03)
T8DF0 001:066.878   Value=0x00000002
T8DF0 001:066.899 - 0.262ms returns 0
T8DF0 001:066.914 JLINK_CORESIGHT_ReadAPDPReg(AP reg 0x03)
T8DF0 001:067.162   Value=0x00000002
T8DF0 001:067.185 - 0.270ms returns 0
T8DF0 001:067.201 JLINK_CORESIGHT_ReadAPDPReg(AP reg 0x03)
T8DF0 001:067.454   Value=0x00000002
T8DF0 001:067.484 - 0.283ms returns 0
T8DF0 001:067.502 JLINK_CORESIGHT_ReadAPDPReg(AP reg 0x03)
T8DF0 001:067.888   Value=0x00000002
T8DF0 001:067.928 - 0.426ms returns 0
T8DF0 001:067.946 JLINK_CORESIGHT_ReadAPDPReg(AP reg 0x03)
T8DF0 001:068.208   Value=0x00000002
T8DF0 001:068.233 - 0.287ms returns 0
T8DF0 001:068.250 JLINK_CORESIGHT_ReadAPDPReg(AP reg 0x03)
T8DF0 001:068.634   Value=0x00000000
T8DF0 001:068.655 - 0.405ms returns 0
T8DF0 001:068.672 JLINK_CORESIGHT_WriteAPDPReg(AP reg 0x00, 0x80000002)
T8DF0 001:068.900 - 0.227ms returns 0
T8DF0 001:068.927 JLINK_CORESIGHT_WriteAPDPReg(AP reg 0x01, 0x80011130)
T8DF0 001:069.153 - 0.226ms returns 0
T8DF0 001:069.174 JLINK_CORESIGHT_ReadAPDPReg(AP reg 0x03)
T8DF0 001:069.514   Value=0x4F0B0081
T8DF0 001:069.539 - 0.364ms returns 0
T8DF0 001:069.556 JLINK_CORESIGHT_WriteAPDPReg(AP reg 0x00, 0x80000002)
T8DF0 001:069.767 - 0.211ms returns 0
T8DF0 001:069.784 JLINK_CORESIGHT_WriteAPDPReg(AP reg 0x01, 0x80011140)
T8DF0 001:070.004 - 0.219ms returns 0
T8DF0 001:070.033 JLINK_CORESIGHT_ReadAPDPReg(AP reg 0x03)
T8DF0 001:070.366   Value=0x00000000
T8DF0 001:070.390 - 0.357ms returns 0
T8DF0 001:070.407 JLINK_CORESIGHT_WriteAPDPReg(AP reg 0x00, 0x80000002)
T8DF0 001:070.620 - 0.212ms returns 0
T8DF0 001:070.637 JLINK_CORESIGHT_WriteAPDPReg(AP reg 0x01, 0x80011130)
T8DF0 001:070.879 - 0.241ms returns 0
T8DF0 001:070.896 JLINK_CORESIGHT_ReadAPDPReg(AP reg 0x03)
T8DF0 001:071.194   Value=0x00030000
T8DF0 001:071.219 - 0.322ms returns 0
T8DF0 001:071.237 JLINK_CORESIGHT_WriteAPDPReg(AP reg 0x00, 0x80000002)
T8DF0 001:071.493 - 0.255ms returns 0
T8DF0 001:071.512 JLINK_CORESIGHT_WriteAPDPReg(AP reg 0x01, 0x80011140)
T8DF0 001:071.709 - 0.198ms returns 0
T8DF0 001:071.727 JLINK_CORESIGHT_ReadAPDPReg(AP reg 0x03)
T8DF0 001:072.055   Value=0x00000000
T8DF0 001:072.076 - 0.349ms returns 0
T8DF0 001:072.092 JLINK_CORESIGHT_WriteAPDPReg(AP reg 0x00, 0x80000002)
T8DF0 001:072.306 - 0.214ms returns 0
T8DF0 001:072.324 JLINK_CORESIGHT_WriteAPDPReg(AP reg 0x01, 0x80011130)
T8DF0 001:072.601 - 0.277ms returns 0
T8DF0 001:072.619 JLINK_CORESIGHT_ReadAPDPReg(AP reg 0x03)
T8DF0 001:072.908   Value=0x00000000
T8DF0 001:072.930 - 0.310ms returns 0
T8DF0 001:072.945 JLINK_CORESIGHT_WriteAPDPReg(AP reg 0x00, 0x80000002)
T8DF0 001:073.154 - 0.209ms returns 0
T8DF0 001:073.173 JLINK_CORESIGHT_WriteAPDPReg(AP reg 0x01, 0x80011140)
T8DF0 001:073.419 - 0.245ms returns 0
T8DF0 001:073.437 JLINK_CORESIGHT_ReadAPDPReg(AP reg 0x03)
T8DF0 001:073.715   Value=0x00000000
T8DF0 001:073.744 - 0.307ms returns 0
T8DF0 001:073.760 JLINK_CORESIGHT_WriteAPDPReg(AP reg 0x00, 0x80000002)
T8DF0 001:074.012 - 0.251ms returns 0
T8DF0 001:074.032 JLINK_CORESIGHT_WriteAPDPReg(AP reg 0x01, 0x80011130)
T8DF0 001:074.294 - 0.262ms returns 0
T8DF0 001:074.313 JLINK_CORESIGHT_ReadAPDPReg(AP reg 0x03)
T8DF0 001:074.582   Value=0x03A30000
T8DF0 001:074.613 - 0.300ms returns 0
T8DF0 001:074.638 JLINK_CORESIGHT_ReadAPDPReg(DP reg 0x01)
T8DF0 001:074.873   Value=0xF0000F40
T8DF0 001:074.894 - 0.256ms returns 0
T8DF0 001:074.910 JLINK_CORESIGHT_WriteAPDPReg(DP reg 0x01, 0xA0000F40)
T8DF0 001:075.125 - 0.215ms returns 0
T8DF0 001:075.143 JLINK_CORESIGHT_ReadAPDPReg(DP reg 0x01)
T8DF0 001:075.356   Value=0x00000F40
T8DF0 001:075.376 - 0.233ms returns 0
T8DF0 001:075.393 JLINK_ClrRESET()
T8DF0 001:075.636 - 0.243ms 
T8DF0 001:180.390 JLINK_Close()
T8DF0 001:193.804 - 13.412ms
T8DF0 001:194.031   
T8DF0 001:194.064   Closed
