T1264 000:011.015   SEGGER J-Link V9.14a Log File
T1264 000:011.705   DLL Compiled: Jan 28 2026 17:11:52
T1264 000:011.721   Logging started @ 2026-03-09 07:24
T1264 000:011.736   Process: C:\Users\trung.tran-quoc\.eclipse\com.renesas.platform_121336757\DebugComp\RA\e2-server-gdb.exe
T1264 000:012.085 - 11.753ms 
T1264 000:012.246 JLINK_GetDLLVersion()
T1264 000:012.278 - 0.035ms returns 91401
T1264 000:029.502 JLINK_OpenEx(...)
T1264 000:044.702   Firmware: J-Link OB-RA4M2 compiled Dec 10 2025 15:52:53
T1264 000:046.007   Firmware: J-Link OB-RA4M2 compiled Dec 10 2025 15:52:53
T1264 000:059.924   Hardware: V1.00
T1264 000:059.976   S/N: 1082531270
T1264 000:059.998   OEM: SEGGER
T1264 000:060.183   Feature(s): None
T1264 000:061.403   Bootloader: 2021 May 14
T1264 000:061.849   USB speed mode: Full speed (12 MBit/s)
T1264 000:062.739   TELNET listener socket opened on port 19021
T1264 000:063.145   WEBSRV WEBSRV_Init(): Starting webserver thread(s)
T1264 000:063.373   WEBSRV Webserver running on local port 19080
T1264 000:063.738   Looking for J-Link GUI Server exe at: C:\Users\trung.tran-quoc\.eclipse\com.renesas.platform_121336757\DebugComp\RA\ARM\Segger_v9.14.1\JLinkGUIServer.exe
T1264 000:063.913   Looking for J-Link GUI Server exe at: C:\Users\trung.tran-quoc\SEGGER\JLink_V892\JLinkGUIServer.exe
T1264 000:063.961   Forking J-Link GUI Server: C:\Users\trung.tran-quoc\SEGGER\JLink_V892\JLinkGUIServer.exe
T1264 000:253.056   J-Link GUI Server info: "J-Link GUI server V8.92 "
T1264 000:346.160 - 316.683ms returns "O.K."
T1264 000:346.395 JLINK_TIF_Select(JLINKARM_TIF_SWD)
T1264 000:347.216 - 0.820ms returns 0x00
T1264 000:347.443 JLINK_ClrRESET()
T1264 000:348.027 - 0.582ms 
T1264 000:398.802 JLINK_SetSpeed(1500)
T1264 000:399.212 - 0.614ms 
T1264 000:399.421 JLINK_CORESIGHT_Configure(PerformTIFInit=0)
T1264 000:399.870 - 0.609ms returns 0
T1264 000:400.957 JLINK_CORESIGHT_ReadAPDPReg(DP reg 0x00)
T1264 000:401.677   Value=0x6BA02477
T1264 000:401.756 - 0.997ms returns 0
T1264 000:401.790 JLINK_CORESIGHT_WriteAPDPReg(DP reg 0x00, 0x0000001F)
T1264 000:402.092 - 0.302ms returns 0
T1264 000:402.120 JLINK_CORESIGHT_ReadAPDPReg(DP reg 0x00)
T1264 000:402.360   Value=0x6BA02477
T1264 000:402.391 - 0.271ms returns 0
T1264 000:402.412 JLINK_CORESIGHT_WriteAPDPReg(DP reg 0x02, 0x00000000)
T1264 000:402.675 - 0.262ms returns 0
T1264 000:402.734 JLINK_CORESIGHT_WriteAPDPReg(DP reg 0x01, 0x50000000)
T1264 000:403.030 - 0.295ms returns 0
T1264 000:403.084 JLINK_CORESIGHT_ReadAPDPReg(DP reg 0x01)
T1264 000:403.400   Value=0xF0000040
T1264 000:403.450 - 0.366ms returns 0
T1264 000:403.481 JLINK_CORESIGHT_WriteAPDPReg(DP reg 0x00, 0x0000001F)
T1264 000:403.730 - 0.248ms returns 0
T1264 000:403.770 JLINK_CORESIGHT_ReadAPDPReg(DP reg 0x00)
T1264 000:404.075   Value=0x6BA02477
T1264 000:404.121 - 0.351ms returns 0
T1264 000:404.144 JLINK_CORESIGHT_WriteAPDPReg(DP reg 0x01, 0x54000000)
T1264 000:404.385 - 0.241ms returns 0
T1264 000:404.412 JLINK_CORESIGHT_WriteAPDPReg(DP reg 0x01, 0x50000F00)
T1264 000:404.706 - 0.293ms returns 0
T1264 000:404.774 JLINK_CORESIGHT_WriteAPDPReg(DP reg 0x02, 0x01000000)
T1264 000:405.030 - 0.255ms returns 0
T1264 000:405.086 JLINK_CORESIGHT_WriteAPDPReg(AP reg 0x00, 0x80000002)
T1264 000:405.358 - 0.272ms returns 0
T1264 000:405.398 JLINK_CORESIGHT_WriteAPDPReg(AP reg 0x01, 0x80011100)
T1264 000:405.673 - 0.275ms returns 0
T1264 000:405.721 JLINK_CORESIGHT_WriteAPDPReg(AP reg 0x03, 0x000000A5)
T1264 000:406.025 - 0.304ms returns 0
T1264 000:406.093 JLINK_CORESIGHT_WriteAPDPReg(AP reg 0x00, 0x80000002)
T1264 000:406.333 - 0.240ms returns 0
T1264 000:406.358 JLINK_CORESIGHT_WriteAPDPReg(AP reg 0x01, 0x80011100)
T1264 000:406.650 - 0.291ms returns 0
T1264 000:406.674 JLINK_CORESIGHT_ReadAPDPReg(AP reg 0x03)
T1264 000:407.034   Value=0x000000A5
T1264 000:407.104 - 0.430ms returns 0
T1264 000:407.142 JLINK_ClrTMS()
T1264 000:407.336 - 0.193ms 
T1264 000:412.591 JLINK_SetTCK()
T1264 000:412.830 - 0.238ms returns 0
T1264 000:418.595 JLINK_SetRESET()
T1264 000:418.942 - 0.346ms 
T1264 000:619.645 JLINK_CORESIGHT_WriteAPDPReg(AP reg 0x00, 0x80000002)
T1264 000:620.157 - 0.511ms returns 0
T1264 000:620.232 JLINK_CORESIGHT_WriteAPDPReg(AP reg 0x01, 0x80011100)
T1264 000:620.629 - 0.397ms returns 0
T1264 000:620.671 JLINK_CORESIGHT_ReadAPDPReg(AP reg 0x03)
T1264 000:621.021   Value=0x00000000
T1264 000:621.146 - 0.474ms returns 0
T1264 000:621.175 JLINK_CORESIGHT_WriteAPDPReg(AP reg 0x00, 0x80000002)
T1264 000:621.456 - 0.280ms returns 0
T1264 000:621.505 JLINK_CORESIGHT_WriteAPDPReg(AP reg 0x01, 0x80011140)
T1264 000:621.769 - 0.263ms returns 0
T1264 000:621.825 JLINK_CORESIGHT_ReadAPDPReg(AP reg 0x03)
T1264 000:622.202   Value=0x00000002
T1264 000:622.238 - 0.413ms returns 0
T1264 000:622.263 JLINK_CORESIGHT_WriteAPDPReg(AP reg 0x00, 0x80000002)
T1264 000:622.583 - 0.320ms returns 0
T1264 000:622.633 JLINK_CORESIGHT_WriteAPDPReg(AP reg 0x01, 0x80011120)
T1264 000:622.962 - 0.329ms returns 0
T1264 000:622.994 JLINK_CORESIGHT_WriteAPDPReg(AP reg 0x03, 0x00000055)
T1264 000:623.227 - 0.233ms returns 0
T1264 000:623.258 JLINK_CORESIGHT_WriteAPDPReg(AP reg 0x00, 0x80000002)
T1264 000:623.496 - 0.238ms returns 0
T1264 000:623.517 JLINK_CORESIGHT_WriteAPDPReg(AP reg 0x01, 0x80011140)
T1264 000:623.797 - 0.279ms returns 0
T1264 000:623.848 JLINK_CORESIGHT_ReadAPDPReg(AP reg 0x03)
T1264 000:624.197   Value=0x00000002
T1264 000:624.237 - 0.389ms returns 0
T1264 000:624.258 JLINK_CORESIGHT_ReadAPDPReg(AP reg 0x03)
T1264 000:624.523   Value=0x00000002
T1264 000:624.549 - 0.291ms returns 0
T1264 000:624.571 JLINK_CORESIGHT_ReadAPDPReg(AP reg 0x03)
T1264 000:624.855   Value=0x00000002
T1264 000:624.884 - 0.313ms returns 0
T1264 000:624.904 JLINK_CORESIGHT_ReadAPDPReg(AP reg 0x03)
T1264 000:625.165   Value=0x00000002
T1264 000:625.191 - 0.287ms returns 0
T1264 000:625.211 JLINK_CORESIGHT_ReadAPDPReg(AP reg 0x03)
T1264 000:625.482   Value=0x00000002
T1264 000:625.507 - 0.295ms returns 0
T1264 000:625.526 JLINK_CORESIGHT_ReadAPDPReg(AP reg 0x03)
T1264 000:625.808   Value=0x00000002
T1264 000:625.834 - 0.308ms returns 0
T1264 000:625.853 JLINK_CORESIGHT_ReadAPDPReg(AP reg 0x03)
T1264 000:626.212   Value=0x00000002
T1264 000:626.238 - 0.384ms returns 0
T1264 000:626.256 JLINK_CORESIGHT_ReadAPDPReg(AP reg 0x03)
T1264 000:626.509   Value=0x00000002
T1264 000:626.536 - 0.279ms returns 0
T1264 000:626.554 JLINK_CORESIGHT_ReadAPDPReg(AP reg 0x03)
T1264 000:626.834   Value=0x00000002
T1264 000:626.860 - 0.306ms returns 0
T1264 000:626.879 JLINK_CORESIGHT_ReadAPDPReg(AP reg 0x03)
T1264 000:627.170   Value=0x00000002
T1264 000:627.196 - 0.317ms returns 0
T1264 000:627.215 JLINK_CORESIGHT_ReadAPDPReg(AP reg 0x03)
T1264 000:627.523   Value=0x00000002
T1264 000:627.548 - 0.333ms returns 0
T1264 000:627.568 JLINK_CORESIGHT_ReadAPDPReg(AP reg 0x03)
T1264 000:627.891   Value=0x00000002
T1264 000:627.917 - 0.349ms returns 0
T1264 000:627.935 JLINK_CORESIGHT_ReadAPDPReg(AP reg 0x03)
T1264 000:628.231   Value=0x00000002
T1264 000:628.255 - 0.320ms returns 0
T1264 000:628.274 JLINK_CORESIGHT_ReadAPDPReg(AP reg 0x03)
T1264 000:628.578   Value=0x00000002
T1264 000:628.604 - 0.330ms returns 0
T1264 000:628.623 JLINK_CORESIGHT_ReadAPDPReg(AP reg 0x03)
T1264 000:628.899   Value=0x00000002
T1264 000:628.929 - 0.306ms returns 0
T1264 000:628.949 JLINK_CORESIGHT_ReadAPDPReg(AP reg 0x03)
T1264 000:629.238   Value=0x00000002
T1264 000:629.264 - 0.315ms returns 0
T1264 000:629.282 JLINK_CORESIGHT_ReadAPDPReg(AP reg 0x03)
T1264 000:629.596   Value=0x00000002
T1264 000:629.626 - 0.343ms returns 0
T1264 000:629.649 JLINK_CORESIGHT_ReadAPDPReg(AP reg 0x03)
T1264 000:630.020   Value=0x00000002
T1264 000:630.049 - 0.400ms returns 0
T1264 000:630.070 JLINK_CORESIGHT_ReadAPDPReg(AP reg 0x03)
T1264 000:630.342   Value=0x00000002
T1264 000:630.369 - 0.298ms returns 0
T1264 000:630.389 JLINK_CORESIGHT_ReadAPDPReg(AP reg 0x03)
T1264 000:630.696   Value=0x00000002
T1264 000:630.722 - 0.332ms returns 0
T1264 000:630.742 JLINK_CORESIGHT_ReadAPDPReg(AP reg 0x03)
T1264 000:631.011   Value=0x00000002
T1264 000:631.041 - 0.298ms returns 0
T1264 000:631.063 JLINK_CORESIGHT_ReadAPDPReg(AP reg 0x03)
T1264 000:631.343   Value=0x00000002
T1264 000:631.371 - 0.308ms returns 0
T1264 000:631.392 JLINK_CORESIGHT_ReadAPDPReg(AP reg 0x03)
T1264 000:631.706   Value=0x00000002
T1264 000:631.734 - 0.342ms returns 0
T1264 000:631.757 JLINK_CORESIGHT_ReadAPDPReg(AP reg 0x03)
T1264 000:632.052   Value=0x00000002
T1264 000:632.078 - 0.321ms returns 0
T1264 000:632.099 JLINK_CORESIGHT_ReadAPDPReg(AP reg 0x03)
T1264 000:632.387   Value=0x00000002
T1264 000:632.416 - 0.317ms returns 0
T1264 000:632.437 JLINK_CORESIGHT_ReadAPDPReg(AP reg 0x03)
T1264 000:632.717   Value=0x00000002
T1264 000:632.744 - 0.307ms returns 0
T1264 000:632.766 JLINK_CORESIGHT_ReadAPDPReg(AP reg 0x03)
T1264 000:633.051   Value=0x00000002
T1264 000:633.083 - 0.317ms returns 0
T1264 000:633.108 JLINK_CORESIGHT_ReadAPDPReg(AP reg 0x03)
T1264 000:633.367   Value=0x00000002
T1264 000:633.395 - 0.286ms returns 0
T1264 000:633.417 JLINK_CORESIGHT_ReadAPDPReg(AP reg 0x03)
T1264 000:633.676   Value=0x00000002
T1264 000:633.702 - 0.285ms returns 0
T1264 000:633.723 JLINK_CORESIGHT_ReadAPDPReg(AP reg 0x03)
T1264 000:634.034   Value=0x00000002
T1264 000:634.061 - 0.338ms returns 0
T1264 000:634.084 JLINK_CORESIGHT_ReadAPDPReg(AP reg 0x03)
T1264 000:634.407   Value=0x00000002
T1264 000:634.433 - 0.349ms returns 0
T1264 000:634.455 JLINK_CORESIGHT_ReadAPDPReg(AP reg 0x03)
T1264 000:634.777   Value=0x00000000
T1264 000:634.810 - 0.355ms returns 0
T1264 000:634.833 JLINK_CORESIGHT_WriteAPDPReg(AP reg 0x00, 0x80000002)
T1264 000:635.149 - 0.316ms returns 0
T1264 000:635.175 JLINK_CORESIGHT_WriteAPDPReg(AP reg 0x01, 0x80011130)
T1264 000:635.409 - 0.234ms returns 0
T1264 000:635.434 JLINK_CORESIGHT_ReadAPDPReg(AP reg 0x03)
T1264 000:635.718   Value=0x000000C6
T1264 000:635.767 - 0.332ms returns 0
T1264 000:636.714 JLINK_CORESIGHT_WriteAPDPReg(AP reg 0x00, 0x80000002)
T1264 000:637.012 - 0.298ms returns 0
T1264 000:637.036 JLINK_CORESIGHT_WriteAPDPReg(AP reg 0x01, 0x80011140)
T1264 000:637.258 - 0.221ms returns 0
T1264 000:637.280 JLINK_CORESIGHT_ReadAPDPReg(AP reg 0x03)
T1264 000:637.595   Value=0x00000002
T1264 000:637.620 - 0.340ms returns 0
T1264 000:637.638 JLINK_CORESIGHT_WriteAPDPReg(AP reg 0x00, 0x80000002)
T1264 000:637.847 - 0.209ms returns 0
T1264 000:637.867 JLINK_CORESIGHT_WriteAPDPReg(AP reg 0x01, 0x80011120)
T1264 000:638.126 - 0.258ms returns 0
T1264 000:638.147 JLINK_CORESIGHT_WriteAPDPReg(AP reg 0x03, 0x3A010001)
T1264 000:638.376 - 0.228ms returns 0
T1264 000:638.397 JLINK_CORESIGHT_WriteAPDPReg(AP reg 0x00, 0x80000002)
T1264 000:638.615 - 0.218ms returns 0
T1264 000:638.637 JLINK_CORESIGHT_WriteAPDPReg(AP reg 0x01, 0x80011140)
T1264 000:638.846 - 0.210ms returns 0
T1264 000:638.868 JLINK_CORESIGHT_ReadAPDPReg(AP reg 0x03)
T1264 000:639.187   Value=0x00000002
T1264 000:639.212 - 0.344ms returns 0
T1264 000:639.231 JLINK_CORESIGHT_WriteAPDPReg(AP reg 0x00, 0x80000002)
T1264 000:639.490 - 0.258ms returns 0
T1264 000:639.512 JLINK_CORESIGHT_WriteAPDPReg(AP reg 0x01, 0x80011120)
T1264 000:639.723 - 0.211ms returns 0
T1264 000:639.745 JLINK_CORESIGHT_WriteAPDPReg(AP reg 0x03, 0x000003C5)
T1264 000:640.019 - 0.274ms returns 0
T1264 000:640.040 JLINK_CORESIGHT_WriteAPDPReg(AP reg 0x00, 0x80000002)
T1264 000:640.278 - 0.237ms returns 0
T1264 000:640.305 JLINK_CORESIGHT_WriteAPDPReg(AP reg 0x01, 0x80011140)
T1264 000:640.569 - 0.263ms returns 0
T1264 000:640.627 JLINK_CORESIGHT_ReadAPDPReg(AP reg 0x03)
T1264 000:640.924   Value=0x00000002
T1264 000:640.960 - 0.333ms returns 0
T1264 000:640.980 JLINK_CORESIGHT_ReadAPDPReg(AP reg 0x03)
T1264 000:641.234   Value=0x00000002
T1264 000:641.262 - 0.281ms returns 0
T1264 000:641.281 JLINK_CORESIGHT_ReadAPDPReg(AP reg 0x03)
T1264 000:641.570   Value=0x00000000
T1264 000:641.597 - 0.316ms returns 0
T1264 000:641.617 JLINK_CORESIGHT_WriteAPDPReg(AP reg 0x00, 0x80000002)
T1264 000:641.892 - 0.276ms returns 0
T1264 000:641.920 JLINK_CORESIGHT_WriteAPDPReg(AP reg 0x01, 0x80011130)
T1264 000:642.146 - 0.225ms returns 0
T1264 000:642.184 JLINK_CORESIGHT_ReadAPDPReg(AP reg 0x03)
T1264 000:642.459   Value=0x3A2A0081
T1264 000:642.487 - 0.302ms returns 0
T1264 000:642.505 JLINK_CORESIGHT_WriteAPDPReg(AP reg 0x00, 0x80000002)
T1264 000:642.759 - 0.253ms returns 0
T1264 000:642.783 JLINK_CORESIGHT_WriteAPDPReg(AP reg 0x01, 0x80011140)
T1264 000:643.011 - 0.228ms returns 0
T1264 000:643.034 JLINK_CORESIGHT_ReadAPDPReg(AP reg 0x03)
T1264 000:643.320   Value=0x00000000
T1264 000:643.346 - 0.313ms returns 0
T1264 000:643.366 JLINK_CORESIGHT_WriteAPDPReg(AP reg 0x00, 0x80000002)
T1264 000:643.624 - 0.257ms returns 0
T1264 000:643.647 JLINK_CORESIGHT_WriteAPDPReg(AP reg 0x01, 0x80011130)
T1264 000:643.856 - 0.208ms returns 0
T1264 000:643.877 JLINK_CORESIGHT_ReadAPDPReg(AP reg 0x03)
T1264 000:644.187   Value=0x808D5B00
T1264 000:644.213 - 0.335ms returns 0
T1264 000:644.233 JLINK_CORESIGHT_WriteAPDPReg(AP reg 0x00, 0x80000002)
T1264 000:644.483 - 0.250ms returns 0
T1264 000:644.504 JLINK_CORESIGHT_WriteAPDPReg(AP reg 0x01, 0x80011140)
T1264 000:644.732 - 0.227ms returns 0
T1264 000:644.752 JLINK_CORESIGHT_ReadAPDPReg(AP reg 0x03)
T1264 000:645.047   Value=0x00000000
T1264 000:645.073 - 0.320ms returns 0
T1264 000:645.092 JLINK_CORESIGHT_WriteAPDPReg(AP reg 0x00, 0x80000002)
T1264 000:645.343 - 0.251ms returns 0
T1264 000:645.364 JLINK_CORESIGHT_WriteAPDPReg(AP reg 0x01, 0x80011130)
T1264 000:645.588 - 0.224ms returns 0
T1264 000:645.610 JLINK_CORESIGHT_ReadAPDPReg(AP reg 0x03)
T1264 000:645.890   Value=0x0406070A
T1264 000:645.918 - 0.308ms returns 0
T1264 000:645.938 JLINK_CORESIGHT_WriteAPDPReg(AP reg 0x00, 0x80000002)
T1264 000:646.196 - 0.258ms returns 0
T1264 000:646.219 JLINK_CORESIGHT_WriteAPDPReg(AP reg 0x01, 0x80011140)
T1264 000:646.439 - 0.220ms returns 0
T1264 000:646.461 JLINK_CORESIGHT_ReadAPDPReg(AP reg 0x03)
T1264 000:646.734   Value=0x00000000
T1264 000:646.761 - 0.300ms returns 0
T1264 000:646.780 JLINK_CORESIGHT_WriteAPDPReg(AP reg 0x00, 0x80000002)
T1264 000:647.070 - 0.289ms returns 0
T1264 000:647.094 JLINK_CORESIGHT_WriteAPDPReg(AP reg 0x01, 0x80011130)
T1264 000:647.319 - 0.225ms returns 0
T1264 000:647.343 JLINK_CORESIGHT_ReadAPDPReg(AP reg 0x03)
T1264 000:647.627   Value=0x3154540B
T1264 000:647.657 - 0.313ms returns 0
T1264 000:647.677 JLINK_CORESIGHT_WriteAPDPReg(AP reg 0x00, 0x80000002)
T1264 000:647.893 - 0.215ms returns 0
T1264 000:647.917 JLINK_CORESIGHT_WriteAPDPReg(AP reg 0x01, 0x80011140)
T1264 000:648.141 - 0.223ms returns 0
T1264 000:648.165 JLINK_CORESIGHT_ReadAPDPReg(AP reg 0x03)
T1264 000:648.441   Value=0x00000000
T1264 000:648.471 - 0.306ms returns 0
T1264 000:648.490 JLINK_CORESIGHT_WriteAPDPReg(AP reg 0x00, 0x80000002)
T1264 000:648.777 - 0.287ms returns 0
T1264 000:648.802 JLINK_CORESIGHT_WriteAPDPReg(AP reg 0x01, 0x80011130)
T1264 000:649.023 - 0.222ms returns 0
T1264 000:649.047 JLINK_CORESIGHT_ReadAPDPReg(AP reg 0x03)
T1264 000:649.361   Value=0x545D1177
T1264 000:649.390 - 0.342ms returns 0
T1264 000:649.408 JLINK_CORESIGHT_WriteAPDPReg(AP reg 0x00, 0x80000002)
T1264 000:649.644 - 0.235ms returns 0
T1264 000:649.667 JLINK_CORESIGHT_WriteAPDPReg(AP reg 0x01, 0x80011140)
T1264 000:649.902 - 0.235ms returns 0
T1264 000:649.929 JLINK_CORESIGHT_ReadAPDPReg(AP reg 0x03)
T1264 000:650.233   Value=0x00000000
T1264 000:650.262 - 0.332ms returns 0
T1264 000:650.282 JLINK_CORESIGHT_WriteAPDPReg(AP reg 0x00, 0x80000002)
T1264 000:650.509 - 0.227ms returns 0
T1264 000:650.531 JLINK_CORESIGHT_WriteAPDPReg(AP reg 0x01, 0x80011130)
T1264 000:650.767 - 0.235ms returns 0
T1264 000:650.843 JLINK_CORESIGHT_ReadAPDPReg(AP reg 0x03)
T1264 000:651.283   Value=0x37395636
T1264 000:651.384 - 0.541ms returns 0
T1264 000:651.414 JLINK_CORESIGHT_WriteAPDPReg(AP reg 0x00, 0x80000002)
T1264 000:651.685 - 0.270ms returns 0
T1264 000:651.740 JLINK_CORESIGHT_WriteAPDPReg(AP reg 0x01, 0x80011140)
T1264 000:652.037 - 0.296ms returns 0
T1264 000:652.095 JLINK_CORESIGHT_ReadAPDPReg(AP reg 0x03)
T1264 000:652.679   Value=0x00000000
T1264 000:652.759 - 0.663ms returns 0
T1264 000:652.798 JLINK_CORESIGHT_WriteAPDPReg(AP reg 0x00, 0x80000002)
T1264 000:653.153 - 0.354ms returns 0
T1264 000:653.210 JLINK_CORESIGHT_WriteAPDPReg(AP reg 0x01, 0x80011130)
T1264 000:653.507 - 0.296ms returns 0
T1264 000:653.559 JLINK_CORESIGHT_ReadAPDPReg(AP reg 0x03)
T1264 000:653.904   Value=0x85012D34
T1264 000:653.936 - 0.376ms returns 0
T1264 000:653.959 JLINK_CORESIGHT_WriteAPDPReg(AP reg 0x00, 0x80000002)
T1264 000:654.191 - 0.232ms returns 0
T1264 000:654.216 JLINK_CORESIGHT_WriteAPDPReg(AP reg 0x01, 0x80011140)
T1264 000:654.443 - 0.227ms returns 0
T1264 000:654.466 JLINK_CORESIGHT_ReadAPDPReg(AP reg 0x03)
T1264 000:654.747   Value=0x00000000
T1264 000:654.773 - 0.307ms returns 0
T1264 000:654.794 JLINK_CORESIGHT_WriteAPDPReg(AP reg 0x00, 0x80000002)
T1264 000:655.015 - 0.221ms returns 0
T1264 000:655.036 JLINK_CORESIGHT_WriteAPDPReg(AP reg 0x01, 0x80011130)
T1264 000:655.286 - 0.249ms returns 0
T1264 000:655.337 JLINK_CORESIGHT_ReadAPDPReg(AP reg 0x03)
T1264 000:655.662   Value=0x4B375275
T1264 000:655.700 - 0.363ms returns 0
T1264 000:655.720 JLINK_CORESIGHT_WriteAPDPReg(AP reg 0x00, 0x80000002)
T1264 000:656.016 - 0.296ms returns 0
T1264 000:656.039 JLINK_CORESIGHT_WriteAPDPReg(AP reg 0x01, 0x80011140)
T1264 000:656.275 - 0.236ms returns 0
T1264 000:656.298 JLINK_CORESIGHT_ReadAPDPReg(AP reg 0x03)
T1264 000:656.587   Value=0x00000000
T1264 000:656.613 - 0.315ms returns 0
T1264 000:656.634 JLINK_CORESIGHT_WriteAPDPReg(AP reg 0x00, 0x80000002)
T1264 000:656.911 - 0.277ms returns 0
T1264 000:656.966 JLINK_CORESIGHT_WriteAPDPReg(AP reg 0x01, 0x80011130)
T1264 000:657.224 - 0.258ms returns 0
T1264 000:657.276 JLINK_CORESIGHT_ReadAPDPReg(AP reg 0x03)
T1264 000:657.612   Value=0x31503841
T1264 000:657.653 - 0.377ms returns 0
T1264 000:657.675 JLINK_CORESIGHT_WriteAPDPReg(AP reg 0x00, 0x80000002)
T1264 000:657.931 - 0.256ms returns 0
T1264 000:657.953 JLINK_CORESIGHT_WriteAPDPReg(AP reg 0x01, 0x80011140)
T1264 000:658.178 - 0.225ms returns 0
T1264 000:658.199 JLINK_CORESIGHT_ReadAPDPReg(AP reg 0x03)
T1264 000:658.484   Value=0x00000000
T1264 000:658.509 - 0.310ms returns 0
T1264 000:658.529 JLINK_CORESIGHT_WriteAPDPReg(AP reg 0x00, 0x80000002)
T1264 000:658.799 - 0.270ms returns 0
T1264 000:658.820 JLINK_CORESIGHT_WriteAPDPReg(AP reg 0x01, 0x80011130)
T1264 000:659.128 - 0.308ms returns 0
T1264 000:659.150 JLINK_CORESIGHT_ReadAPDPReg(AP reg 0x03)
T1264 000:659.445   Value=0x434C464B
T1264 000:659.485 - 0.334ms returns 0
T1264 000:659.505 JLINK_CORESIGHT_WriteAPDPReg(AP reg 0x00, 0x80000002)
T1264 000:659.727 - 0.222ms returns 0
T1264 000:659.750 JLINK_CORESIGHT_WriteAPDPReg(AP reg 0x01, 0x80011140)
T1264 000:660.020 - 0.271ms returns 0
T1264 000:660.044 JLINK_CORESIGHT_ReadAPDPReg(AP reg 0x03)
T1264 000:660.332   Value=0x00000000
T1264 000:660.359 - 0.315ms returns 0
T1264 000:660.379 JLINK_CORESIGHT_WriteAPDPReg(AP reg 0x00, 0x80000002)
T1264 000:660.601 - 0.223ms returns 0
T1264 000:660.624 JLINK_CORESIGHT_WriteAPDPReg(AP reg 0x01, 0x80011130)
T1264 000:660.834 - 0.209ms returns 0
T1264 000:660.857 JLINK_CORESIGHT_ReadAPDPReg(AP reg 0x03)
T1264 000:661.191   Value=0x20204341
T1264 000:661.218 - 0.361ms returns 0
T1264 000:661.236 JLINK_CORESIGHT_WriteAPDPReg(AP reg 0x00, 0x80000002)
T1264 000:661.460 - 0.224ms returns 0
T1264 000:661.484 JLINK_CORESIGHT_WriteAPDPReg(AP reg 0x01, 0x80011140)
T1264 000:661.701 - 0.217ms returns 0
T1264 000:661.731 JLINK_CORESIGHT_ReadAPDPReg(AP reg 0x03)
T1264 000:662.083   Value=0x00000000
T1264 000:662.113 - 0.382ms returns 0
T1264 000:662.138 JLINK_CORESIGHT_WriteAPDPReg(AP reg 0x00, 0x80000002)
T1264 000:662.468 - 0.330ms returns 0
T1264 000:662.492 JLINK_CORESIGHT_WriteAPDPReg(AP reg 0x01, 0x80011130)
T1264 000:662.729 - 0.237ms returns 0
T1264 000:662.753 JLINK_CORESIGHT_ReadAPDPReg(AP reg 0x03)
T1264 000:663.021   Value=0x0003D220
T1264 000:663.049 - 0.296ms returns 0
T1264 000:663.897 JLINK_CORESIGHT_WriteAPDPReg(AP reg 0x00, 0x80000002)
T1264 000:664.154 - 0.262ms returns 0
T1264 000:664.177 JLINK_CORESIGHT_WriteAPDPReg(AP reg 0x01, 0x80011140)
T1264 000:664.405 - 0.228ms returns 0
T1264 000:664.428 JLINK_CORESIGHT_ReadAPDPReg(AP reg 0x03)
T1264 000:664.709   Value=0x00000002
T1264 000:664.736 - 0.308ms returns 0
T1264 000:664.755 JLINK_CORESIGHT_WriteAPDPReg(AP reg 0x00, 0x80000002)
T1264 000:665.021 - 0.265ms returns 0
T1264 000:665.047 JLINK_CORESIGHT_WriteAPDPReg(AP reg 0x01, 0x80011120)
T1264 000:665.271 - 0.224ms returns 0
T1264 000:665.295 JLINK_CORESIGHT_WriteAPDPReg(AP reg 0x03, 0x39020001)
T1264 000:665.530 - 0.234ms returns 0
T1264 000:665.566 JLINK_CORESIGHT_WriteAPDPReg(AP reg 0x00, 0x80000002)
T1264 000:665.839 - 0.272ms returns 0
T1264 000:665.864 JLINK_CORESIGHT_WriteAPDPReg(AP reg 0x01, 0x80011140)
T1264 000:666.153 - 0.289ms returns 0
T1264 000:666.179 JLINK_CORESIGHT_ReadAPDPReg(AP reg 0x03)
T1264 000:666.456   Value=0x00000002
T1264 000:666.483 - 0.304ms returns 0
T1264 000:666.502 JLINK_CORESIGHT_WriteAPDPReg(AP reg 0x00, 0x80000002)
T1264 000:666.812 - 0.309ms returns 0
T1264 000:666.868 JLINK_CORESIGHT_WriteAPDPReg(AP reg 0x01, 0x80011120)
T1264 000:667.171 - 0.303ms returns 0
T1264 000:667.205 JLINK_CORESIGHT_WriteAPDPReg(AP reg 0x03, 0x0003B312)
T1264 000:667.445 - 0.240ms returns 0
T1264 000:667.475 JLINK_CORESIGHT_WriteAPDPReg(AP reg 0x00, 0x80000002)
T1264 000:667.708 - 0.233ms returns 0
T1264 000:667.733 JLINK_CORESIGHT_WriteAPDPReg(AP reg 0x01, 0x80011140)
T1264 000:668.020 - 0.286ms returns 0
T1264 000:668.044 JLINK_CORESIGHT_ReadAPDPReg(AP reg 0x03)
T1264 000:668.369   Value=0x00000000
T1264 000:668.396 - 0.352ms returns 0
T1264 000:668.415 JLINK_CORESIGHT_WriteAPDPReg(AP reg 0x00, 0x80000002)
T1264 000:668.682 - 0.266ms returns 0
T1264 000:668.707 JLINK_CORESIGHT_WriteAPDPReg(AP reg 0x01, 0x80011130)
T1264 000:669.022 - 0.314ms returns 0
T1264 000:669.044 JLINK_CORESIGHT_ReadAPDPReg(AP reg 0x03)
T1264 000:669.334   Value=0xB90A0081
T1264 000:669.362 - 0.317ms returns 0
T1264 000:669.381 JLINK_CORESIGHT_WriteAPDPReg(AP reg 0x00, 0x80000002)
T1264 000:669.600 - 0.220ms returns 0
T1264 000:669.623 JLINK_CORESIGHT_WriteAPDPReg(AP reg 0x01, 0x80011140)
T1264 000:669.875 - 0.252ms returns 0
T1264 000:669.899 JLINK_CORESIGHT_ReadAPDPReg(AP reg 0x03)
T1264 000:670.189   Value=0x00000000
T1264 000:670.218 - 0.319ms returns 0
T1264 000:670.238 JLINK_CORESIGHT_WriteAPDPReg(AP reg 0x00, 0x80000002)
T1264 000:670.499 - 0.260ms returns 0
T1264 000:670.554 JLINK_CORESIGHT_WriteAPDPReg(AP reg 0x01, 0x80011130)
T1264 000:670.838 - 0.284ms returns 0
T1264 000:670.889 JLINK_CORESIGHT_ReadAPDPReg(AP reg 0x03)
T1264 000:671.254   Value=0xFFFFFFC0
T1264 000:671.315 - 0.425ms returns 0
T1264 000:671.353 JLINK_CORESIGHT_WriteAPDPReg(AP reg 0x00, 0x80000002)
T1264 000:671.627 - 0.273ms returns 0
T1264 000:671.693 JLINK_CORESIGHT_WriteAPDPReg(AP reg 0x01, 0x80011140)
T1264 000:672.027 - 0.334ms returns 0
T1264 000:672.078 JLINK_CORESIGHT_ReadAPDPReg(AP reg 0x03)
T1264 000:672.406   Value=0x00000000
T1264 000:672.444 - 0.365ms returns 0
T1264 000:672.466 JLINK_CORESIGHT_WriteAPDPReg(AP reg 0x00, 0x80000002)
T1264 000:672.688 - 0.222ms returns 0
T1264 000:672.727 JLINK_CORESIGHT_WriteAPDPReg(AP reg 0x01, 0x80011130)
T1264 000:673.017 - 0.289ms returns 0
T1264 000:673.055 JLINK_CORESIGHT_ReadAPDPReg(AP reg 0x03)
T1264 000:673.379   Value=0xFFFFFFFF
T1264 000:673.430 - 0.375ms returns 0
T1264 000:673.465 JLINK_CORESIGHT_WriteAPDPReg(AP reg 0x00, 0x80000002)
T1264 000:673.762 - 0.297ms returns 0
T1264 000:673.834 JLINK_CORESIGHT_WriteAPDPReg(AP reg 0x01, 0x80011140)
T1264 000:674.145 - 0.311ms returns 0
T1264 000:674.201 JLINK_CORESIGHT_ReadAPDPReg(AP reg 0x03)
T1264 000:674.543   Value=0x00000000
T1264 000:674.594 - 0.393ms returns 0
T1264 000:674.627 JLINK_CORESIGHT_WriteAPDPReg(AP reg 0x00, 0x80000002)
T1264 000:674.869 - 0.241ms returns 0
T1264 000:674.914 JLINK_CORESIGHT_WriteAPDPReg(AP reg 0x01, 0x80011130)
T1264 000:675.175 - 0.261ms returns 0
T1264 000:675.203 JLINK_CORESIGHT_ReadAPDPReg(AP reg 0x03)
T1264 000:675.491   Value=0x000385FF
T1264 000:675.518 - 0.314ms returns 0
T1264 000:676.002 JLINK_CORESIGHT_WriteAPDPReg(AP reg 0x00, 0x80000002)
T1264 000:676.256 - 0.253ms returns 0
T1264 000:676.279 JLINK_CORESIGHT_WriteAPDPReg(AP reg 0x01, 0x80011140)
T1264 000:676.510 - 0.231ms returns 0
T1264 000:676.538 JLINK_CORESIGHT_ReadAPDPReg(AP reg 0x03)
T1264 000:676.849   Value=0x00000002
T1264 000:676.914 - 0.375ms returns 0
T1264 000:676.936 JLINK_CORESIGHT_WriteAPDPReg(AP reg 0x00, 0x80000002)
T1264 000:677.177 - 0.241ms returns 0
T1264 000:677.204 JLINK_CORESIGHT_WriteAPDPReg(AP reg 0x01, 0x80011120)
T1264 000:677.438 - 0.233ms returns 0
T1264 000:677.462 JLINK_CORESIGHT_WriteAPDPReg(AP reg 0x03, 0x2C010001)
T1264 000:677.699 - 0.237ms returns 0
T1264 000:677.725 JLINK_CORESIGHT_WriteAPDPReg(AP reg 0x00, 0x80000002)
T1264 000:678.087 - 0.362ms returns 0
T1264 000:678.162 JLINK_CORESIGHT_WriteAPDPReg(AP reg 0x01, 0x80011140)
T1264 000:678.423 - 0.261ms returns 0
T1264 000:678.463 JLINK_CORESIGHT_ReadAPDPReg(AP reg 0x03)
T1264 000:678.759   Value=0x00000002
T1264 000:678.790 - 0.327ms returns 0
T1264 000:678.810 JLINK_CORESIGHT_WriteAPDPReg(AP reg 0x00, 0x80000002)
T1264 000:679.058 - 0.248ms returns 0
T1264 000:679.086 JLINK_CORESIGHT_WriteAPDPReg(AP reg 0x01, 0x80011120)
T1264 000:679.322 - 0.236ms returns 0
T1264 000:679.350 JLINK_CORESIGHT_WriteAPDPReg(AP reg 0x03, 0x000003D3)
T1264 000:679.633 - 0.282ms returns 0
T1264 000:679.696 JLINK_CORESIGHT_WriteAPDPReg(AP reg 0x00, 0x80000002)
T1264 000:680.071 - 0.361ms returns 0
T1264 000:680.109 JLINK_CORESIGHT_WriteAPDPReg(AP reg 0x01, 0x80011140)
T1264 000:680.369 - 0.260ms returns 0
T1264 000:680.397 JLINK_CORESIGHT_ReadAPDPReg(AP reg 0x03)
T1264 000:680.755   Value=0x00000000
T1264 000:680.799 - 0.401ms returns 0
T1264 000:680.822 JLINK_CORESIGHT_WriteAPDPReg(AP reg 0x00, 0x80000002)
T1264 000:681.055 - 0.234ms returns 0
T1264 000:681.078 JLINK_CORESIGHT_WriteAPDPReg(AP reg 0x01, 0x80011130)
T1264 000:681.305 - 0.227ms returns 0
T1264 000:681.327 JLINK_CORESIGHT_ReadAPDPReg(AP reg 0x03)
T1264 000:681.614   Value=0x2C020081
T1264 000:681.643 - 0.316ms returns 0
T1264 000:681.665 JLINK_CORESIGHT_WriteAPDPReg(AP reg 0x00, 0x80000002)
T1264 000:681.933 - 0.267ms returns 0
T1264 000:681.958 JLINK_CORESIGHT_WriteAPDPReg(AP reg 0x01, 0x80011140)
T1264 000:682.185 - 0.226ms returns 0
T1264 000:682.209 JLINK_CORESIGHT_ReadAPDPReg(AP reg 0x03)
T1264 000:682.494   Value=0x00000000
T1264 000:682.532 - 0.323ms returns 0
T1264 000:682.569 JLINK_CORESIGHT_WriteAPDPReg(AP reg 0x00, 0x80000002)
T1264 000:682.822 - 0.253ms returns 0
T1264 000:682.846 JLINK_CORESIGHT_WriteAPDPReg(AP reg 0x01, 0x80011130)
T1264 000:683.127 - 0.281ms returns 0
T1264 000:683.158 JLINK_CORESIGHT_ReadAPDPReg(AP reg 0x03)
T1264 000:683.440   Value=0x0003CE04
T1264 000:683.469 - 0.311ms returns 0
T1264 000:683.495 JLINK_CORESIGHT_WriteAPDPReg(AP reg 0x00, 0x80000002)
T1264 000:683.710 - 0.214ms returns 0
T1264 000:683.734 JLINK_CORESIGHT_WriteAPDPReg(AP reg 0x01, 0x80011140)
T1264 000:684.019 - 0.285ms returns 0
T1264 000:684.042 JLINK_CORESIGHT_ReadAPDPReg(AP reg 0x03)
T1264 000:684.331   Value=0x00000002
T1264 000:684.357 - 0.315ms returns 0
T1264 000:684.376 JLINK_CORESIGHT_WriteAPDPReg(AP reg 0x00, 0x80000002)
T1264 000:684.601 - 0.224ms returns 0
T1264 000:684.625 JLINK_CORESIGHT_WriteAPDPReg(AP reg 0x01, 0x80011120)
T1264 000:684.847 - 0.222ms returns 0
T1264 000:684.873 JLINK_CORESIGHT_WriteAPDPReg(AP reg 0x03, 0x73010001)
T1264 000:685.121 - 0.248ms returns 0
T1264 000:685.145 JLINK_CORESIGHT_WriteAPDPReg(AP reg 0x00, 0x80000002)
T1264 000:685.373 - 0.228ms returns 0
T1264 000:685.397 JLINK_CORESIGHT_WriteAPDPReg(AP reg 0x01, 0x80011140)
T1264 000:685.625 - 0.228ms returns 0
T1264 000:685.650 JLINK_CORESIGHT_ReadAPDPReg(AP reg 0x03)
T1264 000:686.017   Value=0x00000002
T1264 000:686.047 - 0.397ms returns 0
T1264 000:686.067 JLINK_CORESIGHT_WriteAPDPReg(AP reg 0x00, 0x80000002)
T1264 000:686.300 - 0.233ms returns 0
T1264 000:686.325 JLINK_CORESIGHT_WriteAPDPReg(AP reg 0x01, 0x80011120)
T1264 000:686.553 - 0.228ms returns 0
T1264 000:686.577 JLINK_CORESIGHT_WriteAPDPReg(AP reg 0x03, 0x0000038C)
T1264 000:686.798 - 0.221ms returns 0
T1264 000:686.820 JLINK_CORESIGHT_WriteAPDPReg(AP reg 0x00, 0x80000002)
T1264 000:687.054 - 0.234ms returns 0
T1264 000:687.079 JLINK_CORESIGHT_WriteAPDPReg(AP reg 0x01, 0x80011140)
T1264 000:687.306 - 0.227ms returns 0
T1264 000:687.331 JLINK_CORESIGHT_ReadAPDPReg(AP reg 0x03)
T1264 000:687.617   Value=0x00000002
T1264 000:687.644 - 0.313ms returns 0
T1264 000:687.663 JLINK_CORESIGHT_ReadAPDPReg(AP reg 0x03)
T1264 000:687.939   Value=0x00000002
T1264 000:687.967 - 0.304ms returns 0
T1264 000:687.986 JLINK_CORESIGHT_ReadAPDPReg(AP reg 0x03)
T1264 000:688.245   Value=0x00000002
T1264 000:688.272 - 0.286ms returns 0
T1264 000:688.292 JLINK_CORESIGHT_ReadAPDPReg(AP reg 0x03)
T1264 000:688.667   Value=0x00000002
T1264 000:688.696 - 0.405ms returns 0
T1264 000:688.717 JLINK_CORESIGHT_ReadAPDPReg(AP reg 0x03)
T1264 000:689.021   Value=0x00000002
T1264 000:689.053 - 0.335ms returns 0
T1264 000:689.073 JLINK_CORESIGHT_ReadAPDPReg(AP reg 0x03)
T1264 000:689.360   Value=0x00000002
T1264 000:689.386 - 0.313ms returns 0
T1264 000:689.405 JLINK_CORESIGHT_ReadAPDPReg(AP reg 0x03)
T1264 000:689.658   Value=0x00000000
T1264 000:689.684 - 0.278ms returns 0
T1264 000:689.707 JLINK_CORESIGHT_WriteAPDPReg(AP reg 0x00, 0x80000002)
T1264 000:690.027 - 0.320ms returns 0
T1264 000:690.071 JLINK_CORESIGHT_WriteAPDPReg(AP reg 0x01, 0x80011130)
T1264 000:690.369 - 0.297ms returns 0
T1264 000:690.442 JLINK_CORESIGHT_ReadAPDPReg(AP reg 0x03)
T1264 000:690.788   Value=0x73020081
T1264 000:690.852 - 0.410ms returns 0
T1264 000:690.894 JLINK_CORESIGHT_WriteAPDPReg(AP reg 0x00, 0x80000002)
T1264 000:691.189 - 0.295ms returns 0
T1264 000:691.234 JLINK_CORESIGHT_WriteAPDPReg(AP reg 0x01, 0x80011140)
T1264 000:691.510 - 0.276ms returns 0
T1264 000:691.552 JLINK_CORESIGHT_ReadAPDPReg(AP reg 0x03)
T1264 000:691.855   Value=0x00000000
T1264 000:691.882 - 0.330ms returns 0
T1264 000:691.905 JLINK_CORESIGHT_WriteAPDPReg(AP reg 0x00, 0x80000002)
T1264 000:692.188 - 0.283ms returns 0
T1264 000:692.213 JLINK_CORESIGHT_WriteAPDPReg(AP reg 0x01, 0x80011130)
T1264 000:692.576 - 0.363ms returns 0
T1264 000:692.609 JLINK_CORESIGHT_ReadAPDPReg(AP reg 0x03)
T1264 000:692.905   Value=0x00038902
T1264 000:692.931 - 0.323ms returns 0
T1264 000:692.956 JLINK_CORESIGHT_WriteAPDPReg(AP reg 0x00, 0x80000002)
T1264 000:693.218 - 0.262ms returns 0
T1264 000:693.250 JLINK_CORESIGHT_WriteAPDPReg(AP reg 0x01, 0x80011140)
T1264 000:693.481 - 0.230ms returns 0
T1264 000:693.507 JLINK_CORESIGHT_ReadAPDPReg(AP reg 0x03)
T1264 000:693.844   Value=0x00000002
T1264 000:693.888 - 0.381ms returns 0
T1264 000:693.915 JLINK_CORESIGHT_WriteAPDPReg(AP reg 0x00, 0x80000002)
T1264 000:694.169 - 0.253ms returns 0
T1264 000:694.197 JLINK_CORESIGHT_WriteAPDPReg(AP reg 0x01, 0x80011120)
T1264 000:694.460 - 0.263ms returns 0
T1264 000:694.504 JLINK_CORESIGHT_WriteAPDPReg(AP reg 0x03, 0x75010001)
T1264 000:694.758 - 0.254ms returns 0
T1264 000:694.796 JLINK_CORESIGHT_WriteAPDPReg(AP reg 0x00, 0x80000002)
T1264 000:695.027 - 0.230ms returns 0
T1264 000:695.063 JLINK_CORESIGHT_WriteAPDPReg(AP reg 0x01, 0x80011140)
T1264 000:695.313 - 0.250ms returns 0
T1264 000:695.343 JLINK_CORESIGHT_ReadAPDPReg(AP reg 0x03)
T1264 000:695.636   Value=0x00000002
T1264 000:695.673 - 0.330ms returns 0
T1264 000:695.699 JLINK_CORESIGHT_WriteAPDPReg(AP reg 0x00, 0x80000002)
T1264 000:696.023 - 0.324ms returns 0
T1264 000:696.056 JLINK_CORESIGHT_WriteAPDPReg(AP reg 0x01, 0x80011120)
T1264 000:696.318 - 0.262ms returns 0
T1264 000:696.360 JLINK_CORESIGHT_WriteAPDPReg(AP reg 0x03, 0x0000038A)
T1264 000:696.625 - 0.264ms returns 0
T1264 000:696.675 JLINK_CORESIGHT_WriteAPDPReg(AP reg 0x00, 0x80000002)
T1264 000:697.025 - 0.349ms returns 0
T1264 000:697.127 JLINK_CORESIGHT_WriteAPDPReg(AP reg 0x01, 0x80011140)
T1264 000:697.435 - 0.308ms returns 0
T1264 000:697.480 JLINK_CORESIGHT_ReadAPDPReg(AP reg 0x03)
T1264 000:697.776   Value=0x00000002
T1264 000:697.814 - 0.334ms returns 0
T1264 000:697.839 JLINK_CORESIGHT_ReadAPDPReg(AP reg 0x03)
T1264 000:698.192   Value=0x00000002
T1264 000:698.229 - 0.390ms returns 0
T1264 000:698.253 JLINK_CORESIGHT_ReadAPDPReg(AP reg 0x03)
T1264 000:698.549   Value=0x00000002
T1264 000:698.581 - 0.328ms returns 0
T1264 000:698.605 JLINK_CORESIGHT_ReadAPDPReg(AP reg 0x03)
T1264 000:698.899   Value=0x00000002
T1264 000:698.939 - 0.334ms returns 0
T1264 000:698.963 JLINK_CORESIGHT_ReadAPDPReg(AP reg 0x03)
T1264 000:699.255   Value=0x00000002
T1264 000:699.280 - 0.317ms returns 0
T1264 000:699.302 JLINK_CORESIGHT_ReadAPDPReg(AP reg 0x03)
T1264 000:699.562   Value=0x00000000
T1264 000:699.594 - 0.292ms returns 0
T1264 000:699.617 JLINK_CORESIGHT_WriteAPDPReg(AP reg 0x00, 0x80000002)
T1264 000:699.878 - 0.260ms returns 0
T1264 000:699.909 JLINK_CORESIGHT_WriteAPDPReg(AP reg 0x01, 0x80011130)
T1264 000:700.139 - 0.231ms returns 0
T1264 000:700.163 JLINK_CORESIGHT_ReadAPDPReg(AP reg 0x03)
T1264 000:700.456   Value=0x75020081
T1264 000:700.495 - 0.332ms returns 0
T1264 000:700.519 JLINK_CORESIGHT_WriteAPDPReg(AP reg 0x00, 0x80000002)
T1264 000:700.764 - 0.245ms returns 0
T1264 000:700.795 JLINK_CORESIGHT_WriteAPDPReg(AP reg 0x01, 0x80011140)
T1264 000:701.019 - 0.224ms returns 0
T1264 000:701.042 JLINK_CORESIGHT_ReadAPDPReg(AP reg 0x03)
T1264 000:701.331   Value=0x00000000
T1264 000:701.355 - 0.312ms returns 0
T1264 000:701.377 JLINK_CORESIGHT_WriteAPDPReg(AP reg 0x00, 0x80000002)
T1264 000:701.602 - 0.225ms returns 0
T1264 000:701.624 JLINK_CORESIGHT_WriteAPDPReg(AP reg 0x01, 0x80011130)
T1264 000:701.868 - 0.243ms returns 0
T1264 000:701.891 JLINK_CORESIGHT_ReadAPDPReg(AP reg 0x03)
T1264 000:702.189   Value=0x00038702
T1264 000:702.212 - 0.322ms returns 0
T1264 000:702.243 JLINK_CORESIGHT_WriteAPDPReg(AP reg 0x00, 0x80000002)
T1264 000:702.554 - 0.311ms returns 0
T1264 000:702.578 JLINK_CORESIGHT_WriteAPDPReg(AP reg 0x01, 0x80011140)
T1264 000:702.807 - 0.229ms returns 0
T1264 000:702.830 JLINK_CORESIGHT_ReadAPDPReg(AP reg 0x03)
T1264 000:703.222   Value=0x00000002
T1264 000:703.246 - 0.415ms returns 0
T1264 000:703.267 JLINK_CORESIGHT_WriteAPDPReg(AP reg 0x00, 0x80000002)
T1264 000:703.488 - 0.220ms returns 0
T1264 000:703.510 JLINK_CORESIGHT_WriteAPDPReg(AP reg 0x01, 0x80011120)
T1264 000:703.721 - 0.210ms returns 0
T1264 000:703.743 JLINK_CORESIGHT_WriteAPDPReg(AP reg 0x03, 0x4F010001)
T1264 000:704.017 - 0.274ms returns 0
T1264 000:704.040 JLINK_CORESIGHT_WriteAPDPReg(AP reg 0x00, 0x80000002)
T1264 000:704.259 - 0.219ms returns 0
T1264 000:704.281 JLINK_CORESIGHT_WriteAPDPReg(AP reg 0x01, 0x80011140)
T1264 000:704.499 - 0.218ms returns 0
T1264 000:704.521 JLINK_CORESIGHT_ReadAPDPReg(AP reg 0x03)
T1264 000:704.803   Value=0x00000002
T1264 000:704.827 - 0.305ms returns 0
T1264 000:704.847 JLINK_CORESIGHT_WriteAPDPReg(AP reg 0x00, 0x80000002)
T1264 000:705.087 - 0.239ms returns 0
T1264 000:705.111 JLINK_CORESIGHT_WriteAPDPReg(AP reg 0x01, 0x80011120)
T1264 000:705.334 - 0.224ms returns 0
T1264 000:705.357 JLINK_CORESIGHT_WriteAPDPReg(AP reg 0x03, 0x000003B0)
T1264 000:705.580 - 0.223ms returns 0
T1264 000:705.603 JLINK_CORESIGHT_WriteAPDPReg(AP reg 0x00, 0x80000002)
T1264 000:705.814 - 0.211ms returns 0
T1264 000:705.837 JLINK_CORESIGHT_WriteAPDPReg(AP reg 0x01, 0x80011140)
T1264 000:706.053 - 0.216ms returns 0
T1264 000:706.075 JLINK_CORESIGHT_ReadAPDPReg(AP reg 0x03)
T1264 000:706.357   Value=0x00000000
T1264 000:706.379 - 0.304ms returns 0
T1264 000:706.400 JLINK_CORESIGHT_WriteAPDPReg(AP reg 0x00, 0x80000002)
T1264 000:706.644 - 0.244ms returns 0
T1264 000:706.667 JLINK_CORESIGHT_WriteAPDPReg(AP reg 0x01, 0x80011130)
T1264 000:706.873 - 0.206ms returns 0
T1264 000:706.902 JLINK_CORESIGHT_ReadAPDPReg(AP reg 0x03)
T1264 000:707.202   Value=0x4F0B0081
T1264 000:707.247 - 0.345ms returns 0
T1264 000:707.271 JLINK_CORESIGHT_WriteAPDPReg(AP reg 0x00, 0x80000002)
T1264 000:707.538 - 0.267ms returns 0
T1264 000:707.567 JLINK_CORESIGHT_WriteAPDPReg(AP reg 0x01, 0x80011140)
T1264 000:707.813 - 0.246ms returns 0
T1264 000:707.837 JLINK_CORESIGHT_ReadAPDPReg(AP reg 0x03)
T1264 000:708.218   Value=0x00000000
T1264 000:708.241 - 0.404ms returns 0
T1264 000:708.263 JLINK_CORESIGHT_WriteAPDPReg(AP reg 0x00, 0x80000002)
T1264 000:708.482 - 0.219ms returns 0
T1264 000:708.503 JLINK_CORESIGHT_WriteAPDPReg(AP reg 0x01, 0x80011130)
T1264 000:708.716 - 0.213ms returns 0
T1264 000:708.738 JLINK_CORESIGHT_ReadAPDPReg(AP reg 0x03)
T1264 000:709.017   Value=0xE03F0000
T1264 000:709.040 - 0.301ms returns 0
T1264 000:709.061 JLINK_CORESIGHT_WriteAPDPReg(AP reg 0x00, 0x80000002)
T1264 000:709.279 - 0.218ms returns 0
T1264 000:709.301 JLINK_CORESIGHT_WriteAPDPReg(AP reg 0x01, 0x80011140)
T1264 000:709.508 - 0.207ms returns 0
T1264 000:709.530 JLINK_CORESIGHT_ReadAPDPReg(AP reg 0x03)
T1264 000:709.814   Value=0x00000000
T1264 000:709.838 - 0.308ms returns 0
T1264 000:709.858 JLINK_CORESIGHT_WriteAPDPReg(AP reg 0x00, 0x80000002)
T1264 000:710.142 - 0.284ms returns 0
T1264 000:710.165 JLINK_CORESIGHT_WriteAPDPReg(AP reg 0x01, 0x80011130)
T1264 000:710.385 - 0.219ms returns 0
T1264 000:710.406 JLINK_CORESIGHT_ReadAPDPReg(AP reg 0x03)
T1264 000:710.691   Value=0x00000000
T1264 000:710.713 - 0.307ms returns 0
T1264 000:710.734 JLINK_CORESIGHT_WriteAPDPReg(AP reg 0x00, 0x80000002)
T1264 000:711.017 - 0.283ms returns 0
T1264 000:711.039 JLINK_CORESIGHT_WriteAPDPReg(AP reg 0x01, 0x80011140)
T1264 000:711.259 - 0.220ms returns 0
T1264 000:711.280 JLINK_CORESIGHT_ReadAPDPReg(AP reg 0x03)
T1264 000:711.562   Value=0x00000000
T1264 000:711.584 - 0.304ms returns 0
T1264 000:711.604 JLINK_CORESIGHT_WriteAPDPReg(AP reg 0x00, 0x80000002)
T1264 000:711.815 - 0.211ms returns 0
T1264 000:711.836 JLINK_CORESIGHT_WriteAPDPReg(AP reg 0x01, 0x80011130)
T1264 000:712.124 - 0.288ms returns 0
T1264 000:712.146 JLINK_CORESIGHT_ReadAPDPReg(AP reg 0x03)
T1264 000:712.584   Value=0x03870000
T1264 000:712.619 - 0.473ms returns 0
T1264 000:713.441 JLINK_CORESIGHT_WriteAPDPReg(AP reg 0x00, 0x80000002)
T1264 000:713.719 - 0.277ms returns 0
T1264 000:713.742 JLINK_CORESIGHT_WriteAPDPReg(AP reg 0x01, 0x80011140)
T1264 000:714.018 - 0.275ms returns 0
T1264 000:714.039 JLINK_CORESIGHT_ReadAPDPReg(AP reg 0x03)
T1264 000:714.319   Value=0x00000002
T1264 000:714.342 - 0.303ms returns 0
T1264 000:714.360 JLINK_CORESIGHT_WriteAPDPReg(AP reg 0x00, 0x80000002)
T1264 000:714.607 - 0.247ms returns 0
T1264 000:714.626 JLINK_CORESIGHT_WriteAPDPReg(AP reg 0x01, 0x80011120)
T1264 000:714.836 - 0.210ms returns 0
T1264 000:714.855 JLINK_CORESIGHT_WriteAPDPReg(AP reg 0x03, 0x2C010001)
T1264 000:715.126 - 0.271ms returns 0
T1264 000:715.146 JLINK_CORESIGHT_WriteAPDPReg(AP reg 0x00, 0x80000002)
T1264 000:715.364 - 0.218ms returns 0
T1264 000:715.383 JLINK_CORESIGHT_WriteAPDPReg(AP reg 0x01, 0x80011140)
T1264 000:715.586 - 0.202ms returns 0
T1264 000:715.605 JLINK_CORESIGHT_ReadAPDPReg(AP reg 0x03)
T1264 000:715.877   Value=0x00000002
T1264 000:715.902 - 0.297ms returns 0
T1264 000:715.920 JLINK_CORESIGHT_WriteAPDPReg(AP reg 0x00, 0x80000002)
T1264 000:716.171 - 0.251ms returns 0
T1264 000:716.191 JLINK_CORESIGHT_WriteAPDPReg(AP reg 0x01, 0x80011120)
T1264 000:716.409 - 0.217ms returns 0
T1264 000:716.428 JLINK_CORESIGHT_WriteAPDPReg(AP reg 0x03, 0x000003D3)
T1264 000:716.650 - 0.222ms returns 0
T1264 000:716.669 JLINK_CORESIGHT_WriteAPDPReg(AP reg 0x00, 0x80000002)
T1264 000:716.889 - 0.219ms returns 0
T1264 000:716.909 JLINK_CORESIGHT_WriteAPDPReg(AP reg 0x01, 0x80011140)
T1264 000:717.133 - 0.224ms returns 0
T1264 000:717.152 JLINK_CORESIGHT_ReadAPDPReg(AP reg 0x03)
T1264 000:717.440   Value=0x00000002
T1264 000:717.463 - 0.311ms returns 0
T1264 000:717.480 JLINK_CORESIGHT_ReadAPDPReg(AP reg 0x03)
T1264 000:717.757   Value=0x00000002
T1264 000:717.779 - 0.299ms returns 0
T1264 000:717.801 JLINK_CORESIGHT_ReadAPDPReg(AP reg 0x03)
T1264 000:718.093   Value=0x00000002
T1264 000:718.116 - 0.314ms returns 0
T1264 000:718.133 JLINK_CORESIGHT_ReadAPDPReg(AP reg 0x03)
T1264 000:718.423   Value=0x00000002
T1264 000:718.446 - 0.312ms returns 0
T1264 000:718.463 JLINK_CORESIGHT_ReadAPDPReg(AP reg 0x03)
T1264 000:718.735   Value=0x00000002
T1264 000:718.758 - 0.295ms returns 0
T1264 000:718.775 JLINK_CORESIGHT_ReadAPDPReg(AP reg 0x03)
T1264 000:719.054   Value=0x00000002
T1264 000:719.077 - 0.302ms returns 0
T1264 000:719.094 JLINK_CORESIGHT_ReadAPDPReg(AP reg 0x03)
T1264 000:719.382   Value=0x00000000
T1264 000:719.404 - 0.310ms returns 0
T1264 000:719.421 JLINK_CORESIGHT_WriteAPDPReg(AP reg 0x00, 0x80000002)
T1264 000:719.646 - 0.224ms returns 0
T1264 000:719.665 JLINK_CORESIGHT_WriteAPDPReg(AP reg 0x01, 0x80011130)
T1264 000:719.873 - 0.208ms returns 0
T1264 000:719.892 JLINK_CORESIGHT_ReadAPDPReg(AP reg 0x03)
T1264 000:720.188   Value=0x2C020081
T1264 000:720.210 - 0.318ms returns 0
T1264 000:720.227 JLINK_CORESIGHT_WriteAPDPReg(AP reg 0x00, 0x80000002)
T1264 000:720.496 - 0.268ms returns 0
T1264 000:720.515 JLINK_CORESIGHT_WriteAPDPReg(AP reg 0x01, 0x80011140)
T1264 000:720.726 - 0.210ms returns 0
T1264 000:720.748 JLINK_CORESIGHT_ReadAPDPReg(AP reg 0x03)
T1264 000:721.023   Value=0x00000000
T1264 000:721.047 - 0.299ms returns 0
T1264 000:721.065 JLINK_CORESIGHT_WriteAPDPReg(AP reg 0x00, 0x80000002)
T1264 000:721.316 - 0.251ms returns 0
T1264 000:721.336 JLINK_CORESIGHT_WriteAPDPReg(AP reg 0x01, 0x80011130)
T1264 000:721.615 - 0.278ms returns 0
T1264 000:721.656 JLINK_CORESIGHT_ReadAPDPReg(AP reg 0x03)
T1264 000:721.933   Value=0x0003CE04
T1264 000:721.960 - 0.304ms returns 0
T1264 000:721.982 JLINK_CORESIGHT_WriteAPDPReg(AP reg 0x00, 0x80000002)
T1264 000:722.243 - 0.261ms returns 0
T1264 000:722.262 JLINK_CORESIGHT_WriteAPDPReg(AP reg 0x01, 0x80011140)
T1264 000:722.484 - 0.222ms returns 0
T1264 000:722.504 JLINK_CORESIGHT_ReadAPDPReg(AP reg 0x03)
T1264 000:722.770   Value=0x00000002
T1264 000:722.793 - 0.289ms returns 0
T1264 000:722.810 JLINK_CORESIGHT_WriteAPDPReg(AP reg 0x00, 0x80000002)
T1264 000:723.023 - 0.213ms returns 0
T1264 000:723.042 JLINK_CORESIGHT_WriteAPDPReg(AP reg 0x01, 0x80011120)
T1264 000:723.265 - 0.223ms returns 0
T1264 000:723.285 JLINK_CORESIGHT_WriteAPDPReg(AP reg 0x03, 0x73010001)
T1264 000:723.516 - 0.231ms returns 0
T1264 000:723.535 JLINK_CORESIGHT_WriteAPDPReg(AP reg 0x00, 0x80000002)
T1264 000:723.899 - 0.363ms returns 0
T1264 000:723.938 JLINK_CORESIGHT_WriteAPDPReg(AP reg 0x01, 0x80011140)
T1264 000:724.175 - 0.237ms returns 0
T1264 000:724.204 JLINK_CORESIGHT_ReadAPDPReg(AP reg 0x03)
T1264 000:724.490   Value=0x00000002
T1264 000:724.513 - 0.309ms returns 0
T1264 000:724.531 JLINK_CORESIGHT_WriteAPDPReg(AP reg 0x00, 0x80000002)
T1264 000:724.808 - 0.276ms returns 0
T1264 000:724.827 JLINK_CORESIGHT_WriteAPDPReg(AP reg 0x01, 0x80011120)
T1264 000:725.049 - 0.222ms returns 0
T1264 000:725.069 JLINK_CORESIGHT_WriteAPDPReg(AP reg 0x03, 0x0000038C)
T1264 000:725.289 - 0.220ms returns 0
T1264 000:725.309 JLINK_CORESIGHT_WriteAPDPReg(AP reg 0x00, 0x80000002)
T1264 000:725.525 - 0.217ms returns 0
T1264 000:725.545 JLINK_CORESIGHT_WriteAPDPReg(AP reg 0x01, 0x80011140)
T1264 000:725.757 - 0.212ms returns 0
T1264 000:725.777 JLINK_CORESIGHT_ReadAPDPReg(AP reg 0x03)
T1264 000:726.053   Value=0x00000002
T1264 000:726.076 - 0.299ms returns 0
T1264 000:726.093 JLINK_CORESIGHT_ReadAPDPReg(AP reg 0x03)
T1264 000:726.404   Value=0x00000002
T1264 000:726.449 - 0.356ms returns 0
T1264 000:726.468 JLINK_CORESIGHT_ReadAPDPReg(AP reg 0x03)
T1264 000:726.753   Value=0x00000002
T1264 000:726.777 - 0.308ms returns 0
T1264 000:726.795 JLINK_CORESIGHT_ReadAPDPReg(AP reg 0x03)
T1264 000:727.048   Value=0x00000002
T1264 000:727.072 - 0.277ms returns 0
T1264 000:727.089 JLINK_CORESIGHT_ReadAPDPReg(AP reg 0x03)
T1264 000:727.343   Value=0x00000002
T1264 000:727.366 - 0.277ms returns 0
T1264 000:727.384 JLINK_CORESIGHT_ReadAPDPReg(AP reg 0x03)
T1264 000:727.687   Value=0x00000002
T1264 000:727.715 - 0.331ms returns 0
T1264 000:727.733 JLINK_CORESIGHT_ReadAPDPReg(AP reg 0x03)
T1264 000:728.049   Value=0x00000002
T1264 000:728.094 - 0.360ms returns 0
T1264 000:728.112 JLINK_CORESIGHT_ReadAPDPReg(AP reg 0x03)
T1264 000:728.433   Value=0x00000000
T1264 000:728.476 - 0.364ms returns 0
T1264 000:728.495 JLINK_CORESIGHT_WriteAPDPReg(AP reg 0x00, 0x80000002)
T1264 000:728.774 - 0.279ms returns 0
T1264 000:728.814 JLINK_CORESIGHT_WriteAPDPReg(AP reg 0x01, 0x80011130)
T1264 000:729.062 - 0.248ms returns 0
T1264 000:729.094 JLINK_CORESIGHT_ReadAPDPReg(AP reg 0x03)
T1264 000:729.394   Value=0x73020081
T1264 000:729.421 - 0.327ms returns 0
T1264 000:729.442 JLINK_CORESIGHT_WriteAPDPReg(AP reg 0x00, 0x80000002)
T1264 000:729.674 - 0.232ms returns 0
T1264 000:729.700 JLINK_CORESIGHT_WriteAPDPReg(AP reg 0x01, 0x80011140)
T1264 000:729.923 - 0.223ms returns 0
T1264 000:729.947 JLINK_CORESIGHT_ReadAPDPReg(AP reg 0x03)
T1264 000:730.249   Value=0x00000000
T1264 000:730.275 - 0.328ms returns 0
T1264 000:730.293 JLINK_CORESIGHT_WriteAPDPReg(AP reg 0x00, 0x80000002)
T1264 000:730.547 - 0.253ms returns 0
T1264 000:730.571 JLINK_CORESIGHT_WriteAPDPReg(AP reg 0x01, 0x80011130)
T1264 000:730.794 - 0.223ms returns 0
T1264 000:730.815 JLINK_CORESIGHT_ReadAPDPReg(AP reg 0x03)
T1264 000:731.086   Value=0x00038902
T1264 000:731.111 - 0.296ms returns 0
T1264 000:731.132 JLINK_CORESIGHT_WriteAPDPReg(AP reg 0x00, 0x80000002)
T1264 000:731.374 - 0.242ms returns 0
T1264 000:731.396 JLINK_CORESIGHT_WriteAPDPReg(AP reg 0x01, 0x80011140)
T1264 000:731.629 - 0.233ms returns 0
T1264 000:731.651 JLINK_CORESIGHT_ReadAPDPReg(AP reg 0x03)
T1264 000:731.922   Value=0x00000002
T1264 000:731.947 - 0.296ms returns 0
T1264 000:731.966 JLINK_CORESIGHT_WriteAPDPReg(AP reg 0x00, 0x80000002)
T1264 000:732.219 - 0.253ms returns 0
T1264 000:732.240 JLINK_CORESIGHT_WriteAPDPReg(AP reg 0x01, 0x80011120)
T1264 000:732.501 - 0.260ms returns 0
T1264 000:732.537 JLINK_CORESIGHT_WriteAPDPReg(AP reg 0x03, 0x75010001)
T1264 000:732.776 - 0.239ms returns 0
T1264 000:732.803 JLINK_CORESIGHT_WriteAPDPReg(AP reg 0x00, 0x80000002)
T1264 000:733.029 - 0.226ms returns 0
T1264 000:733.052 JLINK_CORESIGHT_WriteAPDPReg(AP reg 0x01, 0x80011140)
T1264 000:733.286 - 0.234ms returns 0
T1264 000:733.309 JLINK_CORESIGHT_ReadAPDPReg(AP reg 0x03)
T1264 000:733.603   Value=0x00000002
T1264 000:733.631 - 0.322ms returns 0
T1264 000:733.652 JLINK_CORESIGHT_WriteAPDPReg(AP reg 0x00, 0x80000002)
T1264 000:733.888 - 0.236ms returns 0
T1264 000:733.911 JLINK_CORESIGHT_WriteAPDPReg(AP reg 0x01, 0x80011120)
T1264 000:734.146 - 0.235ms returns 0
T1264 000:734.169 JLINK_CORESIGHT_WriteAPDPReg(AP reg 0x03, 0x0000038A)
T1264 000:734.401 - 0.232ms returns 0
T1264 000:734.425 JLINK_CORESIGHT_WriteAPDPReg(AP reg 0x00, 0x80000002)
T1264 000:734.660 - 0.236ms returns 0
T1264 000:734.684 JLINK_CORESIGHT_WriteAPDPReg(AP reg 0x01, 0x80011140)
T1264 000:734.916 - 0.231ms returns 0
T1264 000:734.940 JLINK_CORESIGHT_ReadAPDPReg(AP reg 0x03)
T1264 000:735.240   Value=0x00000002
T1264 000:735.269 - 0.329ms returns 0
T1264 000:735.290 JLINK_CORESIGHT_ReadAPDPReg(AP reg 0x03)
T1264 000:735.607   Value=0x00000002
T1264 000:735.636 - 0.346ms returns 0
T1264 000:735.658 JLINK_CORESIGHT_ReadAPDPReg(AP reg 0x03)
T1264 000:735.938   Value=0x00000002
T1264 000:735.969 - 0.311ms returns 0
T1264 000:735.991 JLINK_CORESIGHT_ReadAPDPReg(AP reg 0x03)
T1264 000:736.332   Value=0x00000000
T1264 000:736.381 - 0.389ms returns 0
T1264 000:736.402 JLINK_CORESIGHT_WriteAPDPReg(AP reg 0x00, 0x80000002)
T1264 000:736.665 - 0.262ms returns 0
T1264 000:736.690 JLINK_CORESIGHT_WriteAPDPReg(AP reg 0x01, 0x80011130)
T1264 000:736.916 - 0.226ms returns 0
T1264 000:736.941 JLINK_CORESIGHT_ReadAPDPReg(AP reg 0x03)
T1264 000:737.237   Value=0x75020081
T1264 000:737.267 - 0.327ms returns 0
T1264 000:737.290 JLINK_CORESIGHT_WriteAPDPReg(AP reg 0x00, 0x80000002)
T1264 000:737.609 - 0.319ms returns 0
T1264 000:737.656 JLINK_CORESIGHT_WriteAPDPReg(AP reg 0x01, 0x80011140)
T1264 000:737.890 - 0.234ms returns 0
T1264 000:737.920 JLINK_CORESIGHT_ReadAPDPReg(AP reg 0x03)
T1264 000:738.217   Value=0x00000000
T1264 000:738.248 - 0.327ms returns 0
T1264 000:738.275 JLINK_CORESIGHT_WriteAPDPReg(AP reg 0x00, 0x80000002)
T1264 000:738.510 - 0.235ms returns 0
T1264 000:738.540 JLINK_CORESIGHT_WriteAPDPReg(AP reg 0x01, 0x80011130)
T1264 000:738.773 - 0.233ms returns 0
T1264 000:738.805 JLINK_CORESIGHT_ReadAPDPReg(AP reg 0x03)
T1264 000:739.093   Value=0x00038702
T1264 000:739.125 - 0.320ms returns 0
T1264 000:739.159 JLINK_CORESIGHT_WriteAPDPReg(AP reg 0x00, 0x80000002)
T1264 000:739.400 - 0.240ms returns 0
T1264 000:739.431 JLINK_CORESIGHT_WriteAPDPReg(AP reg 0x01, 0x80011140)
T1264 000:739.677 - 0.247ms returns 0
T1264 000:739.709 JLINK_CORESIGHT_ReadAPDPReg(AP reg 0x03)
T1264 000:740.044   Value=0x00000002
T1264 000:740.077 - 0.367ms returns 0
T1264 000:740.105 JLINK_CORESIGHT_WriteAPDPReg(AP reg 0x00, 0x80000002)
T1264 000:740.346 - 0.240ms returns 0
T1264 000:740.397 JLINK_CORESIGHT_WriteAPDPReg(AP reg 0x01, 0x80011120)
T1264 000:740.655 - 0.258ms returns 0
T1264 000:740.693 JLINK_CORESIGHT_WriteAPDPReg(AP reg 0x03, 0x4E0B0001)
T1264 000:740.942 - 0.249ms returns 0
T1264 000:740.993 JLINK_CORESIGHT_WriteAPDPReg(AP reg 0x00, 0x80000002)
T1264 000:741.251 - 0.259ms returns 0
T1264 000:741.282 JLINK_CORESIGHT_WriteAPDPReg(AP reg 0x01, 0x80011140)
T1264 000:741.527 - 0.245ms returns 0
T1264 000:741.563 JLINK_CORESIGHT_ReadAPDPReg(AP reg 0x03)
T1264 000:741.859   Value=0x00000002
T1264 000:741.890 - 0.327ms returns 0
T1264 000:741.918 JLINK_CORESIGHT_WriteAPDPReg(AP reg 0x00, 0x80000002)
T1264 000:742.153 - 0.235ms returns 0
T1264 000:742.183 JLINK_CORESIGHT_WriteAPDPReg(AP reg 0x01, 0x80011120)
T1264 000:742.478 - 0.295ms returns 0
T1264 000:742.507 JLINK_CORESIGHT_WriteAPDPReg(AP reg 0x03, 0x20010000)
T1264 000:742.731 - 0.224ms returns 0
T1264 000:742.764 JLINK_CORESIGHT_WriteAPDPReg(AP reg 0x00, 0x80000002)
T1264 000:743.025 - 0.262ms returns 0
T1264 000:743.057 JLINK_CORESIGHT_WriteAPDPReg(AP reg 0x01, 0x80011140)
T1264 000:743.303 - 0.246ms returns 0
T1264 000:743.333 JLINK_CORESIGHT_ReadAPDPReg(AP reg 0x03)
T1264 000:743.641   Value=0x00000002
T1264 000:743.673 - 0.340ms returns 0
T1264 000:743.701 JLINK_CORESIGHT_WriteAPDPReg(AP reg 0x00, 0x80000002)
T1264 000:743.933 - 0.232ms returns 0
T1264 000:743.964 JLINK_CORESIGHT_WriteAPDPReg(AP reg 0x01, 0x80011120)
T1264 000:744.210 - 0.246ms returns 0
T1264 000:744.241 JLINK_CORESIGHT_WriteAPDPReg(AP reg 0x03, 0x00000000)
T1264 000:744.486 - 0.245ms returns 0
T1264 000:744.517 JLINK_CORESIGHT_WriteAPDPReg(AP reg 0x00, 0x80000002)
T1264 000:744.765 - 0.247ms returns 0
T1264 000:744.830 JLINK_CORESIGHT_WriteAPDPReg(AP reg 0x01, 0x80011140)
T1264 000:745.146 - 0.316ms returns 0
T1264 000:745.193 JLINK_CORESIGHT_ReadAPDPReg(AP reg 0x03)
T1264 000:745.517   Value=0x00000002
T1264 000:745.549 - 0.355ms returns 0
T1264 000:745.582 JLINK_CORESIGHT_WriteAPDPReg(AP reg 0x00, 0x80000002)
T1264 000:745.816 - 0.234ms returns 0
T1264 000:745.848 JLINK_CORESIGHT_WriteAPDPReg(AP reg 0x01, 0x80011120)
T1264 000:746.158 - 0.310ms returns 0
T1264 000:746.214 JLINK_CORESIGHT_WriteAPDPReg(AP reg 0x03, 0x03860000)
T1264 000:746.524 - 0.310ms returns 0
T1264 000:746.568 JLINK_CORESIGHT_WriteAPDPReg(AP reg 0x00, 0x80000002)
T1264 000:746.833 - 0.265ms returns 0
T1264 000:746.866 JLINK_CORESIGHT_WriteAPDPReg(AP reg 0x01, 0x80011140)
T1264 000:747.138 - 0.272ms returns 0
T1264 000:747.172 JLINK_CORESIGHT_ReadAPDPReg(AP reg 0x03)
T1264 000:747.478   Value=0x00000002
T1264 000:747.510 - 0.338ms returns 0
T1264 000:747.538 JLINK_CORESIGHT_ReadAPDPReg(AP reg 0x03)
T1264 000:747.810   Value=0x00000002
T1264 000:747.844 - 0.305ms returns 0
T1264 000:747.874 JLINK_CORESIGHT_ReadAPDPReg(AP reg 0x03)
T1264 000:748.198   Value=0x00000002
T1264 000:748.233 - 0.359ms returns 0
T1264 000:748.263 JLINK_CORESIGHT_ReadAPDPReg(AP reg 0x03)
T1264 000:748.544   Value=0x00000002
T1264 000:748.585 - 0.322ms returns 0
T1264 000:748.613 JLINK_CORESIGHT_ReadAPDPReg(AP reg 0x03)
T1264 000:748.911   Value=0x00000002
T1264 000:748.945 - 0.331ms returns 0
T1264 000:748.973 JLINK_CORESIGHT_ReadAPDPReg(AP reg 0x03)
T1264 000:749.247   Value=0x00000002
T1264 000:749.281 - 0.307ms returns 0
T1264 000:749.309 JLINK_CORESIGHT_ReadAPDPReg(AP reg 0x03)
T1264 000:749.602   Value=0x00000002
T1264 000:749.636 - 0.326ms returns 0
T1264 000:749.665 JLINK_CORESIGHT_ReadAPDPReg(AP reg 0x03)
T1264 000:750.073   Value=0x00000002
T1264 000:750.115 - 0.450ms returns 0
T1264 000:750.145 JLINK_CORESIGHT_ReadAPDPReg(AP reg 0x03)
T1264 000:750.451   Value=0x00000002
T1264 000:750.484 - 0.339ms returns 0
T1264 000:750.514 JLINK_CORESIGHT_ReadAPDPReg(AP reg 0x03)
T1264 000:750.823   Value=0x00000002
T1264 000:750.856 - 0.342ms returns 0
T1264 000:750.886 JLINK_CORESIGHT_ReadAPDPReg(AP reg 0x03)
T1264 000:751.172   Value=0x00000002
T1264 000:751.206 - 0.320ms returns 0
T1264 000:751.235 JLINK_CORESIGHT_ReadAPDPReg(AP reg 0x03)
T1264 000:751.531   Value=0x00000002
T1264 000:751.567 - 0.332ms returns 0
T1264 000:751.597 JLINK_CORESIGHT_ReadAPDPReg(AP reg 0x03)
T1264 000:751.901   Value=0x00000002
T1264 000:751.937 - 0.339ms returns 0
T1264 000:751.968 JLINK_CORESIGHT_ReadAPDPReg(AP reg 0x03)
T1264 000:752.248   Value=0x00000002
T1264 000:752.283 - 0.316ms returns 0
T1264 000:752.314 JLINK_CORESIGHT_ReadAPDPReg(AP reg 0x03)
T1264 000:752.614   Value=0x00000002
T1264 000:752.670 - 0.356ms returns 0
T1264 000:752.708 JLINK_CORESIGHT_ReadAPDPReg(AP reg 0x03)
T1264 000:753.029   Value=0x00000002
T1264 000:753.068 - 0.360ms returns 0
T1264 000:753.100 JLINK_CORESIGHT_ReadAPDPReg(AP reg 0x03)
T1264 000:753.388   Value=0x00000002
T1264 000:753.424 - 0.324ms returns 0
T1264 000:753.454 JLINK_CORESIGHT_ReadAPDPReg(AP reg 0x03)
T1264 000:753.781   Value=0x00000002
T1264 000:753.816 - 0.362ms returns 0
T1264 000:753.848 JLINK_CORESIGHT_ReadAPDPReg(AP reg 0x03)
T1264 000:754.200   Value=0x00000002
T1264 000:754.258 - 0.410ms returns 0
T1264 000:754.290 JLINK_CORESIGHT_ReadAPDPReg(AP reg 0x03)
T1264 000:754.602   Value=0x00000002
T1264 000:754.639 - 0.348ms returns 0
T1264 000:754.671 JLINK_CORESIGHT_ReadAPDPReg(AP reg 0x03)
T1264 000:755.032   Value=0x00000002
T1264 000:755.084 - 0.412ms returns 0
T1264 000:755.115 JLINK_CORESIGHT_ReadAPDPReg(AP reg 0x03)
T1264 000:755.402   Value=0x00000002
T1264 000:755.437 - 0.322ms returns 0
T1264 000:755.467 JLINK_CORESIGHT_ReadAPDPReg(AP reg 0x03)
T1264 000:755.764   Value=0x00000002
T1264 000:755.798 - 0.331ms returns 0
T1264 000:755.826 JLINK_CORESIGHT_ReadAPDPReg(AP reg 0x03)
T1264 000:756.223   Value=0x00000002
T1264 000:756.253 - 0.427ms returns 0
T1264 000:756.280 JLINK_CORESIGHT_ReadAPDPReg(AP reg 0x03)
T1264 000:756.585   Value=0x00000000
T1264 000:756.618 - 0.338ms returns 0
T1264 000:756.642 JLINK_CORESIGHT_WriteAPDPReg(AP reg 0x00, 0x80000002)
T1264 000:756.879 - 0.237ms returns 0
T1264 000:756.906 JLINK_CORESIGHT_WriteAPDPReg(AP reg 0x01, 0x80011130)
T1264 000:757.145 - 0.238ms returns 0
T1264 000:757.178 JLINK_CORESIGHT_ReadAPDPReg(AP reg 0x03)
T1264 000:757.589   Value=0x4E0A0081
T1264 000:757.631 - 0.452ms returns 0
T1264 000:757.656 JLINK_CORESIGHT_WriteAPDPReg(AP reg 0x00, 0x80000002)
T1264 000:757.876 - 0.220ms returns 0
T1264 000:757.903 JLINK_CORESIGHT_WriteAPDPReg(AP reg 0x01, 0x80011140)
T1264 000:758.136 - 0.232ms returns 0
T1264 000:758.161 JLINK_CORESIGHT_ReadAPDPReg(AP reg 0x03)
T1264 000:758.442   Value=0x00000000
T1264 000:758.467 - 0.306ms returns 0
T1264 000:758.490 JLINK_CORESIGHT_WriteAPDPReg(AP reg 0x00, 0x80000002)
T1264 000:758.706 - 0.216ms returns 0
T1264 000:758.728 JLINK_CORESIGHT_WriteAPDPReg(AP reg 0x01, 0x80011130)
T1264 000:759.011 - 0.283ms returns 0
T1264 000:759.034 JLINK_CORESIGHT_ReadAPDPReg(AP reg 0x03)
T1264 000:759.313   Value=0xFFFFFF00
T1264 000:759.334 - 0.299ms returns 0
T1264 000:759.354 JLINK_CORESIGHT_WriteAPDPReg(AP reg 0x00, 0x80000002)
T1264 000:759.577 - 0.223ms returns 0
T1264 000:759.600 JLINK_CORESIGHT_WriteAPDPReg(AP reg 0x01, 0x80011140)
T1264 000:759.841 - 0.240ms returns 0
T1264 000:759.863 JLINK_CORESIGHT_ReadAPDPReg(AP reg 0x03)
T1264 000:760.187   Value=0x00000000
T1264 000:760.208 - 0.345ms returns 0
T1264 000:760.248 JLINK_CORESIGHT_WriteAPDPReg(AP reg 0x00, 0x80000002)
T1264 000:760.459 - 0.211ms returns 0
T1264 000:760.480 JLINK_CORESIGHT_WriteAPDPReg(AP reg 0x01, 0x80011130)
T1264 000:760.711 - 0.229ms returns 0
T1264 000:760.796 JLINK_CORESIGHT_ReadAPDPReg(AP reg 0x03)
T1264 000:761.088   Value=0xFFFFFFFF
T1264 000:761.117 - 0.321ms returns 0
T1264 000:761.138 JLINK_CORESIGHT_WriteAPDPReg(AP reg 0x00, 0x80000002)
T1264 000:761.406 - 0.268ms returns 0
T1264 000:761.429 JLINK_CORESIGHT_WriteAPDPReg(AP reg 0x01, 0x80011140)
T1264 000:761.647 - 0.218ms returns 0
T1264 000:761.669 JLINK_CORESIGHT_ReadAPDPReg(AP reg 0x03)
T1264 000:761.931   Value=0x00000000
T1264 000:761.953 - 0.283ms returns 0
T1264 000:761.972 JLINK_CORESIGHT_WriteAPDPReg(AP reg 0x00, 0x80000002)
T1264 000:762.190 - 0.217ms returns 0
T1264 000:762.210 JLINK_CORESIGHT_WriteAPDPReg(AP reg 0x01, 0x80011130)
T1264 000:762.512 - 0.302ms returns 0
T1264 000:762.533 JLINK_CORESIGHT_ReadAPDPReg(AP reg 0x03)
T1264 000:762.831   Value=0x0003B0FF
T1264 000:762.858 - 0.325ms returns 0
T1264 000:762.880 JLINK_CORESIGHT_WriteAPDPReg(AP reg 0x00, 0x80000002)
T1264 000:763.126 - 0.245ms returns 0
T1264 000:763.147 JLINK_CORESIGHT_WriteAPDPReg(AP reg 0x01, 0x80011140)
T1264 000:763.381 - 0.234ms returns 0
T1264 000:763.402 JLINK_CORESIGHT_ReadAPDPReg(AP reg 0x03)
T1264 000:763.679   Value=0x00000002
T1264 000:763.701 - 0.298ms returns 0
T1264 000:763.720 JLINK_CORESIGHT_WriteAPDPReg(AP reg 0x00, 0x80000002)
T1264 000:764.010 - 0.290ms returns 0
T1264 000:764.030 JLINK_CORESIGHT_WriteAPDPReg(AP reg 0x01, 0x80011120)
T1264 000:764.266 - 0.236ms returns 0
T1264 000:764.287 JLINK_CORESIGHT_WriteAPDPReg(AP reg 0x03, 0x4F010001)
T1264 000:764.502 - 0.216ms returns 0
T1264 000:764.523 JLINK_CORESIGHT_WriteAPDPReg(AP reg 0x00, 0x80000002)
T1264 000:764.731 - 0.208ms returns 0
T1264 000:764.754 JLINK_CORESIGHT_WriteAPDPReg(AP reg 0x01, 0x80011140)
T1264 000:765.012 - 0.258ms returns 0
T1264 000:765.037 JLINK_CORESIGHT_ReadAPDPReg(AP reg 0x03)
T1264 000:765.319   Value=0x00000002
T1264 000:765.345 - 0.308ms returns 0
T1264 000:765.366 JLINK_CORESIGHT_WriteAPDPReg(AP reg 0x00, 0x80000002)
T1264 000:765.612 - 0.246ms returns 0
T1264 000:765.636 JLINK_CORESIGHT_WriteAPDPReg(AP reg 0x01, 0x80011120)
T1264 000:765.873 - 0.237ms returns 0
T1264 000:765.897 JLINK_CORESIGHT_WriteAPDPReg(AP reg 0x03, 0x000003B0)
T1264 000:766.132 - 0.236ms returns 0
T1264 000:766.153 JLINK_CORESIGHT_WriteAPDPReg(AP reg 0x00, 0x80000002)
T1264 000:766.384 - 0.231ms returns 0
T1264 000:766.404 JLINK_CORESIGHT_WriteAPDPReg(AP reg 0x01, 0x80011140)
T1264 000:766.622 - 0.218ms returns 0
T1264 000:766.643 JLINK_CORESIGHT_ReadAPDPReg(AP reg 0x03)
T1264 000:766.906   Value=0x00000002
T1264 000:766.929 - 0.286ms returns 0
T1264 000:766.947 JLINK_CORESIGHT_ReadAPDPReg(AP reg 0x03)
T1264 000:767.200   Value=0x00000002
T1264 000:767.222 - 0.274ms returns 0
T1264 000:767.240 JLINK_CORESIGHT_ReadAPDPReg(AP reg 0x03)
T1264 000:767.494   Value=0x00000000
T1264 000:767.515 - 0.275ms returns 0
T1264 000:767.533 JLINK_CORESIGHT_WriteAPDPReg(AP reg 0x00, 0x80000002)
T1264 000:767.740 - 0.207ms returns 0
T1264 000:767.762 JLINK_CORESIGHT_WriteAPDPReg(AP reg 0x01, 0x80011130)
T1264 000:768.016 - 0.254ms returns 0
T1264 000:768.037 JLINK_CORESIGHT_ReadAPDPReg(AP reg 0x03)
T1264 000:768.313   Value=0x4F0B0081
T1264 000:768.335 - 0.297ms returns 0
T1264 000:768.353 JLINK_CORESIGHT_WriteAPDPReg(AP reg 0x00, 0x80000002)
T1264 000:768.575 - 0.222ms returns 0
T1264 000:768.597 JLINK_CORESIGHT_WriteAPDPReg(AP reg 0x01, 0x80011140)
T1264 000:768.838 - 0.241ms returns 0
T1264 000:768.858 JLINK_CORESIGHT_ReadAPDPReg(AP reg 0x03)
T1264 000:769.187   Value=0x00000000
T1264 000:769.239 - 0.380ms returns 0
T1264 000:769.259 JLINK_CORESIGHT_WriteAPDPReg(AP reg 0x00, 0x80000002)
T1264 000:769.482 - 0.223ms returns 0
T1264 000:769.503 JLINK_CORESIGHT_WriteAPDPReg(AP reg 0x01, 0x80011130)
T1264 000:769.946 - 0.443ms returns 0
T1264 000:769.973 JLINK_CORESIGHT_ReadAPDPReg(AP reg 0x03)
T1264 000:770.256   Value=0x20010000
T1264 000:770.278 - 0.306ms returns 0
T1264 000:770.297 JLINK_CORESIGHT_WriteAPDPReg(AP reg 0x00, 0x80000002)
T1264 000:770.513 - 0.216ms returns 0
T1264 000:770.534 JLINK_CORESIGHT_WriteAPDPReg(AP reg 0x01, 0x80011140)
T1264 000:770.744 - 0.210ms returns 0
T1264 000:770.766 JLINK_CORESIGHT_ReadAPDPReg(AP reg 0x03)
T1264 000:771.047   Value=0x00000000
T1264 000:771.070 - 0.303ms returns 0
T1264 000:771.089 JLINK_CORESIGHT_WriteAPDPReg(AP reg 0x00, 0x80000002)
T1264 000:771.313 - 0.223ms returns 0
T1264 000:771.336 JLINK_CORESIGHT_WriteAPDPReg(AP reg 0x01, 0x80011130)
T1264 000:771.550 - 0.214ms returns 0
T1264 000:771.572 JLINK_CORESIGHT_ReadAPDPReg(AP reg 0x03)
T1264 000:771.856   Value=0x00000000
T1264 000:771.877 - 0.305ms returns 0
T1264 000:771.896 JLINK_CORESIGHT_WriteAPDPReg(AP reg 0x00, 0x80000002)
T1264 000:772.124 - 0.228ms returns 0
T1264 000:772.144 JLINK_CORESIGHT_WriteAPDPReg(AP reg 0x01, 0x80011140)
T1264 000:772.384 - 0.239ms returns 0
T1264 000:772.404 JLINK_CORESIGHT_ReadAPDPReg(AP reg 0x03)
T1264 000:772.698   Value=0x00000000
T1264 000:772.721 - 0.317ms returns 0
T1264 000:772.740 JLINK_CORESIGHT_WriteAPDPReg(AP reg 0x00, 0x80000002)
T1264 000:773.018 - 0.278ms returns 0
T1264 000:773.040 JLINK_CORESIGHT_WriteAPDPReg(AP reg 0x01, 0x80011130)
T1264 000:773.260 - 0.219ms returns 0
T1264 000:773.281 JLINK_CORESIGHT_ReadAPDPReg(AP reg 0x03)
T1264 000:773.598   Value=0x03850000
T1264 000:773.641 - 0.360ms returns 0
T1264 000:774.426 JLINK_CORESIGHT_WriteAPDPReg(AP reg 0x00, 0x80000002)
T1264 000:774.722 - 0.296ms returns 0
T1264 000:774.743 JLINK_CORESIGHT_WriteAPDPReg(AP reg 0x01, 0x80011140)
T1264 000:775.022 - 0.279ms returns 0
T1264 000:775.044 JLINK_CORESIGHT_ReadAPDPReg(AP reg 0x03)
T1264 000:775.433   Value=0x00000002
T1264 000:775.455 - 0.411ms returns 0
T1264 000:775.472 JLINK_CORESIGHT_WriteAPDPReg(AP reg 0x00, 0x80000002)
T1264 000:775.875 - 0.403ms returns 0
T1264 000:775.893 JLINK_CORESIGHT_WriteAPDPReg(AP reg 0x01, 0x80011120)
T1264 000:776.197 - 0.304ms returns 0
T1264 000:776.227 JLINK_CORESIGHT_WriteAPDPReg(AP reg 0x03, 0x4F010001)
T1264 000:776.530 - 0.307ms returns 0
T1264 000:776.548 JLINK_CORESIGHT_WriteAPDPReg(AP reg 0x00, 0x80000002)
T1264 000:776.891 - 0.343ms returns 0
T1264 000:776.918 JLINK_CORESIGHT_WriteAPDPReg(AP reg 0x01, 0x80011140)
T1264 000:777.156 - 0.238ms returns 0
T1264 000:777.175 JLINK_CORESIGHT_ReadAPDPReg(AP reg 0x03)
T1264 000:777.449   Value=0x00000002
T1264 000:777.470 - 0.295ms returns 0
T1264 000:777.487 JLINK_CORESIGHT_WriteAPDPReg(AP reg 0x00, 0x80000002)
T1264 000:777.741 - 0.254ms returns 0
T1264 000:777.762 JLINK_CORESIGHT_WriteAPDPReg(AP reg 0x01, 0x80011120)
T1264 000:778.016 - 0.253ms returns 0
T1264 000:778.034 JLINK_CORESIGHT_WriteAPDPReg(AP reg 0x03, 0x000003B0)
T1264 000:778.251 - 0.216ms returns 0
T1264 000:778.269 JLINK_CORESIGHT_WriteAPDPReg(AP reg 0x00, 0x80000002)
T1264 000:778.487 - 0.218ms returns 0
T1264 000:778.506 JLINK_CORESIGHT_WriteAPDPReg(AP reg 0x01, 0x80011140)
T1264 000:778.717 - 0.211ms returns 0
T1264 000:778.736 JLINK_CORESIGHT_ReadAPDPReg(AP reg 0x03)
T1264 000:779.015   Value=0x00000002
T1264 000:779.036 - 0.300ms returns 0
T1264 000:779.052 JLINK_CORESIGHT_ReadAPDPReg(AP reg 0x03)
T1264 000:779.361   Value=0x00000002
T1264 000:779.402 - 0.349ms returns 0
T1264 000:779.418 JLINK_CORESIGHT_ReadAPDPReg(AP reg 0x03)
T1264 000:779.721   Value=0x00000002
T1264 000:779.743 - 0.325ms returns 0
T1264 000:779.759 JLINK_CORESIGHT_ReadAPDPReg(AP reg 0x03)
T1264 000:780.016   Value=0x00000002
T1264 000:780.040 - 0.281ms returns 0
T1264 000:780.056 JLINK_CORESIGHT_ReadAPDPReg(AP reg 0x03)
T1264 000:780.333   Value=0x00000002
T1264 000:780.417 - 0.361ms returns 0
T1264 000:780.433 JLINK_CORESIGHT_ReadAPDPReg(AP reg 0x03)
T1264 000:780.731   Value=0x00000002
T1264 000:780.753 - 0.319ms returns 0
T1264 000:780.768 JLINK_CORESIGHT_ReadAPDPReg(AP reg 0x03)
T1264 000:781.046   Value=0x00000002
T1264 000:781.068 - 0.299ms returns 0
T1264 000:781.084 JLINK_CORESIGHT_ReadAPDPReg(AP reg 0x03)
T1264 000:781.381   Value=0x00000002
T1264 000:781.402 - 0.318ms returns 0
T1264 000:781.418 JLINK_CORESIGHT_ReadAPDPReg(AP reg 0x03)
T1264 000:781.678   Value=0x00000002
T1264 000:781.699 - 0.281ms returns 0
T1264 000:781.715 JLINK_CORESIGHT_ReadAPDPReg(AP reg 0x03)
T1264 000:782.015   Value=0x00000002
T1264 000:782.036 - 0.321ms returns 0
T1264 000:782.052 JLINK_CORESIGHT_ReadAPDPReg(AP reg 0x03)
T1264 000:782.425   Value=0x00000000
T1264 000:782.447 - 0.395ms returns 0
T1264 000:782.463 JLINK_CORESIGHT_WriteAPDPReg(AP reg 0x00, 0x80000002)
T1264 000:782.676 - 0.213ms returns 0
T1264 000:782.697 JLINK_CORESIGHT_WriteAPDPReg(AP reg 0x01, 0x80011130)
T1264 000:782.886 - 0.189ms returns 0
T1264 000:782.906 JLINK_CORESIGHT_ReadAPDPReg(AP reg 0x03)
T1264 000:783.195   Value=0x4F0B0081
T1264 000:783.216 - 0.310ms returns 0
T1264 000:783.232 JLINK_CORESIGHT_WriteAPDPReg(AP reg 0x00, 0x80000002)
T1264 000:783.480 - 0.247ms returns 0
T1264 000:783.498 JLINK_CORESIGHT_WriteAPDPReg(AP reg 0x01, 0x80011140)
T1264 000:783.707 - 0.209ms returns 0
T1264 000:783.726 JLINK_CORESIGHT_ReadAPDPReg(AP reg 0x03)
T1264 000:784.016   Value=0x00000000
T1264 000:784.038 - 0.312ms returns 0
T1264 000:784.054 JLINK_CORESIGHT_WriteAPDPReg(AP reg 0x00, 0x80000002)
T1264 000:784.308 - 0.253ms returns 0
T1264 000:784.326 JLINK_CORESIGHT_WriteAPDPReg(AP reg 0x01, 0x80011130)
T1264 000:784.591 - 0.265ms returns 0
T1264 000:784.610 JLINK_CORESIGHT_ReadAPDPReg(AP reg 0x03)
T1264 000:784.877   Value=0x20010000
T1264 000:784.902 - 0.292ms returns 0
T1264 000:784.919 JLINK_CORESIGHT_WriteAPDPReg(AP reg 0x00, 0x80000002)
T1264 000:785.175 - 0.256ms returns 0
T1264 000:785.193 JLINK_CORESIGHT_WriteAPDPReg(AP reg 0x01, 0x80011140)
T1264 000:785.412 - 0.219ms returns 0
T1264 000:785.431 JLINK_CORESIGHT_ReadAPDPReg(AP reg 0x03)
T1264 000:785.705   Value=0x00000000
T1264 000:785.727 - 0.296ms returns 0
T1264 000:785.743 JLINK_CORESIGHT_WriteAPDPReg(AP reg 0x00, 0x80000002)
T1264 000:786.015 - 0.272ms returns 0
T1264 000:786.034 JLINK_CORESIGHT_WriteAPDPReg(AP reg 0x01, 0x80011130)
T1264 000:786.251 - 0.217ms returns 0
T1264 000:786.269 JLINK_CORESIGHT_ReadAPDPReg(AP reg 0x03)
T1264 000:786.545   Value=0x00000000
T1264 000:786.568 - 0.299ms returns 0
T1264 000:786.584 JLINK_CORESIGHT_WriteAPDPReg(AP reg 0x00, 0x80000002)
T1264 000:786.809 - 0.225ms returns 0
T1264 000:786.830 JLINK_CORESIGHT_WriteAPDPReg(AP reg 0x01, 0x80011140)
T1264 000:787.062 - 0.231ms returns 0
T1264 000:787.104 JLINK_CORESIGHT_ReadAPDPReg(AP reg 0x03)
T1264 000:787.400   Value=0x00000000
T1264 000:787.424 - 0.320ms returns 0
T1264 000:787.440 JLINK_CORESIGHT_WriteAPDPReg(AP reg 0x00, 0x80000002)
T1264 000:787.694 - 0.253ms returns 0
T1264 000:787.712 JLINK_CORESIGHT_WriteAPDPReg(AP reg 0x01, 0x80011130)
T1264 000:787.923 - 0.211ms returns 0
T1264 000:787.941 JLINK_CORESIGHT_ReadAPDPReg(AP reg 0x03)
T1264 000:788.219   Value=0x03850000
T1264 000:788.241 - 0.300ms returns 0
T1264 000:788.263 JLINK_CORESIGHT_ReadAPDPReg(DP reg 0x01)
T1264 000:788.502   Value=0xF0000F40
T1264 000:788.523 - 0.259ms returns 0
T1264 000:788.538 JLINK_CORESIGHT_WriteAPDPReg(DP reg 0x01, 0xA0000F40)
T1264 000:788.751 - 0.212ms returns 0
T1264 000:788.769 JLINK_CORESIGHT_ReadAPDPReg(DP reg 0x01)
T1264 000:789.015   Value=0x00000F40
T1264 000:789.037 - 0.267ms returns 0
T1264 000:789.053 JLINK_ClrRESET()
T1264 000:789.355 - 0.302ms 
T1264 000:900.582 JLINK_Close()
T1264 000:915.933 - 15.349ms
T1264 000:916.303   
T1264 000:916.380   Closed
