T6EFC 000:003.442   SEGGER J-Link V9.14a Log File
T6EFC 000:003.637   DLL Compiled: Jan 28 2026 17:11:52
T6EFC 000:003.659   Logging started @ 2026-03-09 08:22
T6EFC 000:003.679   Process: C:\Users\a5145404\.eclipse\com.renesas.platform_770098053\DebugComp\RA\e2-server-gdb.exe
T6EFC 000:003.704 - 3.700ms 
T6EFC 000:003.734 JLINK_GetDLLVersion()
T6EFC 000:003.755 - 0.021ms returns 91401
T6EFC 000:012.634 JLINK_OpenEx(...)
T6EFC 000:030.716   Firmware: J-Link OB-RA4M2 compiled Dec 10 2025 15:52:53
T6EFC 000:032.832   Firmware: J-Link OB-RA4M2 compiled Dec 10 2025 15:52:53
T6EFC 000:047.164   Hardware: V1.00
T6EFC 000:047.275   S/N: 1086362272
T6EFC 000:047.304   OEM: SEGGER
T6EFC 000:047.340   Feature(s): None
T6EFC 000:049.308   Bootloader: 2021 May 14
T6EFC 000:062.628   USB speed mode: Full speed (12 MBit/s)
T6EFC 000:064.072   TELNET listener socket opened on port 19021
T6EFC 000:064.538   WEBSRV WEBSRV_Init(): Starting webserver thread(s)
T6EFC 000:064.693   WEBSRV Failed to put socket into listener state (port 19080)
T6EFC 000:064.965   WEBSRV Webserver running on local port 19081
T6EFC 000:065.320   Looking for J-Link GUI Server exe at: C:\Users\a5145404\.eclipse\com.renesas.platform_770098053\DebugComp\RA\ARM\Segger_v9.14.1\JLinkGUIServer.exe
T6EFC 000:065.674   Looking for J-Link GUI Server exe at: C:\Users\a5145404\SEGGER\JLink_V874\JLinkGUIServer.exe
T6EFC 000:065.833   Forking J-Link GUI Server: C:\Users\a5145404\SEGGER\JLink_V874\JLinkGUIServer.exe
T6EFC 000:081.265   J-Link GUI Server info: "J-Link GUI server V8.74 "
T6EFC 000:082.042 - 69.401ms returns "O.K."
T6EFC 000:082.362 JLINK_ExecCommand("ProjectFile=C:\Workspace\RA8P1_MCUboot\640\ra8_dualcore_with_bootloader\ra8p1_primary_cpu1/ra8p1_primary_cpu1 Debug_Attach.jlink", ...). 
T6EFC 000:125.975 - 43.613ms returns 0x00
T6EFC 000:126.894 JLINK_ExecCommand("device=R7KA8P1KF_CPU1", ...). 
T6EFC 000:128.009   Flash bank @ 0x02000000: SFL: Parsing sectorization info from ELF file
T6EFC 000:128.071     FlashDevice.SectorInfo[0]: .SectorSize = 0x00000800, .SectorStartAddr = 0x00000000
T6EFC 000:128.106   FlashBank @0x02000000: Sectorization info from SFL ELF file ignored because sectorization override from DLL / XML file is active.
T6EFC 000:128.543   Flash bank @ 0x02E07400: SFL: Parsing sectorization info from ELF file
T6EFC 000:128.616     FlashDevice.SectorInfo[0]: .SectorSize = 0x00000010, .SectorStartAddr = 0x00000000
T6EFC 000:128.662   FlashBank @0x02C9F020: Sectorization info from SFL ELF file ignored because sectorization override from DLL / XML file is active.
T6EFC 000:128.723   Flash bank @ 0x02E07400: SFL: Parsing sectorization info from ELF file
T6EFC 000:128.768     FlashDevice.SectorInfo[0]: .SectorSize = 0x00000010, .SectorStartAddr = 0x00000000
T6EFC 000:128.814   FlashBank @0x02E07400: Sectorization info from SFL ELF file ignored because sectorization override from DLL / XML file is active.
T6EFC 000:128.889   Flash bank @ 0x12000000: SFL: Parsing sectorization info from ELF file
T6EFC 000:128.935     FlashDevice.SectorInfo[0]: .SectorSize = 0x00000800, .SectorStartAddr = 0x00000000
T6EFC 000:128.981   FlashBank @0x12000000: Sectorization info from SFL ELF file ignored because sectorization override from DLL / XML file is active.
T6EFC 000:129.454   Flash bank @ 0x12E07400: SFL: Parsing sectorization info from ELF file
T6EFC 000:129.525     FlashDevice.SectorInfo[0]: .SectorSize = 0x00000010, .SectorStartAddr = 0x00000000
T6EFC 000:129.578   FlashBank @0x12C9F4C0: Sectorization info from SFL ELF file ignored because sectorization override from DLL / XML file is active.
T6EFC 000:129.649   Flash bank @ 0x12E07400: SFL: Parsing sectorization info from ELF file
T6EFC 000:129.700     FlashDevice.SectorInfo[0]: .SectorSize = 0x00000010, .SectorStartAddr = 0x00000000
T6EFC 000:129.752   FlashBank @0x12E07780: Sectorization info from SFL ELF file ignored because sectorization override from DLL / XML file is active.
T6EFC 000:129.896   Flash bank @ 0x70000000: SFL: Parsing sectorization info from ELF file
T6EFC 000:129.953     FlashDevice.SectorInfo[0]: .SectorSize = 0x00010000, .SectorStartAddr = 0x00000000
T6EFC 000:138.909   Flash bank @ 0x78000000: SFL: Parsing sectorization info from ELF file
T6EFC 000:139.012     FlashDevice.SectorInfo[0]: .SectorSize = 0x00010000, .SectorStartAddr = 0x00000000
T6EFC 000:146.763   Flash bank @ 0x80000000: SFL: Parsing sectorization info from ELF file
T6EFC 000:146.856     FlashDevice.SectorInfo[0]: .SectorSize = 0x00010000, .SectorStartAddr = 0x00000000
T6EFC 000:161.267   Flash bank @ 0x90000000: SFL: Parsing sectorization info from ELF file
T6EFC 000:161.356     FlashDevice.SectorInfo[0]: .SectorSize = 0x00010000, .SectorStartAddr = 0x00000000
T6EFC 000:175.295   Device "R7KA8P1KF_CPU1" selected.
T6EFC 000:177.822 - 50.927ms returns 0x00
T6EFC 000:177.891 JLINK_TIF_GetAvailable(...)
T6EFC 000:178.561 - 0.668ms 
T6EFC 000:178.765 JLINK_TIF_Select(JLINKARM_TIF_SWD)
T6EFC 000:180.298 - 1.532ms returns 0x00
T6EFC 000:180.566 JLINK_SetSpeed(4000)
T6EFC 000:181.052 - 0.489ms 
T6EFC 000:181.249 JLINK_ReadMem(0xE000EDF0, 0x4 Bytes, ...)
T6EFC 000:181.771   ConfigTargetSettings() start
T6EFC 000:181.823    J-Link Script File: Executing ConfigTargetSettings()
T6EFC 000:181.851   Configuring FlashDLNoRMWThreshold=0x200 in order to make sure that option bytes programming is done via read-modify-write
T6EFC 000:210.781   ConfigTargetSettings() end - Took 28.9ms
T6EFC 000:210.842   InitTarget() start
T6EFC 000:210.875    J-Link Script File: Executing InitTarget()
T6EFC 000:210.898   Identifying target device...
T6EFC 000:210.932   SWD selected. Executing JTAG -> SWD switching sequence...
T6EFC 000:212.359   Initializing DAP...
T6EFC 000:213.929   DAP initialized successfully.
T6EFC 000:213.992   Enabling secondary core if necessary...
T6EFC 000:215.960     Secondary core already enabled. Performing attach...
T6EFC 000:216.021   Determining TrustZone configuration...
T6EFC 000:217.616     Secure Debug: Enabled (SSD)
T6EFC 000:217.660   Determining currently configured transfer type by reading the AHB-AP CSW register.
T6EFC 000:218.765     --> Correct transfer type configured. Done.
T6EFC 000:218.805   InitTarget() end - Took 7.92ms
T6EFC 000:219.693   Found SW-DP with ID 0x6BA02477
T6EFC 000:222.701   DPIDR: 0x6BA02477
T6EFC 000:222.746   CoreSight SoC-400 or earlier
T6EFC 000:222.781   AP map detection skipped. Manually configured AP map found.
T6EFC 000:222.814   AP[0]: AHB-AP (IDR: Not set, ADDR: 0x00000000)
T6EFC 000:222.844   AP[1]: APB-AP (IDR: Not set, ADDR: 0x00000000)
T6EFC 000:222.877   AP[2]: AHB-AP (IDR: Not set, ADDR: 0x00000000)
T6EFC 000:224.144   AP[2]: Core found
T6EFC 000:224.204   AP[2]: AHB-AP ROM base: 0xE00FE000
T6EFC 000:224.866   CPUID register: 0x410FD214. Implementer code: 0x41 (ARM)
T6EFC 000:224.910   Feature set: Mainline
T6EFC 000:225.588   Cache: No cache
T6EFC 000:225.704   Found Cortex-M33 r0p4, Little endian.
T6EFC 000:226.619   -- Max. mem block: 0x0001D408
T6EFC 000:227.876   
  ***** Warning: 
T6EFC 000:227.943   Cortex-M: NonCacheAwareDebugAHBAP == 1 specified but there is no workaround available for the connected core. Proper debug functionality cannot be guaranteed
T6EFC 000:228.377   CPU_ReadMem(4 bytes @ 0xE000EDF0)
T6EFC 000:228.981   CPU_WriteMem(4 bytes @ 0xE000EDF0)
T6EFC 000:229.551   CPU_ReadMem(4 bytes @ 0xE0002000)
T6EFC 000:230.053   FPUnit: 8 code (BP) slots and 0 literal slots
T6EFC 000:230.091   CPU_ReadMem(4 bytes @ 0xE000EDFC)
T6EFC 000:230.679   CPU_WriteMem(4 bytes @ 0xE000EDFC)
T6EFC 000:231.210   CPU_ReadMem(4 bytes @ 0xE0001000)
T6EFC 000:231.700   CPU_ReadMem(4 bytes @ 0xE0001000)
T6EFC 000:232.197   CPU_ReadMem(4 bytes @ 0xE0001028)
T6EFC 000:232.653   CPU_ReadMem(4 bytes @ 0xE0001038)
T6EFC 000:233.093   CPU_ReadMem(4 bytes @ 0xE0001048)
T6EFC 000:233.550   CPU_ReadMem(4 bytes @ 0xE0001058)
T6EFC 000:234.044   CPU_WriteMem(4 bytes @ 0xE0001000)
T6EFC 000:234.574   CPU_ReadMem(4 bytes @ 0xE000ED88)
T6EFC 000:235.091   CPU_WriteMem(4 bytes @ 0xE000ED88)
T6EFC 000:235.719   CPU_ReadMem(4 bytes @ 0xE000ED88)
T6EFC 000:236.298   CPU_WriteMem(4 bytes @ 0xE000ED88)
T6EFC 000:236.812   CPU_ReadMem(4 bytes @ 0xE000EFB8)
T6EFC 000:237.242   Security extension: implemented
T6EFC 000:237.284   Secure debug: enabled
T6EFC 000:237.318   CoreSight components:
T6EFC 000:237.348   ROMTbl[0] @ E00FE000
T6EFC 000:237.379   CPU_ReadMem(64 bytes @ 0xE00FE000)
T6EFC 000:238.310   CPU_ReadMem(32 bytes @ 0xE00FFFE0)
T6EFC 000:239.009   [0][0]: E00FF000 CID B105100D PID 000BB4C9 ROM Table
T6EFC 000:239.070   ROMTbl[1] @ E00FF000
T6EFC 000:239.102   CPU_ReadMem(64 bytes @ 0xE00FF000)
T6EFC 000:240.057   CPU_ReadMem(32 bytes @ 0xE000EFE0)
T6EFC 000:240.807   CPU_ReadMem(4 bytes @ 0xE000EFBC)
T6EFC 000:241.415   CPU_ReadMem(4 bytes @ 0xE000EFCC)
T6EFC 000:241.942   [1][0]: E000E000 CID B105900D PID 000BBD21 DEVARCH 47702A04 DEVTYPE 00 Cortex-M33
T6EFC 000:241.983   CPU_ReadMem(32 bytes @ 0xE0001FE0)
T6EFC 000:242.778   CPU_ReadMem(4 bytes @ 0xE0001FBC)
T6EFC 000:243.372   CPU_ReadMem(4 bytes @ 0xE0001FCC)
T6EFC 000:243.940   [1][1]: E0001000 CID B105900D PID 000BBD21 DEVARCH 47701A02 DEVTYPE 00 DWT
T6EFC 000:243.980   CPU_ReadMem(32 bytes @ 0xE0002FE0)
T6EFC 000:244.752   CPU_ReadMem(4 bytes @ 0xE0002FBC)
T6EFC 000:245.218   CPU_ReadMem(4 bytes @ 0xE0002FCC)
T6EFC 000:245.698   [1][2]: E0002000 CID B105900D PID 000BBD21 DEVARCH 47701A03 DEVTYPE 00 FPB
T6EFC 000:245.736   CPU_ReadMem(32 bytes @ 0xE0000FE0)
T6EFC 000:246.455   CPU_ReadMem(4 bytes @ 0xE0000FBC)
T6EFC 000:246.906   CPU_ReadMem(4 bytes @ 0xE0000FCC)
T6EFC 000:247.503   [1][3]: E0000000 CID B105900D PID 000BBD21 DEVARCH 47701A01 DEVTYPE 43 ITM
T6EFC 000:247.553   CPU_ReadMem(32 bytes @ 0xE0041FE0)
T6EFC 000:248.310   CPU_ReadMem(4 bytes @ 0xE0041FBC)
T6EFC 000:248.748   CPU_ReadMem(4 bytes @ 0xE0041FCC)
T6EFC 000:249.244   [1][5]: E0041000 CID B105900D PID 002BBD21 DEVARCH 47724A13 DEVTYPE 13 ETM
T6EFC 000:249.309   CPU_ReadMem(32 bytes @ 0xE0042FE0)
T6EFC 000:250.018   CPU_ReadMem(4 bytes @ 0xE0042FBC)
T6EFC 000:250.468   CPU_ReadMem(4 bytes @ 0xE0042FCC)
T6EFC 000:250.965   [1][6]: E0042000 CID B105900D PID 000BBD21 DEVARCH 47701A14 DEVTYPE 14 CSS600-CTI
T6EFC 000:251.031   CPU_ReadMem(32 bytes @ 0xE0040FE0)
T6EFC 000:251.701   CPU_ReadMem(4 bytes @ 0xE0040FBC)
T6EFC 000:252.193   CPU_ReadMem(4 bytes @ 0xE0040FCC)
T6EFC 000:252.706   [0][1]: E0040000 CID B105900D PID 000BBD21 DEVARCH 00000000 DEVTYPE 11 TPIU
T6EFC 000:252.806   CPU_ReadMem(4 bytes @ 0xE000EDF0)
T6EFC 000:253.268   Data:  01 00 10 00
T6EFC 000:253.308   Debug reg: DHCSR
T6EFC 000:253.341 - 72.092ms returns 0
T6EFC 000:253.478 JLINK_ReadMem(0x40204038, 0x4 Bytes, ...)
T6EFC 000:253.507   CPU_ReadMem(4 bytes @ 0x40204038)
T6EFC 000:254.801   Data:  04 00 00 00
T6EFC 000:254.880 - 1.402ms returns 0
T6EFC 000:255.042 JLINK_ReadMem(0xE000EDF0, 0x4 Bytes, ...)
T6EFC 000:255.077   CPU_ReadMem(4 bytes @ 0xE000EDF0)
T6EFC 000:255.646   Data:  01 00 10 00
T6EFC 000:255.697   Debug reg: DHCSR
T6EFC 000:255.728 - 0.686ms returns 0
T6EFC 000:255.928 JLINK_ReadMem(0xE000EDF0, 0x4 Bytes, ...)
T6EFC 000:256.011   CPU_ReadMem(4 bytes @ 0xE000EDF0)
T6EFC 000:256.762   Data:  01 00 10 00
T6EFC 000:256.822   Debug reg: DHCSR
T6EFC 000:256.855 - 0.927ms returns 0
T6EFC 000:257.014 JLINK_ReadMem(0xE000EDF0, 0x4 Bytes, ...)
T6EFC 000:257.052   CPU_ReadMem(4 bytes @ 0xE000EDF0)
T6EFC 000:257.686   Data:  01 00 10 00
T6EFC 000:257.752   Debug reg: DHCSR
T6EFC 000:257.783 - 0.769ms returns 0
T6EFC 000:257.961 JLINK_ReadMem(0xE000EDF0, 0x4 Bytes, ...)
T6EFC 000:257.996   CPU_ReadMem(4 bytes @ 0xE000EDF0)
T6EFC 000:258.568   Data:  01 00 10 00
T6EFC 000:258.605   Debug reg: DHCSR
T6EFC 000:258.636 - 0.674ms returns 0
T6EFC 000:258.764 JLINK_ReadMem(0xE000EDF0, 0x4 Bytes, ...)
T6EFC 000:258.791   CPU_ReadMem(4 bytes @ 0xE000EDF0)
T6EFC 000:259.423   Data:  01 00 10 00
T6EFC 000:259.459   Debug reg: DHCSR
T6EFC 000:259.489 - 0.724ms returns 0
T6EFC 000:259.609 JLINK_ReadMem(0x40204038, 0x4 Bytes, ...)
T6EFC 000:259.636   CPU_ReadMem(4 bytes @ 0x40204038)
T6EFC 000:260.368   Data:  04 00 00 00
T6EFC 000:260.405 - 0.795ms returns 0
T6EFC 000:260.526 JLINK_ReadMem(0xE000EDF0, 0x4 Bytes, ...)
T6EFC 000:260.552   CPU_ReadMem(4 bytes @ 0xE000EDF0)
T6EFC 000:261.136   Data:  01 00 10 00
T6EFC 000:261.173   Debug reg: DHCSR
T6EFC 000:261.203 - 0.677ms returns 0
T6EFC 000:261.329 JLINK_ReadMem(0xE000EDF0, 0x4 Bytes, ...)
T6EFC 000:261.356   CPU_ReadMem(4 bytes @ 0xE000EDF0)
T6EFC 000:261.917   Data:  01 00 10 00
T6EFC 000:261.953   Debug reg: DHCSR
T6EFC 000:261.983 - 0.653ms returns 0
T6EFC 000:262.108 JLINK_ReadMem(0x40204030, 0x4 Bytes, ...)
T6EFC 000:262.138   CPU_ReadMem(4 bytes @ 0x40204030)
T6EFC 000:262.843   Data:  00 80 FF 00
T6EFC 000:262.877 - 0.769ms returns 0
T6EFC 000:263.276 JLINK_SetEndian(ARM_ENDIAN_LITTLE)
T6EFC 000:263.309 - 0.034ms returns 0
T6EFC 000:263.333 JLINK_SetInitRegsOnReset(OFF)
T6EFC 000:263.358 - 0.025ms returns 1
T6EFC 000:263.380 JLINK_SetResetType(JLINKARM_CM3_RESET_TYPE_NORMAL)
T6EFC 000:263.401 - 0.020ms returns JLINKARM_CM3_RESET_TYPE_NORMAL
T6EFC 000:263.424 JLINK_ExecCommand("EnableFlashBPs", ...). 
T6EFC 000:263.449 - 0.024ms returns 0x00
T6EFC 000:263.471 JLINK_ExecCommand("SetAllowFlashCache = 1", ...). 
T6EFC 000:263.493 - 0.021ms returns 0x01
T6EFC 000:263.516 JLINK_ExecCommand("SetRestartOnClose = 0", ...). 
T6EFC 000:263.538 - 0.022ms returns 0x01
T6EFC 000:263.560 JLINK_ExecCommand("SetAllowSimulation = 0", ...). 
T6EFC 000:263.582 - 0.022ms returns 0x00
T6EFC 000:263.604 JLINK_EnableSoftBPs(ON)
T6EFC 000:263.624 - 0.021ms 
T6EFC 000:263.646 JLINK_Connect()
T6EFC 000:264.145   ConfigTargetSettings() start
T6EFC 000:264.184    J-Link Script File: Executing ConfigTargetSettings()
T6EFC 000:264.206   Configuring FlashDLNoRMWThreshold=0x200 in order to make sure that option bytes programming is done via read-modify-write
T6EFC 000:294.348   ConfigTargetSettings() end - Took 30.1ms
T6EFC 000:294.413   InitTarget() start
T6EFC 000:294.446    J-Link Script File: Executing InitTarget()
T6EFC 000:294.469   Identifying target device...
T6EFC 000:294.502   SWD selected. Executing JTAG -> SWD switching sequence...
T6EFC 000:296.038   Initializing DAP...
T6EFC 000:298.231   DAP initialized successfully.
T6EFC 000:298.313   Enabling secondary core if necessary...
T6EFC 000:301.103     Secondary core already enabled. Performing attach...
T6EFC 000:301.186   Determining TrustZone configuration...
T6EFC 000:303.193     Secure Debug: Enabled (SSD)
T6EFC 000:303.244   Determining currently configured transfer type by reading the AHB-AP CSW register.
T6EFC 000:304.653     --> Correct transfer type configured. Done.
T6EFC 000:304.734   InitTarget() end - Took 10.2ms
T6EFC 000:305.866   Found SW-DP with ID 0x6BA02477
T6EFC 000:310.093   DPIDR: 0x6BA02477
T6EFC 000:310.198   CoreSight SoC-400 or earlier
T6EFC 000:310.227   AP map detection skipped. Manually configured AP map found.
T6EFC 000:310.257   AP[0]: AHB-AP (IDR: Not set, ADDR: 0x00000000)
T6EFC 000:310.285   AP[1]: APB-AP (IDR: Not set, ADDR: 0x00000000)
T6EFC 000:310.313   AP[2]: AHB-AP (IDR: Not set, ADDR: 0x00000000)
T6EFC 000:311.733   AP[2]: Core found
T6EFC 000:311.799   AP[2]: AHB-AP ROM base: 0xE00FE000
T6EFC 000:312.604   CPUID register: 0x410FD214. Implementer code: 0x41 (ARM)
T6EFC 000:312.666   Feature set: Mainline
T6EFC 000:313.467   Cache: No cache
T6EFC 000:313.535   Found Cortex-M33 r0p4, Little endian.
T6EFC 000:315.875   -- Max. mem block: 0x0001D110
T6EFC 000:315.939   
  ***** Warning: 
T6EFC 000:315.971   Cortex-M: NonCacheAwareDebugAHBAP == 1 specified but there is no workaround available for the connected core. Proper debug functionality cannot be guaranteed
T6EFC 000:316.005   CPU_ReadMem(4 bytes @ 0xE000EDF0)
T6EFC 000:316.621   CPU_ReadMem(4 bytes @ 0xE0002000)
T6EFC 000:317.171   FPUnit: 8 code (BP) slots and 0 literal slots
T6EFC 000:317.225   CPU_ReadMem(4 bytes @ 0xE000EDFC)
T6EFC 000:317.797   CPU_ReadMem(4 bytes @ 0xE0001000)
T6EFC 000:318.321   CPU_ReadMem(4 bytes @ 0xE0001000)
T6EFC 000:318.946   CPU_ReadMem(4 bytes @ 0xE0001028)
T6EFC 000:320.454   CPU_ReadMem(4 bytes @ 0xE0001038)
T6EFC 000:321.134   CPU_ReadMem(4 bytes @ 0xE0001048)
T6EFC 000:321.717   CPU_ReadMem(4 bytes @ 0xE0001058)
T6EFC 000:322.355   CPU_WriteMem(4 bytes @ 0xE0001000)
T6EFC 000:322.906   CPU_ReadMem(4 bytes @ 0xE000ED88)
T6EFC 000:323.473   CPU_WriteMem(4 bytes @ 0xE000ED88)
T6EFC 000:324.009   CPU_ReadMem(4 bytes @ 0xE000ED88)
T6EFC 000:324.526   CPU_WriteMem(4 bytes @ 0xE000ED88)
T6EFC 000:325.112   CPU_ReadMem(4 bytes @ 0xE000EFB8)
T6EFC 000:325.773   Security extension: implemented
T6EFC 000:325.835   Secure debug: enabled
T6EFC 000:325.864   CoreSight components:
T6EFC 000:325.893   ROMTbl[0] @ E00FE000
T6EFC 000:325.923   CPU_ReadMem(64 bytes @ 0xE00FE000)
T6EFC 000:326.842   CPU_ReadMem(32 bytes @ 0xE00FFFE0)
T6EFC 000:327.629   [0][0]: E00FF000 CID B105100D PID 000BB4C9 ROM Table
T6EFC 000:327.704   ROMTbl[1] @ E00FF000
T6EFC 000:327.750   CPU_ReadMem(64 bytes @ 0xE00FF000)
T6EFC 000:328.759   CPU_ReadMem(32 bytes @ 0xE000EFE0)
T6EFC 000:329.488   CPU_ReadMem(4 bytes @ 0xE000EFBC)
T6EFC 000:329.993   CPU_ReadMem(4 bytes @ 0xE000EFCC)
T6EFC 000:330.486   [1][0]: E000E000 CID B105900D PID 000BBD21 DEVARCH 47702A04 DEVTYPE 00 Cortex-M33
T6EFC 000:330.522   CPU_ReadMem(32 bytes @ 0xE0001FE0)
T6EFC 000:331.225   CPU_ReadMem(4 bytes @ 0xE0001FBC)
T6EFC 000:331.718   CPU_ReadMem(4 bytes @ 0xE0001FCC)
T6EFC 000:332.139   [1][1]: E0001000 CID B105900D PID 000BBD21 DEVARCH 47701A02 DEVTYPE 00 DWT
T6EFC 000:332.176   CPU_ReadMem(32 bytes @ 0xE0002FE0)
T6EFC 000:332.883   CPU_ReadMem(4 bytes @ 0xE0002FBC)
T6EFC 000:333.364   CPU_ReadMem(4 bytes @ 0xE0002FCC)
T6EFC 000:333.835   [1][2]: E0002000 CID B105900D PID 000BBD21 DEVARCH 47701A03 DEVTYPE 00 FPB
T6EFC 000:333.891   CPU_ReadMem(32 bytes @ 0xE0000FE0)
T6EFC 000:334.582   CPU_ReadMem(4 bytes @ 0xE0000FBC)
T6EFC 000:335.164   CPU_ReadMem(4 bytes @ 0xE0000FCC)
T6EFC 000:335.657   [1][3]: E0000000 CID B105900D PID 000BBD21 DEVARCH 47701A01 DEVTYPE 43 ITM
T6EFC 000:335.695   CPU_ReadMem(32 bytes @ 0xE0041FE0)
T6EFC 000:336.407   CPU_ReadMem(4 bytes @ 0xE0041FBC)
T6EFC 000:336.908   CPU_ReadMem(4 bytes @ 0xE0041FCC)
T6EFC 000:337.340   [1][5]: E0041000 CID B105900D PID 002BBD21 DEVARCH 47724A13 DEVTYPE 13 ETM
T6EFC 000:337.374   CPU_ReadMem(32 bytes @ 0xE0042FE0)
T6EFC 000:338.011   CPU_ReadMem(4 bytes @ 0xE0042FBC)
T6EFC 000:338.581   CPU_ReadMem(4 bytes @ 0xE0042FCC)
T6EFC 000:339.114   [1][6]: E0042000 CID B105900D PID 000BBD21 DEVARCH 47701A14 DEVTYPE 14 CSS600-CTI
T6EFC 000:339.159   CPU_ReadMem(32 bytes @ 0xE0040FE0)
T6EFC 000:339.899   CPU_ReadMem(4 bytes @ 0xE0040FBC)
T6EFC 000:340.513   CPU_ReadMem(4 bytes @ 0xE0040FCC)
T6EFC 000:340.993   [0][1]: E0040000 CID B105900D PID 000BBD21 DEVARCH 00000000 DEVTYPE 11 TPIU
T6EFC 000:341.030 - 77.383ms returns 0x00
T6EFC 000:341.316 JLINK_ReadMem(0xE000EDF0, 0x4 Bytes, ...)
T6EFC 000:341.355   CPU_ReadMem(4 bytes @ 0xE000EDF0)
T6EFC 000:342.313   Data:  01 00 10 00
T6EFC 000:342.358   Debug reg: DHCSR
T6EFC 000:342.387 - 1.072ms returns 0
T6EFC 000:342.515 JLINK_IsHalted()
T6EFC 000:343.070 - 0.555ms returns FALSE
T6EFC 000:343.235 JLINK_ReadMem(0x4000F054, 0x1 Bytes, ...)
T6EFC 000:343.264   CPU_ReadMem(1 bytes @ 0x4000F054)
T6EFC 000:344.093   Data:  01
T6EFC 000:344.129 - 0.894ms returns 0
T6EFC 000:344.246 JLINK_Halt()
T6EFC 000:347.482   
  ***** Warning: 
T6EFC 000:347.527   CPU could not be halted
T6EFC 000:347.556 - 3.309ms returns 0x01
T6EFC 000:348.076 JLINK_ReadReg(XPSR)
T6EFC 000:348.640   CPU is running
T6EFC 000:348.677   
  ***** Error: 
T6EFC 000:348.705   Cannot read register 16 (XPSR) while CPU is running
T6EFC 000:348.842 - 0.766ms returns 0x00000000
T3058 002:455.508 JLINK_ReadMem(0x220EC290, 0x4 Bytes, ...)
T3058 002:455.665   CPU_ReadMem(4 bytes @ 0x220EC290)
T3058 002:456.661   Data:  38 FC 3B 96
T3058 002:456.776 - 1.269ms returns 0
T3058 002:457.006 JLINK_ReadMem(0x220EC26C, 0x4 Bytes, ...)
T3058 002:457.069   CPU_ReadMem(4 bytes @ 0x220EC26C)
T3058 002:458.221   Data:  FA EA 3C 7C
T3058 002:458.416 - 1.409ms returns 0
T3058 002:458.612 JLINK_ReadMem(0x02042CD0, 0x4 Bytes, ...)
T3058 002:458.658   CPU_ReadMem(4 bytes @ 0x02042CD0)
T3058 002:459.455   Data:  04 00 00 00
T3058 002:459.539 - 0.927ms returns 0
T3058 002:459.738 JLINK_ReadMem(0x220EC290, 0x4 Bytes, ...)
T3058 002:459.792   CPU_ReadMem(4 bytes @ 0x220EC290)
T3058 002:460.577   Data:  38 FC 3B 96
T3058 002:460.662 - 0.923ms returns 0
T3058 002:460.878 JLINK_ReadMem(0x220EC26C, 0x4 Bytes, ...)
T3058 002:460.929   CPU_ReadMem(4 bytes @ 0x220EC26C)
T3058 002:461.976   Data:  FA EA 3C 7C
T3058 002:462.037 - 1.159ms returns 0
T3058 002:462.175 JLINK_ReadMem(0x02042CD0, 0x4 Bytes, ...)
T3058 002:462.208   CPU_ReadMem(4 bytes @ 0x02042CD0)
T3058 002:463.085   Data:  04 00 00 00
T3058 002:463.141 - 0.966ms returns 0
T3058 002:489.924 JLINK_ReadMem(0x220EC290, 0x4 Bytes, ...)
T3058 002:490.008   CPU_ReadMem(4 bytes @ 0x220EC290)
T3058 002:490.913   Data:  38 FC 3B 96
T3058 002:491.009 - 1.086ms returns 0
T3058 002:491.162 JLINK_ReadMem(0x220EC26C, 0x4 Bytes, ...)
T3058 002:491.197   CPU_ReadMem(4 bytes @ 0x220EC26C)
T3058 002:492.086   Data:  FA EA 3C 7C
T3058 002:492.167 - 1.004ms returns 0
T3058 002:492.317 JLINK_ReadMem(0x02042CD0, 0x4 Bytes, ...)
T3058 002:492.356   CPU_ReadMem(4 bytes @ 0x02042CD0)
T3058 002:493.205   Data:  04 00 00 00
T3058 002:493.267 - 0.950ms returns 0
T3058 002:493.416 JLINK_ReadMem(0x220EC290, 0x4 Bytes, ...)
T3058 002:493.446   CPU_ReadMem(4 bytes @ 0x220EC290)
T3058 002:494.547   Data:  38 FC 3B 96
T3058 002:494.620 - 1.207ms returns 0
T3058 002:494.768 JLINK_ReadMem(0x220EC26C, 0x4 Bytes, ...)
T3058 002:494.802   CPU_ReadMem(4 bytes @ 0x220EC26C)
T3058 002:495.769   Data:  FA EA 3C 7C
T3058 002:495.829 - 1.060ms returns 0
T3058 002:495.955 JLINK_ReadMem(0x02042CD0, 0x4 Bytes, ...)
T3058 002:495.984   CPU_ReadMem(4 bytes @ 0x02042CD0)
T3058 002:496.910   Data:  04 00 00 00
T3058 002:496.977 - 1.021ms returns 0
T3058 002:662.367 JLINK_ReadMem(0x220EC290, 0x4 Bytes, ...)
T3058 002:662.536   CPU_ReadMem(4 bytes @ 0x220EC290)
T3058 002:663.624   Data:  38 FC 3B 96
T3058 002:663.700 - 1.334ms returns 0
T3058 002:663.849 JLINK_ReadMem(0x220EC26C, 0x4 Bytes, ...)
T3058 002:663.884   CPU_ReadMem(4 bytes @ 0x220EC26C)
T3058 002:664.784   Data:  FA EA 3C 7C
T3058 002:664.844 - 0.995ms returns 0
T3058 002:664.979 JLINK_ReadMem(0x02042CD0, 0x4 Bytes, ...)
T3058 002:665.007   CPU_ReadMem(4 bytes @ 0x02042CD0)
T3058 002:665.950   Data:  04 00 00 00
T3058 002:666.006 - 1.026ms returns 0
T3058 002:666.164 JLINK_ReadMem(0x220EC290, 0x4 Bytes, ...)
T3058 002:666.200   CPU_ReadMem(4 bytes @ 0x220EC290)
T3058 002:667.132   Data:  38 FC 3B 96
T3058 002:667.182 - 1.017ms returns 0
T3058 002:667.324 JLINK_ReadMem(0x220EC26C, 0x4 Bytes, ...)
T3058 002:667.361   CPU_ReadMem(4 bytes @ 0x220EC26C)
T3058 002:668.310   Data:  FA EA 3C 7C
T3058 002:668.397 - 1.072ms returns 0
T3058 002:668.532 JLINK_ReadMem(0x02042CD0, 0x4 Bytes, ...)
T3058 002:668.579   CPU_ReadMem(4 bytes @ 0x02042CD0)
T3058 002:669.460   Data:  04 00 00 00
T3058 002:669.515 - 0.983ms returns 0
T3058 003:413.352 JLINK_IsHalted()
T3058 003:414.100 - 0.747ms returns FALSE
T3058 003:414.284 JLINK_IsHalted()
T3058 003:414.929 - 0.643ms returns FALSE
T6344 003:427.061 JLINK_GetNumBPUnits(Type = 0xFFFFFF00)
T6344 003:427.170 - 0.109ms returns 0x08
T6344 003:427.206 JLINK_GetNumWPUnits()
T6344 003:427.232 - 0.025ms returns 4
T6344 003:427.846 JLINK_GetNumBPUnits(Type = 0xFFFFFF00)
T6344 003:427.921 - 0.074ms returns 0x08
T6344 003:427.952 JLINK_GetNumWPUnits()
T6344 003:427.982 - 0.029ms returns 4
T6344 003:428.590 JLINK_GetNumBPUnits(Type = 0xFFFFFF00)
T6344 003:428.686 - 0.096ms returns 0x08
T6344 003:428.715 JLINK_GetNumWPUnits()
T6344 003:428.741 - 0.026ms returns 4
T6344 003:429.460 JLINK_GetNumBPUnits(Type = 0xFFFFFF00)
T6344 003:429.560 - 0.101ms returns 0x08
T6344 003:429.590 JLINK_GetNumWPUnits()
T6344 003:429.616 - 0.026ms returns 4
T6344 003:430.640 JLINK_ReadMem(0xE000EDF0, 0x4 Bytes, ...)
T6344 003:430.776   CPU_ReadMem(4 bytes @ 0xE000EDF0)
T6344 003:431.623   Data:  03 00 10 00
T6344 003:431.689   Debug reg: DHCSR
T6344 003:431.715 - 1.075ms returns 0
T6344 003:431.855 JLINK_ReadMem(0x40204038, 0x4 Bytes, ...)
T6344 003:431.886   CPU_ReadMem(4 bytes @ 0x40204038)
T6344 003:432.676   Data:  04 00 00 00
T6344 003:432.729 - 0.874ms returns 0
T6344 003:432.868 JLINK_ReadMem(0xE000EDF0, 0x4 Bytes, ...)
T6344 003:432.898   CPU_ReadMem(4 bytes @ 0xE000EDF0)
T6344 003:434.185   Data:  03 00 10 00
T6344 003:434.258   Debug reg: DHCSR
T6344 003:434.284 - 1.416ms returns 0
T6344 003:434.884 JLINK_GetNumBPUnits(Type = 0xFFFFFF00)
T6344 003:434.952 - 0.068ms returns 0x08
T6344 003:434.982 JLINK_GetNumWPUnits()
T6344 003:435.010 - 0.028ms returns 4
T6344 003:436.206 JLINK_ReadReg(XPSR)
T6344 003:437.091   CPU is running
T6344 003:437.180   
  ***** Error: 
T6344 003:437.205   Cannot read register 16 (XPSR) while CPU is running
T6344 003:437.231 - 1.025ms returns 0x00000000
T6344 003:437.370 JLINK_ReadReg(R15 (PC))
T6344 003:438.046   CPU is running
T6344 003:438.135   
  ***** Error: 
T6344 003:438.174   Cannot read register 15 (R15) while CPU is running
T6344 003:438.217 - 0.851ms returns 0x00000000
T6344 003:438.949 JLINK_GetNumBPUnits(Type = 0xFFFFFF00)
T6344 003:439.038 - 0.090ms returns 0x08
T6344 003:439.063 JLINK_GetNumWPUnits()
T6344 003:439.087 - 0.023ms returns 4
T6344 003:439.727 JLINK_GetNumBPUnits(Type = 0xFFFFFF00)
T6344 003:439.803 - 0.076ms returns 0x08
T6344 003:439.834 JLINK_GetNumWPUnits()
T6344 003:439.861 - 0.027ms returns 4
T6344 003:440.418 JLINK_GetNumBPUnits(Type = 0xFFFFFF00)
T6344 003:440.484 - 0.066ms returns 0x08
T6344 003:440.511 JLINK_GetNumWPUnits()
T6344 003:440.552 - 0.041ms returns 4
T3058 003:521.689 JLINK_IsHalted()
T3058 003:524.280 - 2.589ms returns FALSE
T3058 003:524.560 JLINK_IsHalted()
T3058 003:525.308 - 0.746ms returns FALSE
T3058 003:544.523 JLINK_ReadMem(0x220EC290, 0x4 Bytes, ...)
T3058 003:544.638   CPU_ReadMem(4 bytes @ 0x220EC290)
T3058 003:546.013   Data:  38 FC 3B 96
T3058 003:546.123 - 1.600ms returns 0
T3058 003:546.346 JLINK_ReadMem(0x220EC26C, 0x4 Bytes, ...)
T3058 003:546.403   CPU_ReadMem(4 bytes @ 0x220EC26C)
T3058 003:547.280   Data:  FA EA 3C 7C
T3058 003:547.365 - 1.018ms returns 0
T3058 003:547.562 JLINK_ReadMem(0x02042CD0, 0x4 Bytes, ...)
T3058 003:547.615   CPU_ReadMem(4 bytes @ 0x02042CD0)
T3058 003:548.509   Data:  04 00 00 00
T3058 003:548.596 - 1.035ms returns 0
T3058 003:548.814 JLINK_ReadMem(0x220EC290, 0x4 Bytes, ...)
T3058 003:548.878   CPU_ReadMem(4 bytes @ 0x220EC290)
T3058 003:549.720   Data:  38 FC 3B 96
T3058 003:549.803 - 0.989ms returns 0
T3058 003:550.006 JLINK_ReadMem(0x220EC26C, 0x4 Bytes, ...)
T3058 003:550.064   CPU_ReadMem(4 bytes @ 0x220EC26C)
T3058 003:551.003   Data:  FA EA 3C 7C
T3058 003:551.093 - 1.086ms returns 0
T3058 003:551.300 JLINK_ReadMem(0x02042CD0, 0x4 Bytes, ...)
T3058 003:551.367   CPU_ReadMem(4 bytes @ 0x02042CD0)
T3058 003:552.362   Data:  04 00 00 00
T3058 003:552.462 - 1.161ms returns 0
T3058 003:631.766 JLINK_IsHalted()
T3058 003:632.533 - 0.766ms returns FALSE
T3058 003:632.706 JLINK_IsHalted()
T3058 003:633.306 - 0.599ms returns FALSE
T3058 003:740.499 JLINK_IsHalted()
T3058 003:741.467 - 0.967ms returns FALSE
T3058 003:741.728 JLINK_IsHalted()
T3058 003:742.594 - 0.864ms returns FALSE
T3058 003:850.559 JLINK_IsHalted()
T3058 003:851.569 - 1.009ms returns FALSE
T3058 003:851.839 JLINK_IsHalted()
T3058 003:852.603 - 0.762ms returns FALSE
T3058 003:959.676 JLINK_IsHalted()
T3058 003:960.753 - 1.076ms returns FALSE
T3058 003:960.998 JLINK_IsHalted()
T3058 003:961.806 - 0.807ms returns FALSE
T3058 004:068.878 JLINK_IsHalted()
T3058 004:069.692 - 0.812ms returns FALSE
T3058 004:069.910 JLINK_IsHalted()
T3058 004:070.639 - 0.728ms returns FALSE
T3058 004:177.847 JLINK_IsHalted()
T3058 004:178.806 - 0.956ms returns FALSE
T3058 004:179.079 JLINK_IsHalted()
T3058 004:179.826 - 0.745ms returns FALSE
T3058 004:288.142 JLINK_IsHalted()
T3058 004:288.981 - 0.837ms returns FALSE
T3058 004:289.249 JLINK_IsHalted()
T3058 004:290.326 - 1.078ms returns FALSE
T3058 004:397.080 JLINK_IsHalted()
T3058 004:398.016 - 0.934ms returns FALSE
T3058 004:398.230 JLINK_IsHalted()
T3058 004:399.105 - 0.875ms returns FALSE
T3058 004:506.784 JLINK_IsHalted()
T3058 004:507.873 - 1.088ms returns FALSE
T3058 004:508.058 JLINK_IsHalted()
T3058 004:508.894 - 0.835ms returns FALSE
T3058 004:615.795 JLINK_IsHalted()
T3058 004:616.843 - 1.046ms returns FALSE
T3058 004:617.071 JLINK_IsHalted()
T3058 004:617.815 - 0.743ms returns FALSE
T3058 004:725.013 JLINK_IsHalted()
T3058 004:725.977 - 0.962ms returns FALSE
T3058 004:726.255 JLINK_IsHalted()
T3058 004:727.265 - 1.009ms returns FALSE
T3058 004:835.203 JLINK_IsHalted()
T3058 004:836.171 - 0.966ms returns FALSE
T3058 004:836.392 JLINK_IsHalted()
T3058 004:837.147 - 0.754ms returns FALSE
T3058 004:943.845 JLINK_IsHalted()
T3058 004:945.127 - 1.280ms returns FALSE
T3058 004:945.312 JLINK_IsHalted()
T3058 004:946.001 - 0.688ms returns FALSE
T3058 005:053.727 JLINK_IsHalted()
T3058 005:055.057 - 1.329ms returns FALSE
T3058 005:055.443 JLINK_IsHalted()
T3058 005:056.812 - 1.367ms returns FALSE
T3058 005:162.570 JLINK_IsHalted()
T3058 005:163.983 - 1.412ms returns FALSE
T3058 005:164.282 JLINK_IsHalted()
T3058 005:165.350 - 1.067ms returns FALSE
T3058 005:272.036 JLINK_IsHalted()
T3058 005:273.679 - 1.642ms returns FALSE
T3058 005:274.110 JLINK_IsHalted()
T3058 005:275.495 - 1.384ms returns FALSE
T3058 005:381.211 JLINK_IsHalted()
T3058 005:382.373 - 1.161ms returns FALSE
T3058 005:382.645 JLINK_IsHalted()
T3058 005:383.738 - 1.092ms returns FALSE
T3058 005:491.032 JLINK_IsHalted()
T3058 005:492.115 - 1.082ms returns FALSE
T3058 005:492.345 JLINK_IsHalted()
T3058 005:493.331 - 0.983ms returns FALSE
T3058 005:599.908 JLINK_IsHalted()
T3058 005:602.184 - 2.274ms returns FALSE
T3058 005:602.482 JLINK_IsHalted()
T3058 005:603.357 - 0.874ms returns FALSE
T3058 005:709.355 JLINK_IsHalted()
T3058 005:710.889 - 1.532ms returns FALSE
T3058 005:711.093 JLINK_IsHalted()
T3058 005:711.757 - 0.663ms returns FALSE
T3058 005:818.615 JLINK_IsHalted()
T3058 005:819.613 - 0.997ms returns FALSE
T3058 005:819.788 JLINK_IsHalted()
T3058 005:820.605 - 0.816ms returns FALSE
T3058 005:928.076 JLINK_IsHalted()
T3058 005:929.031 - 0.954ms returns FALSE
T3058 005:929.199 JLINK_IsHalted()
T3058 005:929.981 - 0.780ms returns FALSE
T3058 006:037.718 JLINK_IsHalted()
T3058 006:038.769 - 1.051ms returns FALSE
T3058 006:038.928 JLINK_IsHalted()
T3058 006:039.725 - 0.795ms returns FALSE
T3058 006:147.136 JLINK_IsHalted()
T3058 006:148.215 - 1.078ms returns FALSE
T3058 006:148.435 JLINK_IsHalted()
T3058 006:149.287 - 0.852ms returns FALSE
T3058 006:256.206 JLINK_IsHalted()
T3058 006:257.140 - 0.931ms returns FALSE
T3058 006:257.375 JLINK_IsHalted()
T3058 006:258.149 - 0.773ms returns FALSE
T3058 006:366.156 JLINK_IsHalted()
T3058 006:366.941 - 0.784ms returns FALSE
T3058 006:367.155 JLINK_IsHalted()
T3058 006:367.845 - 0.689ms returns FALSE
T3058 006:474.705 JLINK_IsHalted()
T3058 006:475.676 - 0.970ms returns FALSE
T3058 006:475.892 JLINK_IsHalted()
T3058 006:476.656 - 0.763ms returns FALSE
T3058 006:584.899 JLINK_IsHalted()
T3058 006:586.505 - 1.604ms returns FALSE
T3058 006:586.948 JLINK_IsHalted()
T3058 006:588.113 - 1.164ms returns FALSE
T3058 006:693.740 JLINK_IsHalted()
T3058 006:694.690 - 0.948ms returns FALSE
T3058 006:694.956 JLINK_IsHalted()
T3058 006:695.943 - 0.985ms returns FALSE
T3058 006:803.845 JLINK_IsHalted()
T3058 006:805.259 - 1.413ms returns FALSE
T3058 006:805.553 JLINK_IsHalted()
T3058 006:806.680 - 1.125ms returns FALSE
T3058 006:912.553 JLINK_IsHalted()
T3058 006:913.553 - 0.999ms returns FALSE
T3058 006:913.724 JLINK_IsHalted()
T3058 006:914.616 - 0.874ms returns FALSE
T3058 007:021.898 JLINK_IsHalted()
T3058 007:023.067 - 1.167ms returns FALSE
T3058 007:023.307 JLINK_IsHalted()
T3058 007:024.219 - 0.912ms returns FALSE
T3058 007:131.090 JLINK_IsHalted()
T3058 007:132.283 - 1.192ms returns FALSE
T3058 007:132.454 JLINK_IsHalted()
T3058 007:132.940 - 0.485ms returns FALSE
T3058 007:240.801 JLINK_IsHalted()
T3058 007:241.987 - 1.184ms returns FALSE
T3058 007:242.243 JLINK_IsHalted()
T3058 007:243.236 - 0.991ms returns FALSE
T3058 007:350.376 JLINK_IsHalted()
T3058 007:351.506 - 1.129ms returns FALSE
T3058 007:351.761 JLINK_IsHalted()
T3058 007:352.662 - 0.901ms returns FALSE
T3058 007:459.644 JLINK_IsHalted()
T3058 007:460.521 - 0.875ms returns FALSE
T3058 007:460.737 JLINK_IsHalted()
T3058 007:461.333 - 0.595ms returns FALSE
T3058 007:569.247 JLINK_IsHalted()
T3058 007:570.637 - 1.391ms returns FALSE
T3058 007:570.821 JLINK_IsHalted()
T3058 007:571.377 - 0.555ms returns FALSE
T3058 007:677.805 JLINK_IsHalted()
T3058 007:678.848 - 1.041ms returns FALSE
T3058 007:679.049 JLINK_IsHalted()
T3058 007:681.875 - 2.824ms returns FALSE
T3058 007:787.865 JLINK_IsHalted()
T3058 007:788.911 - 1.045ms returns FALSE
T3058 007:789.130 JLINK_IsHalted()
T3058 007:789.944 - 0.813ms returns FALSE
T3058 007:897.384 JLINK_IsHalted()
T3058 007:898.512 - 1.127ms returns FALSE
T3058 007:898.738 JLINK_IsHalted()
T3058 007:899.641 - 0.901ms returns FALSE
T3058 008:006.139 JLINK_IsHalted()
T3058 008:007.203 - 1.063ms returns FALSE
T3058 008:007.396 JLINK_IsHalted()
T3058 008:008.193 - 0.797ms returns FALSE
T3058 008:115.774 JLINK_IsHalted()
T3058 008:116.774 - 0.998ms returns FALSE
T3058 008:116.959 JLINK_IsHalted()
T3058 008:117.947 - 0.986ms returns FALSE
T3058 008:225.148 JLINK_IsHalted()
T3058 008:226.214 - 1.065ms returns FALSE
T3058 008:226.438 JLINK_IsHalted()
T3058 008:227.356 - 0.917ms returns FALSE
T3058 008:334.995 JLINK_IsHalted()
T3058 008:336.041 - 1.044ms returns FALSE
T3058 008:336.232 JLINK_IsHalted()
T3058 008:337.193 - 0.961ms returns FALSE
T3058 008:443.902 JLINK_IsHalted()
T3058 008:445.251 - 1.348ms returns FALSE
T3058 008:445.568 JLINK_IsHalted()
T3058 008:447.555 - 1.986ms returns FALSE
T3058 008:553.546 JLINK_IsHalted()
T3058 008:554.766 - 1.219ms returns FALSE
T3058 008:554.959 JLINK_IsHalted()
T3058 008:555.660 - 0.699ms returns FALSE
T3058 008:662.780 JLINK_IsHalted()
T3058 008:663.674 - 0.893ms returns FALSE
T3058 008:663.878 JLINK_IsHalted()
T3058 008:664.789 - 0.910ms returns FALSE
T3058 008:771.758 JLINK_IsHalted()
T3058 008:772.686 - 0.926ms returns FALSE
T3058 008:772.922 JLINK_IsHalted()
T3058 008:773.837 - 0.914ms returns FALSE
T3058 008:881.067 JLINK_IsHalted()
T3058 008:881.941 - 0.872ms returns FALSE
T3058 008:882.133 JLINK_IsHalted()
T3058 008:882.944 - 0.809ms returns FALSE
T3058 008:990.766 JLINK_IsHalted()
T3058 008:991.560 - 0.794ms returns FALSE
T3058 008:991.746 JLINK_IsHalted()
T3058 008:992.505 - 0.758ms returns FALSE
T3058 009:099.844 JLINK_IsHalted()
T3058 009:100.958 - 1.112ms returns FALSE
T3058 009:101.174 JLINK_IsHalted()
T3058 009:101.883 - 0.708ms returns FALSE
T3058 009:209.959 JLINK_IsHalted()
T3058 009:210.997 - 1.036ms returns FALSE
T3058 009:211.174 JLINK_IsHalted()
T3058 009:211.903 - 0.728ms returns FALSE
T3058 009:319.208 JLINK_IsHalted()
T3058 009:320.717 - 1.509ms returns FALSE
T3058 009:320.934 JLINK_IsHalted()
T3058 009:321.911 - 0.975ms returns FALSE
T3058 009:427.908 JLINK_IsHalted()
T3058 009:429.397 - 1.488ms returns FALSE
T3058 009:429.640 JLINK_IsHalted()
T3058 009:430.630 - 0.988ms returns FALSE
T3058 009:553.255 JLINK_IsHalted()
T3058 009:568.314 - 15.057ms returns FALSE
T3058 009:568.578 JLINK_IsHalted()
T3058 009:569.275 - 0.695ms returns FALSE
T3058 009:677.893 JLINK_IsHalted()
T3058 009:678.811 - 0.917ms returns FALSE
T3058 009:679.040 JLINK_IsHalted()
T3058 009:679.630 - 0.588ms returns FALSE
T3058 009:787.670 JLINK_IsHalted()
T3058 009:792.135 - 4.463ms returns TRUE
T3058 009:792.342 JLINK_ReadReg(XPSR)
T3058 009:792.387   CPU_ReadMem(4 bytes @ 0xE000EE08)
T3058 009:793.027 - 0.685ms returns 0xF9000000
T3058 009:793.208 JLINK_ReadReg(R15 (PC))
T3058 009:793.242 - 0.035ms returns 0x02040B8C
T3058 009:793.282 JLINK_ReadReg(XPSR)
T3058 009:793.309 - 0.026ms returns 0xF9000000
T3058 009:793.339 JLINK_ReadReg(XPSR)
T3058 009:793.365 - 0.025ms returns 0xF9000000
T3058 009:793.391 JLINK_ReadReg(R15 (PC))
T3058 009:793.417 - 0.025ms returns 0x02040B8C
T3058 009:793.447 JLINK_ReadReg(XPSR)
T3058 009:793.475 - 0.027ms returns 0xF9000000
T3058 009:793.501 JLINK_ReadReg(XPSR)
T3058 009:793.526 - 0.025ms returns 0xF9000000
T3058 009:793.554 JLINK_ReadMem(0x02040B8C, 0x1 Bytes, ...)
T3058 009:793.590   CPU_ReadMem(64 bytes @ 0x02040B80)
T3058 009:794.818    -- Updating C cache (64 bytes @ 0x02040B80)
T3058 009:794.894    -- Read from C cache (1 bytes @ 0x02040B8C)
T3058 009:794.936   Data:  00
T3058 009:794.983 - 1.429ms returns 0
T3058 009:795.171 JLINK_IsHalted()
T3058 009:795.220 - 0.048ms returns TRUE
T3058 009:795.253 JLINK_ReadReg(XPSR)
T3058 009:795.286 - 0.033ms returns 0xF9000000
T3058 009:795.317 JLINK_ReadReg(XPSR)
T3058 009:795.347 - 0.029ms returns 0xF9000000
T3058 009:795.378 JLINK_ReadReg(R15 (PC))
T3058 009:795.406 - 0.027ms returns 0x02040B8C
T3058 009:795.437 JLINK_ReadReg(XPSR)
T3058 009:795.469 - 0.032ms returns 0xF9000000
T3058 009:795.496 JLINK_ReadReg(XPSR)
T3058 009:795.522 - 0.026ms returns 0xF9000000
T3058 009:795.550 JLINK_ReadMem(0x02040B8C, 0x1 Bytes, ...)
T3058 009:795.584    -- Read from C cache (1 bytes @ 0x02040B8C)
T3058 009:795.628   Data:  00
T3058 009:795.669 - 0.119ms returns 0
T3058 009:795.778 JLINK_IsHalted()
T3058 009:795.818 - 0.039ms returns TRUE
T3058 009:795.846 JLINK_ReadReg(XPSR)
T3058 009:795.875 - 0.028ms returns 0xF9000000
T3058 009:795.903 JLINK_ReadReg(R15 (PC))
T3058 009:795.930 - 0.025ms returns 0x02040B8C
T3058 009:795.958 JLINK_ReadReg(XPSR)
T3058 009:795.988 - 0.029ms returns 0xF9000000
T3058 009:796.015 JLINK_ReadReg(XPSR)
T3058 009:796.042 - 0.026ms returns 0xF9000000
T3058 009:796.070 JLINK_ReadReg(R15 (PC))
T3058 009:796.098 - 0.027ms returns 0x02040B8C
T3058 009:796.126 JLINK_ReadReg(XPSR)
T3058 009:796.155 - 0.028ms returns 0xF9000000
T3058 009:796.182 JLINK_ReadReg(XPSR)
T3058 009:796.215 - 0.032ms returns 0xF9000000
T3058 009:796.245 JLINK_ReadMem(0x02040B8C, 0x1 Bytes, ...)
T3058 009:796.280    -- Read from C cache (1 bytes @ 0x02040B8C)
T3058 009:796.323   Data:  00
T3058 009:796.361 - 0.116ms returns 0
T3058 009:796.389 JLINK_IsHalted()
T3058 009:796.415 - 0.026ms returns TRUE
T3058 009:796.448 JLINK_ReadReg(XPSR)
T3058 009:796.482 - 0.034ms returns 0xF9000000
T3058 009:796.511 JLINK_ReadReg(XPSR)
T3058 009:796.541 - 0.029ms returns 0xF9000000
T3058 009:796.570 JLINK_ReadReg(R15 (PC))
T3058 009:796.601 - 0.029ms returns 0x02040B8C
T3058 009:796.631 JLINK_ReadReg(XPSR)
T3058 009:796.662 - 0.030ms returns 0xF9000000
T3058 009:796.693 JLINK_ReadReg(XPSR)
T3058 009:796.719 - 0.026ms returns 0xF9000000
T3058 009:796.748 JLINK_ReadMem(0x02040B8C, 0x1 Bytes, ...)
T3058 009:796.778    -- Read from C cache (1 bytes @ 0x02040B8C)
T3058 009:796.819   Data:  00
T3058 009:796.859 - 0.111ms returns 0
T3058 009:796.902 JLINK_ReadMem(0x220EC290, 0x4 Bytes, ...)
T3058 009:796.937   CPU_ReadMem(4 bytes @ 0x220EC290)
T3058 009:797.738   Data:  38 FC 3B 96
T3058 009:797.811 - 0.909ms returns 0
T3058 009:797.978 JLINK_ReadMem(0x220EC26C, 0x4 Bytes, ...)
T3058 009:798.018   CPU_ReadMem(4 bytes @ 0x220EC26C)
T3058 009:798.740   Data:  FA EA 3C 7C
T3058 009:798.797 - 0.820ms returns 0
T3058 009:798.951 JLINK_ReadMem(0x02042CD0, 0x4 Bytes, ...)
T3058 009:798.987   CPU_ReadMem(64 bytes @ 0x02042CC0)
T3058 009:800.127    -- Updating C cache (64 bytes @ 0x02042CC0)
T3058 009:800.187    -- Read from C cache (4 bytes @ 0x02042CD0)
T3058 009:800.226   Data:  04 00 00 00
T3058 009:800.262 - 1.310ms returns 0
T3058 009:801.771 JLINK_ReadMem(0x220EC290, 0x4 Bytes, ...)
T3058 009:801.838   CPU_ReadMem(4 bytes @ 0x220EC290)
T3058 009:802.650   Data:  38 FC 3B 96
T3058 009:802.735 - 0.964ms returns 0
T3058 009:802.920 JLINK_ReadMem(0x220EC26C, 0x4 Bytes, ...)
T3058 009:802.977   CPU_ReadMem(4 bytes @ 0x220EC26C)
T3058 009:803.817   Data:  FA EA 3C 7C
T3058 009:803.894 - 0.974ms returns 0
T3058 009:804.067 JLINK_ReadMem(0x02042CD0, 0x4 Bytes, ...)
T3058 009:804.104    -- Read from C cache (4 bytes @ 0x02042CD0)
T3058 009:804.138   Data:  04 00 00 00
T3058 009:804.176 - 0.108ms returns 0
T3058 009:804.230 JLINK_ReadRegs(NumRegs = 20)
T3058 009:804.282   
  R0 (0)        = 0x00                 R1 (1)        = 0x00                 R2 (2)        = 0x00                 R3 (3)        = 0x00              
  R4 (4)        = 0x00                 R5 (5)        = 0x00                 R6 (6)        = 0x00                 R7 (7)        = 0x00              
  R8 (8)        = 0x00                 R9 (9)        = 0x00                 R10 (10)      = 0x00                 R11 (11)      = 0x400000          
  R12 (12)      = 0x00                 R13 (SP) (13) = 0x220EBC00           R14 (14)      = 0xFFFFFFFF           R15 (PC) (15) = 0x2040B8C         
  XPSR (16)     = 0xF9000000           MSPLIM (86)   = 0x00                 PSPLIM (87)   = 0x00                 CFBP (20)     = 0x00              
T3058 009:804.322 - 0.092ms returns 0x00
T3058 009:811.415 JLINK_ReadMem(0x220EC290, 0x4 Bytes, ...)
T3058 009:811.525   CPU_ReadMem(4 bytes @ 0x220EC290)
T3058 009:812.267   Data:  38 FC 3B 96
T3058 009:812.332 - 0.917ms returns 0
T3058 009:812.502 JLINK_ReadMem(0x220EC26C, 0x4 Bytes, ...)
T3058 009:812.550   CPU_ReadMem(4 bytes @ 0x220EC26C)
T3058 009:813.198   Data:  FA EA 3C 7C
T3058 009:813.248 - 0.746ms returns 0
T3058 009:813.389 JLINK_ReadMem(0x02042CD0, 0x4 Bytes, ...)
T3058 009:813.430    -- Read from C cache (4 bytes @ 0x02042CD0)
T3058 009:813.455   Data:  04 00 00 00
T3058 009:813.480 - 0.091ms returns 0
T3058 009:813.504 JLINK_ReadMem(0x220EC290, 0x4 Bytes, ...)
T3058 009:813.526   CPU_ReadMem(4 bytes @ 0x220EC290)
T3058 009:814.270   Data:  38 FC 3B 96
T3058 009:814.342 - 0.837ms returns 0
T3058 009:814.515 JLINK_ReadMem(0x220EC26C, 0x4 Bytes, ...)
T3058 009:814.562   CPU_ReadMem(4 bytes @ 0x220EC26C)
T3058 009:815.287   Data:  FA EA 3C 7C
T3058 009:815.349 - 0.833ms returns 0
T3058 009:815.474 JLINK_ReadMem(0x02042CD0, 0x4 Bytes, ...)
T3058 009:815.500    -- Read from C cache (4 bytes @ 0x02042CD0)
T3058 009:815.526   Data:  04 00 00 00
T3058 009:815.553 - 0.078ms returns 0
T3058 009:816.736 JLINK_ReadMem(0xE000EDF0, 0x4 Bytes, ...)
T3058 009:816.788   CPU_ReadMem(4 bytes @ 0xE000EDF0)
T3058 009:817.357   Data:  03 00 13 00
T3058 009:817.400   Debug reg: DHCSR
T3058 009:817.426 - 0.691ms returns 0
T3058 009:818.415 JLINK_ReadMem(0x02040B8C, 0x4 Bytes, ...)
T3058 009:818.480    -- Read from C cache (4 bytes @ 0x02040B8C)
T3058 009:818.518   Data:  00 F0 06 F8
T3058 009:818.565 - 0.150ms returns 0
T6344 009:822.514 JLINK_ReadReg(XPSR)
T6344 009:822.636 - 0.121ms returns 0xF9000000
T6344 009:822.664 JLINK_ReadReg(R15 (PC))
T6344 009:822.690 - 0.025ms returns 0x02040B8C
T6344 009:823.064 JLINK_IsHalted()
T6344 009:823.136 - 0.071ms returns TRUE
T6344 009:823.166 JLINK_ReadReg(XPSR)
T6344 009:823.194 - 0.028ms returns 0xF9000000
T6344 009:823.218 JLINK_ReadReg(R15 (PC))
T6344 009:823.240 - 0.022ms returns 0x02040B8C
T6344 009:823.265 JLINK_ReadReg(XPSR)
T6344 009:823.288 - 0.023ms returns 0xF9000000
T6344 009:823.312 JLINK_ReadReg(XPSR)
T6344 009:823.360 - 0.044ms returns 0xF9000000
T6344 009:823.392 JLINK_ReadReg(R15 (PC))
T6344 009:823.418 - 0.024ms returns 0x02040B8C
T6344 009:823.441 JLINK_ReadReg(XPSR)
T6344 009:823.462 - 0.021ms returns 0xF9000000
T6344 009:823.485 JLINK_ReadReg(XPSR)
T6344 009:823.506 - 0.021ms returns 0xF9000000
T6344 009:823.533 JLINK_ReadMem(0x02040B8C, 0x1 Bytes, ...)
T6344 009:823.562    -- Read from C cache (1 bytes @ 0x02040B8C)
T6344 009:823.594   Data:  00
T6344 009:823.626 - 0.094ms returns 0
T6344 009:823.652 JLINK_IsHalted()
T6344 009:823.678 - 0.025ms returns TRUE
T6344 009:823.704 JLINK_ReadReg(XPSR)
T6344 009:823.736 - 0.031ms returns 0xF9000000
T6344 009:823.767 JLINK_ReadReg(XPSR)
T6344 009:823.794 - 0.025ms returns 0xF9000000
T6344 009:823.828 JLINK_ReadReg(R15 (PC))
T6344 009:823.850 - 0.022ms returns 0x02040B8C
T6344 009:823.875 JLINK_ReadReg(XPSR)
T6344 009:823.897 - 0.021ms returns 0xF9000000
T6344 009:823.918 JLINK_ReadReg(XPSR)
T6344 009:823.941 - 0.022ms returns 0xF9000000
T6344 009:823.973 JLINK_ReadMem(0x02040B8C, 0x1 Bytes, ...)
T6344 009:824.002    -- Read from C cache (1 bytes @ 0x02040B8C)
T6344 009:824.042   Data:  00
T6344 009:824.152 - 0.178ms returns 0
T6344 009:824.246 JLINK_ReadMem(0xE0001000, 0x4 Bytes, ...)
T6344 009:824.286   CPU_ReadMem(4 bytes @ 0xE0001000)
T6344 009:825.066   Data:  01 00 00 40
T6344 009:825.144   Debug reg: DWT_CTRL
T6344 009:825.180 - 0.934ms returns 0
T6344 009:825.356 JLINK_WriteMem(0xE0001FB0, 0x8 Bytes, ...)
T6344 009:825.391   Data:  00 00 00 00 55 CE AC C5
T6344 009:825.654   CPU_WriteMem(8 bytes @ 0xE0001FB0)
T6344 009:826.382 - 1.025ms returns 0x8
T6344 009:826.537 JLINK_ReadMem(0xE000EDFC, 0x4 Bytes, ...)
T6344 009:826.566   CPU_ReadMem(4 bytes @ 0xE000EDFC)
T6344 009:827.124   Data:  00 00 10 01
T6344 009:827.179   Debug reg: DEMCR
T6344 009:827.206 - 0.669ms returns 0
T6344 009:829.774 JLINK_ReadMem(0xE0001004, 0x4 Bytes, ...)
T6344 009:829.834   CPU_ReadMem(4 bytes @ 0xE0001004)
T6344 009:830.518   Data:  C1 D1 45 14
T6344 009:830.602   Debug reg: DWT_CYCCNT
T6344 009:830.634 - 0.861ms returns 0
T3058 009:833.890 JLINK_ReadMem(0x220EC290, 0x4 Bytes, ...)
T3058 009:834.002   CPU_ReadMem(4 bytes @ 0x220EC290)
T3058 009:834.842   Data:  38 FC 3B 96
T3058 009:834.905 - 1.014ms returns 0
T3058 009:835.046 JLINK_ReadMem(0x220EC26C, 0x4 Bytes, ...)
T3058 009:835.082   CPU_ReadMem(4 bytes @ 0x220EC26C)
T3058 009:835.932   Data:  FA EA 3C 7C
T3058 009:836.016 - 0.970ms returns 0
T3058 009:836.181 JLINK_ReadMem(0x02042CD0, 0x4 Bytes, ...)
T3058 009:836.218    -- Read from C cache (4 bytes @ 0x02042CD0)
T3058 009:836.256   Data:  04 00 00 00
T3058 009:836.298 - 0.117ms returns 0
T3058 009:836.332 JLINK_ReadMem(0x220EC290, 0x4 Bytes, ...)
T3058 009:836.366   CPU_ReadMem(4 bytes @ 0x220EC290)
T3058 009:837.110   Data:  38 FC 3B 96
T3058 009:837.168 - 0.835ms returns 0
T3058 009:837.308 JLINK_ReadMem(0x220EC26C, 0x4 Bytes, ...)
T3058 009:837.342   CPU_ReadMem(4 bytes @ 0x220EC26C)
T3058 009:838.060   Data:  FA EA 3C 7C
T3058 009:838.147 - 0.838ms returns 0
T3058 009:838.336 JLINK_ReadMem(0x02042CD0, 0x4 Bytes, ...)
T3058 009:838.398    -- Read from C cache (4 bytes @ 0x02042CD0)
T3058 009:838.438   Data:  04 00 00 00
T3058 009:838.477 - 0.140ms returns 0
T3058 009:839.662 JLINK_ReadMem(0x02040B8C, 0x4 Bytes, ...)
T3058 009:839.728    -- Read from C cache (4 bytes @ 0x02040B8C)
T3058 009:839.754   Data:  00 F0 06 F8
T3058 009:839.782 - 0.120ms returns 0
T3058 009:992.050 JLINK_ReadMem(0x220EC290, 0x4 Bytes, ...)
T3058 009:992.146   CPU_ReadMem(4 bytes @ 0x220EC290)
T3058 009:993.084   Data:  38 FC 3B 96
T3058 009:993.322 - 1.273ms returns 0
T3058 009:993.507 JLINK_ReadMem(0x220EC26C, 0x4 Bytes, ...)
T3058 009:993.587   CPU_ReadMem(4 bytes @ 0x220EC26C)
T3058 009:994.592   Data:  FA EA 3C 7C
T3058 009:994.696 - 1.188ms returns 0
T3058 009:994.874 JLINK_ReadMem(0x02042CD0, 0x4 Bytes, ...)
T3058 009:994.949    -- Read from C cache (4 bytes @ 0x02042CD0)
T3058 009:994.999   Data:  04 00 00 00
T3058 009:995.085 - 0.210ms returns 0
T3058 009:995.128 JLINK_ReadMem(0x220EC290, 0x4 Bytes, ...)
T3058 009:995.173   CPU_ReadMem(4 bytes @ 0x220EC290)
T3058 009:995.984   Data:  38 FC 3B 96
T3058 009:996.064 - 0.936ms returns 0
T3058 009:996.233 JLINK_ReadMem(0x220EC26C, 0x4 Bytes, ...)
T3058 009:996.278   CPU_ReadMem(4 bytes @ 0x220EC26C)
T3058 009:997.256   Data:  FA EA 3C 7C
T3058 009:997.322 - 1.088ms returns 0
T3058 009:997.456 JLINK_ReadMem(0x02042CD0, 0x4 Bytes, ...)
T3058 009:997.482    -- Read from C cache (4 bytes @ 0x02042CD0)
T3058 009:997.508   Data:  04 00 00 00
T3058 009:997.533 - 0.077ms returns 0
T3058 011:219.744 JLINK_ReadMem(0x220EC290, 0x4 Bytes, ...)
T3058 011:219.875   CPU_ReadMem(4 bytes @ 0x220EC290)
T3058 011:223.540   Data:  38 FC 3B 96
T3058 011:223.651 - 3.907ms returns 0
T3058 011:223.810 JLINK_ReadMem(0x220EC26C, 0x4 Bytes, ...)
T3058 011:223.856   CPU_ReadMem(4 bytes @ 0x220EC26C)
T3058 011:224.679   Data:  FA EA 3C 7C
T3058 011:224.764 - 0.954ms returns 0
T3058 011:224.948 JLINK_ReadMem(0x02042CD0, 0x4 Bytes, ...)
T3058 011:224.984    -- Read from C cache (4 bytes @ 0x02042CD0)
T3058 011:225.022   Data:  04 00 00 00
T3058 011:225.056 - 0.108ms returns 0
T3058 011:227.679 JLINK_ReadMem(0xE0001004, 0x4 Bytes, ...)
T3058 011:227.779   Data:  C1 D1 45 14
T3058 011:227.820   Debug reg: DWT_CYCCNT
T3058 011:227.888 - 0.208ms returns 0
T3058 011:228.007 JLINK_IsHalted()
T3058 011:228.826 - 0.817ms returns TRUE
T3058 011:230.435 JLINK_ReadMem(0xE0001004, 0x4 Bytes, ...)
T3058 011:230.498   Data:  C1 D1 45 14
T3058 011:230.527   Debug reg: DWT_CYCCNT
T3058 011:230.554 - 0.119ms returns 0
T3058 011:230.575 JLINK_GoEx(MaxEmulInsts = 0, Flags = 0x01)
T3058 011:230.615   CPU_ReadMem(4 bytes @ 0xE0001000)
T3058 011:232.060   Memory map 'after startup completion point' is active
T3058 011:232.163 - 1.588ms 
T3058 011:334.701 JLINK_IsHalted()
T3058 011:335.618 - 0.916ms returns FALSE
T3058 011:335.795 JLINK_IsHalted()
T3058 011:336.736 - 0.940ms returns FALSE
T3058 011:444.129 JLINK_IsHalted()
T3058 011:445.675 - 1.549ms returns FALSE
T3058 011:445.948 JLINK_IsHalted()
T3058 011:446.910 - 0.959ms returns FALSE
T3058 011:553.580 JLINK_IsHalted()
T3058 011:555.138 - 1.557ms returns FALSE
T3058 011:555.488 JLINK_IsHalted()
T3058 011:556.826 - 1.336ms returns FALSE
T3058 011:662.594 JLINK_IsHalted()
T3058 011:663.685 - 1.090ms returns FALSE
T3058 011:663.870 JLINK_IsHalted()
T3058 011:664.676 - 0.804ms returns FALSE
T3058 011:771.834 JLINK_IsHalted()
T3058 011:773.026 - 1.190ms returns FALSE
T3058 011:773.259 JLINK_IsHalted()
T3058 011:774.144 - 0.883ms returns FALSE
T3058 011:880.992 JLINK_IsHalted()
T3058 011:882.186 - 1.193ms returns FALSE
T3058 011:882.479 JLINK_IsHalted()
T3058 011:883.438 - 0.958ms returns FALSE
T3058 011:990.839 JLINK_IsHalted()
T3058 011:994.531 - 3.691ms returns FALSE
T3058 011:994.896 JLINK_IsHalted()
T3058 011:996.411 - 1.515ms returns FALSE
T3058 012:100.286 JLINK_IsHalted()
T3058 012:101.409 - 1.122ms returns FALSE
T3058 012:101.578 JLINK_IsHalted()
T3058 012:102.272 - 0.694ms returns FALSE
T3058 012:209.519 JLINK_IsHalted()
T3058 012:212.659 - 3.139ms returns FALSE
T3058 012:212.913 JLINK_IsHalted()
T3058 012:213.642 - 0.728ms returns FALSE
T6344 012:222.978 JLINK_IsHalted()
T6344 012:224.333 - 1.353ms returns FALSE
T6344 012:224.503 JLINK_IsHalted()
T6344 012:225.260 - 0.755ms returns FALSE
T3058 012:318.956 JLINK_IsHalted()
T3058 012:319.971 - 1.014ms returns FALSE
T3058 012:320.182 JLINK_IsHalted()
T3058 012:320.901 - 0.718ms returns FALSE
T3058 012:428.629 JLINK_IsHalted()
T3058 012:429.837 - 1.207ms returns FALSE
T3058 012:430.116 JLINK_IsHalted()
T3058 012:431.110 - 0.993ms returns FALSE
T3058 012:537.206 JLINK_IsHalted()
T3058 012:538.330 - 1.122ms returns FALSE
T3058 012:538.565 JLINK_IsHalted()
T3058 012:539.399 - 0.833ms returns FALSE
T3058 012:647.006 JLINK_IsHalted()
T3058 012:648.422 - 1.415ms returns FALSE
T3058 012:648.696 JLINK_IsHalted()
T3058 012:649.475 - 0.778ms returns FALSE
T3058 012:756.002 JLINK_IsHalted()
T3058 012:756.880 - 0.878ms returns FALSE
T3058 012:757.087 JLINK_IsHalted()
T3058 012:757.644 - 0.555ms returns FALSE
T3058 012:865.973 JLINK_IsHalted()
T3058 012:866.882 - 0.907ms returns FALSE
T3058 012:867.076 JLINK_IsHalted()
T3058 012:867.882 - 0.805ms returns FALSE
T3058 012:974.666 JLINK_IsHalted()
T3058 012:975.611 - 0.945ms returns FALSE
T3058 012:975.762 JLINK_IsHalted()
T3058 012:976.665 - 0.903ms returns FALSE
T3058 013:085.018 JLINK_IsHalted()
T3058 013:086.166 - 1.146ms returns FALSE
T3058 013:086.416 JLINK_IsHalted()
T3058 013:087.169 - 0.752ms returns FALSE
T3058 013:193.687 JLINK_IsHalted()
T3058 013:194.662 - 0.973ms returns FALSE
T3058 013:194.844 JLINK_IsHalted()
T3058 013:195.611 - 0.766ms returns FALSE
T6344 013:225.861 JLINK_IsHalted()
T6344 013:226.869 - 1.007ms returns FALSE
T6344 013:227.074 JLINK_IsHalted()
T6344 013:227.777 - 0.702ms returns FALSE
T3058 013:303.664 JLINK_IsHalted()
T3058 013:304.650 - 0.984ms returns FALSE
T3058 013:304.892 JLINK_IsHalted()
T3058 013:305.771 - 0.879ms returns FALSE
T3058 013:355.802 JLINK_IsHalted()
T3058 013:356.822 - 1.020ms returns FALSE
T3058 013:357.010 JLINK_IsHalted()
T3058 013:357.747 - 0.737ms returns FALSE
T3058 013:357.950 JLINK_IsHalted()
T3058 013:358.699 - 0.732ms returns FALSE
T3058 013:358.860 JLINK_IsHalted()
T3058 013:359.607 - 0.746ms returns FALSE
T3058 013:359.778 JLINK_Halt()
T3058 013:363.832 - 4.053ms returns 0x00
T3058 013:363.979 JLINK_IsHalted()
T3058 013:364.002 - 0.022ms returns TRUE
T3058 013:364.022 JLINK_ReadReg(XPSR)
T3058 013:364.046   CPU_ReadMem(4 bytes @ 0xE000EE08)
T3058 013:364.617 - 0.593ms returns 0x21000000
T3058 013:364.768 JLINK_ReadReg(R15 (PC))
T3058 013:364.793 - 0.024ms returns 0x020402DC
T3058 013:364.814 JLINK_ReadReg(XPSR)
T3058 013:364.832 - 0.017ms returns 0x21000000
T3058 013:364.850 JLINK_ReadReg(XPSR)
T3058 013:364.867 - 0.017ms returns 0x21000000
T3058 013:364.885 JLINK_ReadReg(R15 (PC))
T3058 013:364.902 - 0.017ms returns 0x020402DC
T3058 013:364.923 JLINK_ReadReg(XPSR)
T3058 013:364.940 - 0.017ms returns 0x21000000
T3058 013:364.958 JLINK_ReadReg(XPSR)
T3058 013:364.975 - 0.017ms returns 0x21000000
T3058 013:364.994 JLINK_ReadMem(0x020402DC, 0x1 Bytes, ...)
T3058 013:365.019   CPU_ReadMem(64 bytes @ 0x020402C0)
T3058 013:366.220    -- Updating C cache (64 bytes @ 0x020402C0)
T3058 013:366.266    -- Read from C cache (1 bytes @ 0x020402DC)
T3058 013:366.291   Data:  FE
T3058 013:366.317 - 1.322ms returns 0
T3058 013:366.446 JLINK_IsHalted()
T3058 013:366.466 - 0.020ms returns TRUE
T3058 013:366.485 JLINK_ReadReg(XPSR)
T3058 013:366.504 - 0.019ms returns 0x21000000
T3058 013:366.522 JLINK_ReadReg(XPSR)
T3058 013:366.539 - 0.017ms returns 0x21000000
T3058 013:366.557 JLINK_ReadReg(R15 (PC))
T3058 013:366.574 - 0.017ms returns 0x020402DC
T3058 013:366.606 JLINK_ReadReg(XPSR)
T3058 013:366.625 - 0.017ms returns 0x21000000
T3058 013:366.646 JLINK_ReadReg(XPSR)
T3058 013:366.663 - 0.017ms returns 0x21000000
T3058 013:366.681 JLINK_ReadMem(0x020402DC, 0x1 Bytes, ...)
T3058 013:366.699    -- Read from C cache (1 bytes @ 0x020402DC)
T3058 013:366.725   Data:  FE
T3058 013:366.749 - 0.068ms returns 0
T3058 013:366.782 JLINK_IsHalted()
T3058 013:366.799 - 0.017ms returns TRUE
T3058 013:366.817 JLINK_ReadReg(XPSR)
T3058 013:366.834 - 0.017ms returns 0x21000000
T3058 013:366.853 JLINK_ReadReg(R15 (PC))
T3058 013:366.870 - 0.017ms returns 0x020402DC
T3058 013:366.888 JLINK_ReadReg(XPSR)
T3058 013:366.906 - 0.017ms returns 0x21000000
T3058 013:366.922 JLINK_ReadReg(XPSR)
T3058 013:366.940 - 0.017ms returns 0x21000000
T3058 013:366.958 JLINK_ReadReg(R15 (PC))
T3058 013:366.974 - 0.016ms returns 0x020402DC
T3058 013:366.992 JLINK_ReadReg(XPSR)
T3058 013:367.010 - 0.017ms returns 0x21000000
T3058 013:367.026 JLINK_ReadReg(XPSR)
T3058 013:367.044 - 0.017ms returns 0x21000000
T3058 013:367.062 JLINK_ReadMem(0x020402DC, 0x1 Bytes, ...)
T3058 013:367.080    -- Read from C cache (1 bytes @ 0x020402DC)
T3058 013:367.108   Data:  FE
T3058 013:367.136 - 0.073ms returns 0
T3058 013:367.154 JLINK_IsHalted()
T3058 013:367.171 - 0.016ms returns TRUE
T3058 013:367.188 JLINK_ReadReg(XPSR)
T3058 013:367.205 - 0.017ms returns 0x21000000
T3058 013:367.222 JLINK_ReadReg(XPSR)
T3058 013:367.239 - 0.016ms returns 0x21000000
T3058 013:367.257 JLINK_ReadReg(R15 (PC))
T3058 013:367.274 - 0.017ms returns 0x020402DC
T3058 013:367.291 JLINK_ReadReg(XPSR)
T3058 013:367.309 - 0.017ms returns 0x21000000
T3058 013:367.326 JLINK_ReadReg(XPSR)
T3058 013:367.343 - 0.016ms returns 0x21000000
T3058 013:367.360 JLINK_ReadMem(0x020402DC, 0x1 Bytes, ...)
T3058 013:367.378    -- Read from C cache (1 bytes @ 0x020402DC)
T3058 013:367.408   Data:  FE
T3058 013:367.433 - 0.073ms returns 0
T3058 013:367.458 JLINK_ReadMem(0x220EC290, 0x4 Bytes, ...)
T3058 013:367.479   CPU_ReadMem(4 bytes @ 0x220EC290)
T3058 013:368.260   Data:  03 00 00 00
T3058 013:368.304 - 0.845ms returns 0
T3058 013:368.411 JLINK_ReadMem(0x220EC26C, 0x4 Bytes, ...)
T3058 013:368.435   CPU_ReadMem(4 bytes @ 0x220EC26C)
T3058 013:369.152   Data:  2C BC 0E 22
T3058 013:369.200 - 0.789ms returns 0
T3058 013:369.330 JLINK_ReadMem(0x02042CD0, 0x4 Bytes, ...)
T3058 013:369.354   CPU_ReadMem(64 bytes @ 0x02042CC0)
T3058 013:370.664    -- Updating C cache (64 bytes @ 0x02042CC0)
T3058 013:370.734    -- Read from C cache (4 bytes @ 0x02042CD0)
T3058 013:370.767   Data:  04 00 00 00
T3058 013:370.805 - 1.474ms returns 0
T3058 013:370.952 JLINK_ReadMem(0x220EC274, 0x4 Bytes, ...)
T3058 013:370.988   CPU_ReadMem(4 bytes @ 0x220EC274)
T3058 013:372.461   Data:  01 00 00 00
T3058 013:372.534 - 1.581ms returns 0
T3058 013:373.758 JLINK_ReadMem(0x220EC290, 0x4 Bytes, ...)
T3058 013:373.821   CPU_ReadMem(4 bytes @ 0x220EC290)
T3058 013:374.421   Data:  03 00 00 00
T3058 013:374.470 - 0.711ms returns 0
T3058 013:374.584 JLINK_ReadMem(0x220EC26C, 0x4 Bytes, ...)
T3058 013:374.610   CPU_ReadMem(4 bytes @ 0x220EC26C)
T3058 013:375.414   Data:  2C BC 0E 22
T3058 013:375.468 - 0.884ms returns 0
T3058 013:375.602 JLINK_ReadMem(0x02042CD0, 0x4 Bytes, ...)
T3058 013:375.636    -- Read from C cache (4 bytes @ 0x02042CD0)
T3058 013:375.665   Data:  04 00 00 00
T3058 013:375.698 - 0.095ms returns 0
T3058 013:375.719 JLINK_ReadMem(0x220EC274, 0x4 Bytes, ...)
T3058 013:375.741   CPU_ReadMem(4 bytes @ 0x220EC274)
T3058 013:376.433   Data:  01 00 00 00
T3058 013:376.467 - 0.747ms returns 0
T3058 013:376.597 JLINK_ReadRegs(NumRegs = 20)
T3058 013:376.648   
  R0 (0)        = 0x40400D14           R1 (1)        = 0x00                 R2 (2)        = 0x80                 R3 (3)        = 0xC04             
  R4 (4)        = 0x5CCC836            R5 (5)        = 0xF5054C3A           R6 (6)        = 0x1231B321           R7 (7)        = 0x4E5E98FE        
  R8 (8)        = 0xFF09932            R9 (9)        = 0x96680374           R10 (10)      = 0x2BFDAF83           R11 (11)      = 0x66AD6182        
  R12 (12)      = 0x40400800           R13 (SP) (13) = 0x220EC668           R14 (14)      = 0x2040565            R15 (PC) (15) = 0x20402DC         
  XPSR (16)     = 0x21000000           MSPLIM (86)   = 0x220EB800           PSPLIM (87)   = 0x220EC498           CFBP (20)     = 0x2000000         
T3058 013:376.675 - 0.078ms returns 0x00
T3058 013:378.461 JLINK_ReadMem(0x220EC290, 0x4 Bytes, ...)
T3058 013:378.503   CPU_ReadMem(4 bytes @ 0x220EC290)
T3058 013:379.316   Data:  03 00 00 00
T3058 013:379.371 - 0.910ms returns 0
T3058 013:379.502 JLINK_ReadMem(0x220EC26C, 0x4 Bytes, ...)
T3058 013:379.532   CPU_ReadMem(4 bytes @ 0x220EC26C)
T3058 013:380.334   Data:  2C BC 0E 22
T3058 013:380.379 - 0.876ms returns 0
T3058 013:380.500 JLINK_ReadMem(0x02042CD0, 0x4 Bytes, ...)
T3058 013:380.522    -- Read from C cache (4 bytes @ 0x02042CD0)
T3058 013:380.548   Data:  04 00 00 00
T3058 013:380.575 - 0.075ms returns 0
T3058 013:380.594 JLINK_ReadMem(0x220EC274, 0x4 Bytes, ...)
T3058 013:380.616   CPU_ReadMem(4 bytes @ 0x220EC274)
T3058 013:381.427   Data:  01 00 00 00
T3058 013:381.467 - 0.872ms returns 0
T3058 013:381.605 JLINK_ReadMem(0x220EC290, 0x4 Bytes, ...)
T3058 013:381.635   CPU_ReadMem(4 bytes @ 0x220EC290)
T3058 013:382.719   Data:  03 00 00 00
T3058 013:382.759 - 1.154ms returns 0
T3058 013:382.876 JLINK_ReadMem(0x220EC26C, 0x4 Bytes, ...)
T3058 013:382.899   CPU_ReadMem(4 bytes @ 0x220EC26C)
T3058 013:383.886   Data:  2C BC 0E 22
T3058 013:383.937 - 1.061ms returns 0
T3058 013:384.058 JLINK_ReadMem(0x02042CD0, 0x4 Bytes, ...)
T3058 013:384.084    -- Read from C cache (4 bytes @ 0x02042CD0)
T3058 013:384.110   Data:  04 00 00 00
T3058 013:384.134 - 0.076ms returns 0
T3058 013:384.153 JLINK_ReadMem(0x220EC274, 0x4 Bytes, ...)
T3058 013:384.177   CPU_ReadMem(4 bytes @ 0x220EC274)
T3058 013:384.893   Data:  01 00 00 00
T3058 013:384.929 - 0.776ms returns 0
T3058 013:385.986 JLINK_ReadMem(0x020402DC, 0x4 Bytes, ...)
T3058 013:386.056    -- Read from C cache (4 bytes @ 0x020402DC)
T3058 013:386.093   Data:  FE E7 00 BF
T3058 013:386.127 - 0.142ms returns 0
T3058 013:386.776 JLINK_ReadMem(0x220EC290, 0x4 Bytes, ...)
T3058 013:386.833   CPU_ReadMem(4 bytes @ 0x220EC290)
T3058 013:387.626   Data:  03 00 00 00
T3058 013:387.701 - 0.924ms returns 0
T3058 013:387.838 JLINK_ReadMem(0x220EC26C, 0x4 Bytes, ...)
T3058 013:387.871   CPU_ReadMem(4 bytes @ 0x220EC26C)
T3058 013:388.674   Data:  2C BC 0E 22
T3058 013:388.738 - 0.899ms returns 0
T3058 013:388.885 JLINK_ReadMem(0x02042CD0, 0x4 Bytes, ...)
T3058 013:388.911    -- Read from C cache (4 bytes @ 0x02042CD0)
T3058 013:388.938   Data:  04 00 00 00
T3058 013:388.963 - 0.079ms returns 0
T3058 013:388.982 JLINK_ReadMem(0x220EC274, 0x4 Bytes, ...)
T3058 013:389.004   CPU_ReadMem(4 bytes @ 0x220EC274)
T3058 013:389.849   Data:  01 00 00 00
T3058 013:389.891 - 0.908ms returns 0
T3058 013:390.049 JLINK_ReadReg(XPSR)
T3058 013:390.074 - 0.024ms returns 0x21000000
T3058 013:390.095 JLINK_ReadReg(MSP_S)
T3058 013:390.114 - 0.018ms returns 0x220EBBA0
T3058 013:390.630 JLINK_ReadMem(0x220EC290, 0x4 Bytes, ...)
T3058 013:390.671   CPU_ReadMem(4 bytes @ 0x220EC290)
T3058 013:391.487   Data:  03 00 00 00
T3058 013:391.522 - 0.892ms returns 0
T3058 013:391.630 JLINK_ReadMem(0x220EC26C, 0x4 Bytes, ...)
T3058 013:391.654   CPU_ReadMem(4 bytes @ 0x220EC26C)
T3058 013:392.421   Data:  2C BC 0E 22
T3058 013:392.472 - 0.841ms returns 0
T3058 013:392.586 JLINK_ReadMem(0x02042CD0, 0x4 Bytes, ...)
T3058 013:392.609    -- Read from C cache (4 bytes @ 0x02042CD0)
T3058 013:392.634   Data:  04 00 00 00
T3058 013:392.662 - 0.075ms returns 0
T3058 013:392.680 JLINK_ReadMem(0x220EC274, 0x4 Bytes, ...)
T3058 013:392.698   CPU_ReadMem(4 bytes @ 0x220EC274)
T3058 013:393.552   Data:  01 00 00 00
T3058 013:393.590 - 0.909ms returns 0
T3058 013:393.719 JLINK_ReadReg(XPSR)
T3058 013:393.743 - 0.023ms returns 0x21000000
T3058 013:393.762 JLINK_ReadReg(MSP_NS)
T3058 013:393.778 - 0.015ms returns 0x00000000
T3058 013:394.219 JLINK_ReadMem(0x220EC290, 0x4 Bytes, ...)
T3058 013:394.251   CPU_ReadMem(4 bytes @ 0x220EC290)
T3058 013:395.000   Data:  03 00 00 00
T3058 013:395.048 - 0.829ms returns 0
T3058 013:395.187 JLINK_ReadMem(0x220EC26C, 0x4 Bytes, ...)
T3058 013:395.218   CPU_ReadMem(4 bytes @ 0x220EC26C)
T3058 013:395.975   Data:  2C BC 0E 22
T3058 013:396.007 - 0.820ms returns 0
T3058 013:396.114 JLINK_ReadMem(0x02042CD0, 0x4 Bytes, ...)
T3058 013:396.135    -- Read from C cache (4 bytes @ 0x02042CD0)
T3058 013:396.161   Data:  04 00 00 00
T3058 013:396.186 - 0.071ms returns 0
T3058 013:396.203 JLINK_ReadMem(0x220EC274, 0x4 Bytes, ...)
T3058 013:396.222   CPU_ReadMem(4 bytes @ 0x220EC274)
T3058 013:397.011   Data:  01 00 00 00
T3058 013:397.044 - 0.840ms returns 0
T3058 013:397.162 JLINK_ReadReg(XPSR)
T3058 013:397.184 - 0.022ms returns 0x21000000
T3058 013:397.203 JLINK_ReadReg(PSP_S)
T3058 013:397.222 - 0.018ms returns 0x220EC668
T3058 013:397.673 JLINK_ReadMem(0x220EC290, 0x4 Bytes, ...)
T3058 013:397.720   CPU_ReadMem(4 bytes @ 0x220EC290)
T3058 013:398.693   Data:  03 00 00 00
T3058 013:398.731 - 1.058ms returns 0
T3058 013:398.845 JLINK_ReadMem(0x220EC26C, 0x4 Bytes, ...)
T3058 013:398.867   CPU_ReadMem(4 bytes @ 0x220EC26C)
T3058 013:399.609   Data:  2C BC 0E 22
T3058 013:399.640 - 0.794ms returns 0
T3058 013:399.743 JLINK_ReadMem(0x02042CD0, 0x4 Bytes, ...)
T3058 013:399.765    -- Read from C cache (4 bytes @ 0x02042CD0)
T3058 013:399.790   Data:  04 00 00 00
T3058 013:399.814 - 0.070ms returns 0
T3058 013:399.832 JLINK_ReadMem(0x220EC274, 0x4 Bytes, ...)
T3058 013:399.854   CPU_ReadMem(4 bytes @ 0x220EC274)
T3058 013:400.582   Data:  01 00 00 00
T3058 013:400.616 - 0.783ms returns 0
T3058 013:400.736 JLINK_ReadReg(XPSR)
T3058 013:400.761 - 0.024ms returns 0x21000000
T3058 013:400.783 JLINK_ReadReg(PSP_NS)
T3058 013:400.804 - 0.020ms returns 0x00000000
T3058 013:405.102 JLINK_ReadMem(0x02040564, 0x4 Bytes, ...)
T3058 013:405.210   CPU_ReadMem(64 bytes @ 0x02040540)
T3058 013:406.375    -- Updating C cache (64 bytes @ 0x02040540)
T3058 013:406.427    -- Read from C cache (4 bytes @ 0x02040564)
T3058 013:406.450   Data:  00 BE 00 BF
T3058 013:406.474 - 1.372ms returns 0
T6344 013:409.654 JLINK_ReadReg(XPSR)
T6344 013:409.755 - 0.101ms returns 0x21000000
T6344 013:409.786 JLINK_ReadReg(R15 (PC))
T6344 013:409.815 - 0.028ms returns 0x020402DC
T6344 013:410.212 JLINK_IsHalted()
T6344 013:410.279 - 0.067ms returns TRUE
T6344 013:410.307 JLINK_ReadReg(XPSR)
T6344 013:410.357 - 0.048ms returns 0x21000000
T6344 013:410.385 JLINK_ReadReg(R15 (PC))
T6344 013:410.412 - 0.027ms returns 0x020402DC
T6344 013:410.439 JLINK_ReadReg(XPSR)
T6344 013:410.470 - 0.030ms returns 0x21000000
T6344 013:410.496 JLINK_ReadReg(XPSR)
T6344 013:410.524 - 0.027ms returns 0x21000000
T6344 013:410.553 JLINK_ReadReg(R15 (PC))
T6344 013:410.582 - 0.029ms returns 0x020402DC
T6344 013:410.610 JLINK_ReadReg(XPSR)
T6344 013:410.638 - 0.027ms returns 0x21000000
T6344 013:410.664 JLINK_ReadReg(XPSR)
T6344 013:410.696 - 0.031ms returns 0x21000000
T6344 013:410.725 JLINK_ReadMem(0x020402DC, 0x1 Bytes, ...)
T6344 013:410.759    -- Read from C cache (1 bytes @ 0x020402DC)
T6344 013:410.800   Data:  FE
T6344 013:410.839 - 0.114ms returns 0
T6344 013:410.867 JLINK_IsHalted()
T6344 013:410.894 - 0.026ms returns TRUE
T6344 013:410.924 JLINK_ReadReg(XPSR)
T6344 013:410.955 - 0.030ms returns 0x21000000
T6344 013:410.982 JLINK_ReadReg(XPSR)
T6344 013:411.009 - 0.026ms returns 0x21000000
T6344 013:411.034 JLINK_ReadReg(R15 (PC))
T6344 013:411.074 - 0.040ms returns 0x020402DC
T6344 013:411.113 JLINK_ReadReg(XPSR)
T6344 013:411.136 - 0.023ms returns 0x21000000
T6344 013:411.154 JLINK_ReadReg(XPSR)
T6344 013:411.172 - 0.017ms returns 0x21000000
T6344 013:411.190 JLINK_ReadMem(0x020402DC, 0x1 Bytes, ...)
T6344 013:411.212    -- Read from C cache (1 bytes @ 0x020402DC)
T6344 013:411.237   Data:  FE
T6344 013:411.262 - 0.072ms returns 0
T6344 013:412.584 JLINK_ReadMem(0xE0001004, 0x4 Bytes, ...)
T6344 013:412.631   CPU_ReadMem(4 bytes @ 0xE0001004)
T6344 013:413.335   Data:  CD A2 FC 33
T6344 013:413.405   Debug reg: DWT_CYCCNT
T6344 013:413.430 - 0.845ms returns 0
T3058 013:433.315 JLINK_ReadMem(0x020402DC, 0x4 Bytes, ...)
T3058 013:433.394    -- Read from C cache (4 bytes @ 0x020402DC)
T3058 013:433.424   Data:  FE E7 00 BF
T3058 013:433.453 - 0.138ms returns 0
T3058 013:434.106 JLINK_ReadMem(0x02040564, 0x4 Bytes, ...)
T3058 013:434.141    -- Read from C cache (4 bytes @ 0x02040564)
T3058 013:434.168   Data:  00 BE 00 BF
T3058 013:434.203 - 0.098ms returns 0
T3058 013:434.808 JLINK_ReadMem(0x02040564, 0x4 Bytes, ...)
T3058 013:434.861    -- Read from C cache (4 bytes @ 0x02040564)
T3058 013:434.886   Data:  00 BE 00 BF
T3058 013:434.915 - 0.106ms returns 0
T3058 013:479.570 JLINK_ReadMem(0x220EC290, 0x4 Bytes, ...)
T3058 013:479.672   CPU_ReadMem(4 bytes @ 0x220EC290)
T3058 013:480.494   Data:  03 00 00 00
T3058 013:480.581 - 1.012ms returns 0
T3058 013:480.774 JLINK_ReadMem(0x220EC26C, 0x4 Bytes, ...)
T3058 013:480.840   CPU_ReadMem(4 bytes @ 0x220EC26C)
T3058 013:481.678   Data:  2C BC 0E 22
T3058 013:481.739 - 0.964ms returns 0
T3058 013:481.875 JLINK_ReadMem(0x02042CD0, 0x4 Bytes, ...)
T3058 013:481.902    -- Read from C cache (4 bytes @ 0x02042CD0)
T3058 013:481.930   Data:  04 00 00 00
T3058 013:481.971 - 0.097ms returns 0
T3058 013:481.990 JLINK_ReadMem(0x220EC274, 0x4 Bytes, ...)
T3058 013:482.013   CPU_ReadMem(4 bytes @ 0x220EC274)
T3058 013:482.765   Data:  01 00 00 00
T3058 013:482.837 - 0.845ms returns 0
T3058 013:482.995 JLINK_ReadMem(0x220EC290, 0x4 Bytes, ...)
T3058 013:483.037   CPU_ReadMem(4 bytes @ 0x220EC290)
T3058 013:483.877   Data:  03 00 00 00
T3058 013:484.011 - 1.015ms returns 0
T3058 013:484.171 JLINK_ReadMem(0x220EC26C, 0x4 Bytes, ...)
T3058 013:484.213   CPU_ReadMem(4 bytes @ 0x220EC26C)
T3058 013:485.022   Data:  2C BC 0E 22
T3058 013:485.104 - 0.933ms returns 0
T3058 013:485.275 JLINK_ReadMem(0x02042CD0, 0x4 Bytes, ...)
T3058 013:485.310    -- Read from C cache (4 bytes @ 0x02042CD0)
T3058 013:485.338   Data:  04 00 00 00
T3058 013:485.362 - 0.087ms returns 0
T3058 013:485.382 JLINK_ReadMem(0x220EC274, 0x4 Bytes, ...)
T3058 013:485.405   CPU_ReadMem(4 bytes @ 0x220EC274)
T3058 013:486.198   Data:  01 00 00 00
T3058 013:486.262 - 0.879ms returns 0
T3058 013:487.614 JLINK_ReadMem(0x220EC290, 0x4 Bytes, ...)
T3058 013:487.718   CPU_ReadMem(4 bytes @ 0x220EC290)
T3058 013:488.642   Data:  03 00 00 00
T3058 013:488.742 - 1.126ms returns 0
T3058 013:488.923 JLINK_ReadMem(0x220EC26C, 0x4 Bytes, ...)
T3058 013:488.970   CPU_ReadMem(4 bytes @ 0x220EC26C)
T3058 013:489.902   Data:  2C BC 0E 22
T3058 013:490.054 - 1.131ms returns 0
T3058 013:490.226 JLINK_ReadMem(0x02042CD0, 0x4 Bytes, ...)
T3058 013:490.269    -- Read from C cache (4 bytes @ 0x02042CD0)
T3058 013:490.306   Data:  04 00 00 00
T3058 013:490.341 - 0.114ms returns 0
T3058 013:490.374 JLINK_ReadMem(0x220EC274, 0x4 Bytes, ...)
T3058 013:490.411   CPU_ReadMem(4 bytes @ 0x220EC274)
T3058 013:491.210   Data:  01 00 00 00
T3058 013:491.315 - 0.939ms returns 0
T3058 013:491.507 JLINK_ReadMem(0x220EC290, 0x4 Bytes, ...)
T3058 013:491.570   CPU_ReadMem(4 bytes @ 0x220EC290)
T3058 013:492.875   Data:  03 00 00 00
T3058 013:492.981 - 1.474ms returns 0
T3058 013:493.131 JLINK_ReadMem(0x220EC26C, 0x4 Bytes, ...)
T3058 013:493.165   CPU_ReadMem(4 bytes @ 0x220EC26C)
T3058 013:494.475   Data:  2C BC 0E 22
T3058 013:494.557 - 1.426ms returns 0
T3058 013:494.758 JLINK_ReadMem(0x02042CD0, 0x4 Bytes, ...)
T3058 013:494.824    -- Read from C cache (4 bytes @ 0x02042CD0)
T3058 013:494.861   Data:  04 00 00 00
T3058 013:494.898 - 0.139ms returns 0
T3058 013:494.926 JLINK_ReadMem(0x220EC274, 0x4 Bytes, ...)
T3058 013:494.963   CPU_ReadMem(4 bytes @ 0x220EC274)
T3058 013:495.842   Data:  01 00 00 00
T3058 013:495.944 - 1.016ms returns 0
T3058 039:947.276 JLINK_ReadMem(0x020402DC, 0x4 Bytes, ...)
T3058 039:947.404    -- Read from C cache (4 bytes @ 0x020402DC)
T3058 039:947.448   Data:  FE E7 00 BF
T3058 039:947.484 - 0.210ms returns 0
T3058 039:948.516 JLINK_ReadMem(0x02040564, 0x4 Bytes, ...)
T3058 039:948.616    -- Read from C cache (4 bytes @ 0x02040564)
T3058 039:948.652   Data:  00 BE 00 BF
T3058 039:948.692 - 0.176ms returns 0
T3058 041:638.220 JLINK_ReadMem(0x220EC290, 0x4 Bytes, ...)
T3058 041:638.324   CPU_ReadMem(4 bytes @ 0x220EC290)
T3058 041:639.220   Data:  03 00 00 00
T3058 041:639.296 - 1.076ms returns 0
T3058 041:639.492 JLINK_ReadMem(0x220EC26C, 0x4 Bytes, ...)
T3058 041:639.544   CPU_ReadMem(4 bytes @ 0x220EC26C)
T3058 041:640.512   Data:  EC BC 0E 22
T3058 041:640.616 - 1.124ms returns 0
T3058 041:640.920 JLINK_ReadMem(0x02042CD0, 0x4 Bytes, ...)
T3058 041:640.984    -- Read from C cache (4 bytes @ 0x02042CD0)
T3058 041:641.016   Data:  04 00 00 00
T3058 041:641.068 - 0.147ms returns 0
T3058 041:641.148 JLINK_ReadMem(0x220EC274, 0x4 Bytes, ...)
T3058 041:641.192   CPU_ReadMem(4 bytes @ 0x220EC274)
T3058 041:642.240   Data:  01 00 00 00
T3058 041:642.328 - 1.181ms returns 0
T3058 041:644.148 JLINK_ReadMem(0xE0001004, 0x4 Bytes, ...)
T3058 041:644.260   Data:  CD A2 FC 33
T3058 041:644.292   Debug reg: DWT_CYCCNT
T3058 041:644.320 - 0.175ms returns 0
T3058 041:644.344 JLINK_IsHalted()
T3058 041:645.224 - 0.876ms returns FALSE
T3058 041:646.712 JLINK_ReadMem(0xE0001004, 0x4 Bytes, ...)
T3058 041:646.760   Data:  CD A2 FC 33
T3058 041:646.788   Debug reg: DWT_CYCCNT
T3058 041:646.812 - 0.101ms returns 0
T3058 041:646.832 JLINK_GoEx(MaxEmulInsts = 0, Flags = 0x01)
T3058 041:647.632   
  ***** Error: 
T3058 041:647.736   CPU is not halted
T3058 041:647.768 - 0.933ms 
T3058 041:756.676 JLINK_IsHalted()
T3058 041:757.660 - 0.984ms returns FALSE
T3058 041:757.832 JLINK_IsHalted()
T3058 041:758.684 - 0.853ms returns FALSE
T3058 041:865.672 JLINK_IsHalted()
T3058 041:866.588 - 0.916ms returns FALSE
T3058 041:866.748 JLINK_IsHalted()
T3058 041:867.580 - 0.834ms returns FALSE
T3058 041:974.852 JLINK_IsHalted()
T3058 041:976.228 - 1.374ms returns FALSE
T3058 041:976.472 JLINK_IsHalted()
T3058 041:977.416 - 0.940ms returns FALSE
T3058 042:084.344 JLINK_IsHalted()
T3058 042:085.056 - 0.712ms returns FALSE
T3058 042:085.228 JLINK_IsHalted()
T3058 042:085.908 - 0.676ms returns FALSE
T3058 042:193.696 JLINK_IsHalted()
T3058 042:194.864 - 1.167ms returns FALSE
T3058 042:195.184 JLINK_IsHalted()
T3058 042:196.332 - 1.148ms returns FALSE
T3058 042:303.628 JLINK_IsHalted()
T3058 042:305.064 - 1.430ms returns FALSE
T3058 042:305.420 JLINK_IsHalted()
T3058 042:306.664 - 1.242ms returns FALSE
T3058 042:333.176 JLINK_IsHalted()
T3058 042:334.108 - 0.935ms returns FALSE
T3058 042:334.272 JLINK_IsHalted()
T3058 042:334.984 - 0.712ms returns FALSE
T3058 042:335.240 JLINK_IsHalted()
T3058 042:336.116 - 0.873ms returns FALSE
T3058 042:336.252 JLINK_IsHalted()
T3058 042:337.084 - 0.831ms returns FALSE
T3058 042:337.256 JLINK_Halt()
T3058 042:341.672 - 4.413ms returns 0x00
T3058 042:341.868 JLINK_IsHalted()
T3058 042:341.900 - 0.031ms returns TRUE
T3058 042:341.928 JLINK_ReadReg(XPSR)
T3058 042:341.948 - 0.023ms returns 0x41000000
T3058 042:341.968 JLINK_ReadReg(R15 (PC))
T3058 042:341.984 - 0.018ms returns 0x020406FA
T3058 042:342.004 JLINK_ReadReg(XPSR)
T3058 042:342.024 - 0.016ms returns 0x41000000
T3058 042:342.040 JLINK_ReadReg(XPSR)
T3058 042:342.056 - 0.015ms returns 0x41000000
T3058 042:342.072 JLINK_ReadReg(R15 (PC))
T3058 042:342.088 - 0.015ms returns 0x020406FA
T3058 042:342.104 JLINK_ReadReg(XPSR)
T3058 042:342.120 - 0.016ms returns 0x41000000
T3058 042:342.136 JLINK_ReadReg(XPSR)
T3058 042:342.152 - 0.015ms returns 0x41000000
T3058 042:342.168 JLINK_ReadMem(0x020406FA, 0x1 Bytes, ...)
T3058 042:342.188   CPU_ReadMem(64 bytes @ 0x020406C0)
T3058 042:343.540    -- Updating C cache (64 bytes @ 0x020406C0)
T3058 042:343.596    -- Read from C cache (1 bytes @ 0x020406FA)
T3058 042:343.624   Data:  BF
T3058 042:343.644 - 1.478ms returns 0
T3058 042:343.764 JLINK_IsHalted()
T3058 042:343.784 - 0.022ms returns TRUE
T3058 042:343.800 JLINK_ReadReg(XPSR)
T3058 042:343.824 - 0.020ms returns 0x41000000
T3058 042:343.840 JLINK_ReadReg(XPSR)
T3058 042:343.856 - 0.016ms returns 0x41000000
T3058 042:343.872 JLINK_ReadReg(R15 (PC))
T3058 042:343.888 - 0.016ms returns 0x020406FA
T3058 042:343.908 JLINK_ReadReg(XPSR)
T3058 042:343.924 - 0.016ms returns 0x41000000
T3058 042:343.940 JLINK_ReadReg(XPSR)
T3058 042:343.956 - 0.015ms returns 0x41000000
T3058 042:343.972 JLINK_ReadMem(0x020406FA, 0x1 Bytes, ...)
T3058 042:343.992    -- Read from C cache (1 bytes @ 0x020406FA)
T3058 042:344.016   Data:  BF
T3058 042:344.040 - 0.066ms returns 0
T3058 042:344.068 JLINK_IsHalted()
T3058 042:344.084 - 0.016ms returns TRUE
T3058 042:344.100 JLINK_ReadReg(XPSR)
T3058 042:344.116 - 0.016ms returns 0x41000000
T3058 042:344.132 JLINK_ReadReg(R15 (PC))
T3058 042:344.200 - 0.064ms returns 0x020406FA
T3058 042:344.216 JLINK_ReadReg(XPSR)
T3058 042:344.232 - 0.017ms returns 0x41000000
T3058 042:344.256 JLINK_ReadReg(XPSR)
T3058 042:344.272 - 0.017ms returns 0x41000000
T3058 042:344.292 JLINK_ReadReg(R15 (PC))
T3058 042:344.308 - 0.017ms returns 0x020406FA
T3058 042:344.328 JLINK_ReadReg(XPSR)
T3058 042:344.344 - 0.017ms returns 0x41000000
T3058 042:344.360 JLINK_ReadReg(XPSR)
T3058 042:344.376 - 0.017ms returns 0x41000000
T3058 042:344.396 JLINK_ReadMem(0x020406FA, 0x1 Bytes, ...)
T3058 042:344.416    -- Read from C cache (1 bytes @ 0x020406FA)
T3058 042:344.440   Data:  BF
T3058 042:344.468 - 0.069ms returns 0
T3058 042:344.484 JLINK_IsHalted()
T3058 042:344.500 - 0.016ms returns TRUE
T3058 042:344.520 JLINK_ReadReg(XPSR)
T3058 042:344.536 - 0.017ms returns 0x41000000
T3058 042:344.560 JLINK_ReadReg(XPSR)
T3058 042:344.588 - 0.028ms returns 0x41000000
T3058 042:344.612 JLINK_ReadReg(R15 (PC))
T3058 042:344.644 - 0.031ms returns 0x020406FA
T3058 042:344.672 JLINK_ReadReg(XPSR)
T3058 042:344.696 - 0.024ms returns 0x41000000
T3058 042:344.724 JLINK_ReadReg(XPSR)
T3058 042:344.744 - 0.023ms returns 0x41000000
T3058 042:344.772 JLINK_ReadMem(0x020406FA, 0x1 Bytes, ...)
T3058 042:344.796    -- Read from C cache (1 bytes @ 0x020406FA)
T3058 042:344.832   Data:  BF
T3058 042:344.872 - 0.105ms returns 0
T3058 042:344.932 JLINK_ReadMem(0x220EC290, 0x4 Bytes, ...)
T3058 042:344.968   CPU_ReadMem(4 bytes @ 0x220EC290)
T3058 042:345.932   Data:  03 00 00 00
T3058 042:346.036 - 1.102ms returns 0
T3058 042:346.264 JLINK_ReadMem(0x220EC26C, 0x4 Bytes, ...)
T3058 042:346.356   CPU_ReadMem(4 bytes @ 0x220EC26C)
T3058 042:347.396   Data:  EC BC 0E 22
T3058 042:347.456 - 1.189ms returns 0
T3058 042:347.628 JLINK_ReadMem(0x02042CD0, 0x4 Bytes, ...)
T3058 042:347.676    -- Read from C cache (4 bytes @ 0x02042CD0)
T3058 042:347.736   Data:  04 00 00 00
T3058 042:347.764 - 0.132ms returns 0
T3058 042:347.784 JLINK_ReadMem(0x220EC274, 0x4 Bytes, ...)
T3058 042:347.804   CPU_ReadMem(4 bytes @ 0x220EC274)
T3058 042:348.716   Data:  01 00 00 00
T3058 042:348.788 - 1.003ms returns 0
T3058 042:350.080 JLINK_ReadMem(0x220EC290, 0x4 Bytes, ...)
T3058 042:350.168   CPU_ReadMem(4 bytes @ 0x220EC290)
T3058 042:350.972   Data:  03 00 00 00
T3058 042:351.048 - 0.967ms returns 0
T3058 042:351.212 JLINK_ReadMem(0x220EC26C, 0x4 Bytes, ...)
T3058 042:351.248   CPU_ReadMem(4 bytes @ 0x220EC26C)
T3058 042:352.124   Data:  EC BC 0E 22
T3058 042:352.188 - 0.975ms returns 0
T3058 042:352.324 JLINK_ReadMem(0x02042CD0, 0x4 Bytes, ...)
T3058 042:352.352    -- Read from C cache (4 bytes @ 0x02042CD0)
T3058 042:352.380   Data:  04 00 00 00
T3058 042:352.404 - 0.081ms returns 0
T3058 042:352.424 JLINK_ReadMem(0x220EC274, 0x4 Bytes, ...)
T3058 042:352.456   CPU_ReadMem(4 bytes @ 0x220EC274)
T3058 042:353.348   Data:  01 00 00 00
T3058 042:353.400 - 0.975ms returns 0
T3058 042:353.588 JLINK_ReadRegs(NumRegs = 20)
T3058 042:353.640   
  R0 (0)        = 0x01                 R1 (1)        = 0x00                 R2 (2)        = 0x00                 R3 (3)        = 0x01              
  R4 (4)        = 0x220EC29C           R5 (5)        = 0xE000ED04           R6 (6)        = 0x10000000           R7 (7)        = 0x00              
  R8 (8)        = 0x00                 R9 (9)        = 0x00                 R10 (10)      = 0x00                 R11 (11)      = 0x00              
  R12 (12)      = 0x220EC330           R13 (SP) (13) = 0x220EBF38           R14 (14)      = 0x4001EA90           R15 (PC) (15) = 0x20406FA         
  XPSR (16)     = 0x41000000           MSPLIM (86)   = 0x220EB800           PSPLIM (87)   = 0x220EBD70           CFBP (20)     = 0x2000001         
T3058 042:353.672 - 0.082ms returns 0x00
T3058 042:354.500 JLINK_ReadMem(0x220EC290, 0x4 Bytes, ...)
T3058 042:354.608   CPU_ReadMem(4 bytes @ 0x220EC290)
T3058 042:355.784   Data:  03 00 00 00
T3058 042:355.860 - 1.361ms returns 0
T3058 042:356.016 JLINK_ReadMem(0x220EC26C, 0x4 Bytes, ...)
T3058 042:356.056   CPU_ReadMem(4 bytes @ 0x220EC26C)
T3058 042:356.940   Data:  EC BC 0E 22
T3058 042:357.052 - 1.037ms returns 0
T3058 042:357.224 JLINK_ReadMem(0x02042CD0, 0x4 Bytes, ...)
T3058 042:357.268    -- Read from C cache (4 bytes @ 0x02042CD0)
T3058 042:357.308   Data:  04 00 00 00
T3058 042:357.352 - 0.128ms returns 0
T3058 042:357.392 JLINK_ReadMem(0x220EC274, 0x4 Bytes, ...)
T3058 042:357.428   CPU_ReadMem(4 bytes @ 0x220EC274)
T3058 042:358.328   Data:  01 00 00 00
T3058 042:358.448 - 1.056ms returns 0
T3058 042:358.616 JLINK_ReadMem(0x220EC290, 0x4 Bytes, ...)
T3058 042:358.668   CPU_ReadMem(4 bytes @ 0x220EC290)
T3058 042:359.652   Data:  03 00 00 00
T3058 042:359.724 - 1.112ms returns 0
T3058 042:359.876 JLINK_ReadMem(0x220EC26C, 0x4 Bytes, ...)
T3058 042:359.912   CPU_ReadMem(4 bytes @ 0x220EC26C)
T3058 042:360.760   Data:  EC BC 0E 22
T3058 042:360.828 - 0.954ms returns 0
T3058 042:360.956 JLINK_ReadMem(0x02042CD0, 0x4 Bytes, ...)
T3058 042:360.992    -- Read from C cache (4 bytes @ 0x02042CD0)
T3058 042:361.036   Data:  04 00 00 00
T3058 042:361.064 - 0.104ms returns 0
T3058 042:361.080 JLINK_ReadMem(0x220EC274, 0x4 Bytes, ...)
T3058 042:361.104   CPU_ReadMem(4 bytes @ 0x220EC274)
T3058 042:361.928   Data:  01 00 00 00
T3058 042:361.984 - 0.901ms returns 0
T3058 042:363.064 JLINK_ReadMem(0x020406FA, 0x4 Bytes, ...)
T3058 042:363.128    -- Read from C cache (4 bytes @ 0x020406FA)
T3058 042:363.156   Data:  BF F3 6F 8F
T3058 042:363.184 - 0.120ms returns 0
T6344 042:366.768 JLINK_ReadReg(XPSR)
T6344 042:366.880 - 0.111ms returns 0x41000000
T6344 042:366.916 JLINK_ReadReg(R15 (PC))
T6344 042:366.932 - 0.017ms returns 0x020406FA
T6344 042:367.364 JLINK_IsHalted()
T6344 042:367.412 - 0.049ms returns TRUE
T6344 042:367.432 JLINK_ReadReg(XPSR)
T6344 042:367.452 - 0.020ms returns 0x41000000
T6344 042:367.468 JLINK_ReadReg(R15 (PC))
T6344 042:367.488 - 0.017ms returns 0x020406FA
T6344 042:367.508 JLINK_ReadReg(XPSR)
T6344 042:367.528 - 0.017ms returns 0x41000000
T6344 042:367.544 JLINK_ReadReg(XPSR)
T6344 042:367.560 - 0.017ms returns 0x41000000
T6344 042:367.576 JLINK_ReadReg(R15 (PC))
T6344 042:367.596 - 0.017ms returns 0x020406FA
T6344 042:367.612 JLINK_ReadReg(XPSR)
T6344 042:367.632 - 0.017ms returns 0x41000000
T6344 042:367.648 JLINK_ReadReg(XPSR)
T6344 042:367.668 - 0.017ms returns 0x41000000
T6344 042:367.688 JLINK_ReadMem(0x020406FA, 0x1 Bytes, ...)
T6344 042:367.712    -- Read from C cache (1 bytes @ 0x020406FA)
T6344 042:367.740   Data:  BF
T6344 042:367.768 - 0.082ms returns 0
T6344 042:367.784 JLINK_IsHalted()
T6344 042:367.800 - 0.016ms returns TRUE
T6344 042:367.820 JLINK_ReadReg(XPSR)
T6344 042:367.840 - 0.017ms returns 0x41000000
T6344 042:367.860 JLINK_ReadReg(XPSR)
T6344 042:367.880 - 0.017ms returns 0x41000000
T6344 042:367.896 JLINK_ReadReg(R15 (PC))
T6344 042:367.912 - 0.017ms returns 0x020406FA
T6344 042:367.932 JLINK_ReadReg(XPSR)
T6344 042:367.948 - 0.018ms returns 0x41000000
T6344 042:367.968 JLINK_ReadReg(XPSR)
T6344 042:367.984 - 0.017ms returns 0x41000000
T6344 042:368.004 JLINK_ReadMem(0x020406FA, 0x1 Bytes, ...)
T6344 042:368.020    -- Read from C cache (1 bytes @ 0x020406FA)
T6344 042:368.044   Data:  BF
T6344 042:368.072 - 0.067ms returns 0
T6344 042:369.728 JLINK_ReadMem(0xE0001004, 0x4 Bytes, ...)
T6344 042:369.844   CPU_ReadMem(4 bytes @ 0xE0001004)
T6344 042:370.776   Data:  F3 B6 D8 9B
T6344 042:370.888   Debug reg: DWT_CYCCNT
T6344 042:370.924 - 1.197ms returns 0
T3058 042:395.336 JLINK_ReadMem(0x020406FA, 0x4 Bytes, ...)
T3058 042:395.416    -- Read from C cache (4 bytes @ 0x020406FA)
T3058 042:395.464   Data:  BF F3 6F 8F
T3058 042:395.496 - 0.162ms returns 0
T3058 042:396.096 JLINK_ReadMem(0x220EC290, 0x4 Bytes, ...)
T3058 042:396.160   CPU_ReadMem(4 bytes @ 0x220EC290)
T3058 042:396.976   Data:  03 00 00 00
T3058 042:397.068 - 0.971ms returns 0
T3058 042:397.240 JLINK_ReadMem(0x220EC26C, 0x4 Bytes, ...)
T3058 042:397.280   CPU_ReadMem(4 bytes @ 0x220EC26C)
T3058 042:398.272   Data:  EC BC 0E 22
T3058 042:398.340 - 1.099ms returns 0
T3058 042:398.484 JLINK_ReadMem(0x02042CD0, 0x4 Bytes, ...)
T3058 042:398.516    -- Read from C cache (4 bytes @ 0x02042CD0)
T3058 042:398.540   Data:  04 00 00 00
T3058 042:398.568 - 0.082ms returns 0
T3058 042:398.584 JLINK_ReadMem(0x220EC274, 0x4 Bytes, ...)
T3058 042:398.608   CPU_ReadMem(4 bytes @ 0x220EC274)
T3058 042:399.560   Data:  01 00 00 00
T3058 042:399.620 - 1.034ms returns 0
T3058 042:399.792 JLINK_ReadReg(XPSR)
T3058 042:399.820 - 0.030ms returns 0x41000000
T3058 042:399.840 JLINK_ReadReg(MSP_S)
T3058 042:399.856 - 0.017ms returns 0x220EBBA0
T3058 042:400.472 JLINK_ReadMem(0x220EC290, 0x4 Bytes, ...)
T3058 042:400.544   CPU_ReadMem(4 bytes @ 0x220EC290)
T3058 042:402.252   Data:  03 00 00 00
T3058 042:402.312 - 1.840ms returns 0
T3058 042:402.460 JLINK_ReadMem(0x220EC26C, 0x4 Bytes, ...)
T3058 042:402.500   CPU_ReadMem(4 bytes @ 0x220EC26C)
T3058 042:403.300   Data:  EC BC 0E 22
T3058 042:403.396 - 0.933ms returns 0
T3058 042:403.560 JLINK_ReadMem(0x02042CD0, 0x4 Bytes, ...)
T3058 042:403.592    -- Read from C cache (4 bytes @ 0x02042CD0)
T3058 042:403.620   Data:  04 00 00 00
T3058 042:403.644 - 0.089ms returns 0
T3058 042:403.668 JLINK_ReadMem(0x220EC274, 0x4 Bytes, ...)
T3058 042:403.692   CPU_ReadMem(4 bytes @ 0x220EC274)
T3058 042:404.692   Data:  01 00 00 00
T3058 042:404.776 - 1.106ms returns 0
T3058 042:404.968 JLINK_ReadReg(XPSR)
T3058 042:405.016 - 0.044ms returns 0x41000000
T3058 042:405.032 JLINK_ReadReg(MSP_NS)
T3058 042:405.048 - 0.017ms returns 0x00000000
T3058 042:405.616 JLINK_ReadMem(0x220EC290, 0x4 Bytes, ...)
T3058 042:405.696   CPU_ReadMem(4 bytes @ 0x220EC290)
T3058 042:406.660   Data:  03 00 00 00
T3058 042:406.724 - 1.108ms returns 0
T3058 042:406.868 JLINK_ReadMem(0x220EC26C, 0x4 Bytes, ...)
T3058 042:406.900   CPU_ReadMem(4 bytes @ 0x220EC26C)
T3058 042:407.740   Data:  EC BC 0E 22
T3058 042:407.788 - 0.923ms returns 0
T3058 042:407.916 JLINK_ReadMem(0x02042CD0, 0x4 Bytes, ...)
T3058 042:407.944    -- Read from C cache (4 bytes @ 0x02042CD0)
T3058 042:407.972   Data:  04 00 00 00
T3058 042:407.996 - 0.081ms returns 0
T3058 042:408.016 JLINK_ReadMem(0x220EC274, 0x4 Bytes, ...)
T3058 042:408.036   CPU_ReadMem(4 bytes @ 0x220EC274)
T3058 042:408.864   Data:  01 00 00 00
T3058 042:408.908 - 0.894ms returns 0
T3058 042:409.060 JLINK_ReadReg(XPSR)
T3058 042:409.088 - 0.027ms returns 0x41000000
T3058 042:409.104 JLINK_ReadReg(PSP_S)
T3058 042:409.124 - 0.017ms returns 0x220EBF38
T3058 042:409.532 JLINK_ReadMem(0x220EC290, 0x4 Bytes, ...)
T3058 042:409.576   CPU_ReadMem(4 bytes @ 0x220EC290)
T3058 042:410.272   Data:  03 00 00 00
T3058 042:410.320 - 0.786ms returns 0
T3058 042:410.440 JLINK_ReadMem(0x220EC26C, 0x4 Bytes, ...)
T3058 042:410.472   CPU_ReadMem(4 bytes @ 0x220EC26C)
T3058 042:411.152   Data:  EC BC 0E 22
T3058 042:411.204 - 0.762ms returns 0
T3058 042:411.332 JLINK_ReadMem(0x02042CD0, 0x4 Bytes, ...)
T3058 042:411.364    -- Read from C cache (4 bytes @ 0x02042CD0)
T3058 042:411.388   Data:  04 00 00 00
T3058 042:411.412 - 0.080ms returns 0
T3058 042:411.432 JLINK_ReadMem(0x220EC274, 0x4 Bytes, ...)
T3058 042:411.452   CPU_ReadMem(4 bytes @ 0x220EC274)
T3058 042:412.168   Data:  01 00 00 00
T3058 042:412.220 - 0.788ms returns 0
T3058 042:412.372 JLINK_ReadReg(XPSR)
T3058 042:412.400 - 0.031ms returns 0x41000000
T3058 042:412.420 JLINK_ReadReg(PSP_NS)
T3058 042:412.440 - 0.017ms returns 0x00000000
T3058 042:414.216 JLINK_ReadMem(0x220EBF00, 0x40 Bytes, ...)
T3058 042:414.280   CPU_ReadMem(64 bytes @ 0x220EBF00)
T3058 042:415.600   Data:  00 00 00 00 FD FF FF FF 01 00 00 00 04 ED 00 E0 ...
T3058 042:415.656 - 1.445ms returns 0
T3058 042:420.904 JLINK_ReadMem(0x02040716, 0x4 Bytes, ...)
T3058 042:421.032   CPU_ReadMem(64 bytes @ 0x02040700)
T3058 042:422.388    -- Updating C cache (64 bytes @ 0x02040700)
T3058 042:422.472    -- Read from C cache (4 bytes @ 0x02040716)
T3058 042:422.500   Data:  62 B6 BD E8
T3058 042:422.520 - 1.620ms returns 0
T3058 042:424.616 JLINK_ReadMem(0x220EBF40, 0x40 Bytes, ...)
T3058 042:424.680   CPU_ReadMem(64 bytes @ 0x220EBF40)
T3058 042:425.880   Data:  00 00 00 00 7D 20 04 02 00 00 00 00 50 C1 0E 22 ...
T3058 042:425.932 - 1.315ms returns 0
T3058 042:428.496 JLINK_ReadMem(0x0204207C, 0x4 Bytes, ...)
T3058 042:428.588   CPU_ReadMem(64 bytes @ 0x02042040)
T3058 042:429.896    -- Updating C cache (64 bytes @ 0x02042040)
T3058 042:429.940    -- Read from C cache (4 bytes @ 0x0204207C)
T3058 042:429.968   Data:  F2 E7 80 B5
T3058 042:429.992 - 1.496ms returns 0
T3058 042:430.868 JLINK_ReadMem(0x00000002, 0x4 Bytes, ...)
T3058 042:430.936   CPU_ReadMem(4 bytes @ 0x00000002)
T3058 042:431.996   Data:  09 54 8C E5
T3058 042:432.048 - 1.179ms returns 0
T3058 042:432.908 JLINK_ReadMem(0x00000002, 0x4 Bytes, ...)
T3058 042:432.976   CPU_ReadMem(4 bytes @ 0x00000002)
T3058 042:434.148   Data:  09 54 8C E5
T3058 042:434.196 - 1.287ms returns 0
T3058 042:489.140 JLINK_ReadMem(0x220EC290, 0x4 Bytes, ...)
T3058 042:489.236   CPU_ReadMem(4 bytes @ 0x220EC290)
T3058 042:490.264   Data:  03 00 00 00
T3058 042:490.336 - 1.199ms returns 0
T3058 042:490.488 JLINK_ReadMem(0x220EC26C, 0x4 Bytes, ...)
T3058 042:490.532   CPU_ReadMem(4 bytes @ 0x220EC26C)
T3058 042:491.392   Data:  EC BC 0E 22
T3058 042:491.464 - 0.975ms returns 0
T3058 042:491.592 JLINK_ReadMem(0x02042CD0, 0x4 Bytes, ...)
T3058 042:491.620    -- Read from C cache (4 bytes @ 0x02042CD0)
T3058 042:491.644   Data:  04 00 00 00
T3058 042:491.672 - 0.079ms returns 0
T3058 042:491.688 JLINK_ReadMem(0x220EC274, 0x4 Bytes, ...)
T3058 042:491.712   CPU_ReadMem(4 bytes @ 0x220EC274)
T3058 042:492.528   Data:  01 00 00 00
T3058 042:492.596 - 0.904ms returns 0
T3058 042:492.740 JLINK_ReadMem(0x220EC290, 0x4 Bytes, ...)
T3058 042:492.776   CPU_ReadMem(4 bytes @ 0x220EC290)
T3058 042:493.612   Data:  03 00 00 00
T3058 042:493.684 - 0.944ms returns 0
T3058 042:493.828 JLINK_ReadMem(0x220EC26C, 0x4 Bytes, ...)
T3058 042:493.864   CPU_ReadMem(4 bytes @ 0x220EC26C)
T3058 042:494.624   Data:  EC BC 0E 22
T3058 042:494.700 - 0.873ms returns 0
T3058 042:494.832 JLINK_ReadMem(0x02042CD0, 0x4 Bytes, ...)
T3058 042:494.860    -- Read from C cache (4 bytes @ 0x02042CD0)
T3058 042:494.888   Data:  04 00 00 00
T3058 042:494.916 - 0.084ms returns 0
T3058 042:494.992 JLINK_ReadMem(0x220EC274, 0x4 Bytes, ...)
T3058 042:495.028   CPU_ReadMem(4 bytes @ 0x220EC274)
T3058 042:495.916   Data:  01 00 00 00
T3058 042:496.004 - 1.010ms returns 0
T3058 042:497.220 JLINK_ReadMem(0x220EC290, 0x4 Bytes, ...)
T3058 042:497.284   CPU_ReadMem(4 bytes @ 0x220EC290)
T3058 042:498.156   Data:  03 00 00 00
T3058 042:498.216 - 0.998ms returns 0
T3058 042:498.356 JLINK_ReadMem(0x220EC26C, 0x4 Bytes, ...)
T3058 042:498.388   CPU_ReadMem(4 bytes @ 0x220EC26C)
T3058 042:499.156   Data:  EC BC 0E 22
T3058 042:499.216 - 0.860ms returns 0
T3058 042:499.348 JLINK_ReadMem(0x02042CD0, 0x4 Bytes, ...)
T3058 042:499.376    -- Read from C cache (4 bytes @ 0x02042CD0)
T3058 042:499.400   Data:  04 00 00 00
T3058 042:499.428 - 0.081ms returns 0
T3058 042:499.448 JLINK_ReadMem(0x220EC274, 0x4 Bytes, ...)
T3058 042:499.472   CPU_ReadMem(4 bytes @ 0x220EC274)
T3058 042:500.312   Data:  01 00 00 00
T3058 042:500.396 - 0.948ms returns 0
T3058 042:500.564 JLINK_ReadMem(0x220EC290, 0x4 Bytes, ...)
T3058 042:500.600   CPU_ReadMem(4 bytes @ 0x220EC290)
T3058 042:501.244   Data:  03 00 00 00
T3058 042:501.312 - 0.749ms returns 0
T3058 042:501.472 JLINK_ReadMem(0x220EC26C, 0x4 Bytes, ...)
T3058 042:501.504   CPU_ReadMem(4 bytes @ 0x220EC26C)
T3058 042:502.200   Data:  EC BC 0E 22
T3058 042:502.252 - 0.783ms returns 0
T3058 042:502.388 JLINK_ReadMem(0x02042CD0, 0x4 Bytes, ...)
T3058 042:502.420    -- Read from C cache (4 bytes @ 0x02042CD0)
T3058 042:502.444   Data:  04 00 00 00
T3058 042:502.472 - 0.084ms returns 0
T3058 042:502.488 JLINK_ReadMem(0x220EC274, 0x4 Bytes, ...)
T3058 042:502.512   CPU_ReadMem(4 bytes @ 0x220EC274)
T3058 042:503.220   Data:  01 00 00 00
T3058 042:503.284 - 0.791ms returns 0
T3058 044:704.332 JLINK_ReadMem(0x220EC290, 0x4 Bytes, ...)
T3058 044:704.432   CPU_ReadMem(4 bytes @ 0x220EC290)
T3058 044:706.004   Data:  03 00 00 00
T3058 044:706.084 - 1.750ms returns 0
T3058 044:706.264 JLINK_ReadMem(0x220EC26C, 0x4 Bytes, ...)
T3058 044:706.300   CPU_ReadMem(4 bytes @ 0x220EC26C)
T3058 044:707.972   Data:  EC BC 0E 22
T3058 044:708.036 - 1.774ms returns 0
T3058 044:708.200 JLINK_ReadMem(0x02042CD0, 0x4 Bytes, ...)
T3058 044:708.240    -- Read from C cache (4 bytes @ 0x02042CD0)
T3058 044:708.272   Data:  04 00 00 00
T3058 044:708.300 - 0.099ms returns 0
T3058 044:708.340 JLINK_ReadMem(0x220EC274, 0x4 Bytes, ...)
T3058 044:708.372   CPU_ReadMem(4 bytes @ 0x220EC274)
T3058 044:709.708   Data:  01 00 00 00
T3058 044:709.776 - 1.435ms returns 0
T6EFC 044:715.864 JLINK_Halt()
T6EFC 044:716.768 - 0.903ms returns 0x00
T6EFC 044:717.004 JLINK_ReadReg(XPSR)
T6EFC 044:717.044 - 0.037ms returns 0x41000000
T6EFC 044:725.432 JLINK_Close()
T6EFC 044:755.336 - 29.908ms
T6EFC 044:755.436   
T6EFC 044:755.468   Closed
