2026-04-24 11:01:36,830 [INFO] (check_requirements.py #28, load_requirements): 📥 Downloading requirements from https://Tool-support.renesas.com/tool-support/Zoo/MCT/requirements.txt
2026-04-24 11:01:36,838 [DEBUG] (connectionpool.py #1049, _new_conn): Starting new HTTPS connection (1): tool-support.renesas.com:443
2026-04-24 11:01:37,411 [DEBUG] (connectionpool.py #544, _make_request): https://tool-support.renesas.com:443 "GET /tool-support/Zoo/MCT/requirements.txt HTTP/1.1" 200 None
2026-04-24 11:01:37,423 [INFO] (check_requirements.py #56, check_requirements): mera: INSTALLED (2.5.0+pkg.3577)
2026-04-24 11:01:37,429 [INFO] (check_requirements.py #75, check_requirements): onnx==1.17.0: OK
2026-04-24 11:01:37,433 [INFO] (check_requirements.py #75, check_requirements): tflite==2.18.0: OK
[INFO] Success to execute the command
Exit code: 0
CMD:[C:/Workspace/Audio_PoC/.metadata/.plugins/com.renesas.ai.translator/py.bat C:/Workspace/Audio_PoC/audio_noise_suppression_ra8p1/.settings/.plugin/com.renesas.ai.translator/renesas_aicompiler_caller/cli.py comm get_model_info --framework tflite --input_model C:/Workspace/Audio_PoC/audio_noise_suppression_ra8p1/rnnoise_INT8.tflite --output_shape_dict_jsonpath C:/Workspace/Audio_PoC/audio_noise_suppression_ra8p1/conversion_results/conversion_tool_settings/rnnoise_INT8.tflite_input_shape.json --output_model_info_jsonpath C:/Workspace/Audio_PoC/audio_noise_suppression_ra8p1/conversion_results/conversion_tool_settings/rnnoise_INT8.tflite_model_info.json --accelerator_type ethos-u55 ]
2026-04-24 11:01:50,245 [INFO] (environment_check.py #288, exec_environment_check): Execute environment check ...
2026-04-24 11:01:51,086 [DEBUG] (__init__.py #342, wrapper): matplotlib data path: C:\Users\a5145401\AppData\Local\Programs\Renesas\RA\e2studio_v2025-12_fsp_v6.4.0\ruhmi\.venv\lib\site-packages\matplotlib\mpl-data
2026-04-24 11:01:51,097 [DEBUG] (__init__.py #342, wrapper): CONFIGDIR=C:\Users\a5145401\.matplotlib
2026-04-24 11:01:51,099 [DEBUG] (__init__.py #1560, <module>): interactive is False
2026-04-24 11:01:51,099 [DEBUG] (__init__.py #1561, <module>): platform is win32
2026-04-24 11:01:51,167 [DEBUG] (__init__.py #342, wrapper): CACHEDIR=C:\Users\a5145401\.matplotlib
2026-04-24 11:01:51,173 [DEBUG] (font_manager.py #1635, _load_fontmanager): Using fontManager instance from C:\Users\a5145401\.matplotlib\fontlist-v390.json
2026-04-24 11:01:52,734 [INFO] (environment_check.py #206, _check_python_deps_for_windows): mera version 2.5.0+pkg.3577 released on 2025-09-30
2026-04-24 11:01:52,735 [INFO] (environment_check.py #192, _check_python_package_and_version): 'mera' version 2.5.0+pkg.3577 is installed.
2026-04-24 11:01:52,738 [INFO] (environment_check.py #192, _check_python_package_and_version): 'ethos-u-vela' version 4.2.0 is installed.
2026-04-24 11:01:52,741 [INFO] (environment_check.py #192, _check_python_package_and_version): 'tflite' version 2.18.0 is installed.
2026-04-24 11:01:52,743 [INFO] (environment_check.py #192, _check_python_package_and_version): 'onnx' version 1.17.0 is installed.
2026-04-24 11:01:52,746 [INFO] (environment_check.py #192, _check_python_package_and_version): 'typing_extensions' version 4.15.0 is installed.
2026-04-24 11:01:52,787 [INFO] (get_model_info.py #523, main): [Parsing input model node start...]
2026-04-24 11:01:52,787 [INFO] (get_model_info.py #422, make_shape_dict_from_model): Make shape_dict from model.
2026-04-24 11:01:53,232 [INFO] (get_model_info.py #378, get_tflite_shape_dict): tflite_shape_dict: {'main_input_int8': (1, 1, 42), 'vad_gru_prev_state_int8': (1, 24), 'noise_gru_prev_state_int8': (1, 48), 'denoise_gru_prev_state_int8': (1, 96)}
2026-04-24 11:01:53,232 [INFO] (get_model_info.py #384, get_tflite_shape_dict): shape_dict: {'main_input_int8': [1, 1, 42], 'vad_gru_prev_state_int8': [1, 24], 'noise_gru_prev_state_int8': [1, 48], 'denoise_gru_prev_state_int8': [1, 96]}
2026-04-24 11:01:54.175980: I tensorflow/core/util/port.cc:153] oneDNN custom operations are on. You may see slightly different numerical results due to floating-point round-off errors from different computation orders. To turn them off, set the environment variable `TF_ENABLE_ONEDNN_OPTS=0`.
2026-04-24 11:01:57.637651: I tensorflow/core/util/port.cc:153] oneDNN custom operations are on. You may see slightly different numerical results due to floating-point round-off errors from different computation orders. To turn them off, set the environment variable `TF_ENABLE_ONEDNN_OPTS=0`.
2026-04-24 11:01:58,152 [DEBUG] (tpu_cluster_resolver.py #34, <module>): Falling back to TensorFlow client; we recommended you install the Cloud TPU client directly with pip install cloud-tpu-client.
2026-04-24 11:01:59,482 [DEBUG] (__init__.py #47, <module>): Creating converter from 7 to 5
2026-04-24 11:01:59,483 [DEBUG] (__init__.py #47, <module>): Creating converter from 5 to 7
2026-04-24 11:01:59,483 [DEBUG] (__init__.py #47, <module>): Creating converter from 7 to 5
2026-04-24 11:01:59,483 [DEBUG] (__init__.py #47, <module>): Creating converter from 5 to 7
INFO: Created TensorFlow Lite XNNPACK delegate for CPU.
2026-04-24 11:02:02,908 [INFO] (get_model_info.py #221, is_tflite_quantized): === Input Details ===
2026-04-24 11:02:02,909 [INFO] (get_model_info.py #223, is_tflite_quantized): Input tensor 0:
2026-04-24 11:02:02,909 [INFO] (get_model_info.py #224, is_tflite_quantized):   name: main_input_int8
2026-04-24 11:02:02,909 [INFO] (get_model_info.py #225, is_tflite_quantized):   index: 0
2026-04-24 11:02:02,910 [INFO] (get_model_info.py #226, is_tflite_quantized):   shape: [ 1  1 42]
2026-04-24 11:02:02,910 [INFO] (get_model_info.py #227, is_tflite_quantized):   dtype: <class 'numpy.int8'>
2026-04-24 11:02:02,910 [INFO] (get_model_info.py #229, is_tflite_quantized):   quantization (deprecated)_soon): (0.22150060534477234, 14)
2026-04-24 11:02:02,911 [INFO] (get_model_info.py #230, is_tflite_quantized):   quantization_parameters: {'scales': array([0.2215006], dtype=float32), 'zero_points': array([14]), 'quantized_dimension': 0}
2026-04-24 11:02:02,911 [INFO] (get_model_info.py #231, is_tflite_quantized):   sparsity_parameters: {}
2026-04-24 11:02:02,911 [INFO] (get_model_info.py #223, is_tflite_quantized): Input tensor 1:
2026-04-24 11:02:02,911 [INFO] (get_model_info.py #224, is_tflite_quantized):   name: vad_gru_prev_state_int8
2026-04-24 11:02:02,911 [INFO] (get_model_info.py #225, is_tflite_quantized):   index: 1
2026-04-24 11:02:02,911 [INFO] (get_model_info.py #226, is_tflite_quantized):   shape: [ 1 24]
2026-04-24 11:02:02,911 [INFO] (get_model_info.py #227, is_tflite_quantized):   dtype: <class 'numpy.int8'>
2026-04-24 11:02:02,912 [INFO] (get_model_info.py #229, is_tflite_quantized):   quantization (deprecated)_soon): (0.007843135856091976, -1)
2026-04-24 11:02:02,912 [INFO] (get_model_info.py #230, is_tflite_quantized):   quantization_parameters: {'scales': array([0.00784314], dtype=float32), 'zero_points': array([-1]), 'quantized_dimension': 0}
2026-04-24 11:02:02,912 [INFO] (get_model_info.py #231, is_tflite_quantized):   sparsity_parameters: {}
2026-04-24 11:02:02,912 [INFO] (get_model_info.py #223, is_tflite_quantized): Input tensor 2:
2026-04-24 11:02:02,912 [INFO] (get_model_info.py #224, is_tflite_quantized):   name: noise_gru_prev_state_int8
2026-04-24 11:02:02,912 [INFO] (get_model_info.py #225, is_tflite_quantized):   index: 2
2026-04-24 11:02:02,912 [INFO] (get_model_info.py #226, is_tflite_quantized):   shape: [ 1 48]
2026-04-24 11:02:02,912 [INFO] (get_model_info.py #227, is_tflite_quantized):   dtype: <class 'numpy.int8'>
2026-04-24 11:02:02,912 [INFO] (get_model_info.py #229, is_tflite_quantized):   quantization (deprecated)_soon): (0.04794248938560486, -128)
2026-04-24 11:02:02,913 [INFO] (get_model_info.py #230, is_tflite_quantized):   quantization_parameters: {'scales': array([0.04794249], dtype=float32), 'zero_points': array([-128]), 'quantized_dimension': 0}
2026-04-24 11:02:02,913 [INFO] (get_model_info.py #231, is_tflite_quantized):   sparsity_parameters: {}
2026-04-24 11:02:02,913 [INFO] (get_model_info.py #223, is_tflite_quantized): Input tensor 3:
2026-04-24 11:02:02,913 [INFO] (get_model_info.py #224, is_tflite_quantized):   name: denoise_gru_prev_state_int8
2026-04-24 11:02:02,913 [INFO] (get_model_info.py #225, is_tflite_quantized):   index: 3
2026-04-24 11:02:02,913 [INFO] (get_model_info.py #226, is_tflite_quantized):   shape: [ 1 96]
2026-04-24 11:02:02,913 [INFO] (get_model_info.py #227, is_tflite_quantized):   dtype: <class 'numpy.int8'>
2026-04-24 11:02:02,913 [INFO] (get_model_info.py #229, is_tflite_quantized):   quantization (deprecated)_soon): (0.007843135856091976, -1)
2026-04-24 11:02:02,913 [INFO] (get_model_info.py #230, is_tflite_quantized):   quantization_parameters: {'scales': array([0.00784314], dtype=float32), 'zero_points': array([-1]), 'quantized_dimension': 0}
2026-04-24 11:02:02,913 [INFO] (get_model_info.py #231, is_tflite_quantized):   sparsity_parameters: {}
2026-04-24 11:02:02,913 [INFO] (get_model_info.py #233, is_tflite_quantized): === Output Details ===
2026-04-24 11:02:02,913 [INFO] (get_model_info.py #235, is_tflite_quantized): Output tensor 0:
2026-04-24 11:02:02,913 [INFO] (get_model_info.py #236, is_tflite_quantized):   name: Identity_int8
2026-04-24 11:02:02,913 [INFO] (get_model_info.py #237, is_tflite_quantized):   index: 100
2026-04-24 11:02:02,913 [INFO] (get_model_info.py #238, is_tflite_quantized):   shape: [ 1  1 96]
2026-04-24 11:02:02,914 [INFO] (get_model_info.py #239, is_tflite_quantized):   dtype: <class 'numpy.int8'>
2026-04-24 11:02:02,914 [INFO] (get_model_info.py #241, is_tflite_quantized):   quantization (deprecated_soon): (0.007843137718737125, -1)
2026-04-24 11:02:02,914 [INFO] (get_model_info.py #242, is_tflite_quantized):   quantization_parameters: {'scales': array([0.00784314], dtype=float32), 'zero_points': array([-1]), 'quantized_dimension': 0}
2026-04-24 11:02:02,914 [INFO] (get_model_info.py #243, is_tflite_quantized):   sparsity_parameters: {}
2026-04-24 11:02:02,914 [INFO] (get_model_info.py #235, is_tflite_quantized): Output tensor 1:
2026-04-24 11:02:02,914 [INFO] (get_model_info.py #236, is_tflite_quantized):   name: Identity_1_int8
2026-04-24 11:02:02,914 [INFO] (get_model_info.py #237, is_tflite_quantized):   index: 104
2026-04-24 11:02:02,914 [INFO] (get_model_info.py #238, is_tflite_quantized):   shape: [ 1  1 22]
2026-04-24 11:02:02,914 [INFO] (get_model_info.py #239, is_tflite_quantized):   dtype: <class 'numpy.int8'>
2026-04-24 11:02:02,914 [INFO] (get_model_info.py #241, is_tflite_quantized):   quantization (deprecated_soon): (0.00390625, -128)
2026-04-24 11:02:02,914 [INFO] (get_model_info.py #242, is_tflite_quantized):   quantization_parameters: {'scales': array([0.00390625], dtype=float32), 'zero_points': array([-128]), 'quantized_dimension': 0}
2026-04-24 11:02:02,914 [INFO] (get_model_info.py #243, is_tflite_quantized):   sparsity_parameters: {}
2026-04-24 11:02:02,914 [INFO] (get_model_info.py #235, is_tflite_quantized): Output tensor 2:
2026-04-24 11:02:02,914 [INFO] (get_model_info.py #236, is_tflite_quantized):   name: Identity_2_int8
2026-04-24 11:02:02,914 [INFO] (get_model_info.py #237, is_tflite_quantized):   index: 82
2026-04-24 11:02:02,914 [INFO] (get_model_info.py #238, is_tflite_quantized):   shape: [ 1  1 48]
2026-04-24 11:02:02,914 [INFO] (get_model_info.py #239, is_tflite_quantized):   dtype: <class 'numpy.int8'>
2026-04-24 11:02:02,914 [INFO] (get_model_info.py #241, is_tflite_quantized):   quantization (deprecated_soon): (0.04794248566031456, -128)
2026-04-24 11:02:02,915 [INFO] (get_model_info.py #242, is_tflite_quantized):   quantization_parameters: {'scales': array([0.04794249], dtype=float32), 'zero_points': array([-128]), 'quantized_dimension': 0}
2026-04-24 11:02:02,915 [INFO] (get_model_info.py #243, is_tflite_quantized):   sparsity_parameters: {}
2026-04-24 11:02:02,915 [INFO] (get_model_info.py #235, is_tflite_quantized): Output tensor 3:
2026-04-24 11:02:02,915 [INFO] (get_model_info.py #236, is_tflite_quantized):   name: Identity_3_int8
2026-04-24 11:02:02,915 [INFO] (get_model_info.py #237, is_tflite_quantized):   index: 65
2026-04-24 11:02:02,915 [INFO] (get_model_info.py #238, is_tflite_quantized):   shape: [ 1  1 24]
2026-04-24 11:02:02,915 [INFO] (get_model_info.py #239, is_tflite_quantized):   dtype: <class 'numpy.int8'>
2026-04-24 11:02:02,915 [INFO] (get_model_info.py #241, is_tflite_quantized):   quantization (deprecated_soon): (0.007843137718737125, -1)
2026-04-24 11:02:02,915 [INFO] (get_model_info.py #242, is_tflite_quantized):   quantization_parameters: {'scales': array([0.00784314], dtype=float32), 'zero_points': array([-1]), 'quantized_dimension': 0}
2026-04-24 11:02:02,915 [INFO] (get_model_info.py #243, is_tflite_quantized):   sparsity_parameters: {}
2026-04-24 11:02:02,915 [INFO] (get_model_info.py #235, is_tflite_quantized): Output tensor 4:
2026-04-24 11:02:02,915 [INFO] (get_model_info.py #236, is_tflite_quantized):   name: Identity_4_int8
2026-04-24 11:02:02,915 [INFO] (get_model_info.py #237, is_tflite_quantized):   index: 108
2026-04-24 11:02:02,915 [INFO] (get_model_info.py #238, is_tflite_quantized):   shape: [1 1 1]
2026-04-24 11:02:02,915 [INFO] (get_model_info.py #239, is_tflite_quantized):   dtype: <class 'numpy.int8'>
2026-04-24 11:02:02,915 [INFO] (get_model_info.py #241, is_tflite_quantized):   quantization (deprecated_soon): (0.00390625, -128)
2026-04-24 11:02:02,915 [INFO] (get_model_info.py #242, is_tflite_quantized):   quantization_parameters: {'scales': array([0.00390625], dtype=float32), 'zero_points': array([-128]), 'quantized_dimension': 0}
2026-04-24 11:02:02,915 [INFO] (get_model_info.py #243, is_tflite_quantized):   sparsity_parameters: {}
2026-04-24 11:02:02,921 [INFO] (get_model_info.py #504, write_dict2json): Write dictionary to json file.
2026-04-24 11:02:02,923 [INFO] (get_model_info.py #504, write_dict2json): Write dictionary to json file.
2026-04-24 11:02:02,927 [INFO] (get_model_info.py #537, main): [Parsing input model node finished]
Variable container does not have anything...
[INFO] Success to execute the command
CMD:[C:/Workspace/Audio_PoC/.metadata/.plugins/com.renesas.ai.translator/py.bat C:/Workspace/Audio_PoC/audio_noise_suppression_ra8p1/.settings/.plugin/com.renesas.ai.translator/renesas_aicompiler_caller/cli.py ruhmi deploy --framework quantized --input_model C:/Workspace/Audio_PoC/audio_noise_suppression_ra8p1/rnnoise_INT8.tflite --output_dir C:/Workspace/Audio_PoC/audio_noise_suppression_ra8p1/conversion_results/converted --optimization_mode 0 --memory_mode 0 --mera_options  --vela_options  --shape_dict_json C:/Workspace/Audio_PoC/audio_noise_suppression_ra8p1/conversion_results/conversion_tool_settings/rnnoise_INT8.tflite_input_shape.json ]
2026-04-24 11:02:20,021 [INFO] (environment_check.py #288, exec_environment_check): Execute environment check ...
2026-04-24 11:02:20,419 [DEBUG] (__init__.py #342, wrapper): matplotlib data path: C:\Users\a5145401\AppData\Local\Programs\Renesas\RA\e2studio_v2025-12_fsp_v6.4.0\ruhmi\.venv\lib\site-packages\matplotlib\mpl-data
2026-04-24 11:02:20,427 [DEBUG] (__init__.py #342, wrapper): CONFIGDIR=C:\Users\a5145401\.matplotlib
2026-04-24 11:02:20,429 [DEBUG] (__init__.py #1560, <module>): interactive is False
2026-04-24 11:02:20,429 [DEBUG] (__init__.py #1561, <module>): platform is win32
2026-04-24 11:02:20,468 [DEBUG] (__init__.py #342, wrapper): CACHEDIR=C:\Users\a5145401\.matplotlib
2026-04-24 11:02:20,473 [DEBUG] (font_manager.py #1635, _load_fontmanager): Using fontManager instance from C:\Users\a5145401\.matplotlib\fontlist-v390.json
2026-04-24 11:02:21,297 [INFO] (environment_check.py #206, _check_python_deps_for_windows): mera version 2.5.0+pkg.3577 released on 2025-09-30
2026-04-24 11:02:21,300 [INFO] (environment_check.py #192, _check_python_package_and_version): 'mera' version 2.5.0+pkg.3577 is installed.
2026-04-24 11:02:21,303 [INFO] (environment_check.py #192, _check_python_package_and_version): 'ethos-u-vela' version 4.2.0 is installed.
2026-04-24 11:02:21,304 [INFO] (environment_check.py #192, _check_python_package_and_version): 'tflite' version 2.18.0 is installed.
2026-04-24 11:02:21,305 [INFO] (environment_check.py #192, _check_python_package_and_version): 'onnx' version 1.17.0 is installed.
2026-04-24 11:02:21,308 [INFO] (environment_check.py #192, _check_python_package_and_version): 'typing_extensions' version 4.15.0 is installed.
2026-04-24 11:02:21,318 [INFO] (deploy_model.py #335, main): Arguments: Namespace(framework='quantized', input_model='C:/Workspace/Audio_PoC/audio_noise_suppression_ra8p1/rnnoise_INT8.tflite', output_dir='C:/Workspace/Audio_PoC/audio_noise_suppression_ra8p1/conversion_results/converted', shape_dict_json='C:/Workspace/Audio_PoC/audio_noise_suppression_ra8p1/conversion_results/conversion_tool_settings/rnnoise_INT8.tflite_input_shape.json', optimization_mode=0, memory_mode=0, use_only_cpu=False, weight_loc=0, ethos_configuration_filepath=None, mera_options='', vela_options='')
2026-04-24 11:02:21,318 [INFO] (deploy_model.py #336, main): Mera options: Namespace(target='mcu', enable_ospi=False, enable_ref_data=True, suffix='', use_x86=False, args=[])
2026-04-24 11:02:21,318 [INFO] (deploy_model.py #337, main): Vela options: Namespace(sys_config='RA8P1', accel_config='ethos-u55-256', verbose_all=False, args=[])
Variable container does not have anything...
2026-04-24 11:02:21,319 [INFO] (deploy_model.py #361, main): Targeting MCU on ALT2 
2026-04-24 11:02:21,319 [INFO] (deploy_model.py #294, compile_mera): 
Deploying MERA model ...
2026-04-24 11:02:21,323 [DEBUG] (deploy_project.py #181, pushd): (pushd) Running in model
2026-04-24 11:02:21,325 [DEBUG] (utils.py #21, cmd): Running command 'C:\Users\a5145401\AppData\Local\Programs\Renesas\RA\e2studio_v2025-12_fsp_v6.4.0\ruhmi\.venv\Lib\site-packages\mera\bin_utils\fe_tflite_cli --io_desc_input C:\Workspace\Audio_PoC\audio_noise_suppression_ra8p1\rnnoise_INT8.tflite --io_desc_result C:\Users\a5145401\AppData\Local\Temp\tmp8658dk79\tempfile'
2026-04-24 11:02:22,004 [DEBUG] (deploy_project.py #154, save_artifact): Saved json artifact 'input_desc.json' into C:\Workspace\Audio_PoC\audio_noise_suppression_ra8p1\conversion_results\converted\model
2026-04-24 11:02:22,005 [DEBUG] (deploy_project.py #188, popd): (popd) cwd is now C:\Workspace\Audio_PoC\audio_noise_suppression_ra8p1\conversion_results\converted
2026-04-24 11:02:22,005 [INFO] (deploy.py #251, deploy):  *** mera v2.5.0+pkg.3577 ***
2026-04-24 11:02:22,005 [INFO] (deploy.py #252, deploy): Starting deployment of model 'rnnoise_INT8'...
2026-04-24 11:02:22,005 [DEBUG] (deploy_project.py #181, pushd): (pushd) Running in build
2026-04-24 11:02:22,006 [DEBUG] (deploy_project.py #181, pushd): (pushd) Running in MCU
2026-04-24 11:02:22,009 [DEBUG] (deploy_project.py #154, save_artifact): Saved json artifact 'deploy_cfg.json' into C:\Workspace\Audio_PoC\audio_noise_suppression_ra8p1\conversion_results\converted\build\MCU
2026-04-24 11:02:22,011 [DEBUG] (utils.py #21, cmd): Running command 'C:\Users\a5145401\AppData\Local\Programs\Renesas\RA\e2studio_v2025-12_fsp_v6.4.0\ruhmi\.venv\Lib\site-packages\mera\bin_utils\fe_tflite_cli C:\Workspace\Audio_PoC\audio_noise_suppression_ra8p1\conversion_results\converted\build\MCU\deploy_cfg.json'
2026-04-24 11:02:22,462 [DEBUG] (deploy_project.py #181, pushd): (pushd) Running in model
2026-04-24 11:02:22,464 [DEBUG] (deploy_project.py #154, save_artifact): Saved json artifact 'input_desc.json' into C:\Workspace\Audio_PoC\audio_noise_suppression_ra8p1\conversion_results\converted\model
2026-04-24 11:02:22,465 [DEBUG] (deploy_project.py #188, popd): (popd) cwd is now C:\Workspace\Audio_PoC\audio_noise_suppression_ra8p1\conversion_results\converted\build\MCU
2026-04-24 11:02:22,478 [DEBUG] (utils.py #21, cmd): Running command 'C:\Users\a5145401\AppData\Local\Programs\Renesas\RA\e2studio_v2025-12_fsp_v6.4.0\ruhmi\.venv\Lib\site-packages\mera\bin_utils\ccodegen\c_codegen C:\Workspace\Audio_PoC\audio_noise_suppression_ra8p1\conversion_results\converted\build\MCU\compilation C:\Workspace\Audio_PoC\audio_noise_suppression_ra8p1\conversion_results\converted\build\MCU\compilation\src  '
2026-04-24 11:02:22,890 [DEBUG] (utils.py #21, cmd): Running command 'C:\Users\a5145401\AppData\Local\Programs\Renesas\RA\e2studio_v2025-12_fsp_v6.4.0\ruhmi\.venv\Lib\site-packages\mera\bin_utils\ccodegen\c_codegen C:\Workspace\Audio_PoC\audio_noise_suppression_ra8p1\conversion_results\converted\build\MCU\compilation\sub_0000__CPU_C_CODEGEN\model.merair C:\Users\a5145401\AppData\Local\Programs\Renesas\RA\e2studio_v2025-12_fsp_v6.4.0\ruhmi\.venv\Lib\site-packages\mera\bin_utils\ccodegen\templates C:\Users\a5145401\AppData\Local\Programs\Renesas\RA\e2studio_v2025-12_fsp_v6.4.0\ruhmi\.venv\Lib\site-packages\mera\bin_utils\ccodegen\kernel_library sub_0000 C:\Workspace\Audio_PoC\audio_noise_suppression_ra8p1\conversion_results\converted\build\MCU\compilation\src flash   '
2026-04-24 11:02:23,015 [DEBUG] (utils.py #21, cmd): Running command 'vela --config C:\Users\a5145401\AppData\Local\Programs\Renesas\RA\e2studio_v2025-12_fsp_v6.4.0\ruhmi\.venv\Lib\site-packages\mera\bin_utils\ccodegen\system_config.ini --system-config RA8P1 --memory-mode Sram_Only --accelerator-config ethos-u55-256 --optimise Performance --output-dir C:\Workspace\Audio_PoC\audio_noise_suppression_ra8p1\conversion_results\converted\build\MCU\compilation\sub_0001__ARM_ETHOS_U55_C_CODEGEN  C:\Workspace\Audio_PoC\audio_noise_suppression_ra8p1\conversion_results\converted\build\MCU\compilation\sub_0001__ARM_ETHOS_U55_C_CODEGEN/model.tflite'
2026-04-24 11:02:24,621 [DEBUG] (utils.py #21, cmd): Running command 'C:\Users\a5145401\AppData\Local\Programs\Renesas\RA\e2studio_v2025-12_fsp_v6.4.0\ruhmi\.venv\Lib\site-packages\mera\bin_utils\ccodegen\vela_optimized_to_source C:\Workspace\Audio_PoC\audio_noise_suppression_ra8p1\conversion_results\converted\build\MCU  '
2026-04-24 11:02:25,072 [DEBUG] (utils.py #21, cmd): Running command 'C:\Users\a5145401\AppData\Local\Programs\Renesas\RA\e2studio_v2025-12_fsp_v6.4.0\ruhmi\.venv\Lib\site-packages\mera\bin_utils\ccodegen\tflite_io_data C:\Workspace\Audio_PoC\audio_noise_suppression_ra8p1\conversion_results\converted\build\MCU\deploy_cfg.json'
2026-04-24 11:02:25,522 [INFO] (deploy_model.py #378, main): SUCCESS, saved at C:/Workspace/Audio_PoC/audio_noise_suppression_ra8p1/conversion_results/converted
[2026-04-24 11:02:22.085] [info] Loading and converting TFLite model ... 
[2026-04-24 11:02:22.086] [info] TFLite Model Version: 3
[2026-04-24 11:02:22.106] [info] Converting to canonical ...
[2026-04-24 11:02:22.129] [info] Converting to target IR ...
[2026-04-24 11:02:22.143] [info] Dividing and exporting regions ...
[2026-04-24 11:02:22.158] [info] Ethos-U support is enabled, matching patterns for target Ethos-U55
[2026-04-24 11:02:22.407] [info]   [DivideByTarget] Assembled 2 final regions:
[2026-04-24 11:02:22.407] [info]     + C_CODEGEN = 1 regions.
[2026-04-24 11:02:22.407] [info]     + ARM_ETHOS_U55 = 1 regions.
>> src_dir: 
"C:\\Workspace\\Audio_PoC\\audio_noise_suppression_ra8p1\\conversion_results\\converted\\build\\MCU\\compilation\\src/"
Loaded MERA IR
>> src_dir: 
"C:\\Workspace\\Audio_PoC\\audio_noise_suppression_ra8p1\\conversion_results\\converted\\build\\MCU\\compilation\\src/"
Success
Info: Changing const_mem_area from Sram to OnChipFlash. This will use the same characteristics as Sram.
Warning: Input TensorFlow Lite network contains a zero length buffer (index = 0) which is semantically not empty. However, it will be treated as an empty buffer.

Network summary for model
Accelerator configuration               Ethos_U55_256
System configuration                            RA8P1
Memory mode                                 Sram_Only
Accelerator clock                                 500 MHz
Design peak SRAM bandwidth                       1.86 GB/s
Design peak On-chip Flash bandwidth              1.86 GB/s

Total SRAM used                                  1.00 KiB
Total On-chip Flash used                       119.33 KiB

CPU operators = 0 (0.0%)
NPU operators = 48 (100.0%)

Average SRAM bandwidth                           0.08 GB/s
Input   SRAM bandwidth                           0.00 MB/batch
Weight  SRAM bandwidth                           0.00 MB/batch
Output  SRAM bandwidth                           0.00 MB/batch
Total   SRAM bandwidth                           0.01 MB/batch
Total   SRAM bandwidth            per input      0.01 MB/inference (batch size 1)

Average On-chip Flash bandwidth                  1.71 GB/s
Input   On-chip Flash bandwidth                  0.00 MB/batch
Weight  On-chip Flash bandwidth                  0.13 MB/batch
Output  On-chip Flash bandwidth                  0.00 MB/batch
Total   On-chip Flash bandwidth                  0.14 MB/batch
Total   On-chip Flash bandwidth   per input      0.14 MB/inference (batch size 1)

Neural network macs                             87444 MACs/batch

[INFO] Success to execute the command
