T6408 000:004.893   SEGGER J-Link V9.42 Log File
T6408 000:005.346   DLL Compiled: May  6 2026 12:25:27
T6408 000:005.416   Logging started @ 2026-06-03 07:19
T6408 000:005.442   Process: C:\Users\a5124973\.eclipse\com.renesas.platform_1584587709\DebugComp\RA\e2-server-gdb.exe
T6408 000:005.476 - 5.469ms 
T6408 000:005.519 JLINK_GetDLLVersion()
T6408 000:005.554 - 0.036ms returns 94200
T6408 000:016.368 JLINK_OpenEx(...)
T6408 000:035.466   Firmware: J-Link OB-RA4M2 compiled Dec 10 2025 15:52:53
T6408 000:036.349   Firmware: J-Link OB-RA4M2 compiled Dec 10 2025 15:52:53
T6408 000:050.928   Hardware: V1.00
T6408 000:051.001   S/N: 1086399876
T6408 000:051.032   OEM: SEGGER
T6408 000:051.069   Feature(s): None
T6408 000:052.185   Bootloader: 2021 May 14
T6408 000:052.784   USB speed mode: Full speed (12 MBit/s)
T6408 000:053.438   TELNET listener socket opened on port 19021
T6408 000:053.843   WEBSRV WEBSRV_Init(): Starting webserver thread(s)
T6408 000:054.359   WEBSRV Webserver running on local port 19080
T6408 000:054.761   Looking for J-Link GUI Server exe at: C:\Users\a5124973\.eclipse\com.renesas.platform_1584587709\DebugComp\RA\ARM\Segger_v9.42.0\JLinkGUIServer.exe
T6408 000:055.087   Looking for J-Link GUI Server exe at: C:\Users\a5124973\SEGGER\JLink_V914a\JLinkGUIServer.exe
T6408 000:055.239   Forking J-Link GUI Server: C:\Users\a5124973\SEGGER\JLink_V914a\JLinkGUIServer.exe
T6408 000:151.281   J-Link GUI Server info: "J-Link GUI server V9.14a "
T6408 000:155.142 - 138.768ms returns "O.K."
T6408 000:155.541 JLINK_TIF_Select(JLINKARM_TIF_SWD)
T6408 000:156.302 - 0.762ms returns 0x00
T6408 000:156.368 JLINK_ClrRESET()
T6408 000:156.690 - 0.321ms 
T6408 000:206.943 JLINK_SetSpeed(1500)
T6408 000:207.273 - 0.344ms 
T6408 000:207.321 JLINK_CORESIGHT_Configure(PerformTIFInit=0)
T6408 000:207.814 - 0.494ms returns 0
T6408 000:207.879 JLINK_CORESIGHT_ReadAPDPReg(DP reg 0x00)
T6408 000:208.381   Value=0x6BA02477
T6408 000:208.425 - 0.569ms returns 0
T6408 000:208.464 JLINK_CORESIGHT_WriteAPDPReg(DP reg 0x00, 0x0000001F)
T6408 000:208.744 - 0.280ms returns 0
T6408 000:208.781 JLINK_CORESIGHT_ReadAPDPReg(DP reg 0x00)
T6408 000:209.035   Value=0x6BA02477
T6408 000:209.079 - 0.298ms returns 0
T6408 000:209.111 JLINK_CORESIGHT_WriteAPDPReg(DP reg 0x02, 0x00000000)
T6408 000:209.350 - 0.238ms returns 0
T6408 000:209.388 JLINK_CORESIGHT_WriteAPDPReg(DP reg 0x01, 0x50000000)
T6408 000:209.630 - 0.242ms returns 0
T6408 000:210.725 JLINK_CORESIGHT_ReadAPDPReg(DP reg 0x01)
T6408 000:211.088   Value=0xF0000000
T6408 000:211.159 - 0.434ms returns 0
T6408 000:211.195 JLINK_CORESIGHT_WriteAPDPReg(DP reg 0x00, 0x0000001F)
T6408 000:211.479 - 0.283ms returns 0
T6408 000:211.521 JLINK_CORESIGHT_ReadAPDPReg(DP reg 0x00)
T6408 000:211.786   Value=0x6BA02477
T6408 000:211.840 - 0.319ms returns 0
T6408 000:211.873 JLINK_CORESIGHT_WriteAPDPReg(DP reg 0x01, 0x54000000)
T6408 000:212.137 - 0.264ms returns 0
T6408 000:212.179 JLINK_CORESIGHT_WriteAPDPReg(DP reg 0x01, 0x50000F00)
T6408 000:212.434 - 0.255ms returns 0
T6408 000:212.473 JLINK_CORESIGHT_WriteAPDPReg(DP reg 0x02, 0x01000000)
T6408 000:212.723 - 0.250ms returns 0
T6408 000:212.762 JLINK_CORESIGHT_WriteAPDPReg(AP reg 0x00, 0x80000002)
T6408 000:213.036 - 0.273ms returns 0
T6408 000:213.125 JLINK_CORESIGHT_WriteAPDPReg(AP reg 0x01, 0x80011100)
T6408 000:213.470 - 0.345ms returns 0
T6408 000:213.556 JLINK_CORESIGHT_WriteAPDPReg(AP reg 0x03, 0x000000A5)
T6408 000:213.943 - 0.386ms returns 0
T6408 000:214.086 JLINK_CORESIGHT_WriteAPDPReg(AP reg 0x00, 0x80000002)
T6408 000:214.437 - 0.353ms returns 0
T6408 000:214.482 JLINK_CORESIGHT_WriteAPDPReg(AP reg 0x01, 0x80011100)
T6408 000:214.711 - 0.229ms returns 0
T6408 000:214.742 JLINK_CORESIGHT_ReadAPDPReg(AP reg 0x03)
T6408 000:215.070   Value=0x000000A5
T6408 000:215.111 - 0.369ms returns 0
T6408 000:215.137 JLINK_ClrTMS()
T6408 000:215.263 - 0.125ms 
T6408 000:220.641 JLINK_SetTCK()
T6408 000:220.913 - 0.272ms returns 0
T6408 000:226.651 JLINK_SetRESET()
T6408 000:226.878 - 0.227ms 
T6408 000:427.243 JLINK_CORESIGHT_WriteAPDPReg(AP reg 0x00, 0x80000002)
T6408 000:427.695 - 0.452ms returns 0
T6408 000:427.747 JLINK_CORESIGHT_WriteAPDPReg(AP reg 0x01, 0x80011100)
T6408 000:428.102 - 0.354ms returns 0
T6408 000:428.130 JLINK_CORESIGHT_ReadAPDPReg(AP reg 0x03)
T6408 000:428.434   Value=0x00000000
T6408 000:428.469 - 0.339ms returns 0
T6408 000:428.494 JLINK_CORESIGHT_WriteAPDPReg(AP reg 0x00, 0x80000002)
T6408 000:428.746 - 0.252ms returns 0
T6408 000:428.773 JLINK_CORESIGHT_WriteAPDPReg(AP reg 0x01, 0x80011140)
T6408 000:429.011 - 0.237ms returns 0
T6408 000:429.038 JLINK_CORESIGHT_ReadAPDPReg(AP reg 0x03)
T6408 000:429.402   Value=0x00000002
T6408 000:429.436 - 0.398ms returns 0
T6408 000:429.460 JLINK_CORESIGHT_WriteAPDPReg(AP reg 0x00, 0x80000002)
T6408 000:429.697 - 0.238ms returns 0
T6408 000:429.723 JLINK_CORESIGHT_WriteAPDPReg(AP reg 0x01, 0x80011120)
T6408 000:429.989 - 0.266ms returns 0
T6408 000:430.015 JLINK_CORESIGHT_WriteAPDPReg(AP reg 0x03, 0x00000055)
T6408 000:430.255 - 0.239ms returns 0
T6408 000:430.303 JLINK_CORESIGHT_WriteAPDPReg(AP reg 0x00, 0x80000002)
T6408 000:430.540 - 0.237ms returns 0
T6408 000:430.569 JLINK_CORESIGHT_WriteAPDPReg(AP reg 0x01, 0x80011140)
T6408 000:430.889 - 0.320ms returns 0
T6408 000:430.970 JLINK_CORESIGHT_ReadAPDPReg(AP reg 0x03)
T6408 000:431.428   Value=0x00000002
T6408 000:431.496 - 0.525ms returns 0
T6408 000:431.527 JLINK_CORESIGHT_ReadAPDPReg(AP reg 0x03)
T6408 000:431.902   Value=0x00000002
T6408 000:431.974 - 0.446ms returns 0
T6408 000:432.007 JLINK_CORESIGHT_ReadAPDPReg(AP reg 0x03)
T6408 000:432.344   Value=0x00000002
T6408 000:432.399 - 0.391ms returns 0
T6408 000:432.422 JLINK_CORESIGHT_ReadAPDPReg(AP reg 0x03)
T6408 000:432.769   Value=0x00000002
T6408 000:432.825 - 0.403ms returns 0
T6408 000:432.847 JLINK_CORESIGHT_ReadAPDPReg(AP reg 0x03)
T6408 000:433.214   Value=0x00000002
T6408 000:433.265 - 0.418ms returns 0
T6408 000:433.289 JLINK_CORESIGHT_ReadAPDPReg(AP reg 0x03)
T6408 000:433.716   Value=0x00000002
T6408 000:433.774 - 0.484ms returns 0
T6408 000:433.798 JLINK_CORESIGHT_ReadAPDPReg(AP reg 0x03)
T6408 000:434.144   Value=0x00000002
T6408 000:434.195 - 0.397ms returns 0
T6408 000:434.217 JLINK_CORESIGHT_ReadAPDPReg(AP reg 0x03)
T6408 000:434.594   Value=0x00000002
T6408 000:434.645 - 0.427ms returns 0
T6408 000:434.667 JLINK_CORESIGHT_ReadAPDPReg(AP reg 0x03)
T6408 000:435.004   Value=0x00000002
T6408 000:435.057 - 0.389ms returns 0
T6408 000:435.079 JLINK_CORESIGHT_ReadAPDPReg(AP reg 0x03)
T6408 000:435.458   Value=0x00000002
T6408 000:435.509 - 0.429ms returns 0
T6408 000:435.532 JLINK_CORESIGHT_ReadAPDPReg(AP reg 0x03)
T6408 000:435.948   Value=0x00000002
T6408 000:436.000 - 0.467ms returns 0
T6408 000:436.022 JLINK_CORESIGHT_ReadAPDPReg(AP reg 0x03)
T6408 000:436.381   Value=0x00000002
T6408 000:436.432 - 0.409ms returns 0
T6408 000:436.453 JLINK_CORESIGHT_ReadAPDPReg(AP reg 0x03)
T6408 000:436.776   Value=0x00000002
T6408 000:436.829 - 0.375ms returns 0
T6408 000:436.852 JLINK_CORESIGHT_ReadAPDPReg(AP reg 0x03)
T6408 000:437.175   Value=0x00000002
T6408 000:437.224 - 0.372ms returns 0
T6408 000:437.246 JLINK_CORESIGHT_ReadAPDPReg(AP reg 0x03)
T6408 000:437.555   Value=0x00000002
T6408 000:437.622 - 0.375ms returns 0
T6408 000:437.650 JLINK_CORESIGHT_ReadAPDPReg(AP reg 0x03)
T6408 000:437.981   Value=0x00000002
T6408 000:438.085 - 0.434ms returns 0
T6408 000:438.138 JLINK_CORESIGHT_ReadAPDPReg(AP reg 0x03)
T6408 000:438.474   Value=0x00000002
T6408 000:438.528 - 0.390ms returns 0
T6408 000:438.550 JLINK_CORESIGHT_ReadAPDPReg(AP reg 0x03)
T6408 000:438.903   Value=0x00000002
T6408 000:438.948 - 0.398ms returns 0
T6408 000:438.969 JLINK_CORESIGHT_ReadAPDPReg(AP reg 0x03)
T6408 000:439.244   Value=0x00000002
T6408 000:439.276 - 0.307ms returns 0
T6408 000:439.296 JLINK_CORESIGHT_ReadAPDPReg(AP reg 0x03)
T6408 000:439.571   Value=0x00000002
T6408 000:439.602 - 0.306ms returns 0
T6408 000:439.621 JLINK_CORESIGHT_ReadAPDPReg(AP reg 0x03)
T6408 000:439.904   Value=0x00000002
T6408 000:439.946 - 0.325ms returns 0
T6408 000:439.968 JLINK_CORESIGHT_ReadAPDPReg(AP reg 0x03)
T6408 000:440.236   Value=0x00000002
T6408 000:440.271 - 0.303ms returns 0
T6408 000:440.290 JLINK_CORESIGHT_ReadAPDPReg(AP reg 0x03)
T6408 000:440.549   Value=0x00000002
T6408 000:440.581 - 0.291ms returns 0
T6408 000:440.600 JLINK_CORESIGHT_ReadAPDPReg(AP reg 0x03)
T6408 000:440.878   Value=0x00000002
T6408 000:440.910 - 0.309ms returns 0
T6408 000:440.931 JLINK_CORESIGHT_ReadAPDPReg(AP reg 0x03)
T6408 000:441.183   Value=0x00000002
T6408 000:441.215 - 0.284ms returns 0
T6408 000:441.235 JLINK_CORESIGHT_ReadAPDPReg(AP reg 0x03)
T6408 000:441.488   Value=0x00000002
T6408 000:441.519 - 0.284ms returns 0
T6408 000:441.538 JLINK_CORESIGHT_ReadAPDPReg(AP reg 0x03)
T6408 000:441.796   Value=0x00000000
T6408 000:441.827 - 0.288ms returns 0
T6408 000:441.846 JLINK_CORESIGHT_WriteAPDPReg(AP reg 0x00, 0x80000002)
T6408 000:442.048 - 0.201ms returns 0
T6408 000:442.073 JLINK_CORESIGHT_WriteAPDPReg(AP reg 0x01, 0x80011130)
T6408 000:442.297 - 0.223ms returns 0
T6408 000:442.325 JLINK_CORESIGHT_ReadAPDPReg(AP reg 0x03)
T6408 000:442.601   Value=0x000000C6
T6408 000:442.642 - 0.316ms returns 0
T6408 000:442.677 JLINK_CORESIGHT_WriteAPDPReg(AP reg 0x00, 0x80000002)
T6408 000:442.988 - 0.312ms returns 0
T6408 000:443.013 JLINK_CORESIGHT_WriteAPDPReg(AP reg 0x01, 0x80011140)
T6408 000:443.237 - 0.224ms returns 0
T6408 000:443.284 JLINK_CORESIGHT_ReadAPDPReg(AP reg 0x03)
T6408 000:443.657   Value=0x00000002
T6408 000:443.695 - 0.411ms returns 0
T6408 000:443.720 JLINK_CORESIGHT_WriteAPDPReg(AP reg 0x00, 0x80000002)
T6408 000:443.928 - 0.207ms returns 0
T6408 000:443.955 JLINK_CORESIGHT_WriteAPDPReg(AP reg 0x01, 0x80011120)
T6408 000:444.172 - 0.217ms returns 0
T6408 000:444.200 JLINK_CORESIGHT_WriteAPDPReg(AP reg 0x03, 0x3A010001)
T6408 000:444.438 - 0.238ms returns 0
T6408 000:444.465 JLINK_CORESIGHT_WriteAPDPReg(AP reg 0x00, 0x80000002)
T6408 000:444.671 - 0.206ms returns 0
T6408 000:444.697 JLINK_CORESIGHT_WriteAPDPReg(AP reg 0x01, 0x80011140)
T6408 000:444.902 - 0.204ms returns 0
T6408 000:444.931 JLINK_CORESIGHT_ReadAPDPReg(AP reg 0x03)
T6408 000:445.198   Value=0x00000002
T6408 000:445.229 - 0.297ms returns 0
T6408 000:445.252 JLINK_CORESIGHT_WriteAPDPReg(AP reg 0x00, 0x80000002)
T6408 000:445.455 - 0.203ms returns 0
T6408 000:445.481 JLINK_CORESIGHT_WriteAPDPReg(AP reg 0x01, 0x80011120)
T6408 000:445.698 - 0.216ms returns 0
T6408 000:445.726 JLINK_CORESIGHT_WriteAPDPReg(AP reg 0x03, 0x000003C5)
T6408 000:445.926 - 0.199ms returns 0
T6408 000:445.953 JLINK_CORESIGHT_WriteAPDPReg(AP reg 0x00, 0x80000002)
T6408 000:446.172 - 0.219ms returns 0
T6408 000:446.199 JLINK_CORESIGHT_WriteAPDPReg(AP reg 0x01, 0x80011140)
T6408 000:446.434 - 0.235ms returns 0
T6408 000:446.462 JLINK_CORESIGHT_ReadAPDPReg(AP reg 0x03)
T6408 000:446.723   Value=0x00000002
T6408 000:446.755 - 0.293ms returns 0
T6408 000:446.778 JLINK_CORESIGHT_ReadAPDPReg(AP reg 0x03)
T6408 000:447.047   Value=0x00000002
T6408 000:447.081 - 0.302ms returns 0
T6408 000:447.103 JLINK_CORESIGHT_ReadAPDPReg(AP reg 0x03)
T6408 000:447.362   Value=0x00000002
T6408 000:447.413 - 0.310ms returns 0
T6408 000:447.438 JLINK_CORESIGHT_ReadAPDPReg(AP reg 0x03)
T6408 000:447.701   Value=0x00000002
T6408 000:447.738 - 0.300ms returns 0
T6408 000:447.764 JLINK_CORESIGHT_ReadAPDPReg(AP reg 0x03)
T6408 000:448.084   Value=0x00000002
T6408 000:448.140 - 0.375ms returns 0
T6408 000:448.166 JLINK_CORESIGHT_ReadAPDPReg(AP reg 0x03)
T6408 000:448.447   Value=0x00000002
T6408 000:448.481 - 0.315ms returns 0
T6408 000:448.504 JLINK_CORESIGHT_ReadAPDPReg(AP reg 0x03)
T6408 000:448.815   Value=0x00000002
T6408 000:448.865 - 0.360ms returns 0
T6408 000:448.889 JLINK_CORESIGHT_ReadAPDPReg(AP reg 0x03)
T6408 000:449.152   Value=0x00000002
T6408 000:449.184 - 0.295ms returns 0
T6408 000:449.208 JLINK_CORESIGHT_ReadAPDPReg(AP reg 0x03)
T6408 000:449.502   Value=0x00000002
T6408 000:449.538 - 0.329ms returns 0
T6408 000:449.566 JLINK_CORESIGHT_ReadAPDPReg(AP reg 0x03)
T6408 000:449.883   Value=0x00000000
T6408 000:449.917 - 0.351ms returns 0
T6408 000:449.945 JLINK_CORESIGHT_WriteAPDPReg(AP reg 0x00, 0x80000002)
T6408 000:450.164 - 0.220ms returns 0
T6408 000:450.197 JLINK_CORESIGHT_WriteAPDPReg(AP reg 0x01, 0x80011130)
T6408 000:450.425 - 0.227ms returns 0
T6408 000:450.451 JLINK_CORESIGHT_ReadAPDPReg(AP reg 0x03)
T6408 000:450.700   Value=0x3A2A0081
T6408 000:450.731 - 0.280ms returns 0
T6408 000:450.755 JLINK_CORESIGHT_WriteAPDPReg(AP reg 0x00, 0x80000002)
T6408 000:450.984 - 0.229ms returns 0
T6408 000:451.012 JLINK_CORESIGHT_WriteAPDPReg(AP reg 0x01, 0x80011140)
T6408 000:451.215 - 0.204ms returns 0
T6408 000:451.243 JLINK_CORESIGHT_ReadAPDPReg(AP reg 0x03)
T6408 000:451.500   Value=0x00000000
T6408 000:451.531 - 0.287ms returns 0
T6408 000:451.554 JLINK_CORESIGHT_WriteAPDPReg(AP reg 0x00, 0x80000002)
T6408 000:451.755 - 0.201ms returns 0
T6408 000:451.783 JLINK_CORESIGHT_WriteAPDPReg(AP reg 0x01, 0x80011130)
T6408 000:451.991 - 0.208ms returns 0
T6408 000:452.018 JLINK_CORESIGHT_ReadAPDPReg(AP reg 0x03)
T6408 000:452.294   Value=0x808D5B00
T6408 000:452.334 - 0.315ms returns 0
T6408 000:452.358 JLINK_CORESIGHT_WriteAPDPReg(AP reg 0x00, 0x80000002)
T6408 000:452.579 - 0.221ms returns 0
T6408 000:452.627 JLINK_CORESIGHT_WriteAPDPReg(AP reg 0x01, 0x80011140)
T6408 000:452.878 - 0.250ms returns 0
T6408 000:452.912 JLINK_CORESIGHT_ReadAPDPReg(AP reg 0x03)
T6408 000:453.209   Value=0x00000000
T6408 000:453.276 - 0.364ms returns 0
T6408 000:453.312 JLINK_CORESIGHT_WriteAPDPReg(AP reg 0x00, 0x80000002)
T6408 000:458.170 - 4.855ms returns 0
T6408 000:458.284 JLINK_CORESIGHT_WriteAPDPReg(AP reg 0x01, 0x80011130)
T6408 000:458.744 - 0.460ms returns 0
T6408 000:458.818 JLINK_CORESIGHT_ReadAPDPReg(AP reg 0x03)
T6408 000:459.265   Value=0x0306070A
T6408 000:459.321 - 0.503ms returns 0
T6408 000:459.354 JLINK_CORESIGHT_WriteAPDPReg(AP reg 0x00, 0x80000002)
T6408 000:459.652 - 0.298ms returns 0
T6408 000:459.702 JLINK_CORESIGHT_WriteAPDPReg(AP reg 0x01, 0x80011140)
T6408 000:460.034 - 0.332ms returns 0
T6408 000:460.088 JLINK_CORESIGHT_ReadAPDPReg(AP reg 0x03)
T6408 000:460.416   Value=0x00000000
T6408 000:460.468 - 0.379ms returns 0
T6408 000:460.497 JLINK_CORESIGHT_WriteAPDPReg(AP reg 0x00, 0x80000002)
T6408 000:460.788 - 0.290ms returns 0
T6408 000:460.851 JLINK_CORESIGHT_WriteAPDPReg(AP reg 0x01, 0x80011130)
T6408 000:461.104 - 0.253ms returns 0
T6408 000:461.154 JLINK_CORESIGHT_ReadAPDPReg(AP reg 0x03)
T6408 000:461.455   Value=0x30545408
T6408 000:461.511 - 0.356ms returns 0
T6408 000:461.545 JLINK_CORESIGHT_WriteAPDPReg(AP reg 0x00, 0x80000002)
T6408 000:461.890 - 0.345ms returns 0
T6408 000:461.946 JLINK_CORESIGHT_WriteAPDPReg(AP reg 0x01, 0x80011140)
T6408 000:462.237 - 0.290ms returns 0
T6408 000:462.297 JLINK_CORESIGHT_ReadAPDPReg(AP reg 0x03)
T6408 000:462.615   Value=0x00000000
T6408 000:462.674 - 0.377ms returns 0
T6408 000:462.712 JLINK_CORESIGHT_WriteAPDPReg(AP reg 0x00, 0x80000002)
T6408 000:462.993 - 0.280ms returns 0
T6408 000:463.045 JLINK_CORESIGHT_WriteAPDPReg(AP reg 0x01, 0x80011130)
T6408 000:463.288 - 0.243ms returns 0
T6408 000:463.336 JLINK_CORESIGHT_ReadAPDPReg(AP reg 0x03)
T6408 000:463.681   Value=0x5406A2C9
T6408 000:463.744 - 0.408ms returns 0
T6408 000:463.781 JLINK_CORESIGHT_WriteAPDPReg(AP reg 0x00, 0x80000002)
T6408 000:464.022 - 0.240ms returns 0
T6408 000:464.074 JLINK_CORESIGHT_WriteAPDPReg(AP reg 0x01, 0x80011140)
T6408 000:464.321 - 0.247ms returns 0
T6408 000:464.375 JLINK_CORESIGHT_ReadAPDPReg(AP reg 0x03)
T6408 000:464.693   Value=0x00000000
T6408 000:464.747 - 0.371ms returns 0
T6408 000:464.772 JLINK_CORESIGHT_WriteAPDPReg(AP reg 0x00, 0x80000002)
T6408 000:466.813 - 2.041ms returns 0
T6408 000:466.873 JLINK_CORESIGHT_WriteAPDPReg(AP reg 0x01, 0x80011130)
T6408 000:467.135 - 0.261ms returns 0
T6408 000:467.184 JLINK_CORESIGHT_ReadAPDPReg(AP reg 0x03)
T6408 000:467.533   Value=0x32355536
T6408 000:467.582 - 0.397ms returns 0
T6408 000:467.654 JLINK_CORESIGHT_WriteAPDPReg(AP reg 0x00, 0x80000002)
T6408 000:469.925 - 2.270ms returns 0
T6408 000:469.987 JLINK_CORESIGHT_WriteAPDPReg(AP reg 0x01, 0x80011140)
T6408 000:471.853 - 1.865ms returns 0
T6408 000:471.921 JLINK_CORESIGHT_ReadAPDPReg(AP reg 0x03)
T6408 000:472.258   Value=0x00000000
T6408 000:472.313 - 0.392ms returns 0
T6408 000:472.350 JLINK_CORESIGHT_WriteAPDPReg(AP reg 0x00, 0x80000002)
T6408 000:472.614 - 0.264ms returns 0
T6408 000:472.660 JLINK_CORESIGHT_WriteAPDPReg(AP reg 0x01, 0x80011130)
T6408 000:472.990 - 0.330ms returns 0
T6408 000:473.034 JLINK_CORESIGHT_ReadAPDPReg(AP reg 0x03)
T6408 000:473.341   Value=0x8E032D38
T6408 000:473.393 - 0.359ms returns 0
T6408 000:473.429 JLINK_CORESIGHT_WriteAPDPReg(AP reg 0x00, 0x80000002)
T6408 000:473.736 - 0.307ms returns 0
T6408 000:473.782 JLINK_CORESIGHT_WriteAPDPReg(AP reg 0x01, 0x80011140)
T6408 000:474.041 - 0.258ms returns 0
T6408 000:474.104 JLINK_CORESIGHT_ReadAPDPReg(AP reg 0x03)
T6408 000:474.417   Value=0x00000000
T6408 000:474.470 - 0.365ms returns 0
T6408 000:474.505 JLINK_CORESIGHT_WriteAPDPReg(AP reg 0x00, 0x80000002)
T6408 000:474.759 - 0.254ms returns 0
T6408 000:474.804 JLINK_CORESIGHT_WriteAPDPReg(AP reg 0x01, 0x80011130)
T6408 000:475.052 - 0.248ms returns 0
T6408 000:475.094 JLINK_CORESIGHT_ReadAPDPReg(AP reg 0x03)
T6408 000:475.420   Value=0x4B37527E
T6408 000:475.471 - 0.377ms returns 0
T6408 000:475.507 JLINK_CORESIGHT_WriteAPDPReg(AP reg 0x00, 0x80000002)
T6408 000:475.773 - 0.266ms returns 0
T6408 000:475.817 JLINK_CORESIGHT_WriteAPDPReg(AP reg 0x01, 0x80011140)
T6408 000:476.071 - 0.254ms returns 0
T6408 000:476.114 JLINK_CORESIGHT_ReadAPDPReg(AP reg 0x03)
T6408 000:476.422   Value=0x00000000
T6408 000:476.475 - 0.361ms returns 0
T6408 000:476.511 JLINK_CORESIGHT_WriteAPDPReg(AP reg 0x00, 0x80000002)
T6408 000:476.777 - 0.265ms returns 0
T6408 000:476.825 JLINK_CORESIGHT_WriteAPDPReg(AP reg 0x01, 0x80011130)
T6408 000:477.082 - 0.256ms returns 0
T6408 000:477.126 JLINK_CORESIGHT_ReadAPDPReg(AP reg 0x03)
T6408 000:477.430   Value=0x32543841
T6408 000:477.483 - 0.357ms returns 0
T6408 000:477.521 JLINK_CORESIGHT_WriteAPDPReg(AP reg 0x00, 0x80000002)
T6408 000:477.772 - 0.250ms returns 0
T6408 000:477.817 JLINK_CORESIGHT_WriteAPDPReg(AP reg 0x01, 0x80011140)
T6408 000:478.159 - 0.341ms returns 0
T6408 000:478.213 JLINK_CORESIGHT_ReadAPDPReg(AP reg 0x03)
T6408 000:478.732   Value=0x00000000
T6408 000:478.921 - 0.707ms returns 0
T6408 000:478.955 JLINK_CORESIGHT_WriteAPDPReg(AP reg 0x00, 0x80000002)
T6408 000:480.837 - 1.881ms returns 0
T6408 000:480.901 JLINK_CORESIGHT_WriteAPDPReg(AP reg 0x01, 0x80011130)
T6408 000:481.198 - 0.297ms returns 0
T6408 000:481.257 JLINK_CORESIGHT_ReadAPDPReg(AP reg 0x03)
T6408 000:481.638   Value=0x434C464C
T6408 000:481.692 - 0.434ms returns 0
T6408 000:481.720 JLINK_CORESIGHT_WriteAPDPReg(AP reg 0x00, 0x80000002)
T6408 000:481.996 - 0.276ms returns 0
T6408 000:482.046 JLINK_CORESIGHT_WriteAPDPReg(AP reg 0x01, 0x80011140)
T6408 000:483.937 - 1.890ms returns 0
T6408 000:484.004 JLINK_CORESIGHT_ReadAPDPReg(AP reg 0x03)
T6408 000:484.383   Value=0x00000000
T6408 000:484.439 - 0.435ms returns 0
T6408 000:484.473 JLINK_CORESIGHT_WriteAPDPReg(AP reg 0x00, 0x80000002)
T6408 000:484.745 - 0.271ms returns 0
T6408 000:484.796 JLINK_CORESIGHT_WriteAPDPReg(AP reg 0x01, 0x80011130)
T6408 000:485.041 - 0.244ms returns 0
T6408 000:485.090 JLINK_CORESIGHT_ReadAPDPReg(AP reg 0x03)
T6408 000:485.438   Value=0x20204341
T6408 000:485.492 - 0.401ms returns 0
T6408 000:485.518 JLINK_CORESIGHT_WriteAPDPReg(AP reg 0x00, 0x80000002)
T6408 000:485.777 - 0.258ms returns 0
T6408 000:485.826 JLINK_CORESIGHT_WriteAPDPReg(AP reg 0x01, 0x80011140)
T6408 000:487.258 - 1.432ms returns 0
T6408 000:487.322 JLINK_CORESIGHT_ReadAPDPReg(AP reg 0x03)
T6408 000:487.686   Value=0x00000000
T6408 000:487.740 - 0.418ms returns 0
T6408 000:487.769 JLINK_CORESIGHT_WriteAPDPReg(AP reg 0x00, 0x80000002)
T6408 000:489.345 - 1.576ms returns 0
T6408 000:489.454 JLINK_CORESIGHT_WriteAPDPReg(AP reg 0x01, 0x80011130)
T6408 000:491.229 - 1.775ms returns 0
T6408 000:491.299 JLINK_CORESIGHT_ReadAPDPReg(AP reg 0x03)
T6408 000:491.664   Value=0x00033720
T6408 000:491.721 - 0.422ms returns 0
T6408 000:492.826 JLINK_CORESIGHT_WriteAPDPReg(AP reg 0x00, 0x80000002)
T6408 000:493.134 - 0.309ms returns 0
T6408 000:493.176 JLINK_CORESIGHT_WriteAPDPReg(AP reg 0x01, 0x80011140)
T6408 000:493.464 - 0.288ms returns 0
T6408 000:493.525 JLINK_CORESIGHT_ReadAPDPReg(AP reg 0x03)
T6408 000:493.896   Value=0x00000002
T6408 000:493.959 - 0.434ms returns 0
T6408 000:493.995 JLINK_CORESIGHT_WriteAPDPReg(AP reg 0x00, 0x80000002)
T6408 000:494.305 - 0.309ms returns 0
T6408 000:494.359 JLINK_CORESIGHT_WriteAPDPReg(AP reg 0x01, 0x80011120)
T6408 000:494.614 - 0.254ms returns 0
T6408 000:494.668 JLINK_CORESIGHT_WriteAPDPReg(AP reg 0x03, 0x39020001)
T6408 000:494.988 - 0.320ms returns 0
T6408 000:495.038 JLINK_CORESIGHT_WriteAPDPReg(AP reg 0x00, 0x80000002)
T6408 000:495.322 - 0.283ms returns 0
T6408 000:495.369 JLINK_CORESIGHT_WriteAPDPReg(AP reg 0x01, 0x80011140)
T6408 000:495.626 - 0.257ms returns 0
T6408 000:495.676 JLINK_CORESIGHT_ReadAPDPReg(AP reg 0x03)
T6408 000:495.991   Value=0x00000002
T6408 000:496.057 - 0.383ms returns 0
T6408 000:496.087 JLINK_CORESIGHT_WriteAPDPReg(AP reg 0x00, 0x80000002)
T6408 000:496.372 - 0.285ms returns 0
T6408 000:496.427 JLINK_CORESIGHT_WriteAPDPReg(AP reg 0x01, 0x80011120)
T6408 000:496.681 - 0.254ms returns 0
T6408 000:496.722 JLINK_CORESIGHT_WriteAPDPReg(AP reg 0x03, 0x0003B312)
T6408 000:497.063 - 0.340ms returns 0
T6408 000:497.112 JLINK_CORESIGHT_WriteAPDPReg(AP reg 0x00, 0x80000002)
T6408 000:498.951 - 1.838ms returns 0
T6408 000:499.019 JLINK_CORESIGHT_WriteAPDPReg(AP reg 0x01, 0x80011140)
T6408 000:501.029 - 2.010ms returns 0
T6408 000:501.093 JLINK_CORESIGHT_ReadAPDPReg(AP reg 0x03)
T6408 000:501.459   Value=0x00000000
T6408 000:501.514 - 0.421ms returns 0
T6408 000:501.539 JLINK_CORESIGHT_WriteAPDPReg(AP reg 0x00, 0x80000002)
T6408 000:501.843 - 0.303ms returns 0
T6408 000:501.889 JLINK_CORESIGHT_WriteAPDPReg(AP reg 0x01, 0x80011130)
T6408 000:502.144 - 0.255ms returns 0
T6408 000:502.193 JLINK_CORESIGHT_ReadAPDPReg(AP reg 0x03)
T6408 000:502.518   Value=0xB90A0081
T6408 000:502.571 - 0.378ms returns 0
T6408 000:502.597 JLINK_CORESIGHT_WriteAPDPReg(AP reg 0x00, 0x80000002)
T6408 000:502.894 - 0.296ms returns 0
T6408 000:502.946 JLINK_CORESIGHT_WriteAPDPReg(AP reg 0x01, 0x80011140)
T6408 000:503.193 - 0.246ms returns 0
T6408 000:503.241 JLINK_CORESIGHT_ReadAPDPReg(AP reg 0x03)
T6408 000:503.565   Value=0x00000000
T6408 000:503.662 - 0.420ms returns 0
T6408 000:503.686 JLINK_CORESIGHT_WriteAPDPReg(AP reg 0x00, 0x80000002)
T6408 000:503.920 - 0.234ms returns 0
T6408 000:503.968 JLINK_CORESIGHT_WriteAPDPReg(AP reg 0x01, 0x80011130)
T6408 000:504.251 - 0.282ms returns 0
T6408 000:504.297 JLINK_CORESIGHT_ReadAPDPReg(AP reg 0x03)
T6408 000:504.642   Value=0xFFFFFFC0
T6408 000:504.692 - 0.395ms returns 0
T6408 000:504.720 JLINK_CORESIGHT_WriteAPDPReg(AP reg 0x00, 0x80000002)
T6408 000:504.994 - 0.273ms returns 0
T6408 000:505.034 JLINK_CORESIGHT_WriteAPDPReg(AP reg 0x01, 0x80011140)
T6408 000:505.302 - 0.268ms returns 0
T6408 000:505.343 JLINK_CORESIGHT_ReadAPDPReg(AP reg 0x03)
T6408 000:505.677   Value=0x00000000
T6408 000:505.726 - 0.382ms returns 0
T6408 000:505.755 JLINK_CORESIGHT_WriteAPDPReg(AP reg 0x00, 0x80000002)
T6408 000:506.041 - 0.286ms returns 0
T6408 000:506.081 JLINK_CORESIGHT_WriteAPDPReg(AP reg 0x01, 0x80011130)
T6408 000:506.346 - 0.265ms returns 0
T6408 000:506.390 JLINK_CORESIGHT_ReadAPDPReg(AP reg 0x03)
T6408 000:506.892   Value=0xFFFFFFFF
T6408 000:506.947 - 0.556ms returns 0
T6408 000:506.978 JLINK_CORESIGHT_WriteAPDPReg(AP reg 0x00, 0x80000002)
T6408 000:507.248 - 0.269ms returns 0
T6408 000:507.286 JLINK_CORESIGHT_WriteAPDPReg(AP reg 0x01, 0x80011140)
T6408 000:507.540 - 0.253ms returns 0
T6408 000:507.580 JLINK_CORESIGHT_ReadAPDPReg(AP reg 0x03)
T6408 000:507.918   Value=0x00000000
T6408 000:507.976 - 0.397ms returns 0
T6408 000:508.009 JLINK_CORESIGHT_WriteAPDPReg(AP reg 0x00, 0x80000002)
T6408 000:508.287 - 0.278ms returns 0
T6408 000:508.329 JLINK_CORESIGHT_WriteAPDPReg(AP reg 0x01, 0x80011130)
T6408 000:508.586 - 0.257ms returns 0
T6408 000:508.626 JLINK_CORESIGHT_ReadAPDPReg(AP reg 0x03)
T6408 000:508.940   Value=0x000385FF
T6408 000:509.060 - 0.433ms returns 0
T6408 000:509.200 JLINK_CORESIGHT_WriteAPDPReg(AP reg 0x00, 0x80000002)
T6408 000:509.471 - 0.270ms returns 0
T6408 000:509.531 JLINK_CORESIGHT_WriteAPDPReg(AP reg 0x01, 0x80011140)
T6408 000:509.888 - 0.357ms returns 0
T6408 000:509.934 JLINK_CORESIGHT_ReadAPDPReg(AP reg 0x03)
T6408 000:510.270   Value=0x00000002
T6408 000:510.327 - 0.393ms returns 0
T6408 000:510.361 JLINK_CORESIGHT_WriteAPDPReg(AP reg 0x00, 0x80000002)
T6408 000:510.622 - 0.260ms returns 0
T6408 000:510.666 JLINK_CORESIGHT_WriteAPDPReg(AP reg 0x01, 0x80011120)
T6408 000:510.937 - 0.270ms returns 0
T6408 000:510.979 JLINK_CORESIGHT_WriteAPDPReg(AP reg 0x03, 0x2C010001)
T6408 000:511.222 - 0.242ms returns 0
T6408 000:511.277 JLINK_CORESIGHT_WriteAPDPReg(AP reg 0x00, 0x80000002)
T6408 000:511.536 - 0.259ms returns 0
T6408 000:511.581 JLINK_CORESIGHT_WriteAPDPReg(AP reg 0x01, 0x80011140)
T6408 000:511.896 - 0.315ms returns 0
T6408 000:511.939 JLINK_CORESIGHT_ReadAPDPReg(AP reg 0x03)
T6408 000:512.235   Value=0x00000002
T6408 000:512.290 - 0.351ms returns 0
T6408 000:512.321 JLINK_CORESIGHT_WriteAPDPReg(AP reg 0x00, 0x80000002)
T6408 000:512.621 - 0.300ms returns 0
T6408 000:512.663 JLINK_CORESIGHT_WriteAPDPReg(AP reg 0x01, 0x80011120)
T6408 000:512.918 - 0.254ms returns 0
T6408 000:512.965 JLINK_CORESIGHT_WriteAPDPReg(AP reg 0x03, 0x000003D3)
T6408 000:513.208 - 0.242ms returns 0
T6408 000:513.249 JLINK_CORESIGHT_WriteAPDPReg(AP reg 0x00, 0x80000002)
T6408 000:513.490 - 0.241ms returns 0
T6408 000:513.532 JLINK_CORESIGHT_WriteAPDPReg(AP reg 0x01, 0x80011140)
T6408 000:513.896 - 0.364ms returns 0
T6408 000:513.941 JLINK_CORESIGHT_ReadAPDPReg(AP reg 0x03)
T6408 000:514.250   Value=0x00000002
T6408 000:514.317 - 0.376ms returns 0
T6408 000:514.348 JLINK_CORESIGHT_ReadAPDPReg(AP reg 0x03)
T6408 000:514.660   Value=0x00000002
T6408 000:514.724 - 0.375ms returns 0
T6408 000:514.757 JLINK_CORESIGHT_ReadAPDPReg(AP reg 0x03)
T6408 000:515.082   Value=0x00000002
T6408 000:515.140 - 0.384ms returns 0
T6408 000:515.172 JLINK_CORESIGHT_ReadAPDPReg(AP reg 0x03)
T6408 000:515.472   Value=0x00000002
T6408 000:515.532 - 0.359ms returns 0
T6408 000:515.566 JLINK_CORESIGHT_ReadAPDPReg(AP reg 0x03)
T6408 000:515.897   Value=0x00000002
T6408 000:515.953 - 0.386ms returns 0
T6408 000:515.984 JLINK_CORESIGHT_ReadAPDPReg(AP reg 0x03)
T6408 000:516.290   Value=0x00000002
T6408 000:516.347 - 0.362ms returns 0
T6408 000:516.380 JLINK_CORESIGHT_ReadAPDPReg(AP reg 0x03)
T6408 000:516.694   Value=0x00000002
T6408 000:516.749 - 0.369ms returns 0
T6408 000:516.781 JLINK_CORESIGHT_ReadAPDPReg(AP reg 0x03)
T6408 000:517.080   Value=0x00000000
T6408 000:517.135 - 0.354ms returns 0
T6408 000:517.171 JLINK_CORESIGHT_WriteAPDPReg(AP reg 0x00, 0x80000002)
T6408 000:517.417 - 0.246ms returns 0
T6408 000:517.459 JLINK_CORESIGHT_WriteAPDPReg(AP reg 0x01, 0x80011130)
T6408 000:517.706 - 0.247ms returns 0
T6408 000:517.750 JLINK_CORESIGHT_ReadAPDPReg(AP reg 0x03)
T6408 000:518.076   Value=0x2C020081
T6408 000:518.134 - 0.384ms returns 0
T6408 000:518.173 JLINK_CORESIGHT_WriteAPDPReg(AP reg 0x00, 0x80000002)
T6408 000:518.465 - 0.292ms returns 0
T6408 000:518.528 JLINK_CORESIGHT_WriteAPDPReg(AP reg 0x01, 0x80011140)
T6408 000:518.905 - 0.376ms returns 0
T6408 000:518.985 JLINK_CORESIGHT_ReadAPDPReg(AP reg 0x03)
T6408 000:519.379   Value=0x00000000
T6408 000:519.448 - 0.463ms returns 0
T6408 000:519.487 JLINK_CORESIGHT_WriteAPDPReg(AP reg 0x00, 0x80000002)
T6408 000:519.766 - 0.279ms returns 0
T6408 000:519.813 JLINK_CORESIGHT_WriteAPDPReg(AP reg 0x01, 0x80011130)
T6408 000:520.058 - 0.244ms returns 0
T6408 000:520.109 JLINK_CORESIGHT_ReadAPDPReg(AP reg 0x03)
T6408 000:520.408   Value=0x0003CE04
T6408 000:520.468 - 0.359ms returns 0
T6408 000:521.450 JLINK_CORESIGHT_WriteAPDPReg(AP reg 0x00, 0x80000002)
T6408 000:521.761 - 0.311ms returns 0
T6408 000:521.823 JLINK_CORESIGHT_WriteAPDPReg(AP reg 0x01, 0x80011140)
T6408 000:522.099 - 0.275ms returns 0
T6408 000:522.165 JLINK_CORESIGHT_ReadAPDPReg(AP reg 0x03)
T6408 000:522.459   Value=0x00000002
T6408 000:522.513 - 0.348ms returns 0
T6408 000:522.538 JLINK_CORESIGHT_WriteAPDPReg(AP reg 0x00, 0x80000002)
T6408 000:522.790 - 0.252ms returns 0
T6408 000:522.830 JLINK_CORESIGHT_WriteAPDPReg(AP reg 0x01, 0x80011120)
T6408 000:523.099 - 0.268ms returns 0
T6408 000:523.150 JLINK_CORESIGHT_WriteAPDPReg(AP reg 0x03, 0x73010001)
T6408 000:523.435 - 0.285ms returns 0
T6408 000:523.489 JLINK_CORESIGHT_WriteAPDPReg(AP reg 0x00, 0x80000002)
T6408 000:523.764 - 0.275ms returns 0
T6408 000:523.824 JLINK_CORESIGHT_WriteAPDPReg(AP reg 0x01, 0x80011140)
T6408 000:524.177 - 0.352ms returns 0
T6408 000:524.251 JLINK_CORESIGHT_ReadAPDPReg(AP reg 0x03)
T6408 000:524.595   Value=0x00000002
T6408 000:524.660 - 0.408ms returns 0
T6408 000:524.697 JLINK_CORESIGHT_WriteAPDPReg(AP reg 0x00, 0x80000002)
T6408 000:525.001 - 0.304ms returns 0
T6408 000:525.048 JLINK_CORESIGHT_WriteAPDPReg(AP reg 0x01, 0x80011120)
T6408 000:525.294 - 0.246ms returns 0
T6408 000:525.338 JLINK_CORESIGHT_WriteAPDPReg(AP reg 0x03, 0x0000038C)
T6408 000:525.575 - 0.237ms returns 0
T6408 000:525.603 JLINK_CORESIGHT_WriteAPDPReg(AP reg 0x00, 0x80000002)
T6408 000:525.888 - 0.285ms returns 0
T6408 000:525.916 JLINK_CORESIGHT_WriteAPDPReg(AP reg 0x01, 0x80011140)
T6408 000:526.137 - 0.221ms returns 0
T6408 000:526.165 JLINK_CORESIGHT_ReadAPDPReg(AP reg 0x03)
T6408 000:526.466   Value=0x00000002
T6408 000:526.506 - 0.341ms returns 0
T6408 000:526.527 JLINK_CORESIGHT_ReadAPDPReg(AP reg 0x03)
T6408 000:526.940   Value=0x00000002
T6408 000:526.975 - 0.447ms returns 0
T6408 000:527.002 JLINK_CORESIGHT_ReadAPDPReg(AP reg 0x03)
T6408 000:527.302   Value=0x00000002
T6408 000:527.337 - 0.335ms returns 0
T6408 000:527.359 JLINK_CORESIGHT_ReadAPDPReg(AP reg 0x03)
T6408 000:527.641   Value=0x00000002
T6408 000:527.675 - 0.316ms returns 0
T6408 000:527.697 JLINK_CORESIGHT_ReadAPDPReg(AP reg 0x03)
T6408 000:527.984   Value=0x00000000
T6408 000:528.021 - 0.324ms returns 0
T6408 000:528.044 JLINK_CORESIGHT_WriteAPDPReg(AP reg 0x00, 0x80000002)
T6408 000:528.289 - 0.244ms returns 0
T6408 000:528.346 JLINK_CORESIGHT_WriteAPDPReg(AP reg 0x01, 0x80011130)
T6408 000:528.603 - 0.256ms returns 0
T6408 000:528.654 JLINK_CORESIGHT_ReadAPDPReg(AP reg 0x03)
T6408 000:528.966   Value=0x73020081
T6408 000:529.024 - 0.370ms returns 0
T6408 000:529.059 JLINK_CORESIGHT_WriteAPDPReg(AP reg 0x00, 0x80000002)
T6408 000:529.312 - 0.253ms returns 0
T6408 000:529.356 JLINK_CORESIGHT_WriteAPDPReg(AP reg 0x01, 0x80011140)
T6408 000:529.608 - 0.252ms returns 0
T6408 000:529.653 JLINK_CORESIGHT_ReadAPDPReg(AP reg 0x03)
T6408 000:530.077   Value=0x00000000
T6408 000:530.136 - 0.482ms returns 0
T6408 000:530.171 JLINK_CORESIGHT_WriteAPDPReg(AP reg 0x00, 0x80000002)
T6408 000:530.427 - 0.256ms returns 0
T6408 000:530.471 JLINK_CORESIGHT_WriteAPDPReg(AP reg 0x01, 0x80011130)
T6408 000:530.735 - 0.263ms returns 0
T6408 000:530.810 JLINK_CORESIGHT_ReadAPDPReg(AP reg 0x03)
T6408 000:531.154   Value=0x00038902
T6408 000:531.228 - 0.417ms returns 0
T6408 000:531.262 JLINK_CORESIGHT_WriteAPDPReg(AP reg 0x00, 0x80000002)
T6408 000:531.534 - 0.271ms returns 0
T6408 000:531.585 JLINK_CORESIGHT_WriteAPDPReg(AP reg 0x01, 0x80011140)
T6408 000:531.947 - 0.361ms returns 0
T6408 000:532.022 JLINK_CORESIGHT_ReadAPDPReg(AP reg 0x03)
T6408 000:532.340   Value=0x00000002
T6408 000:532.409 - 0.386ms returns 0
T6408 000:532.444 JLINK_CORESIGHT_WriteAPDPReg(AP reg 0x00, 0x80000002)
T6408 000:532.717 - 0.272ms returns 0
T6408 000:532.776 JLINK_CORESIGHT_WriteAPDPReg(AP reg 0x01, 0x80011120)
T6408 000:533.037 - 0.261ms returns 0
T6408 000:533.093 JLINK_CORESIGHT_WriteAPDPReg(AP reg 0x03, 0x75010001)
T6408 000:533.407 - 0.313ms returns 0
T6408 000:533.454 JLINK_CORESIGHT_WriteAPDPReg(AP reg 0x00, 0x80000002)
T6408 000:533.714 - 0.260ms returns 0
T6408 000:533.762 JLINK_CORESIGHT_WriteAPDPReg(AP reg 0x01, 0x80011140)
T6408 000:534.031 - 0.269ms returns 0
T6408 000:534.075 JLINK_CORESIGHT_ReadAPDPReg(AP reg 0x03)
T6408 000:534.420   Value=0x00000002
T6408 000:534.475 - 0.400ms returns 0
T6408 000:534.508 JLINK_CORESIGHT_WriteAPDPReg(AP reg 0x00, 0x80000002)
T6408 000:534.788 - 0.279ms returns 0
T6408 000:534.831 JLINK_CORESIGHT_WriteAPDPReg(AP reg 0x01, 0x80011120)
T6408 000:535.127 - 0.295ms returns 0
T6408 000:535.171 JLINK_CORESIGHT_WriteAPDPReg(AP reg 0x03, 0x0000038A)
T6408 000:535.436 - 0.265ms returns 0
T6408 000:535.479 JLINK_CORESIGHT_WriteAPDPReg(AP reg 0x00, 0x80000002)
T6408 000:535.770 - 0.291ms returns 0
T6408 000:535.815 JLINK_CORESIGHT_WriteAPDPReg(AP reg 0x01, 0x80011140)
T6408 000:536.069 - 0.254ms returns 0
T6408 000:536.113 JLINK_CORESIGHT_ReadAPDPReg(AP reg 0x03)
T6408 000:536.456   Value=0x00000000
T6408 000:536.514 - 0.401ms returns 0
T6408 000:536.546 JLINK_CORESIGHT_WriteAPDPReg(AP reg 0x00, 0x80000002)
T6408 000:536.892 - 0.345ms returns 0
T6408 000:536.934 JLINK_CORESIGHT_WriteAPDPReg(AP reg 0x01, 0x80011130)
T6408 000:537.227 - 0.293ms returns 0
T6408 000:537.271 JLINK_CORESIGHT_ReadAPDPReg(AP reg 0x03)
T6408 000:537.700   Value=0x75020081
T6408 000:537.760 - 0.489ms returns 0
T6408 000:537.795 JLINK_CORESIGHT_WriteAPDPReg(AP reg 0x00, 0x80000002)
T6408 000:538.086 - 0.291ms returns 0
T6408 000:538.127 JLINK_CORESIGHT_WriteAPDPReg(AP reg 0x01, 0x80011140)
T6408 000:538.422 - 0.294ms returns 0
T6408 000:538.473 JLINK_CORESIGHT_ReadAPDPReg(AP reg 0x03)
T6408 000:538.767   Value=0x00000000
T6408 000:538.812 - 0.339ms returns 0
T6408 000:538.837 JLINK_CORESIGHT_WriteAPDPReg(AP reg 0x00, 0x80000002)
T6408 000:539.076 - 0.239ms returns 0
T6408 000:539.111 JLINK_CORESIGHT_WriteAPDPReg(AP reg 0x01, 0x80011130)
T6408 000:539.369 - 0.257ms returns 0
T6408 000:539.416 JLINK_CORESIGHT_ReadAPDPReg(AP reg 0x03)
T6408 000:539.775   Value=0x00038702
T6408 000:539.828 - 0.412ms returns 0
T6408 000:539.863 JLINK_CORESIGHT_WriteAPDPReg(AP reg 0x00, 0x80000002)
T6408 000:540.127 - 0.264ms returns 0
T6408 000:540.158 JLINK_CORESIGHT_WriteAPDPReg(AP reg 0x01, 0x80011140)
T6408 000:540.504 - 0.345ms returns 0
T6408 000:540.535 JLINK_CORESIGHT_ReadAPDPReg(AP reg 0x03)
T6408 000:540.892   Value=0x00000002
T6408 000:540.931 - 0.396ms returns 0
T6408 000:540.955 JLINK_CORESIGHT_WriteAPDPReg(AP reg 0x00, 0x80000002)
T6408 000:541.197 - 0.242ms returns 0
T6408 000:541.228 JLINK_CORESIGHT_WriteAPDPReg(AP reg 0x01, 0x80011120)
T6408 000:541.459 - 0.231ms returns 0
T6408 000:541.490 JLINK_CORESIGHT_WriteAPDPReg(AP reg 0x03, 0x4F010001)
T6408 000:541.728 - 0.238ms returns 0
T6408 000:541.758 JLINK_CORESIGHT_WriteAPDPReg(AP reg 0x00, 0x80000002)
T6408 000:541.999 - 0.241ms returns 0
T6408 000:542.030 JLINK_CORESIGHT_WriteAPDPReg(AP reg 0x01, 0x80011140)
T6408 000:542.280 - 0.250ms returns 0
T6408 000:542.311 JLINK_CORESIGHT_ReadAPDPReg(AP reg 0x03)
T6408 000:542.604   Value=0x00000002
T6408 000:542.641 - 0.330ms returns 0
T6408 000:542.663 JLINK_CORESIGHT_WriteAPDPReg(AP reg 0x00, 0x80000002)
T6408 000:542.995 - 0.332ms returns 0
T6408 000:543.029 JLINK_CORESIGHT_WriteAPDPReg(AP reg 0x01, 0x80011120)
T6408 000:543.272 - 0.243ms returns 0
T6408 000:543.302 JLINK_CORESIGHT_WriteAPDPReg(AP reg 0x03, 0x000003B0)
T6408 000:543.541 - 0.239ms returns 0
T6408 000:543.573 JLINK_CORESIGHT_WriteAPDPReg(AP reg 0x00, 0x80000002)
T6408 000:543.815 - 0.241ms returns 0
T6408 000:543.852 JLINK_CORESIGHT_WriteAPDPReg(AP reg 0x01, 0x80011140)
T6408 000:544.108 - 0.255ms returns 0
T6408 000:544.139 JLINK_CORESIGHT_ReadAPDPReg(AP reg 0x03)
T6408 000:544.591   Value=0x00000002
T6408 000:544.631 - 0.491ms returns 0
T6408 000:544.654 JLINK_CORESIGHT_ReadAPDPReg(AP reg 0x03)
T6408 000:544.947   Value=0x00000002
T6408 000:545.004 - 0.350ms returns 0
T6408 000:545.027 JLINK_CORESIGHT_ReadAPDPReg(AP reg 0x03)
T6408 000:545.345   Value=0x00000002
T6408 000:545.385 - 0.357ms returns 0
T6408 000:545.407 JLINK_CORESIGHT_ReadAPDPReg(AP reg 0x03)
T6408 000:545.686   Value=0x00000000
T6408 000:545.728 - 0.321ms returns 0
T6408 000:545.752 JLINK_CORESIGHT_WriteAPDPReg(AP reg 0x00, 0x80000002)
T6408 000:546.001 - 0.249ms returns 0
T6408 000:546.033 JLINK_CORESIGHT_WriteAPDPReg(AP reg 0x01, 0x80011130)
T6408 000:546.273 - 0.240ms returns 0
T6408 000:546.304 JLINK_CORESIGHT_ReadAPDPReg(AP reg 0x03)
T6408 000:546.633   Value=0x4F0B0081
T6408 000:546.671 - 0.366ms returns 0
T6408 000:546.698 JLINK_CORESIGHT_WriteAPDPReg(AP reg 0x00, 0x80000002)
T6408 000:547.044 - 0.345ms returns 0
T6408 000:547.079 JLINK_CORESIGHT_WriteAPDPReg(AP reg 0x01, 0x80011140)
T6408 000:547.359 - 0.280ms returns 0
T6408 000:548.480 JLINK_CORESIGHT_ReadAPDPReg(AP reg 0x03)
T6408 000:548.959   Value=0x00000000
T6408 000:549.017 - 0.538ms returns 0
T6408 000:549.045 JLINK_CORESIGHT_WriteAPDPReg(AP reg 0x00, 0x80000002)
T6408 000:549.303 - 0.258ms returns 0
T6408 000:549.337 JLINK_CORESIGHT_WriteAPDPReg(AP reg 0x01, 0x80011130)
T6408 000:549.577 - 0.240ms returns 0
T6408 000:549.609 JLINK_CORESIGHT_ReadAPDPReg(AP reg 0x03)
T6408 000:549.914   Value=0xC0000000
T6408 000:549.953 - 0.344ms returns 0
T6408 000:549.977 JLINK_CORESIGHT_WriteAPDPReg(AP reg 0x00, 0x80000002)
T6408 000:550.207 - 0.229ms returns 0
T6408 000:550.239 JLINK_CORESIGHT_WriteAPDPReg(AP reg 0x01, 0x80011140)
T6408 000:550.471 - 0.231ms returns 0
T6408 000:550.501 JLINK_CORESIGHT_ReadAPDPReg(AP reg 0x03)
T6408 000:550.833   Value=0x00000000
T6408 000:550.868 - 0.367ms returns 0
T6408 000:550.897 JLINK_CORESIGHT_WriteAPDPReg(AP reg 0x00, 0x80000002)
T6408 000:551.140 - 0.243ms returns 0
T6408 000:551.172 JLINK_CORESIGHT_WriteAPDPReg(AP reg 0x01, 0x80011130)
T6408 000:551.402 - 0.229ms returns 0
T6408 000:551.434 JLINK_CORESIGHT_ReadAPDPReg(AP reg 0x03)
T6408 000:551.741   Value=0x00000000
T6408 000:551.778 - 0.344ms returns 0
T6408 000:551.801 JLINK_CORESIGHT_WriteAPDPReg(AP reg 0x00, 0x80000002)
T6408 000:552.115 - 0.313ms returns 0
T6408 000:552.170 JLINK_CORESIGHT_WriteAPDPReg(AP reg 0x01, 0x80011140)
T6408 000:552.418 - 0.248ms returns 0
T6408 000:552.475 JLINK_CORESIGHT_ReadAPDPReg(AP reg 0x03)
T6408 000:552.804   Value=0x00000000
T6408 000:552.852 - 0.377ms returns 0
T6408 000:552.877 JLINK_CORESIGHT_WriteAPDPReg(AP reg 0x00, 0x80000002)
T6408 000:553.104 - 0.227ms returns 0
T6408 000:553.135 JLINK_CORESIGHT_WriteAPDPReg(AP reg 0x01, 0x80011130)
T6408 000:553.497 - 0.361ms returns 0
T6408 000:553.539 JLINK_CORESIGHT_ReadAPDPReg(AP reg 0x03)
T6408 000:553.942   Value=0x03E60000
T6408 000:553.984 - 0.445ms returns 0
T6408 000:554.129 JLINK_CORESIGHT_WriteAPDPReg(AP reg 0x00, 0x80000002)
T6408 000:554.389 - 0.260ms returns 0
T6408 000:554.417 JLINK_CORESIGHT_WriteAPDPReg(AP reg 0x01, 0x80011140)
T6408 000:554.684 - 0.267ms returns 0
T6408 000:554.718 JLINK_CORESIGHT_ReadAPDPReg(AP reg 0x03)
T6408 000:555.114   Value=0x00000002
T6408 000:555.185 - 0.467ms returns 0
T6408 000:555.226 JLINK_CORESIGHT_WriteAPDPReg(AP reg 0x00, 0x80000002)
T6408 000:555.507 - 0.280ms returns 0
T6408 000:555.561 JLINK_CORESIGHT_WriteAPDPReg(AP reg 0x01, 0x80011120)
T6408 000:555.899 - 0.338ms returns 0
T6408 000:555.939 JLINK_CORESIGHT_WriteAPDPReg(AP reg 0x03, 0x2C010001)
T6408 000:556.196 - 0.257ms returns 0
T6408 000:556.228 JLINK_CORESIGHT_WriteAPDPReg(AP reg 0x00, 0x80000002)
T6408 000:556.487 - 0.258ms returns 0
T6408 000:556.523 JLINK_CORESIGHT_WriteAPDPReg(AP reg 0x01, 0x80011140)
T6408 000:556.891 - 0.368ms returns 0
T6408 000:556.929 JLINK_CORESIGHT_ReadAPDPReg(AP reg 0x03)
T6408 000:557.235   Value=0x00000002
T6408 000:557.279 - 0.350ms returns 0
T6408 000:557.309 JLINK_CORESIGHT_WriteAPDPReg(AP reg 0x00, 0x80000002)
T6408 000:557.625 - 0.315ms returns 0
T6408 000:557.661 JLINK_CORESIGHT_WriteAPDPReg(AP reg 0x01, 0x80011120)
T6408 000:557.916 - 0.254ms returns 0
T6408 000:557.957 JLINK_CORESIGHT_WriteAPDPReg(AP reg 0x03, 0x000003D3)
T6408 000:558.203 - 0.246ms returns 0
T6408 000:558.237 JLINK_CORESIGHT_WriteAPDPReg(AP reg 0x00, 0x80000002)
T6408 000:558.476 - 0.239ms returns 0
T6408 000:558.509 JLINK_CORESIGHT_WriteAPDPReg(AP reg 0x01, 0x80011140)
T6408 000:558.747 - 0.238ms returns 0
T6408 000:558.783 JLINK_CORESIGHT_ReadAPDPReg(AP reg 0x03)
T6408 000:559.074   Value=0x00000002
T6408 000:559.118 - 0.335ms returns 0
T6408 000:559.142 JLINK_CORESIGHT_ReadAPDPReg(AP reg 0x03)
T6408 000:559.436   Value=0x00000002
T6408 000:559.477 - 0.335ms returns 0
T6408 000:559.501 JLINK_CORESIGHT_ReadAPDPReg(AP reg 0x03)
T6408 000:559.795   Value=0x00000002
T6408 000:559.852 - 0.350ms returns 0
T6408 000:559.877 JLINK_CORESIGHT_ReadAPDPReg(AP reg 0x03)
T6408 000:560.165   Value=0x00000002
T6408 000:560.207 - 0.329ms returns 0
T6408 000:560.230 JLINK_CORESIGHT_ReadAPDPReg(AP reg 0x03)
T6408 000:560.518   Value=0x00000002
T6408 000:560.560 - 0.330ms returns 0
T6408 000:560.583 JLINK_CORESIGHT_ReadAPDPReg(AP reg 0x03)
T6408 000:560.884   Value=0x00000002
T6408 000:560.955 - 0.372ms returns 0
T6408 000:560.989 JLINK_CORESIGHT_ReadAPDPReg(AP reg 0x03)
T6408 000:561.302   Value=0x00000000
T6408 000:561.364 - 0.374ms returns 0
T6408 000:561.398 JLINK_CORESIGHT_WriteAPDPReg(AP reg 0x00, 0x80000002)
T6408 000:561.773 - 0.373ms returns 0
T6408 000:561.920 JLINK_CORESIGHT_WriteAPDPReg(AP reg 0x01, 0x80011130)
T6408 000:562.193 - 0.273ms returns 0
T6408 000:562.242 JLINK_CORESIGHT_ReadAPDPReg(AP reg 0x03)
T6408 000:562.553   Value=0x2C020081
T6408 000:562.611 - 0.369ms returns 0
T6408 000:562.647 JLINK_CORESIGHT_WriteAPDPReg(AP reg 0x00, 0x80000002)
T6408 000:562.911 - 0.263ms returns 0
T6408 000:562.961 JLINK_CORESIGHT_WriteAPDPReg(AP reg 0x01, 0x80011140)
T6408 000:563.229 - 0.268ms returns 0
T6408 000:563.287 JLINK_CORESIGHT_ReadAPDPReg(AP reg 0x03)
T6408 000:563.708   Value=0x00000000
T6408 000:563.766 - 0.479ms returns 0
T6408 000:563.801 JLINK_CORESIGHT_WriteAPDPReg(AP reg 0x00, 0x80000002)
T6408 000:564.060 - 0.259ms returns 0
T6408 000:564.112 JLINK_CORESIGHT_WriteAPDPReg(AP reg 0x01, 0x80011130)
T6408 000:564.353 - 0.241ms returns 0
T6408 000:564.397 JLINK_CORESIGHT_ReadAPDPReg(AP reg 0x03)
T6408 000:564.897   Value=0x0003CE04
T6408 000:564.954 - 0.556ms returns 0
T6408 000:564.997 JLINK_CORESIGHT_WriteAPDPReg(AP reg 0x00, 0x80000002)
T6408 000:565.256 - 0.258ms returns 0
T6408 000:565.301 JLINK_CORESIGHT_WriteAPDPReg(AP reg 0x01, 0x80011140)
T6408 000:565.626 - 0.325ms returns 0
T6408 000:565.671 JLINK_CORESIGHT_ReadAPDPReg(AP reg 0x03)
T6408 000:566.046   Value=0x00000002
T6408 000:566.099 - 0.428ms returns 0
T6408 000:566.133 JLINK_CORESIGHT_WriteAPDPReg(AP reg 0x00, 0x80000002)
T6408 000:566.393 - 0.259ms returns 0
T6408 000:566.436 JLINK_CORESIGHT_WriteAPDPReg(AP reg 0x01, 0x80011120)
T6408 000:566.706 - 0.270ms returns 0
T6408 000:566.750 JLINK_CORESIGHT_WriteAPDPReg(AP reg 0x03, 0x73010001)
T6408 000:567.013 - 0.263ms returns 0
T6408 000:567.055 JLINK_CORESIGHT_WriteAPDPReg(AP reg 0x00, 0x80000002)
T6408 000:567.301 - 0.245ms returns 0
T6408 000:567.345 JLINK_CORESIGHT_WriteAPDPReg(AP reg 0x01, 0x80011140)
T6408 000:567.592 - 0.246ms returns 0
T6408 000:567.633 JLINK_CORESIGHT_ReadAPDPReg(AP reg 0x03)
T6408 000:567.952   Value=0x00000002
T6408 000:568.007 - 0.373ms returns 0
T6408 000:568.044 JLINK_CORESIGHT_WriteAPDPReg(AP reg 0x00, 0x80000002)
T6408 000:568.306 - 0.262ms returns 0
T6408 000:568.347 JLINK_CORESIGHT_WriteAPDPReg(AP reg 0x01, 0x80011120)
T6408 000:568.605 - 0.257ms returns 0
T6408 000:568.649 JLINK_CORESIGHT_WriteAPDPReg(AP reg 0x03, 0x0000038C)
T6408 000:568.990 - 0.341ms returns 0
T6408 000:569.031 JLINK_CORESIGHT_WriteAPDPReg(AP reg 0x00, 0x80000002)
T6408 000:569.280 - 0.249ms returns 0
T6408 000:569.321 JLINK_CORESIGHT_WriteAPDPReg(AP reg 0x01, 0x80011140)
T6408 000:569.594 - 0.272ms returns 0
T6408 000:569.634 JLINK_CORESIGHT_ReadAPDPReg(AP reg 0x03)
T6408 000:569.964   Value=0x00000002
T6408 000:570.041 - 0.407ms returns 0
T6408 000:570.078 JLINK_CORESIGHT_ReadAPDPReg(AP reg 0x03)
T6408 000:570.392   Value=0x00000002
T6408 000:570.466 - 0.387ms returns 0
T6408 000:570.503 JLINK_CORESIGHT_ReadAPDPReg(AP reg 0x03)
T6408 000:570.883   Value=0x00000002
T6408 000:570.942 - 0.439ms returns 0
T6408 000:570.974 JLINK_CORESIGHT_ReadAPDPReg(AP reg 0x03)
T6408 000:571.275   Value=0x00000002
T6408 000:571.325 - 0.350ms returns 0
T6408 000:571.358 JLINK_CORESIGHT_ReadAPDPReg(AP reg 0x03)
T6408 000:571.651   Value=0x00000002
T6408 000:571.707 - 0.349ms returns 0
T6408 000:571.742 JLINK_CORESIGHT_ReadAPDPReg(AP reg 0x03)
T6408 000:572.041   Value=0x00000002
T6408 000:572.100 - 0.358ms returns 0
T6408 000:572.138 JLINK_CORESIGHT_ReadAPDPReg(AP reg 0x03)
T6408 000:572.455   Value=0x00000002
T6408 000:572.512 - 0.373ms returns 0
T6408 000:572.545 JLINK_CORESIGHT_ReadAPDPReg(AP reg 0x03)
T6408 000:572.885   Value=0x00000002
T6408 000:572.944 - 0.399ms returns 0
T6408 000:572.980 JLINK_CORESIGHT_ReadAPDPReg(AP reg 0x03)
T6408 000:573.369   Value=0x00000002
T6408 000:573.429 - 0.449ms returns 0
T6408 000:573.463 JLINK_CORESIGHT_ReadAPDPReg(AP reg 0x03)
T6408 000:573.885   Value=0x00000000
T6408 000:573.946 - 0.483ms returns 0
T6408 000:573.987 JLINK_CORESIGHT_WriteAPDPReg(AP reg 0x00, 0x80000002)
T6408 000:574.285 - 0.298ms returns 0
T6408 000:574.335 JLINK_CORESIGHT_WriteAPDPReg(AP reg 0x01, 0x80011130)
T6408 000:574.590 - 0.255ms returns 0
T6408 000:574.637 JLINK_CORESIGHT_ReadAPDPReg(AP reg 0x03)
T6408 000:575.045   Value=0x73020081
T6408 000:575.111 - 0.473ms returns 0
T6408 000:575.153 JLINK_CORESIGHT_WriteAPDPReg(AP reg 0x00, 0x80000002)
T6408 000:575.437 - 0.283ms returns 0
T6408 000:575.496 JLINK_CORESIGHT_WriteAPDPReg(AP reg 0x01, 0x80011140)
T6408 000:575.752 - 0.256ms returns 0
T6408 000:575.799 JLINK_CORESIGHT_ReadAPDPReg(AP reg 0x03)
T6408 000:576.127   Value=0x00000000
T6408 000:576.167 - 0.368ms returns 0
T6408 000:576.194 JLINK_CORESIGHT_WriteAPDPReg(AP reg 0x00, 0x80000002)
T6408 000:576.485 - 0.291ms returns 0
T6408 000:576.520 JLINK_CORESIGHT_WriteAPDPReg(AP reg 0x01, 0x80011130)
T6408 000:576.746 - 0.225ms returns 0
T6408 000:576.778 JLINK_CORESIGHT_ReadAPDPReg(AP reg 0x03)
T6408 000:577.061   Value=0x00038902
T6408 000:577.099 - 0.321ms returns 0
T6408 000:577.891 JLINK_CORESIGHT_WriteAPDPReg(AP reg 0x00, 0x80000002)
T6408 000:578.171 - 0.279ms returns 0
T6408 000:578.230 JLINK_CORESIGHT_WriteAPDPReg(AP reg 0x01, 0x80011140)
T6408 000:578.503 - 0.273ms returns 0
T6408 000:578.555 JLINK_CORESIGHT_ReadAPDPReg(AP reg 0x03)
T6408 000:578.885   Value=0x00000002
T6408 000:578.950 - 0.394ms returns 0
T6408 000:578.988 JLINK_CORESIGHT_WriteAPDPReg(AP reg 0x00, 0x80000002)
T6408 000:579.253 - 0.264ms returns 0
T6408 000:579.304 JLINK_CORESIGHT_WriteAPDPReg(AP reg 0x01, 0x80011120)
T6408 000:579.565 - 0.260ms returns 0
T6408 000:579.618 JLINK_CORESIGHT_WriteAPDPReg(AP reg 0x03, 0x75010001)
T6408 000:579.882 - 0.264ms returns 0
T6408 000:579.930 JLINK_CORESIGHT_WriteAPDPReg(AP reg 0x00, 0x80000002)
T6408 000:580.176 - 0.245ms returns 0
T6408 000:580.223 JLINK_CORESIGHT_WriteAPDPReg(AP reg 0x01, 0x80011140)
T6408 000:580.464 - 0.241ms returns 0
T6408 000:580.516 JLINK_CORESIGHT_ReadAPDPReg(AP reg 0x03)
T6408 000:580.882   Value=0x00000002
T6408 000:580.943 - 0.427ms returns 0
T6408 000:580.979 JLINK_CORESIGHT_WriteAPDPReg(AP reg 0x00, 0x80000002)
T6408 000:581.224 - 0.245ms returns 0
T6408 000:581.271 JLINK_CORESIGHT_WriteAPDPReg(AP reg 0x01, 0x80011120)
T6408 000:581.528 - 0.256ms returns 0
T6408 000:581.576 JLINK_CORESIGHT_WriteAPDPReg(AP reg 0x03, 0x0000038A)
T6408 000:581.880 - 0.304ms returns 0
T6408 000:581.930 JLINK_CORESIGHT_WriteAPDPReg(AP reg 0x00, 0x80000002)
T6408 000:582.203 - 0.273ms returns 0
T6408 000:582.261 JLINK_CORESIGHT_WriteAPDPReg(AP reg 0x01, 0x80011140)
T6408 000:582.514 - 0.253ms returns 0
T6408 000:582.561 JLINK_CORESIGHT_ReadAPDPReg(AP reg 0x03)
T6408 000:582.885   Value=0x00000002
T6408 000:582.940 - 0.380ms returns 0
T6408 000:582.965 JLINK_CORESIGHT_ReadAPDPReg(AP reg 0x03)
T6408 000:583.269   Value=0x00000002
T6408 000:583.308 - 0.343ms returns 0
T6408 000:583.332 JLINK_CORESIGHT_ReadAPDPReg(AP reg 0x03)
T6408 000:583.615   Value=0x00000002
T6408 000:583.653 - 0.320ms returns 0
T6408 000:583.676 JLINK_CORESIGHT_ReadAPDPReg(AP reg 0x03)
T6408 000:583.961   Value=0x00000002
T6408 000:584.000 - 0.324ms returns 0
T6408 000:584.022 JLINK_CORESIGHT_ReadAPDPReg(AP reg 0x03)
T6408 000:584.318   Value=0x00000002
T6408 000:584.356 - 0.334ms returns 0
T6408 000:584.378 JLINK_CORESIGHT_ReadAPDPReg(AP reg 0x03)
T6408 000:584.671   Value=0x00000002
T6408 000:584.738 - 0.359ms returns 0
T6408 000:584.775 JLINK_CORESIGHT_ReadAPDPReg(AP reg 0x03)
T6408 000:585.076   Value=0x00000000
T6408 000:585.135 - 0.360ms returns 0
T6408 000:585.173 JLINK_CORESIGHT_WriteAPDPReg(AP reg 0x00, 0x80000002)
T6408 000:585.508 - 0.335ms returns 0
T6408 000:585.573 JLINK_CORESIGHT_WriteAPDPReg(AP reg 0x01, 0x80011130)
T6408 000:585.886 - 0.312ms returns 0
T6408 000:585.945 JLINK_CORESIGHT_ReadAPDPReg(AP reg 0x03)
T6408 000:586.260   Value=0x75020081
T6408 000:586.315 - 0.370ms returns 0
T6408 000:586.348 JLINK_CORESIGHT_WriteAPDPReg(AP reg 0x00, 0x80000002)
T6408 000:586.581 - 0.233ms returns 0
T6408 000:586.621 JLINK_CORESIGHT_WriteAPDPReg(AP reg 0x01, 0x80011140)
T6408 000:586.881 - 0.260ms returns 0
T6408 000:586.923 JLINK_CORESIGHT_ReadAPDPReg(AP reg 0x03)
T6408 000:587.213   Value=0x00000000
T6408 000:587.269 - 0.346ms returns 0
T6408 000:587.301 JLINK_CORESIGHT_WriteAPDPReg(AP reg 0x00, 0x80000002)
T6408 000:587.553 - 0.252ms returns 0
T6408 000:587.598 JLINK_CORESIGHT_WriteAPDPReg(AP reg 0x01, 0x80011130)
T6408 000:587.883 - 0.284ms returns 0
T6408 000:587.924 JLINK_CORESIGHT_ReadAPDPReg(AP reg 0x03)
T6408 000:588.264   Value=0x00038702
T6408 000:588.326 - 0.401ms returns 0
T6408 000:588.372 JLINK_CORESIGHT_WriteAPDPReg(AP reg 0x00, 0x80000002)
T6408 000:588.630 - 0.257ms returns 0
T6408 000:588.677 JLINK_CORESIGHT_WriteAPDPReg(AP reg 0x01, 0x80011140)
T6408 000:588.990 - 0.313ms returns 0
T6408 000:589.034 JLINK_CORESIGHT_ReadAPDPReg(AP reg 0x03)
T6408 000:589.324   Value=0x00000002
T6408 000:589.379 - 0.345ms returns 0
T6408 000:589.415 JLINK_CORESIGHT_WriteAPDPReg(AP reg 0x00, 0x80000002)
T6408 000:589.656 - 0.241ms returns 0
T6408 000:589.700 JLINK_CORESIGHT_WriteAPDPReg(AP reg 0x01, 0x80011120)
T6408 000:589.990 - 0.290ms returns 0
T6408 000:590.037 JLINK_CORESIGHT_WriteAPDPReg(AP reg 0x03, 0x4E0B0001)
T6408 000:590.275 - 0.238ms returns 0
T6408 000:590.323 JLINK_CORESIGHT_WriteAPDPReg(AP reg 0x00, 0x80000002)
T6408 000:590.565 - 0.242ms returns 0
T6408 000:590.610 JLINK_CORESIGHT_WriteAPDPReg(AP reg 0x01, 0x80011140)
T6408 000:590.903 - 0.292ms returns 0
T6408 000:590.947 JLINK_CORESIGHT_ReadAPDPReg(AP reg 0x03)
T6408 000:591.271   Value=0x00000002
T6408 000:591.328 - 0.381ms returns 0
T6408 000:591.362 JLINK_CORESIGHT_WriteAPDPReg(AP reg 0x00, 0x80000002)
T6408 000:591.609 - 0.246ms returns 0
T6408 000:591.653 JLINK_CORESIGHT_WriteAPDPReg(AP reg 0x01, 0x80011120)
T6408 000:591.994 - 0.341ms returns 0
T6408 000:592.039 JLINK_CORESIGHT_WriteAPDPReg(AP reg 0x03, 0x60000000)
T6408 000:592.285 - 0.246ms returns 0
T6408 000:592.334 JLINK_CORESIGHT_WriteAPDPReg(AP reg 0x00, 0x80000002)
T6408 000:592.573 - 0.239ms returns 0
T6408 000:592.620 JLINK_CORESIGHT_WriteAPDPReg(AP reg 0x01, 0x80011140)
T6408 000:592.884 - 0.264ms returns 0
T6408 000:592.925 JLINK_CORESIGHT_ReadAPDPReg(AP reg 0x03)
T6408 000:593.265   Value=0x00000002
T6408 000:593.323 - 0.398ms returns 0
T6408 000:593.354 JLINK_CORESIGHT_WriteAPDPReg(AP reg 0x00, 0x80000002)
T6408 000:593.597 - 0.243ms returns 0
T6408 000:593.644 JLINK_CORESIGHT_WriteAPDPReg(AP reg 0x01, 0x80011120)
T6408 000:593.909 - 0.265ms returns 0
T6408 000:593.955 JLINK_CORESIGHT_WriteAPDPReg(AP reg 0x03, 0x00000000)
T6408 000:594.204 - 0.248ms returns 0
T6408 000:594.249 JLINK_CORESIGHT_WriteAPDPReg(AP reg 0x00, 0x80000002)
T6408 000:594.507 - 0.258ms returns 0
T6408 000:594.558 JLINK_CORESIGHT_WriteAPDPReg(AP reg 0x01, 0x80011140)
T6408 000:594.809 - 0.250ms returns 0
T6408 000:594.857 JLINK_CORESIGHT_ReadAPDPReg(AP reg 0x03)
T6408 000:595.185   Value=0x00000002
T6408 000:595.244 - 0.387ms returns 0
T6408 000:595.279 JLINK_CORESIGHT_WriteAPDPReg(AP reg 0x00, 0x80000002)
T6408 000:595.531 - 0.251ms returns 0
T6408 000:595.576 JLINK_CORESIGHT_WriteAPDPReg(AP reg 0x01, 0x80011120)
T6408 000:595.884 - 0.308ms returns 0
T6408 000:595.929 JLINK_CORESIGHT_WriteAPDPReg(AP reg 0x03, 0x03470000)
T6408 000:596.178 - 0.248ms returns 0
T6408 000:596.224 JLINK_CORESIGHT_WriteAPDPReg(AP reg 0x00, 0x80000002)
T6408 000:596.465 - 0.240ms returns 0
T6408 000:596.510 JLINK_CORESIGHT_WriteAPDPReg(AP reg 0x01, 0x80011140)
T6408 000:596.780 - 0.269ms returns 0
T6408 000:596.823 JLINK_CORESIGHT_ReadAPDPReg(AP reg 0x03)
T6408 000:597.144   Value=0x00000002
T6408 000:597.203 - 0.380ms returns 0
T6408 000:597.237 JLINK_CORESIGHT_ReadAPDPReg(AP reg 0x03)
T6408 000:597.531   Value=0x00000002
T6408 000:597.592 - 0.354ms returns 0
T6408 000:597.627 JLINK_CORESIGHT_ReadAPDPReg(AP reg 0x03)
T6408 000:597.935   Value=0x00000002
T6408 000:597.994 - 0.367ms returns 0
T6408 000:598.028 JLINK_CORESIGHT_ReadAPDPReg(AP reg 0x03)
T6408 000:598.330   Value=0x00000002
T6408 000:598.386 - 0.358ms returns 0
T6408 000:598.422 JLINK_CORESIGHT_ReadAPDPReg(AP reg 0x03)
T6408 000:598.730   Value=0x00000002
T6408 000:598.787 - 0.365ms returns 0
T6408 000:598.828 JLINK_CORESIGHT_ReadAPDPReg(AP reg 0x03)
T6408 000:599.115   Value=0x00000002
T6408 000:599.175 - 0.347ms returns 0
T6408 000:599.213 JLINK_CORESIGHT_ReadAPDPReg(AP reg 0x03)
T6408 000:599.524   Value=0x00000002
T6408 000:599.585 - 0.372ms returns 0
T6408 000:599.625 JLINK_CORESIGHT_ReadAPDPReg(AP reg 0x03)
T6408 000:599.939   Value=0x00000002
T6408 000:599.998 - 0.373ms returns 0
T6408 000:600.034 JLINK_CORESIGHT_ReadAPDPReg(AP reg 0x03)
T6408 000:600.330   Value=0x00000002
T6408 000:600.396 - 0.361ms returns 0
T6408 000:600.431 JLINK_CORESIGHT_ReadAPDPReg(AP reg 0x03)
T6408 000:600.731   Value=0x00000002
T6408 000:600.791 - 0.360ms returns 0
T6408 000:600.825 JLINK_CORESIGHT_ReadAPDPReg(AP reg 0x03)
T6408 000:603.447   Value=0x00000002
T6408 000:603.557 - 2.731ms returns 0
T6408 000:603.604 JLINK_CORESIGHT_ReadAPDPReg(AP reg 0x03)
T6408 000:604.058   Value=0x00000000
T6408 000:604.126 - 0.521ms returns 0
T6408 000:604.173 JLINK_CORESIGHT_WriteAPDPReg(AP reg 0x00, 0x80000002)
T6408 000:604.442 - 0.269ms returns 0
T6408 000:604.494 JLINK_CORESIGHT_WriteAPDPReg(AP reg 0x01, 0x80011130)
T6408 000:604.893 - 0.398ms returns 0
T6408 000:606.038 JLINK_CORESIGHT_ReadAPDPReg(AP reg 0x03)
T6408 000:606.475   Value=0x4E0A0081
T6408 000:606.554 - 0.517ms returns 0
T6408 000:606.595 JLINK_CORESIGHT_WriteAPDPReg(AP reg 0x00, 0x80000002)
T6408 000:606.885 - 0.290ms returns 0
T6408 000:606.938 JLINK_CORESIGHT_WriteAPDPReg(AP reg 0x01, 0x80011140)
T6408 000:607.215 - 0.277ms returns 0
T6408 000:607.267 JLINK_CORESIGHT_ReadAPDPReg(AP reg 0x03)
T6408 000:607.588   Value=0x00000000
T6408 000:607.668 - 0.400ms returns 0
T6408 000:607.710 JLINK_CORESIGHT_WriteAPDPReg(AP reg 0x00, 0x80000002)
T6408 000:608.017 - 0.306ms returns 0
T6408 000:608.085 JLINK_CORESIGHT_WriteAPDPReg(AP reg 0x01, 0x80011130)
T6408 000:608.377 - 0.291ms returns 0
T6408 000:608.431 JLINK_CORESIGHT_ReadAPDPReg(AP reg 0x03)
T6408 000:608.751   Value=0xFFFFFF00
T6408 000:608.813 - 0.382ms returns 0
T6408 000:608.858 JLINK_CORESIGHT_WriteAPDPReg(AP reg 0x00, 0x80000002)
T6408 000:609.137 - 0.278ms returns 0
T6408 000:609.186 JLINK_CORESIGHT_WriteAPDPReg(AP reg 0x01, 0x80011140)
T6408 000:609.464 - 0.278ms returns 0
T6408 000:609.511 JLINK_CORESIGHT_ReadAPDPReg(AP reg 0x03)
T6408 000:609.943   Value=0x00000000
T6408 000:610.005 - 0.494ms returns 0
T6408 000:610.044 JLINK_CORESIGHT_WriteAPDPReg(AP reg 0x00, 0x80000002)
T6408 000:610.309 - 0.265ms returns 0
T6408 000:610.354 JLINK_CORESIGHT_WriteAPDPReg(AP reg 0x01, 0x80011130)
T6408 000:610.615 - 0.260ms returns 0
T6408 000:610.664 JLINK_CORESIGHT_ReadAPDPReg(AP reg 0x03)
T6408 000:611.071   Value=0xFFFFFFFF
T6408 000:611.134 - 0.469ms returns 0
T6408 000:611.169 JLINK_CORESIGHT_WriteAPDPReg(AP reg 0x00, 0x80000002)
T6408 000:611.434 - 0.264ms returns 0
T6408 000:611.481 JLINK_CORESIGHT_WriteAPDPReg(AP reg 0x01, 0x80011140)
T6408 000:611.730 - 0.248ms returns 0
T6408 000:611.776 JLINK_CORESIGHT_ReadAPDPReg(AP reg 0x03)
T6408 000:612.107   Value=0x00000000
T6408 000:612.189 - 0.411ms returns 0
T6408 000:612.230 JLINK_CORESIGHT_WriteAPDPReg(AP reg 0x00, 0x80000002)
T6408 000:612.625 - 0.395ms returns 0
T6408 000:612.716 JLINK_CORESIGHT_WriteAPDPReg(AP reg 0x01, 0x80011130)
T6408 000:613.104 - 0.387ms returns 0
T6408 000:613.189 JLINK_CORESIGHT_ReadAPDPReg(AP reg 0x03)
T6408 000:613.550   Value=0x0003B0FF
T6408 000:613.626 - 0.437ms returns 0
T6408 000:613.672 JLINK_CORESIGHT_WriteAPDPReg(AP reg 0x00, 0x80000002)
T6408 000:613.993 - 0.321ms returns 0
T6408 000:614.048 JLINK_CORESIGHT_WriteAPDPReg(AP reg 0x01, 0x80011140)
T6408 000:614.377 - 0.329ms returns 0
T6408 000:614.437 JLINK_CORESIGHT_ReadAPDPReg(AP reg 0x03)
T6408 000:614.889   Value=0x00000002
T6408 000:614.950 - 0.513ms returns 0
T6408 000:615.006 JLINK_CORESIGHT_WriteAPDPReg(AP reg 0x00, 0x80000002)
T6408 000:616.076 - 1.068ms returns 0
T6408 000:616.149 JLINK_CORESIGHT_WriteAPDPReg(AP reg 0x01, 0x80011120)
T6408 000:616.791 - 0.642ms returns 0
T6408 000:616.856 JLINK_CORESIGHT_WriteAPDPReg(AP reg 0x03, 0x4F010001)
T6408 000:617.134 - 0.278ms returns 0
T6408 000:617.190 JLINK_CORESIGHT_WriteAPDPReg(AP reg 0x00, 0x80000002)
T6408 000:617.436 - 0.246ms returns 0
T6408 000:617.478 JLINK_CORESIGHT_WriteAPDPReg(AP reg 0x01, 0x80011140)
T6408 000:617.718 - 0.239ms returns 0
T6408 000:617.761 JLINK_CORESIGHT_ReadAPDPReg(AP reg 0x03)
T6408 000:618.069   Value=0x00000002
T6408 000:618.126 - 0.364ms returns 0
T6408 000:618.160 JLINK_CORESIGHT_WriteAPDPReg(AP reg 0x00, 0x80000002)
T6408 000:618.406 - 0.246ms returns 0
T6408 000:618.449 JLINK_CORESIGHT_WriteAPDPReg(AP reg 0x01, 0x80011120)
T6408 000:618.691 - 0.241ms returns 0
T6408 000:618.753 JLINK_CORESIGHT_WriteAPDPReg(AP reg 0x03, 0x000003B0)
T6408 000:619.069 - 0.316ms returns 0
T6408 000:619.121 JLINK_CORESIGHT_WriteAPDPReg(AP reg 0x00, 0x80000002)
T6408 000:619.407 - 0.286ms returns 0
T6408 000:619.459 JLINK_CORESIGHT_WriteAPDPReg(AP reg 0x01, 0x80011140)
T6408 000:619.718 - 0.259ms returns 0
T6408 000:619.767 JLINK_CORESIGHT_ReadAPDPReg(AP reg 0x03)
T6408 000:620.108   Value=0x00000002
T6408 000:620.174 - 0.407ms returns 0
T6408 000:620.209 JLINK_CORESIGHT_ReadAPDPReg(AP reg 0x03)
T6408 000:620.535   Value=0x00000002
T6408 000:620.636 - 0.427ms returns 0
T6408 000:620.695 JLINK_CORESIGHT_ReadAPDPReg(AP reg 0x03)
T6408 000:621.052   Value=0x00000002
T6408 000:621.123 - 0.429ms returns 0
T6408 000:621.158 JLINK_CORESIGHT_ReadAPDPReg(AP reg 0x03)
T6408 000:621.493   Value=0x00000002
T6408 000:621.551 - 0.393ms returns 0
T6408 000:621.585 JLINK_CORESIGHT_ReadAPDPReg(AP reg 0x03)
T6408 000:621.913   Value=0x00000002
T6408 000:621.974 - 0.388ms returns 0
T6408 000:622.009 JLINK_CORESIGHT_ReadAPDPReg(AP reg 0x03)
T6408 000:622.356   Value=0x00000002
T6408 000:622.419 - 0.410ms returns 0
T6408 000:622.452 JLINK_CORESIGHT_ReadAPDPReg(AP reg 0x03)
T6408 000:622.791   Value=0x00000002
T6408 000:622.848 - 0.395ms returns 0
T6408 000:622.881 JLINK_CORESIGHT_ReadAPDPReg(AP reg 0x03)
T6408 000:623.207   Value=0x00000002
T6408 000:623.269 - 0.387ms returns 0
T6408 000:623.301 JLINK_CORESIGHT_ReadAPDPReg(AP reg 0x03)
T6408 000:623.607   Value=0x00000000
T6408 000:623.661 - 0.359ms returns 0
T6408 000:623.685 JLINK_CORESIGHT_WriteAPDPReg(AP reg 0x00, 0x80000002)
T6408 000:623.933 - 0.248ms returns 0
T6408 000:623.965 JLINK_CORESIGHT_WriteAPDPReg(AP reg 0x01, 0x80011130)
T6408 000:624.197 - 0.232ms returns 0
T6408 000:624.228 JLINK_CORESIGHT_ReadAPDPReg(AP reg 0x03)
T6408 000:624.539   Value=0x4F0B0081
T6408 000:624.578 - 0.349ms returns 0
T6408 000:624.601 JLINK_CORESIGHT_WriteAPDPReg(AP reg 0x00, 0x80000002)
T6408 000:624.883 - 0.282ms returns 0
T6408 000:624.915 JLINK_CORESIGHT_WriteAPDPReg(AP reg 0x01, 0x80011140)
T6408 000:625.162 - 0.247ms returns 0
T6408 000:625.195 JLINK_CORESIGHT_ReadAPDPReg(AP reg 0x03)
T6408 000:625.483   Value=0x00000000
T6408 000:625.521 - 0.326ms returns 0
T6408 000:625.544 JLINK_CORESIGHT_WriteAPDPReg(AP reg 0x00, 0x80000002)
T6408 000:625.882 - 0.337ms returns 0
T6408 000:625.912 JLINK_CORESIGHT_WriteAPDPReg(AP reg 0x01, 0x80011130)
T6408 000:626.142 - 0.230ms returns 0
T6408 000:626.172 JLINK_CORESIGHT_ReadAPDPReg(AP reg 0x03)
T6408 000:626.455   Value=0x60000000
T6408 000:626.493 - 0.321ms returns 0
T6408 000:626.516 JLINK_CORESIGHT_WriteAPDPReg(AP reg 0x00, 0x80000002)
T6408 000:626.769 - 0.252ms returns 0
T6408 000:626.817 JLINK_CORESIGHT_WriteAPDPReg(AP reg 0x01, 0x80011140)
T6408 000:627.080 - 0.261ms returns 0
T6408 000:627.148 JLINK_CORESIGHT_ReadAPDPReg(AP reg 0x03)
T6408 000:627.547   Value=0x00000000
T6408 000:627.616 - 0.467ms returns 0
T6408 000:627.650 JLINK_CORESIGHT_WriteAPDPReg(AP reg 0x00, 0x80000002)
T6408 000:627.910 - 0.260ms returns 0
T6408 000:627.954 JLINK_CORESIGHT_WriteAPDPReg(AP reg 0x01, 0x80011130)
T6408 000:628.246 - 0.292ms returns 0
T6408 000:628.274 JLINK_CORESIGHT_ReadAPDPReg(AP reg 0x03)
T6408 000:628.605   Value=0x00000000
T6408 000:628.641 - 0.366ms returns 0
T6408 000:628.664 JLINK_CORESIGHT_WriteAPDPReg(AP reg 0x00, 0x80000002)
T6408 000:628.989 - 0.324ms returns 0
T6408 000:629.017 JLINK_CORESIGHT_WriteAPDPReg(AP reg 0x01, 0x80011140)
T6408 000:629.262 - 0.244ms returns 0
T6408 000:629.290 JLINK_CORESIGHT_ReadAPDPReg(AP reg 0x03)
T6408 000:629.582   Value=0x00000000
T6408 000:629.617 - 0.326ms returns 0
T6408 000:629.640 JLINK_CORESIGHT_WriteAPDPReg(AP reg 0x00, 0x80000002)
T6408 000:629.938 - 0.298ms returns 0
T6408 000:629.966 JLINK_CORESIGHT_WriteAPDPReg(AP reg 0x01, 0x80011130)
T6408 000:630.208 - 0.242ms returns 0
T6408 000:630.238 JLINK_CORESIGHT_ReadAPDPReg(AP reg 0x03)
T6408 000:630.568   Value=0x03460000
T6408 000:630.604 - 0.366ms returns 0
T6408 000:630.885 JLINK_CORESIGHT_WriteAPDPReg(AP reg 0x00, 0x80000002)
T6408 000:631.178 - 0.293ms returns 0
T6408 000:631.246 JLINK_CORESIGHT_WriteAPDPReg(AP reg 0x01, 0x80011140)
T6408 000:631.534 - 0.289ms returns 0
T6408 000:631.583 JLINK_CORESIGHT_ReadAPDPReg(AP reg 0x03)
T6408 000:631.941   Value=0x00000002
T6408 000:632.000 - 0.417ms returns 0
T6408 000:632.044 JLINK_CORESIGHT_WriteAPDPReg(AP reg 0x00, 0x80000002)
T6408 000:632.338 - 0.294ms returns 0
T6408 000:632.430 JLINK_CORESIGHT_WriteAPDPReg(AP reg 0x01, 0x80011120)
T6408 000:632.724 - 0.294ms returns 0
T6408 000:632.776 JLINK_CORESIGHT_WriteAPDPReg(AP reg 0x03, 0x4F010001)
T6408 000:633.087 - 0.310ms returns 0
T6408 000:633.144 JLINK_CORESIGHT_WriteAPDPReg(AP reg 0x00, 0x80000002)
T6408 000:633.424 - 0.279ms returns 0
T6408 000:633.478 JLINK_CORESIGHT_WriteAPDPReg(AP reg 0x01, 0x80011140)
T6408 000:633.766 - 0.287ms returns 0
T6408 000:633.835 JLINK_CORESIGHT_ReadAPDPReg(AP reg 0x03)
T6408 000:634.173   Value=0x00000002
T6408 000:634.238 - 0.403ms returns 0
T6408 000:634.282 JLINK_CORESIGHT_WriteAPDPReg(AP reg 0x00, 0x80000002)
T6408 000:634.538 - 0.256ms returns 0
T6408 000:634.597 JLINK_CORESIGHT_WriteAPDPReg(AP reg 0x01, 0x80011120)
T6408 000:634.888 - 0.290ms returns 0
T6408 000:634.953 JLINK_CORESIGHT_WriteAPDPReg(AP reg 0x03, 0x000003B0)
T6408 000:635.199 - 0.246ms returns 0
T6408 000:635.254 JLINK_CORESIGHT_WriteAPDPReg(AP reg 0x00, 0x80000002)
T6408 000:635.532 - 0.277ms returns 0
T6408 000:635.601 JLINK_CORESIGHT_WriteAPDPReg(AP reg 0x01, 0x80011140)
T6408 000:635.891 - 0.290ms returns 0
T6408 000:635.943 JLINK_CORESIGHT_ReadAPDPReg(AP reg 0x03)
T6408 000:636.267   Value=0x00000002
T6408 000:636.308 - 0.365ms returns 0
T6408 000:636.335 JLINK_CORESIGHT_ReadAPDPReg(AP reg 0x03)
T6408 000:636.631   Value=0x00000002
T6408 000:636.732 - 0.396ms returns 0
T6408 000:636.770 JLINK_CORESIGHT_ReadAPDPReg(AP reg 0x03)
T6408 000:637.111   Value=0x00000002
T6408 000:637.174 - 0.404ms returns 0
T6408 000:637.202 JLINK_CORESIGHT_ReadAPDPReg(AP reg 0x03)
T6408 000:637.507   Value=0x00000002
T6408 000:637.545 - 0.342ms returns 0
T6408 000:637.579 JLINK_CORESIGHT_ReadAPDPReg(AP reg 0x03)
T6408 000:637.905   Value=0x00000002
T6408 000:637.943 - 0.363ms returns 0
T6408 000:637.967 JLINK_CORESIGHT_ReadAPDPReg(AP reg 0x03)
T6408 000:638.268   Value=0x00000002
T6408 000:638.304 - 0.337ms returns 0
T6408 000:638.334 JLINK_CORESIGHT_ReadAPDPReg(AP reg 0x03)
T6408 000:638.668   Value=0x00000000
T6408 000:638.744 - 0.409ms returns 0
T6408 000:638.786 JLINK_CORESIGHT_WriteAPDPReg(AP reg 0x00, 0x80000002)
T6408 000:639.047 - 0.260ms returns 0
T6408 000:639.105 JLINK_CORESIGHT_WriteAPDPReg(AP reg 0x01, 0x80011130)
T6408 000:639.350 - 0.244ms returns 0
T6408 000:639.387 JLINK_CORESIGHT_ReadAPDPReg(AP reg 0x03)
T6408 000:639.884   Value=0x4F0B0081
T6408 000:639.926 - 0.539ms returns 0
T6408 000:639.954 JLINK_CORESIGHT_WriteAPDPReg(AP reg 0x00, 0x80000002)
T6408 000:640.223 - 0.269ms returns 0
T6408 000:640.261 JLINK_CORESIGHT_WriteAPDPReg(AP reg 0x01, 0x80011140)
T6408 000:640.516 - 0.255ms returns 0
T6408 000:640.553 JLINK_CORESIGHT_ReadAPDPReg(AP reg 0x03)
T6408 000:640.958   Value=0x00000000
T6408 000:640.998 - 0.445ms returns 0
T6408 000:641.025 JLINK_CORESIGHT_WriteAPDPReg(AP reg 0x00, 0x80000002)
T6408 000:641.286 - 0.260ms returns 0
T6408 000:641.324 JLINK_CORESIGHT_WriteAPDPReg(AP reg 0x01, 0x80011130)
T6408 000:641.553 - 0.229ms returns 0
T6408 000:641.583 JLINK_CORESIGHT_ReadAPDPReg(AP reg 0x03)
T6408 000:641.909   Value=0x60000000
T6408 000:641.944 - 0.361ms returns 0
T6408 000:641.972 JLINK_CORESIGHT_WriteAPDPReg(AP reg 0x00, 0x80000002)
T6408 000:642.222 - 0.250ms returns 0
T6408 000:642.272 JLINK_CORESIGHT_WriteAPDPReg(AP reg 0x01, 0x80011140)
T6408 000:642.543 - 0.271ms returns 0
T6408 000:642.604 JLINK_CORESIGHT_ReadAPDPReg(AP reg 0x03)
T6408 000:642.963   Value=0x00000000
T6408 000:643.002 - 0.398ms returns 0
T6408 000:643.030 JLINK_CORESIGHT_WriteAPDPReg(AP reg 0x00, 0x80000002)
T6408 000:643.289 - 0.259ms returns 0
T6408 000:643.325 JLINK_CORESIGHT_WriteAPDPReg(AP reg 0x01, 0x80011130)
T6408 000:643.582 - 0.257ms returns 0
T6408 000:643.617 JLINK_CORESIGHT_ReadAPDPReg(AP reg 0x03)
T6408 000:643.984   Value=0x00000000
T6408 000:644.063 - 0.445ms returns 0
T6408 000:644.106 JLINK_CORESIGHT_WriteAPDPReg(AP reg 0x00, 0x80000002)
T6408 000:644.414 - 0.308ms returns 0
T6408 000:644.446 JLINK_CORESIGHT_WriteAPDPReg(AP reg 0x01, 0x80011140)
T6408 000:644.689 - 0.243ms returns 0
T6408 000:644.724 JLINK_CORESIGHT_ReadAPDPReg(AP reg 0x03)
T6408 000:645.073   Value=0x00000000
T6408 000:645.112 - 0.387ms returns 0
T6408 000:645.143 JLINK_CORESIGHT_WriteAPDPReg(AP reg 0x00, 0x80000002)
T6408 000:645.411 - 0.268ms returns 0
T6408 000:645.442 JLINK_CORESIGHT_WriteAPDPReg(AP reg 0x01, 0x80011130)
T6408 000:645.684 - 0.242ms returns 0
T6408 000:645.715 JLINK_CORESIGHT_ReadAPDPReg(AP reg 0x03)
T6408 000:646.072   Value=0x03460000
T6408 000:646.110 - 0.394ms returns 0
T6408 000:647.249 JLINK_CORESIGHT_ReadAPDPReg(DP reg 0x01)
T6408 000:647.819   Value=0xF0000F40
T6408 000:647.890 - 0.643ms returns 0
T6408 000:647.927 JLINK_CORESIGHT_WriteAPDPReg(DP reg 0x01, 0xA0000F40)
T6408 000:648.211 - 0.285ms returns 0
T6408 000:648.268 JLINK_CORESIGHT_ReadAPDPReg(DP reg 0x01)
T6408 000:648.534   Value=0x00000F40
T6408 000:648.608 - 0.339ms returns 0
T6408 000:648.645 JLINK_ClrRESET()
T6408 000:649.035 - 0.389ms 
T6408 000:759.089 JLINK_Close()
T6408 000:772.453 - 13.364ms
T6408 000:772.540   
T6408 000:772.577   Closed
