T7C40 000:022.451   SEGGER J-Link V9.14a Log File
T7C40 000:025.089   DLL Compiled: Jan 28 2026 17:11:52
T7C40 000:025.143   Logging started @ 2026-03-09 07:16
T7C40 000:025.184   Process: C:\Users\trung.tran-quoc\.eclipse\com.renesas.platform_121336757\DebugComp\RA\e2-server-gdb.exe
T7C40 000:026.110 - 25.237ms 
T7C40 000:026.248 JLINK_GetDLLVersion()
T7C40 000:026.301 - 0.056ms returns 91401
T7C40 000:080.173 JLINK_OpenEx(...)
T7C40 000:121.645   Firmware: J-Link OB-RA4M2 compiled Dec 10 2025 15:52:53
T7C40 000:124.420   Firmware: J-Link OB-RA4M2 compiled Dec 10 2025 15:52:53
T7C40 000:145.680   Hardware: V1.00
T7C40 000:145.799   S/N: 1082531270
T7C40 000:145.850   OEM: SEGGER
T7C40 000:146.147   Feature(s): None
T7C40 000:148.155   Bootloader: 2021 May 14
T7C40 000:149.039   USB speed mode: Full speed (12 MBit/s)
T7C40 000:150.262   TELNET listener socket opened on port 19021
T7C40 000:151.020   WEBSRV WEBSRV_Init(): Starting webserver thread(s)
T7C40 000:151.443   WEBSRV Webserver running on local port 19080
T7C40 000:151.896   Looking for J-Link GUI Server exe at: C:\Users\trung.tran-quoc\.eclipse\com.renesas.platform_121336757\DebugComp\RA\ARM\Segger_v9.14.1\JLinkGUIServer.exe
T7C40 000:152.647   Looking for J-Link GUI Server exe at: C:\Users\trung.tran-quoc\SEGGER\JLink_V892\JLinkGUIServer.exe
T7C40 000:152.853   Forking J-Link GUI Server: C:\Users\trung.tran-quoc\SEGGER\JLink_V892\JLinkGUIServer.exe
T7C40 000:505.637   J-Link GUI Server info: "J-Link GUI server V8.92 "
T7C40 000:632.762 - 552.535ms returns "O.K."
T7C40 000:633.357 JLINK_TIF_Select(JLINKARM_TIF_SWD)
T7C40 000:634.487 - 1.129ms returns 0x00
T7C40 000:634.826 JLINK_ClrRESET()
T7C40 000:635.777 - 0.949ms 
T7C40 000:686.884 JLINK_SetSpeed(1500)
T7C40 000:687.421 - 0.779ms 
T7C40 000:687.530 JLINK_CORESIGHT_Configure(PerformTIFInit=0)
T7C40 000:688.104 - 0.583ms returns 0
T7C40 000:689.974 JLINK_CORESIGHT_ReadAPDPReg(DP reg 0x00)
T7C40 000:690.840   Value=0x6BA02477
T7C40 000:690.946 - 1.173ms returns 0
T7C40 000:691.011 JLINK_CORESIGHT_WriteAPDPReg(DP reg 0x00, 0x0000001F)
T7C40 000:691.333 - 0.321ms returns 0
T7C40 000:691.421 JLINK_CORESIGHT_ReadAPDPReg(DP reg 0x00)
T7C40 000:691.760   Value=0x6BA02477
T7C40 000:691.883 - 0.461ms returns 0
T7C40 000:691.933 JLINK_CORESIGHT_WriteAPDPReg(DP reg 0x02, 0x00000000)
T7C40 000:692.311 - 0.378ms returns 0
T7C40 000:692.362 JLINK_CORESIGHT_WriteAPDPReg(DP reg 0x01, 0x50000000)
T7C40 000:692.697 - 0.334ms returns 0
T7C40 000:692.760 JLINK_CORESIGHT_ReadAPDPReg(DP reg 0x01)
T7C40 000:693.166   Value=0xF0000040
T7C40 000:693.258 - 0.498ms returns 0
T7C40 000:693.308 JLINK_CORESIGHT_WriteAPDPReg(DP reg 0x00, 0x0000001F)
T7C40 000:693.643 - 0.334ms returns 0
T7C40 000:693.727 JLINK_CORESIGHT_ReadAPDPReg(DP reg 0x00)
T7C40 000:694.021   Value=0x6BA02477
T7C40 000:694.077 - 0.351ms returns 0
T7C40 000:694.107 JLINK_CORESIGHT_WriteAPDPReg(DP reg 0x01, 0x54000000)
T7C40 000:694.407 - 0.300ms returns 0
T7C40 000:694.477 JLINK_CORESIGHT_WriteAPDPReg(DP reg 0x01, 0x50000F00)
T7C40 000:694.794 - 0.316ms returns 0
T7C40 000:694.873 JLINK_CORESIGHT_WriteAPDPReg(DP reg 0x02, 0x01000000)
T7C40 000:695.282 - 0.409ms returns 0
T7C40 000:695.352 JLINK_CORESIGHT_WriteAPDPReg(AP reg 0x00, 0x80000002)
T7C40 000:695.680 - 0.328ms returns 0
T7C40 000:695.746 JLINK_CORESIGHT_WriteAPDPReg(AP reg 0x01, 0x80011100)
T7C40 000:696.136 - 0.389ms returns 0
T7C40 000:696.215 JLINK_CORESIGHT_WriteAPDPReg(AP reg 0x03, 0x000000A5)
T7C40 000:696.565 - 0.350ms returns 0
T7C40 000:696.647 JLINK_CORESIGHT_WriteAPDPReg(AP reg 0x00, 0x80000002)
T7C40 000:697.038 - 0.390ms returns 0
T7C40 000:697.112 JLINK_CORESIGHT_WriteAPDPReg(AP reg 0x01, 0x80011100)
T7C40 000:697.478 - 0.366ms returns 0
T7C40 000:697.563 JLINK_CORESIGHT_ReadAPDPReg(AP reg 0x03)
T7C40 000:697.941   Value=0x000000A5
T7C40 000:698.024 - 0.460ms returns 0
T7C40 000:698.065 JLINK_ClrTMS()
T7C40 000:698.238 - 0.171ms 
T7C40 000:703.648 JLINK_SetTCK()
T7C40 000:703.947 - 0.298ms returns 0
T7C40 000:709.645 JLINK_SetRESET()
T7C40 000:710.073 - 0.426ms 
T7C40 000:910.645 JLINK_CORESIGHT_WriteAPDPReg(AP reg 0x00, 0x80000002)
T7C40 000:911.077 - 0.432ms returns 0
T7C40 000:911.174 JLINK_CORESIGHT_WriteAPDPReg(AP reg 0x01, 0x80011100)
T7C40 000:911.512 - 0.337ms returns 0
T7C40 000:911.577 JLINK_CORESIGHT_ReadAPDPReg(AP reg 0x03)
T7C40 000:911.963   Value=0x00000000
T7C40 000:912.061 - 0.484ms returns 0
T7C40 000:912.114 JLINK_CORESIGHT_WriteAPDPReg(AP reg 0x00, 0x80000002)
T7C40 000:912.447 - 0.333ms returns 0
T7C40 000:912.532 JLINK_CORESIGHT_WriteAPDPReg(AP reg 0x01, 0x80011140)
T7C40 000:912.894 - 0.361ms returns 0
T7C40 000:912.982 JLINK_CORESIGHT_ReadAPDPReg(AP reg 0x03)
T7C40 000:913.366   Value=0x00000002
T7C40 000:913.450 - 0.468ms returns 0
T7C40 000:913.499 JLINK_CORESIGHT_WriteAPDPReg(AP reg 0x00, 0x80000002)
T7C40 000:913.837 - 0.337ms returns 0
T7C40 000:913.914 JLINK_CORESIGHT_WriteAPDPReg(AP reg 0x01, 0x80011120)
T7C40 000:914.298 - 0.383ms returns 0
T7C40 000:914.376 JLINK_CORESIGHT_WriteAPDPReg(AP reg 0x03, 0x00000055)
T7C40 000:914.695 - 0.319ms returns 0
T7C40 000:914.760 JLINK_CORESIGHT_WriteAPDPReg(AP reg 0x00, 0x80000002)
T7C40 000:915.059 - 0.298ms returns 0
T7C40 000:915.141 JLINK_CORESIGHT_WriteAPDPReg(AP reg 0x01, 0x80011140)
T7C40 000:915.465 - 0.324ms returns 0
T7C40 000:915.533 JLINK_CORESIGHT_ReadAPDPReg(AP reg 0x03)
T7C40 000:915.978   Value=0x00000002
T7C40 000:916.064 - 0.530ms returns 0
T7C40 000:916.110 JLINK_CORESIGHT_ReadAPDPReg(AP reg 0x03)
T7C40 000:916.476   Value=0x00000002
T7C40 000:916.562 - 0.451ms returns 0
T7C40 000:916.617 JLINK_CORESIGHT_ReadAPDPReg(AP reg 0x03)
T7C40 000:917.110   Value=0x00000002
T7C40 000:917.192 - 0.574ms returns 0
T7C40 000:917.226 JLINK_CORESIGHT_ReadAPDPReg(AP reg 0x03)
T7C40 000:917.693   Value=0x00000002
T7C40 000:917.783 - 0.557ms returns 0
T7C40 000:917.834 JLINK_CORESIGHT_ReadAPDPReg(AP reg 0x03)
T7C40 000:918.320   Value=0x00000002
T7C40 000:918.410 - 0.576ms returns 0
T7C40 000:918.459 JLINK_CORESIGHT_ReadAPDPReg(AP reg 0x03)
T7C40 000:918.848   Value=0x00000002
T7C40 000:918.921 - 0.461ms returns 0
T7C40 000:918.963 JLINK_CORESIGHT_ReadAPDPReg(AP reg 0x03)
T7C40 000:919.330   Value=0x00000002
T7C40 000:919.383 - 0.420ms returns 0
T7C40 000:919.421 JLINK_CORESIGHT_ReadAPDPReg(AP reg 0x03)
T7C40 000:919.786   Value=0x00000002
T7C40 000:919.873 - 0.451ms returns 0
T7C40 000:919.921 JLINK_CORESIGHT_ReadAPDPReg(AP reg 0x03)
T7C40 000:920.285   Value=0x00000002
T7C40 000:920.368 - 0.447ms returns 0
T7C40 000:920.416 JLINK_CORESIGHT_ReadAPDPReg(AP reg 0x03)
T7C40 000:920.771   Value=0x00000002
T7C40 000:920.839 - 0.424ms returns 0
T7C40 000:920.883 JLINK_CORESIGHT_ReadAPDPReg(AP reg 0x03)
T7C40 000:921.281   Value=0x00000002
T7C40 000:921.353 - 0.470ms returns 0
T7C40 000:921.397 JLINK_CORESIGHT_ReadAPDPReg(AP reg 0x03)
T7C40 000:921.793   Value=0x00000002
T7C40 000:921.878 - 0.479ms returns 0
T7C40 000:921.925 JLINK_CORESIGHT_ReadAPDPReg(AP reg 0x03)
T7C40 000:922.294   Value=0x00000002
T7C40 000:922.375 - 0.450ms returns 0
T7C40 000:922.476 JLINK_CORESIGHT_ReadAPDPReg(AP reg 0x03)
T7C40 000:922.850   Value=0x00000002
T7C40 000:922.941 - 0.464ms returns 0
T7C40 000:922.987 JLINK_CORESIGHT_ReadAPDPReg(AP reg 0x03)
T7C40 000:923.412   Value=0x00000002
T7C40 000:923.500 - 0.513ms returns 0
T7C40 000:923.547 JLINK_CORESIGHT_ReadAPDPReg(AP reg 0x03)
T7C40 000:923.944   Value=0x00000002
T7C40 000:924.027 - 0.480ms returns 0
T7C40 000:924.074 JLINK_CORESIGHT_ReadAPDPReg(AP reg 0x03)
T7C40 000:924.462   Value=0x00000002
T7C40 000:924.539 - 0.464ms returns 0
T7C40 000:924.583 JLINK_CORESIGHT_ReadAPDPReg(AP reg 0x03)
T7C40 000:924.963   Value=0x00000002
T7C40 000:925.039 - 0.455ms returns 0
T7C40 000:925.082 JLINK_CORESIGHT_ReadAPDPReg(AP reg 0x03)
T7C40 000:925.469   Value=0x00000002
T7C40 000:925.546 - 0.463ms returns 0
T7C40 000:925.579 JLINK_CORESIGHT_ReadAPDPReg(AP reg 0x03)
T7C40 000:925.934   Value=0x00000002
T7C40 000:926.002 - 0.422ms returns 0
T7C40 000:926.034 JLINK_CORESIGHT_ReadAPDPReg(AP reg 0x03)
T7C40 000:926.355   Value=0x00000000
T7C40 000:926.408 - 0.373ms returns 0
T7C40 000:926.441 JLINK_CORESIGHT_WriteAPDPReg(AP reg 0x00, 0x80000002)
T7C40 000:926.774 - 0.333ms returns 0
T7C40 000:926.854 JLINK_CORESIGHT_WriteAPDPReg(AP reg 0x01, 0x80011130)
T7C40 000:927.173 - 0.318ms returns 0
T7C40 000:927.271 JLINK_CORESIGHT_ReadAPDPReg(AP reg 0x03)
T7C40 000:927.651   Value=0x000000C6
T7C40 000:927.738 - 0.467ms returns 0
T7C40 000:928.054 JLINK_CORESIGHT_WriteAPDPReg(AP reg 0x00, 0x80000002)
T7C40 000:928.438 - 0.355ms returns 0
T7C40 000:928.507 JLINK_CORESIGHT_WriteAPDPReg(AP reg 0x01, 0x80011140)
T7C40 000:928.829 - 0.322ms returns 0
T7C40 000:928.907 JLINK_CORESIGHT_ReadAPDPReg(AP reg 0x03)
T7C40 000:929.285   Value=0x00000002
T7C40 000:929.353 - 0.446ms returns 0
T7C40 000:929.397 JLINK_CORESIGHT_WriteAPDPReg(AP reg 0x00, 0x80000002)
T7C40 000:929.715 - 0.317ms returns 0
T7C40 000:929.787 JLINK_CORESIGHT_WriteAPDPReg(AP reg 0x01, 0x80011120)
T7C40 000:930.116 - 0.328ms returns 0
T7C40 000:930.200 JLINK_CORESIGHT_WriteAPDPReg(AP reg 0x03, 0x3A010001)
T7C40 000:930.575 - 0.374ms returns 0
T7C40 000:930.691 JLINK_CORESIGHT_WriteAPDPReg(AP reg 0x00, 0x80000002)
T7C40 000:931.004 - 0.313ms returns 0
T7C40 000:931.069 JLINK_CORESIGHT_WriteAPDPReg(AP reg 0x01, 0x80011140)
T7C40 000:931.414 - 0.344ms returns 0
T7C40 000:931.498 JLINK_CORESIGHT_ReadAPDPReg(AP reg 0x03)
T7C40 000:931.855   Value=0x00000002
T7C40 000:931.941 - 0.442ms returns 0
T7C40 000:932.000 JLINK_CORESIGHT_WriteAPDPReg(AP reg 0x00, 0x80000002)
T7C40 000:932.318 - 0.317ms returns 0
T7C40 000:932.397 JLINK_CORESIGHT_WriteAPDPReg(AP reg 0x01, 0x80011120)
T7C40 000:932.785 - 0.387ms returns 0
T7C40 000:932.870 JLINK_CORESIGHT_WriteAPDPReg(AP reg 0x03, 0x000003C5)
T7C40 000:933.186 - 0.316ms returns 0
T7C40 000:933.253 JLINK_CORESIGHT_WriteAPDPReg(AP reg 0x00, 0x80000002)
T7C40 000:933.565 - 0.311ms returns 0
T7C40 000:933.649 JLINK_CORESIGHT_WriteAPDPReg(AP reg 0x01, 0x80011140)
T7C40 000:933.937 - 0.287ms returns 0
T7C40 000:934.019 JLINK_CORESIGHT_ReadAPDPReg(AP reg 0x03)
T7C40 000:934.406   Value=0x00000002
T7C40 000:934.477 - 0.457ms returns 0
T7C40 000:934.528 JLINK_CORESIGHT_ReadAPDPReg(AP reg 0x03)
T7C40 000:934.900   Value=0x00000002
T7C40 000:934.988 - 0.459ms returns 0
T7C40 000:935.039 JLINK_CORESIGHT_ReadAPDPReg(AP reg 0x03)
T7C40 000:935.468   Value=0x00000002
T7C40 000:935.570 - 0.530ms returns 0
T7C40 000:935.665 JLINK_CORESIGHT_ReadAPDPReg(AP reg 0x03)
T7C40 000:936.002   Value=0x00000002
T7C40 000:936.133 - 0.467ms returns 0
T7C40 000:936.171 JLINK_CORESIGHT_ReadAPDPReg(AP reg 0x03)
T7C40 000:936.516   Value=0x00000002
T7C40 000:936.623 - 0.451ms returns 0
T7C40 000:936.659 JLINK_CORESIGHT_ReadAPDPReg(AP reg 0x03)
T7C40 000:937.030   Value=0x00000002
T7C40 000:937.122 - 0.462ms returns 0
T7C40 000:937.181 JLINK_CORESIGHT_ReadAPDPReg(AP reg 0x03)
T7C40 000:937.623   Value=0x00000000
T7C40 000:937.706 - 0.524ms returns 0
T7C40 000:937.768 JLINK_CORESIGHT_WriteAPDPReg(AP reg 0x00, 0x80000002)
T7C40 000:938.216 - 0.448ms returns 0
T7C40 000:938.325 JLINK_CORESIGHT_WriteAPDPReg(AP reg 0x01, 0x80011130)
T7C40 000:938.635 - 0.311ms returns 0
T7C40 000:938.708 JLINK_CORESIGHT_ReadAPDPReg(AP reg 0x03)
T7C40 000:939.085   Value=0x3A2A0081
T7C40 000:939.141 - 0.433ms returns 0
T7C40 000:939.185 JLINK_CORESIGHT_WriteAPDPReg(AP reg 0x00, 0x80000002)
T7C40 000:939.470 - 0.285ms returns 0
T7C40 000:939.543 JLINK_CORESIGHT_WriteAPDPReg(AP reg 0x01, 0x80011140)
T7C40 000:939.877 - 0.334ms returns 0
T7C40 000:939.999 JLINK_CORESIGHT_ReadAPDPReg(AP reg 0x03)
T7C40 000:940.371   Value=0x00000000
T7C40 000:940.452 - 0.453ms returns 0
T7C40 000:940.526 JLINK_CORESIGHT_WriteAPDPReg(AP reg 0x00, 0x80000002)
T7C40 000:940.910 - 0.402ms returns 0
T7C40 000:940.999 JLINK_CORESIGHT_WriteAPDPReg(AP reg 0x01, 0x80011130)
T7C40 000:941.309 - 0.310ms returns 0
T7C40 000:941.382 JLINK_CORESIGHT_ReadAPDPReg(AP reg 0x03)
T7C40 000:941.715   Value=0x808D5B00
T7C40 000:941.789 - 0.407ms returns 0
T7C40 000:941.855 JLINK_CORESIGHT_WriteAPDPReg(AP reg 0x00, 0x80000002)
T7C40 000:942.154 - 0.299ms returns 0
T7C40 000:942.251 JLINK_CORESIGHT_WriteAPDPReg(AP reg 0x01, 0x80011140)
T7C40 000:942.587 - 0.336ms returns 0
T7C40 000:942.657 JLINK_CORESIGHT_ReadAPDPReg(AP reg 0x03)
T7C40 000:943.004   Value=0x00000000
T7C40 000:943.096 - 0.439ms returns 0
T7C40 000:943.196 JLINK_CORESIGHT_WriteAPDPReg(AP reg 0x00, 0x80000002)
T7C40 000:943.536 - 0.340ms returns 0
T7C40 000:943.615 JLINK_CORESIGHT_WriteAPDPReg(AP reg 0x01, 0x80011130)
T7C40 000:943.950 - 0.334ms returns 0
T7C40 000:944.000 JLINK_CORESIGHT_ReadAPDPReg(AP reg 0x03)
T7C40 000:944.334   Value=0x0406070A
T7C40 000:944.422 - 0.422ms returns 0
T7C40 000:946.115 JLINK_CORESIGHT_WriteAPDPReg(AP reg 0x00, 0x80000002)
T7C40 000:946.506 - 0.393ms returns 0
T7C40 000:946.572 JLINK_CORESIGHT_WriteAPDPReg(AP reg 0x01, 0x80011140)
T7C40 000:947.047 - 0.475ms returns 0
T7C40 000:947.131 JLINK_CORESIGHT_ReadAPDPReg(AP reg 0x03)
T7C40 000:947.514   Value=0x00000000
T7C40 000:947.613 - 0.482ms returns 0
T7C40 000:947.665 JLINK_CORESIGHT_WriteAPDPReg(AP reg 0x00, 0x80000002)
T7C40 000:948.034 - 0.368ms returns 0
T7C40 000:948.108 JLINK_CORESIGHT_WriteAPDPReg(AP reg 0x01, 0x80011130)
T7C40 000:948.438 - 0.330ms returns 0
T7C40 000:948.479 JLINK_CORESIGHT_ReadAPDPReg(AP reg 0x03)
T7C40 000:948.869   Value=0x3154540B
T7C40 000:948.964 - 0.485ms returns 0
T7C40 000:949.066 JLINK_CORESIGHT_WriteAPDPReg(AP reg 0x00, 0x80000002)
T7C40 000:949.412 - 0.347ms returns 0
T7C40 000:949.483 JLINK_CORESIGHT_WriteAPDPReg(AP reg 0x01, 0x80011140)
T7C40 000:949.805 - 0.321ms returns 0
T7C40 000:949.860 JLINK_CORESIGHT_ReadAPDPReg(AP reg 0x03)
T7C40 000:950.186   Value=0x00000000
T7C40 000:950.266 - 0.406ms returns 0
T7C40 000:950.312 JLINK_CORESIGHT_WriteAPDPReg(AP reg 0x00, 0x80000002)
T7C40 000:950.628 - 0.316ms returns 0
T7C40 000:950.721 JLINK_CORESIGHT_WriteAPDPReg(AP reg 0x01, 0x80011130)
T7C40 000:951.038 - 0.317ms returns 0
T7C40 000:951.115 JLINK_CORESIGHT_ReadAPDPReg(AP reg 0x03)
T7C40 000:951.479   Value=0x545D1177
T7C40 000:951.534 - 0.419ms returns 0
T7C40 000:951.564 JLINK_CORESIGHT_WriteAPDPReg(AP reg 0x00, 0x80000002)
T7C40 000:951.905 - 0.340ms returns 0
T7C40 000:951.977 JLINK_CORESIGHT_WriteAPDPReg(AP reg 0x01, 0x80011140)
T7C40 000:952.285 - 0.308ms returns 0
T7C40 000:952.359 JLINK_CORESIGHT_ReadAPDPReg(AP reg 0x03)
T7C40 000:952.717   Value=0x00000000
T7C40 000:952.798 - 0.439ms returns 0
T7C40 000:952.846 JLINK_CORESIGHT_WriteAPDPReg(AP reg 0x00, 0x80000002)
T7C40 000:953.147 - 0.300ms returns 0
T7C40 000:953.225 JLINK_CORESIGHT_WriteAPDPReg(AP reg 0x01, 0x80011130)
T7C40 000:953.563 - 0.337ms returns 0
T7C40 000:953.647 JLINK_CORESIGHT_ReadAPDPReg(AP reg 0x03)
T7C40 000:953.984   Value=0x37395636
T7C40 000:954.072 - 0.425ms returns 0
T7C40 000:954.140 JLINK_CORESIGHT_WriteAPDPReg(AP reg 0x00, 0x80000002)
T7C40 000:954.472 - 0.332ms returns 0
T7C40 000:954.548 JLINK_CORESIGHT_WriteAPDPReg(AP reg 0x01, 0x80011140)
T7C40 000:954.890 - 0.342ms returns 0
T7C40 000:954.945 JLINK_CORESIGHT_ReadAPDPReg(AP reg 0x03)
T7C40 000:955.286   Value=0x00000000
T7C40 000:955.364 - 0.419ms returns 0
T7C40 000:955.412 JLINK_CORESIGHT_WriteAPDPReg(AP reg 0x00, 0x80000002)
T7C40 000:955.721 - 0.309ms returns 0
T7C40 000:955.787 JLINK_CORESIGHT_WriteAPDPReg(AP reg 0x01, 0x80011130)
T7C40 000:956.104 - 0.317ms returns 0
T7C40 000:956.155 JLINK_CORESIGHT_ReadAPDPReg(AP reg 0x03)
T7C40 000:956.522   Value=0x85012D34
T7C40 000:956.613 - 0.457ms returns 0
T7C40 000:956.660 JLINK_CORESIGHT_WriteAPDPReg(AP reg 0x00, 0x80000002)
T7C40 000:956.990 - 0.329ms returns 0
T7C40 000:957.064 JLINK_CORESIGHT_WriteAPDPReg(AP reg 0x01, 0x80011140)
T7C40 000:957.414 - 0.350ms returns 0
T7C40 000:957.489 JLINK_CORESIGHT_ReadAPDPReg(AP reg 0x03)
T7C40 000:957.906   Value=0x00000000
T7C40 000:957.971 - 0.482ms returns 0
T7C40 000:958.015 JLINK_CORESIGHT_WriteAPDPReg(AP reg 0x00, 0x80000002)
T7C40 000:958.311 - 0.296ms returns 0
T7C40 000:958.499 JLINK_CORESIGHT_WriteAPDPReg(AP reg 0x01, 0x80011130)
T7C40 000:958.855 - 0.356ms returns 0
T7C40 000:958.897 JLINK_CORESIGHT_ReadAPDPReg(AP reg 0x03)
T7C40 000:959.285   Value=0x4B375275
T7C40 000:959.347 - 0.450ms returns 0
T7C40 000:959.377 JLINK_CORESIGHT_WriteAPDPReg(AP reg 0x00, 0x80000002)
T7C40 000:959.684 - 0.307ms returns 0
T7C40 000:959.755 JLINK_CORESIGHT_WriteAPDPReg(AP reg 0x01, 0x80011140)
T7C40 000:960.064 - 0.309ms returns 0
T7C40 000:960.142 JLINK_CORESIGHT_ReadAPDPReg(AP reg 0x03)
T7C40 000:960.495   Value=0x00000000
T7C40 000:960.548 - 0.406ms returns 0
T7C40 000:960.580 JLINK_CORESIGHT_WriteAPDPReg(AP reg 0x00, 0x80000002)
T7C40 000:960.926 - 0.345ms returns 0
T7C40 000:961.004 JLINK_CORESIGHT_WriteAPDPReg(AP reg 0x01, 0x80011130)
T7C40 000:961.422 - 0.417ms returns 0
T7C40 000:961.545 JLINK_CORESIGHT_ReadAPDPReg(AP reg 0x03)
T7C40 000:961.913   Value=0x31503841
T7C40 000:961.999 - 0.454ms returns 0
T7C40 000:962.039 JLINK_CORESIGHT_WriteAPDPReg(AP reg 0x00, 0x80000002)
T7C40 000:962.446 - 0.406ms returns 0
T7C40 000:962.524 JLINK_CORESIGHT_WriteAPDPReg(AP reg 0x01, 0x80011140)
T7C40 000:962.870 - 0.346ms returns 0
T7C40 000:962.952 JLINK_CORESIGHT_ReadAPDPReg(AP reg 0x03)
T7C40 000:963.347   Value=0x00000000
T7C40 000:963.478 - 0.526ms returns 0
T7C40 000:963.530 JLINK_CORESIGHT_WriteAPDPReg(AP reg 0x00, 0x80000002)
T7C40 000:963.905 - 0.373ms returns 0
T7C40 000:964.044 JLINK_CORESIGHT_WriteAPDPReg(AP reg 0x01, 0x80011130)
T7C40 000:964.438 - 0.395ms returns 0
T7C40 000:964.517 JLINK_CORESIGHT_ReadAPDPReg(AP reg 0x03)
T7C40 000:964.983   Value=0x434C464B
T7C40 000:965.046 - 0.528ms returns 0
T7C40 000:965.077 JLINK_CORESIGHT_WriteAPDPReg(AP reg 0x00, 0x80000002)
T7C40 000:965.414 - 0.336ms returns 0
T7C40 000:965.497 JLINK_CORESIGHT_WriteAPDPReg(AP reg 0x01, 0x80011140)
T7C40 000:965.845 - 0.349ms returns 0
T7C40 000:965.924 JLINK_CORESIGHT_ReadAPDPReg(AP reg 0x03)
T7C40 000:966.284   Value=0x00000000
T7C40 000:966.376 - 0.452ms returns 0
T7C40 000:966.410 JLINK_CORESIGHT_WriteAPDPReg(AP reg 0x00, 0x80000002)
T7C40 000:966.710 - 0.300ms returns 0
T7C40 000:966.781 JLINK_CORESIGHT_WriteAPDPReg(AP reg 0x01, 0x80011130)
T7C40 000:967.106 - 0.325ms returns 0
T7C40 000:967.165 JLINK_CORESIGHT_ReadAPDPReg(AP reg 0x03)
T7C40 000:967.579   Value=0x20204341
T7C40 000:967.673 - 0.508ms returns 0
T7C40 000:967.719 JLINK_CORESIGHT_WriteAPDPReg(AP reg 0x00, 0x80000002)
T7C40 000:968.023 - 0.303ms returns 0
T7C40 000:968.077 JLINK_CORESIGHT_WriteAPDPReg(AP reg 0x01, 0x80011140)
T7C40 000:968.415 - 0.337ms returns 0
T7C40 000:968.488 JLINK_CORESIGHT_ReadAPDPReg(AP reg 0x03)
T7C40 000:968.862   Value=0x00000000
T7C40 000:968.944 - 0.456ms returns 0
T7C40 000:968.991 JLINK_CORESIGHT_WriteAPDPReg(AP reg 0x00, 0x80000002)
T7C40 000:969.314 - 0.322ms returns 0
T7C40 000:969.378 JLINK_CORESIGHT_WriteAPDPReg(AP reg 0x01, 0x80011130)
T7C40 000:969.685 - 0.306ms returns 0
T7C40 000:969.750 JLINK_CORESIGHT_ReadAPDPReg(AP reg 0x03)
T7C40 000:970.109   Value=0x0003D220
T7C40 000:970.193 - 0.443ms returns 0
T7C40 000:971.845 JLINK_CORESIGHT_WriteAPDPReg(AP reg 0x00, 0x80000002)
T7C40 000:972.190 - 0.345ms returns 0
T7C40 000:972.241 JLINK_CORESIGHT_WriteAPDPReg(AP reg 0x01, 0x80011140)
T7C40 000:972.583 - 0.340ms returns 0
T7C40 000:972.665 JLINK_CORESIGHT_ReadAPDPReg(AP reg 0x03)
T7C40 000:972.991   Value=0x00000002
T7C40 000:973.033 - 0.368ms returns 0
T7C40 000:973.063 JLINK_CORESIGHT_WriteAPDPReg(AP reg 0x00, 0x80000002)
T7C40 000:973.408 - 0.344ms returns 0
T7C40 000:973.509 JLINK_CORESIGHT_WriteAPDPReg(AP reg 0x01, 0x80011120)
T7C40 000:973.828 - 0.319ms returns 0
T7C40 000:973.926 JLINK_CORESIGHT_WriteAPDPReg(AP reg 0x03, 0x39020001)
T7C40 000:974.290 - 0.363ms returns 0
T7C40 000:974.364 JLINK_CORESIGHT_WriteAPDPReg(AP reg 0x00, 0x80000002)
T7C40 000:974.676 - 0.311ms returns 0
T7C40 000:974.739 JLINK_CORESIGHT_WriteAPDPReg(AP reg 0x01, 0x80011140)
T7C40 000:975.062 - 0.322ms returns 0
T7C40 000:975.142 JLINK_CORESIGHT_ReadAPDPReg(AP reg 0x03)
T7C40 000:975.511   Value=0x00000002
T7C40 000:975.596 - 0.453ms returns 0
T7C40 000:975.651 JLINK_CORESIGHT_WriteAPDPReg(AP reg 0x00, 0x80000002)
T7C40 000:975.994 - 0.341ms returns 0
T7C40 000:976.064 JLINK_CORESIGHT_WriteAPDPReg(AP reg 0x01, 0x80011120)
T7C40 000:976.409 - 0.345ms returns 0
T7C40 000:976.484 JLINK_CORESIGHT_WriteAPDPReg(AP reg 0x03, 0x0003B312)
T7C40 000:976.790 - 0.305ms returns 0
T7C40 000:976.869 JLINK_CORESIGHT_WriteAPDPReg(AP reg 0x00, 0x80000002)
T7C40 000:977.294 - 0.424ms returns 0
T7C40 000:977.366 JLINK_CORESIGHT_WriteAPDPReg(AP reg 0x01, 0x80011140)
T7C40 000:977.687 - 0.320ms returns 0
T7C40 000:977.762 JLINK_CORESIGHT_ReadAPDPReg(AP reg 0x03)
T7C40 000:978.131   Value=0x00000000
T7C40 000:978.196 - 0.434ms returns 0
T7C40 000:978.243 JLINK_CORESIGHT_WriteAPDPReg(AP reg 0x00, 0x80000002)
T7C40 000:978.549 - 0.306ms returns 0
T7C40 000:978.612 JLINK_CORESIGHT_WriteAPDPReg(AP reg 0x01, 0x80011130)
T7C40 000:978.909 - 0.295ms returns 0
T7C40 000:978.978 JLINK_CORESIGHT_ReadAPDPReg(AP reg 0x03)
T7C40 000:979.339   Value=0xB90A0081
T7C40 000:979.427 - 0.448ms returns 0
T7C40 000:979.475 JLINK_CORESIGHT_WriteAPDPReg(AP reg 0x00, 0x80000002)
T7C40 000:979.805 - 0.329ms returns 0
T7C40 000:979.879 JLINK_CORESIGHT_WriteAPDPReg(AP reg 0x01, 0x80011140)
T7C40 000:980.214 - 0.334ms returns 0
T7C40 000:980.299 JLINK_CORESIGHT_ReadAPDPReg(AP reg 0x03)
T7C40 000:980.708   Value=0x00000000
T7C40 000:980.796 - 0.496ms returns 0
T7C40 000:980.843 JLINK_CORESIGHT_WriteAPDPReg(AP reg 0x00, 0x80000002)
T7C40 000:981.157 - 0.314ms returns 0
T7C40 000:981.228 JLINK_CORESIGHT_WriteAPDPReg(AP reg 0x01, 0x80011130)
T7C40 000:981.550 - 0.322ms returns 0
T7C40 000:981.633 JLINK_CORESIGHT_ReadAPDPReg(AP reg 0x03)
T7C40 000:981.979   Value=0xFFFFFFC0
T7C40 000:982.058 - 0.425ms returns 0
T7C40 000:982.105 JLINK_CORESIGHT_WriteAPDPReg(AP reg 0x00, 0x80000002)
T7C40 000:982.407 - 0.302ms returns 0
T7C40 000:982.462 JLINK_CORESIGHT_WriteAPDPReg(AP reg 0x01, 0x80011140)
T7C40 000:982.752 - 0.289ms returns 0
T7C40 000:982.822 JLINK_CORESIGHT_ReadAPDPReg(AP reg 0x03)
T7C40 000:983.290   Value=0x00000000
T7C40 000:983.368 - 0.545ms returns 0
T7C40 000:983.410 JLINK_CORESIGHT_WriteAPDPReg(AP reg 0x00, 0x80000002)
T7C40 000:983.718 - 0.308ms returns 0
T7C40 000:983.775 JLINK_CORESIGHT_WriteAPDPReg(AP reg 0x01, 0x80011130)
T7C40 000:984.074 - 0.298ms returns 0
T7C40 000:984.138 JLINK_CORESIGHT_ReadAPDPReg(AP reg 0x03)
T7C40 000:984.491   Value=0xFFFFFFFF
T7C40 000:984.555 - 0.417ms returns 0
T7C40 000:984.595 JLINK_CORESIGHT_WriteAPDPReg(AP reg 0x00, 0x80000002)
T7C40 000:984.911 - 0.316ms returns 0
T7C40 000:984.963 JLINK_CORESIGHT_WriteAPDPReg(AP reg 0x01, 0x80011140)
T7C40 000:985.286 - 0.323ms returns 0
T7C40 000:985.346 JLINK_CORESIGHT_ReadAPDPReg(AP reg 0x03)
T7C40 000:985.704   Value=0x00000000
T7C40 000:985.872 - 0.525ms returns 0
T7C40 000:985.919 JLINK_CORESIGHT_WriteAPDPReg(AP reg 0x00, 0x80000002)
T7C40 000:986.291 - 0.371ms returns 0
T7C40 000:986.355 JLINK_CORESIGHT_WriteAPDPReg(AP reg 0x01, 0x80011130)
T7C40 000:986.671 - 0.315ms returns 0
T7C40 000:986.732 JLINK_CORESIGHT_ReadAPDPReg(AP reg 0x03)
T7C40 000:987.087   Value=0x000385FF
T7C40 000:987.169 - 0.436ms returns 0
T7C40 000:988.167 JLINK_CORESIGHT_WriteAPDPReg(AP reg 0x00, 0x80000002)
T7C40 000:988.527 - 0.360ms returns 0
T7C40 000:988.594 JLINK_CORESIGHT_WriteAPDPReg(AP reg 0x01, 0x80011140)
T7C40 000:988.940 - 0.345ms returns 0
T7C40 000:989.012 JLINK_CORESIGHT_ReadAPDPReg(AP reg 0x03)
T7C40 000:989.365   Value=0x00000002
T7C40 000:989.447 - 0.434ms returns 0
T7C40 000:989.490 JLINK_CORESIGHT_WriteAPDPReg(AP reg 0x00, 0x80000002)
T7C40 000:989.857 - 0.367ms returns 0
T7C40 000:989.918 JLINK_CORESIGHT_WriteAPDPReg(AP reg 0x01, 0x80011120)
T7C40 000:990.286 - 0.367ms returns 0
T7C40 000:990.342 JLINK_CORESIGHT_WriteAPDPReg(AP reg 0x03, 0x2C010001)
T7C40 000:990.641 - 0.300ms returns 0
T7C40 000:990.701 JLINK_CORESIGHT_WriteAPDPReg(AP reg 0x00, 0x80000002)
T7C40 000:991.002 - 0.301ms returns 0
T7C40 000:991.069 JLINK_CORESIGHT_WriteAPDPReg(AP reg 0x01, 0x80011140)
T7C40 000:991.402 - 0.332ms returns 0
T7C40 000:991.464 JLINK_CORESIGHT_ReadAPDPReg(AP reg 0x03)
T7C40 000:991.813   Value=0x00000002
T7C40 000:991.894 - 0.430ms returns 0
T7C40 000:991.941 JLINK_CORESIGHT_WriteAPDPReg(AP reg 0x00, 0x80000002)
T7C40 000:992.284 - 0.342ms returns 0
T7C40 000:992.354 JLINK_CORESIGHT_WriteAPDPReg(AP reg 0x01, 0x80011120)
T7C40 000:992.632 - 0.277ms returns 0
T7C40 000:992.705 JLINK_CORESIGHT_WriteAPDPReg(AP reg 0x03, 0x000003D3)
T7C40 000:993.010 - 0.305ms returns 0
T7C40 000:993.097 JLINK_CORESIGHT_WriteAPDPReg(AP reg 0x00, 0x80000002)
T7C40 000:993.415 - 0.318ms returns 0
T7C40 000:993.500 JLINK_CORESIGHT_WriteAPDPReg(AP reg 0x01, 0x80011140)
T7C40 000:993.801 - 0.300ms returns 0
T7C40 000:993.868 JLINK_CORESIGHT_ReadAPDPReg(AP reg 0x03)
T7C40 000:994.284   Value=0x00000002
T7C40 000:994.347 - 0.478ms returns 0
T7C40 000:994.387 JLINK_CORESIGHT_ReadAPDPReg(AP reg 0x03)
T7C40 000:994.765   Value=0x00000002
T7C40 000:994.845 - 0.458ms returns 0
T7C40 000:994.887 JLINK_CORESIGHT_ReadAPDPReg(AP reg 0x03)
T7C40 000:995.294   Value=0x00000002
T7C40 000:995.367 - 0.479ms returns 0
T7C40 000:995.461 JLINK_CORESIGHT_ReadAPDPReg(AP reg 0x03)
T7C40 000:995.837   Value=0x00000002
T7C40 000:995.929 - 0.468ms returns 0
T7C40 000:995.966 JLINK_CORESIGHT_ReadAPDPReg(AP reg 0x03)
T7C40 000:996.335   Value=0x00000002
T7C40 000:996.411 - 0.445ms returns 0
T7C40 000:996.455 JLINK_CORESIGHT_ReadAPDPReg(AP reg 0x03)
T7C40 000:996.884   Value=0x00000002
T7C40 000:996.965 - 0.509ms returns 0
T7C40 000:997.011 JLINK_CORESIGHT_ReadAPDPReg(AP reg 0x03)
T7C40 000:997.457   Value=0x00000002
T7C40 000:997.569 - 0.538ms returns 0
T7C40 000:998.777 JLINK_CORESIGHT_ReadAPDPReg(AP reg 0x03)
T7C40 000:999.180   Value=0x00000000
T7C40 000:999.264 - 0.487ms returns 0
T7C40 000:999.311 JLINK_CORESIGHT_WriteAPDPReg(AP reg 0x00, 0x80000002)
T7C40 000:999.631 - 0.320ms returns 0
T7C40 000:999.699 JLINK_CORESIGHT_WriteAPDPReg(AP reg 0x01, 0x80011130)
T7C40 001:000.008 - 0.309ms returns 0
T7C40 001:000.102 JLINK_CORESIGHT_ReadAPDPReg(AP reg 0x03)
T7C40 001:000.471   Value=0x2C020081
T7C40 001:000.518 - 0.415ms returns 0
T7C40 001:000.548 JLINK_CORESIGHT_WriteAPDPReg(AP reg 0x00, 0x80000002)
T7C40 001:000.840 - 0.291ms returns 0
T7C40 001:000.916 JLINK_CORESIGHT_WriteAPDPReg(AP reg 0x01, 0x80011140)
T7C40 001:001.325 - 0.409ms returns 0
T7C40 001:001.393 JLINK_CORESIGHT_ReadAPDPReg(AP reg 0x03)
T7C40 001:001.739   Value=0x00000000
T7C40 001:001.808 - 0.415ms returns 0
T7C40 001:001.845 JLINK_CORESIGHT_WriteAPDPReg(AP reg 0x00, 0x80000002)
T7C40 001:002.151 - 0.306ms returns 0
T7C40 001:002.221 JLINK_CORESIGHT_WriteAPDPReg(AP reg 0x01, 0x80011130)
T7C40 001:002.518 - 0.298ms returns 0
T7C40 001:002.557 JLINK_CORESIGHT_ReadAPDPReg(AP reg 0x03)
T7C40 001:002.929   Value=0x0003CE04
T7C40 001:003.011 - 0.454ms returns 0
T7C40 001:003.065 JLINK_CORESIGHT_WriteAPDPReg(AP reg 0x00, 0x80000002)
T7C40 001:003.396 - 0.330ms returns 0
T7C40 001:003.455 JLINK_CORESIGHT_WriteAPDPReg(AP reg 0x01, 0x80011140)
T7C40 001:003.753 - 0.298ms returns 0
T7C40 001:003.827 JLINK_CORESIGHT_ReadAPDPReg(AP reg 0x03)
T7C40 001:004.165   Value=0x00000002
T7C40 001:004.234 - 0.407ms returns 0
T7C40 001:004.275 JLINK_CORESIGHT_WriteAPDPReg(AP reg 0x00, 0x80000002)
T7C40 001:004.619 - 0.343ms returns 0
T7C40 001:004.660 JLINK_CORESIGHT_WriteAPDPReg(AP reg 0x01, 0x80011120)
T7C40 001:004.926 - 0.265ms returns 0
T7C40 001:004.983 JLINK_CORESIGHT_WriteAPDPReg(AP reg 0x03, 0x73010001)
T7C40 001:005.290 - 0.307ms returns 0
T7C40 001:005.361 JLINK_CORESIGHT_WriteAPDPReg(AP reg 0x00, 0x80000002)
T7C40 001:005.673 - 0.312ms returns 0
T7C40 001:005.732 JLINK_CORESIGHT_WriteAPDPReg(AP reg 0x01, 0x80011140)
T7C40 001:006.035 - 0.302ms returns 0
T7C40 001:006.093 JLINK_CORESIGHT_ReadAPDPReg(AP reg 0x03)
T7C40 001:006.462   Value=0x00000002
T7C40 001:006.537 - 0.444ms returns 0
T7C40 001:006.581 JLINK_CORESIGHT_WriteAPDPReg(AP reg 0x00, 0x80000002)
T7C40 001:006.911 - 0.329ms returns 0
T7C40 001:006.962 JLINK_CORESIGHT_WriteAPDPReg(AP reg 0x01, 0x80011120)
T7C40 001:007.292 - 0.329ms returns 0
T7C40 001:007.398 JLINK_CORESIGHT_WriteAPDPReg(AP reg 0x03, 0x0000038C)
T7C40 001:007.705 - 0.308ms returns 0
T7C40 001:007.756 JLINK_CORESIGHT_WriteAPDPReg(AP reg 0x00, 0x80000002)
T7C40 001:008.036 - 0.280ms returns 0
T7C40 001:008.168 JLINK_CORESIGHT_WriteAPDPReg(AP reg 0x01, 0x80011140)
T7C40 001:008.499 - 0.331ms returns 0
T7C40 001:008.566 JLINK_CORESIGHT_ReadAPDPReg(AP reg 0x03)
T7C40 001:008.966   Value=0x00000002
T7C40 001:009.040 - 0.474ms returns 0
T7C40 001:009.089 JLINK_CORESIGHT_ReadAPDPReg(AP reg 0x03)
T7C40 001:009.465   Value=0x00000002
T7C40 001:009.546 - 0.457ms returns 0
T7C40 001:009.589 JLINK_CORESIGHT_ReadAPDPReg(AP reg 0x03)
T7C40 001:010.066   Value=0x00000002
T7C40 001:010.127 - 0.538ms returns 0
T7C40 001:010.156 JLINK_CORESIGHT_ReadAPDPReg(AP reg 0x03)
T7C40 001:010.501   Value=0x00000002
T7C40 001:010.541 - 0.384ms returns 0
T7C40 001:010.567 JLINK_CORESIGHT_ReadAPDPReg(AP reg 0x03)
T7C40 001:011.003   Value=0x00000002
T7C40 001:011.059 - 0.492ms returns 0
T7C40 001:011.088 JLINK_CORESIGHT_ReadAPDPReg(AP reg 0x03)
T7C40 001:011.459   Value=0x00000002
T7C40 001:011.538 - 0.450ms returns 0
T7C40 001:011.615 JLINK_CORESIGHT_ReadAPDPReg(AP reg 0x03)
T7C40 001:011.946   Value=0x00000000
T7C40 001:012.008 - 0.393ms returns 0
T7C40 001:012.047 JLINK_CORESIGHT_WriteAPDPReg(AP reg 0x00, 0x80000002)
T7C40 001:012.362 - 0.314ms returns 0
T7C40 001:012.443 JLINK_CORESIGHT_WriteAPDPReg(AP reg 0x01, 0x80011130)
T7C40 001:012.763 - 0.319ms returns 0
T7C40 001:012.824 JLINK_CORESIGHT_ReadAPDPReg(AP reg 0x03)
T7C40 001:013.162   Value=0x73020081
T7C40 001:013.240 - 0.416ms returns 0
T7C40 001:013.282 JLINK_CORESIGHT_WriteAPDPReg(AP reg 0x00, 0x80000002)
T7C40 001:013.673 - 0.390ms returns 0
T7C40 001:013.740 JLINK_CORESIGHT_WriteAPDPReg(AP reg 0x01, 0x80011140)
T7C40 001:014.053 - 0.312ms returns 0
T7C40 001:014.100 JLINK_CORESIGHT_ReadAPDPReg(AP reg 0x03)
T7C40 001:014.501   Value=0x00000000
T7C40 001:014.576 - 0.476ms returns 0
T7C40 001:014.632 JLINK_CORESIGHT_WriteAPDPReg(AP reg 0x00, 0x80000002)
T7C40 001:014.965 - 0.332ms returns 0
T7C40 001:015.038 JLINK_CORESIGHT_WriteAPDPReg(AP reg 0x01, 0x80011130)
T7C40 001:015.408 - 0.370ms returns 0
T7C40 001:015.454 JLINK_CORESIGHT_ReadAPDPReg(AP reg 0x03)
T7C40 001:015.780   Value=0x00038902
T7C40 001:015.838 - 0.383ms returns 0
T7C40 001:015.872 JLINK_CORESIGHT_WriteAPDPReg(AP reg 0x00, 0x80000002)
T7C40 001:016.176 - 0.303ms returns 0
T7C40 001:016.247 JLINK_CORESIGHT_WriteAPDPReg(AP reg 0x01, 0x80011140)
T7C40 001:016.571 - 0.324ms returns 0
T7C40 001:016.654 JLINK_CORESIGHT_ReadAPDPReg(AP reg 0x03)
T7C40 001:017.034   Value=0x00000002
T7C40 001:017.118 - 0.464ms returns 0
T7C40 001:017.162 JLINK_CORESIGHT_WriteAPDPReg(AP reg 0x00, 0x80000002)
T7C40 001:017.493 - 0.331ms returns 0
T7C40 001:017.564 JLINK_CORESIGHT_WriteAPDPReg(AP reg 0x01, 0x80011120)
T7C40 001:017.922 - 0.358ms returns 0
T7C40 001:017.985 JLINK_CORESIGHT_WriteAPDPReg(AP reg 0x03, 0x75010001)
T7C40 001:018.284 - 0.299ms returns 0
T7C40 001:018.336 JLINK_CORESIGHT_WriteAPDPReg(AP reg 0x00, 0x80000002)
T7C40 001:018.643 - 0.306ms returns 0
T7C40 001:018.724 JLINK_CORESIGHT_WriteAPDPReg(AP reg 0x01, 0x80011140)
T7C40 001:019.025 - 0.301ms returns 0
T7C40 001:019.090 JLINK_CORESIGHT_ReadAPDPReg(AP reg 0x03)
T7C40 001:019.456   Value=0x00000002
T7C40 001:019.532 - 0.442ms returns 0
T7C40 001:019.578 JLINK_CORESIGHT_WriteAPDPReg(AP reg 0x00, 0x80000002)
T7C40 001:019.916 - 0.338ms returns 0
T7C40 001:019.988 JLINK_CORESIGHT_WriteAPDPReg(AP reg 0x01, 0x80011120)
T7C40 001:020.287 - 0.299ms returns 0
T7C40 001:020.345 JLINK_CORESIGHT_WriteAPDPReg(AP reg 0x03, 0x0000038A)
T7C40 001:020.648 - 0.303ms returns 0
T7C40 001:020.703 JLINK_CORESIGHT_WriteAPDPReg(AP reg 0x00, 0x80000002)
T7C40 001:021.005 - 0.301ms returns 0
T7C40 001:021.205 JLINK_CORESIGHT_WriteAPDPReg(AP reg 0x01, 0x80011140)
T7C40 001:021.557 - 0.352ms returns 0
T7C40 001:021.628 JLINK_CORESIGHT_ReadAPDPReg(AP reg 0x03)
T7C40 001:021.967   Value=0x00000002
T7C40 001:022.043 - 0.415ms returns 0
T7C40 001:022.085 JLINK_CORESIGHT_ReadAPDPReg(AP reg 0x03)
T7C40 001:022.463   Value=0x00000002
T7C40 001:022.528 - 0.442ms returns 0
T7C40 001:022.565 JLINK_CORESIGHT_ReadAPDPReg(AP reg 0x03)
T7C40 001:022.953   Value=0x00000002
T7C40 001:023.060 - 0.493ms returns 0
T7C40 001:023.097 JLINK_CORESIGHT_ReadAPDPReg(AP reg 0x03)
T7C40 001:023.465   Value=0x00000002
T7C40 001:023.533 - 0.436ms returns 0
T7C40 001:023.574 JLINK_CORESIGHT_ReadAPDPReg(AP reg 0x03)
T7C40 001:023.964   Value=0x00000002
T7C40 001:024.028 - 0.454ms returns 0
T7C40 001:024.067 JLINK_CORESIGHT_ReadAPDPReg(AP reg 0x03)
T7C40 001:024.454   Value=0x00000000
T7C40 001:024.517 - 0.450ms returns 0
T7C40 001:024.554 JLINK_CORESIGHT_WriteAPDPReg(AP reg 0x00, 0x80000002)
T7C40 001:024.837 - 0.283ms returns 0
T7C40 001:024.910 JLINK_CORESIGHT_WriteAPDPReg(AP reg 0x01, 0x80011130)
T7C40 001:025.288 - 0.378ms returns 0
T7C40 001:025.350 JLINK_CORESIGHT_ReadAPDPReg(AP reg 0x03)
T7C40 001:025.704   Value=0x75020081
T7C40 001:025.787 - 0.435ms returns 0
T7C40 001:025.821 JLINK_CORESIGHT_WriteAPDPReg(AP reg 0x00, 0x80000002)
T7C40 001:026.112 - 0.291ms returns 0
T7C40 001:026.188 JLINK_CORESIGHT_WriteAPDPReg(AP reg 0x01, 0x80011140)
T7C40 001:026.495 - 0.306ms returns 0
T7C40 001:026.565 JLINK_CORESIGHT_ReadAPDPReg(AP reg 0x03)
T7C40 001:026.987   Value=0x00000000
T7C40 001:027.067 - 0.502ms returns 0
T7C40 001:027.121 JLINK_CORESIGHT_WriteAPDPReg(AP reg 0x00, 0x80000002)
T7C40 001:027.452 - 0.331ms returns 0
T7C40 001:027.525 JLINK_CORESIGHT_WriteAPDPReg(AP reg 0x01, 0x80011130)
T7C40 001:027.833 - 0.307ms returns 0
T7C40 001:027.906 JLINK_CORESIGHT_ReadAPDPReg(AP reg 0x03)
T7C40 001:028.286   Value=0x00038702
T7C40 001:028.358 - 0.452ms returns 0
T7C40 001:029.900 JLINK_CORESIGHT_WriteAPDPReg(AP reg 0x00, 0x80000002)
T7C40 001:030.299 - 0.399ms returns 0
T7C40 001:030.437 JLINK_CORESIGHT_WriteAPDPReg(AP reg 0x01, 0x80011140)
T7C40 001:030.777 - 0.341ms returns 0
T7C40 001:030.849 JLINK_CORESIGHT_ReadAPDPReg(AP reg 0x03)
T7C40 001:031.202   Value=0x00000002
T7C40 001:031.273 - 0.424ms returns 0
T7C40 001:031.317 JLINK_CORESIGHT_WriteAPDPReg(AP reg 0x00, 0x80000002)
T7C40 001:031.638 - 0.320ms returns 0
T7C40 001:031.704 JLINK_CORESIGHT_WriteAPDPReg(AP reg 0x01, 0x80011120)
T7C40 001:032.038 - 0.333ms returns 0
T7C40 001:032.136 JLINK_CORESIGHT_WriteAPDPReg(AP reg 0x03, 0x4F010001)
T7C40 001:032.503 - 0.367ms returns 0
T7C40 001:032.573 JLINK_CORESIGHT_WriteAPDPReg(AP reg 0x00, 0x80000002)
T7C40 001:032.919 - 0.345ms returns 0
T7C40 001:032.995 JLINK_CORESIGHT_WriteAPDPReg(AP reg 0x01, 0x80011140)
T7C40 001:033.286 - 0.291ms returns 0
T7C40 001:033.348 JLINK_CORESIGHT_ReadAPDPReg(AP reg 0x03)
T7C40 001:033.697   Value=0x00000002
T7C40 001:033.778 - 0.429ms returns 0
T7C40 001:033.819 JLINK_CORESIGHT_WriteAPDPReg(AP reg 0x00, 0x80000002)
T7C40 001:034.102 - 0.283ms returns 0
T7C40 001:034.168 JLINK_CORESIGHT_WriteAPDPReg(AP reg 0x01, 0x80011120)
T7C40 001:034.465 - 0.297ms returns 0
T7C40 001:034.531 JLINK_CORESIGHT_WriteAPDPReg(AP reg 0x03, 0x000003B0)
T7C40 001:034.832 - 0.300ms returns 0
T7C40 001:034.896 JLINK_CORESIGHT_WriteAPDPReg(AP reg 0x00, 0x80000002)
T7C40 001:035.234 - 0.337ms returns 0
T7C40 001:035.293 JLINK_CORESIGHT_WriteAPDPReg(AP reg 0x01, 0x80011140)
T7C40 001:035.608 - 0.306ms returns 0
T7C40 001:035.671 JLINK_CORESIGHT_ReadAPDPReg(AP reg 0x03)
T7C40 001:036.019   Value=0x00000002
T7C40 001:036.094 - 0.423ms returns 0
T7C40 001:036.134 JLINK_CORESIGHT_ReadAPDPReg(AP reg 0x03)
T7C40 001:036.486   Value=0x00000002
T7C40 001:036.550 - 0.415ms returns 0
T7C40 001:036.585 JLINK_CORESIGHT_ReadAPDPReg(AP reg 0x03)
T7C40 001:036.968   Value=0x00000002
T7C40 001:037.050 - 0.464ms returns 0
T7C40 001:037.091 JLINK_CORESIGHT_ReadAPDPReg(AP reg 0x03)
T7C40 001:037.473   Value=0x00000000
T7C40 001:037.553 - 0.461ms returns 0
T7C40 001:037.594 JLINK_CORESIGHT_WriteAPDPReg(AP reg 0x00, 0x80000002)
T7C40 001:037.944 - 0.349ms returns 0
T7C40 001:038.008 JLINK_CORESIGHT_WriteAPDPReg(AP reg 0x01, 0x80011130)
T7C40 001:038.307 - 0.298ms returns 0
T7C40 001:038.375 JLINK_CORESIGHT_ReadAPDPReg(AP reg 0x03)
T7C40 001:038.710   Value=0x4F0B0081
T7C40 001:038.772 - 0.397ms returns 0
T7C40 001:038.810 JLINK_CORESIGHT_WriteAPDPReg(AP reg 0x00, 0x80000002)
T7C40 001:039.092 - 0.282ms returns 0
T7C40 001:039.150 JLINK_CORESIGHT_WriteAPDPReg(AP reg 0x01, 0x80011140)
T7C40 001:039.443 - 0.292ms returns 0
T7C40 001:039.509 JLINK_CORESIGHT_ReadAPDPReg(AP reg 0x03)
T7C40 001:039.850   Value=0x00000000
T7C40 001:039.910 - 0.401ms returns 0
T7C40 001:039.950 JLINK_CORESIGHT_WriteAPDPReg(AP reg 0x00, 0x80000002)
T7C40 001:040.278 - 0.328ms returns 0
T7C40 001:040.327 JLINK_CORESIGHT_WriteAPDPReg(AP reg 0x01, 0x80011130)
T7C40 001:040.635 - 0.307ms returns 0
T7C40 001:040.702 JLINK_CORESIGHT_ReadAPDPReg(AP reg 0x03)
T7C40 001:041.110   Value=0xE03F0000
T7C40 001:041.214 - 0.511ms returns 0
T7C40 001:041.257 JLINK_CORESIGHT_WriteAPDPReg(AP reg 0x00, 0x80000002)
T7C40 001:041.570 - 0.313ms returns 0
T7C40 001:041.642 JLINK_CORESIGHT_WriteAPDPReg(AP reg 0x01, 0x80011140)
T7C40 001:041.975 - 0.304ms returns 0
T7C40 001:042.051 JLINK_CORESIGHT_ReadAPDPReg(AP reg 0x03)
T7C40 001:042.483   Value=0x00000000
T7C40 001:042.551 - 0.500ms returns 0
T7C40 001:042.594 JLINK_CORESIGHT_WriteAPDPReg(AP reg 0x00, 0x80000002)
T7C40 001:042.909 - 0.314ms returns 0
T7C40 001:042.974 JLINK_CORESIGHT_WriteAPDPReg(AP reg 0x01, 0x80011130)
T7C40 001:043.289 - 0.315ms returns 0
T7C40 001:043.347 JLINK_CORESIGHT_ReadAPDPReg(AP reg 0x03)
T7C40 001:043.682   Value=0x00000000
T7C40 001:043.743 - 0.395ms returns 0
T7C40 001:043.780 JLINK_CORESIGHT_WriteAPDPReg(AP reg 0x00, 0x80000002)
T7C40 001:044.048 - 0.268ms returns 0
T7C40 001:044.095 JLINK_CORESIGHT_WriteAPDPReg(AP reg 0x01, 0x80011140)
T7C40 001:044.414 - 0.318ms returns 0
T7C40 001:044.476 JLINK_CORESIGHT_ReadAPDPReg(AP reg 0x03)
T7C40 001:044.823   Value=0x00000000
T7C40 001:044.888 - 0.411ms returns 0
T7C40 001:044.926 JLINK_CORESIGHT_WriteAPDPReg(AP reg 0x00, 0x80000002)
T7C40 001:045.209 - 0.283ms returns 0
T7C40 001:045.258 JLINK_CORESIGHT_WriteAPDPReg(AP reg 0x01, 0x80011130)
T7C40 001:045.551 - 0.293ms returns 0
T7C40 001:045.622 JLINK_CORESIGHT_ReadAPDPReg(AP reg 0x03)
T7C40 001:045.982   Value=0x03870000
T7C40 001:046.052 - 0.429ms returns 0
T7C40 001:046.503 JLINK_CORESIGHT_WriteAPDPReg(AP reg 0x00, 0x80000002)
T7C40 001:046.854 - 0.351ms returns 0
T7C40 001:046.939 JLINK_CORESIGHT_WriteAPDPReg(AP reg 0x01, 0x80011140)
T7C40 001:047.293 - 0.353ms returns 0
T7C40 001:047.370 JLINK_CORESIGHT_ReadAPDPReg(AP reg 0x03)
T7C40 001:047.757   Value=0x00000002
T7C40 001:047.836 - 0.466ms returns 0
T7C40 001:047.878 JLINK_CORESIGHT_WriteAPDPReg(AP reg 0x00, 0x80000002)
T7C40 001:048.175 - 0.296ms returns 0
T7C40 001:048.239 JLINK_CORESIGHT_WriteAPDPReg(AP reg 0x01, 0x80011120)
T7C40 001:048.535 - 0.295ms returns 0
T7C40 001:048.597 JLINK_CORESIGHT_WriteAPDPReg(AP reg 0x03, 0x2C010001)
T7C40 001:048.904 - 0.306ms returns 0
T7C40 001:048.962 JLINK_CORESIGHT_WriteAPDPReg(AP reg 0x00, 0x80000002)
T7C40 001:049.283 - 0.320ms returns 0
T7C40 001:049.330 JLINK_CORESIGHT_WriteAPDPReg(AP reg 0x01, 0x80011140)
T7C40 001:049.648 - 0.317ms returns 0
T7C40 001:049.695 JLINK_CORESIGHT_ReadAPDPReg(AP reg 0x03)
T7C40 001:050.055   Value=0x00000002
T7C40 001:050.126 - 0.431ms returns 0
T7C40 001:050.165 JLINK_CORESIGHT_WriteAPDPReg(AP reg 0x00, 0x80000002)
T7C40 001:050.484 - 0.319ms returns 0
T7C40 001:050.528 JLINK_CORESIGHT_WriteAPDPReg(AP reg 0x01, 0x80011120)
T7C40 001:050.925 - 0.396ms returns 0
T7C40 001:050.983 JLINK_CORESIGHT_WriteAPDPReg(AP reg 0x03, 0x000003D3)
T7C40 001:051.283 - 0.300ms returns 0
T7C40 001:051.368 JLINK_CORESIGHT_WriteAPDPReg(AP reg 0x00, 0x80000002)
T7C40 001:051.647 - 0.280ms returns 0
T7C40 001:051.717 JLINK_CORESIGHT_WriteAPDPReg(AP reg 0x01, 0x80011140)
T7C40 001:051.984 - 0.266ms returns 0
T7C40 001:052.037 JLINK_CORESIGHT_ReadAPDPReg(AP reg 0x03)
T7C40 001:052.381   Value=0x00000002
T7C40 001:052.435 - 0.398ms returns 0
T7C40 001:052.471 JLINK_CORESIGHT_ReadAPDPReg(AP reg 0x03)
T7C40 001:052.784   Value=0x00000002
T7C40 001:052.849 - 0.377ms returns 0
T7C40 001:052.889 JLINK_CORESIGHT_ReadAPDPReg(AP reg 0x03)
T7C40 001:053.299   Value=0x00000002
T7C40 001:053.372 - 0.483ms returns 0
T7C40 001:053.412 JLINK_CORESIGHT_ReadAPDPReg(AP reg 0x03)
T7C40 001:053.768   Value=0x00000002
T7C40 001:053.836 - 0.423ms returns 0
T7C40 001:053.875 JLINK_CORESIGHT_ReadAPDPReg(AP reg 0x03)
T7C40 001:054.290   Value=0x00000002
T7C40 001:054.353 - 0.478ms returns 0
T7C40 001:054.391 JLINK_CORESIGHT_ReadAPDPReg(AP reg 0x03)
T7C40 001:054.711   Value=0x00000002
T7C40 001:054.766 - 0.375ms returns 0
T7C40 001:054.803 JLINK_CORESIGHT_ReadAPDPReg(AP reg 0x03)
T7C40 001:055.133   Value=0x00000000
T7C40 001:055.191 - 0.387ms returns 0
T7C40 001:055.230 JLINK_CORESIGHT_WriteAPDPReg(AP reg 0x00, 0x80000002)
T7C40 001:055.534 - 0.304ms returns 0
T7C40 001:055.614 JLINK_CORESIGHT_WriteAPDPReg(AP reg 0x01, 0x80011130)
T7C40 001:055.900 - 0.286ms returns 0
T7C40 001:055.955 JLINK_CORESIGHT_ReadAPDPReg(AP reg 0x03)
T7C40 001:056.277   Value=0x2C020081
T7C40 001:056.334 - 0.378ms returns 0
T7C40 001:056.377 JLINK_CORESIGHT_WriteAPDPReg(AP reg 0x00, 0x80000002)
T7C40 001:056.677 - 0.298ms returns 0
T7C40 001:056.762 JLINK_CORESIGHT_WriteAPDPReg(AP reg 0x01, 0x80011140)
T7C40 001:057.054 - 0.292ms returns 0
T7C40 001:057.142 JLINK_CORESIGHT_ReadAPDPReg(AP reg 0x03)
T7C40 001:057.511   Value=0x00000000
T7C40 001:057.590 - 0.447ms returns 0
T7C40 001:057.646 JLINK_CORESIGHT_WriteAPDPReg(AP reg 0x00, 0x80000002)
T7C40 001:057.966 - 0.320ms returns 0
T7C40 001:058.047 JLINK_CORESIGHT_WriteAPDPReg(AP reg 0x01, 0x80011130)
T7C40 001:058.413 - 0.366ms returns 0
T7C40 001:058.487 JLINK_CORESIGHT_ReadAPDPReg(AP reg 0x03)
T7C40 001:058.830   Value=0x0003CE04
T7C40 001:058.896 - 0.409ms returns 0
T7C40 001:060.119 JLINK_CORESIGHT_WriteAPDPReg(AP reg 0x00, 0x80000002)
T7C40 001:060.485 - 0.366ms returns 0
T7C40 001:060.547 JLINK_CORESIGHT_WriteAPDPReg(AP reg 0x01, 0x80011140)
T7C40 001:060.830 - 0.282ms returns 0
T7C40 001:060.899 JLINK_CORESIGHT_ReadAPDPReg(AP reg 0x03)
T7C40 001:061.287   Value=0x00000002
T7C40 001:061.356 - 0.457ms returns 0
T7C40 001:061.398 JLINK_CORESIGHT_WriteAPDPReg(AP reg 0x00, 0x80000002)
T7C40 001:061.698 - 0.299ms returns 0
T7C40 001:061.763 JLINK_CORESIGHT_WriteAPDPReg(AP reg 0x01, 0x80011120)
T7C40 001:062.055 - 0.292ms returns 0
T7C40 001:062.128 JLINK_CORESIGHT_WriteAPDPReg(AP reg 0x03, 0x73010001)
T7C40 001:062.465 - 0.337ms returns 0
T7C40 001:062.556 JLINK_CORESIGHT_WriteAPDPReg(AP reg 0x00, 0x80000002)
T7C40 001:062.860 - 0.304ms returns 0
T7C40 001:062.922 JLINK_CORESIGHT_WriteAPDPReg(AP reg 0x01, 0x80011140)
T7C40 001:063.296 - 0.373ms returns 0
T7C40 001:063.360 JLINK_CORESIGHT_ReadAPDPReg(AP reg 0x03)
T7C40 001:063.800   Value=0x00000002
T7C40 001:063.885 - 0.525ms returns 0
T7C40 001:063.934 JLINK_CORESIGHT_WriteAPDPReg(AP reg 0x00, 0x80000002)
T7C40 001:064.292 - 0.357ms returns 0
T7C40 001:064.357 JLINK_CORESIGHT_WriteAPDPReg(AP reg 0x01, 0x80011120)
T7C40 001:064.667 - 0.310ms returns 0
T7C40 001:064.732 JLINK_CORESIGHT_WriteAPDPReg(AP reg 0x03, 0x0000038C)
T7C40 001:065.026 - 0.293ms returns 0
T7C40 001:065.084 JLINK_CORESIGHT_WriteAPDPReg(AP reg 0x00, 0x80000002)
T7C40 001:065.413 - 0.328ms returns 0
T7C40 001:065.473 JLINK_CORESIGHT_WriteAPDPReg(AP reg 0x01, 0x80011140)
T7C40 001:065.771 - 0.297ms returns 0
T7C40 001:065.835 JLINK_CORESIGHT_ReadAPDPReg(AP reg 0x03)
T7C40 001:066.168   Value=0x00000002
T7C40 001:066.236 - 0.400ms returns 0
T7C40 001:066.276 JLINK_CORESIGHT_ReadAPDPReg(AP reg 0x03)
T7C40 001:066.617   Value=0x00000002
T7C40 001:066.675 - 0.399ms returns 0
T7C40 001:066.713 JLINK_CORESIGHT_ReadAPDPReg(AP reg 0x03)
T7C40 001:067.090   Value=0x00000002
T7C40 001:067.169 - 0.456ms returns 0
T7C40 001:067.211 JLINK_CORESIGHT_ReadAPDPReg(AP reg 0x03)
T7C40 001:067.577   Value=0x00000002
T7C40 001:067.653 - 0.442ms returns 0
T7C40 001:067.695 JLINK_CORESIGHT_ReadAPDPReg(AP reg 0x03)
T7C40 001:068.049   Value=0x00000000
T7C40 001:068.121 - 0.425ms returns 0
T7C40 001:068.162 JLINK_CORESIGHT_WriteAPDPReg(AP reg 0x00, 0x80000002)
T7C40 001:068.465 - 0.303ms returns 0
T7C40 001:068.513 JLINK_CORESIGHT_WriteAPDPReg(AP reg 0x01, 0x80011130)
T7C40 001:068.805 - 0.291ms returns 0
T7C40 001:068.864 JLINK_CORESIGHT_ReadAPDPReg(AP reg 0x03)
T7C40 001:069.195   Value=0x73020081
T7C40 001:069.262 - 0.398ms returns 0
T7C40 001:069.292 JLINK_CORESIGHT_WriteAPDPReg(AP reg 0x00, 0x80000002)
T7C40 001:069.585 - 0.293ms returns 0
T7C40 001:069.651 JLINK_CORESIGHT_WriteAPDPReg(AP reg 0x01, 0x80011140)
T7C40 001:069.958 - 0.306ms returns 0
T7C40 001:070.018 JLINK_CORESIGHT_ReadAPDPReg(AP reg 0x03)
T7C40 001:070.341   Value=0x00000000
T7C40 001:070.410 - 0.391ms returns 0
T7C40 001:070.483 JLINK_CORESIGHT_WriteAPDPReg(AP reg 0x00, 0x80000002)
T7C40 001:070.797 - 0.314ms returns 0
T7C40 001:070.853 JLINK_CORESIGHT_WriteAPDPReg(AP reg 0x01, 0x80011130)
T7C40 001:071.156 - 0.302ms returns 0
T7C40 001:071.218 JLINK_CORESIGHT_ReadAPDPReg(AP reg 0x03)
T7C40 001:071.554   Value=0x00038902
T7C40 001:071.617 - 0.399ms returns 0
T7C40 001:071.661 JLINK_CORESIGHT_WriteAPDPReg(AP reg 0x00, 0x80000002)
T7C40 001:071.989 - 0.327ms returns 0
T7C40 001:072.062 JLINK_CORESIGHT_WriteAPDPReg(AP reg 0x01, 0x80011140)
T7C40 001:072.450 - 0.388ms returns 0
T7C40 001:072.519 JLINK_CORESIGHT_ReadAPDPReg(AP reg 0x03)
T7C40 001:072.893   Value=0x00000002
T7C40 001:072.970 - 0.451ms returns 0
T7C40 001:073.016 JLINK_CORESIGHT_WriteAPDPReg(AP reg 0x00, 0x80000002)
T7C40 001:073.337 - 0.320ms returns 0
T7C40 001:073.407 JLINK_CORESIGHT_WriteAPDPReg(AP reg 0x01, 0x80011120)
T7C40 001:073.712 - 0.305ms returns 0
T7C40 001:073.780 JLINK_CORESIGHT_WriteAPDPReg(AP reg 0x03, 0x75010001)
T7C40 001:074.110 - 0.329ms returns 0
T7C40 001:074.197 JLINK_CORESIGHT_WriteAPDPReg(AP reg 0x00, 0x80000002)
T7C40 001:074.493 - 0.296ms returns 0
T7C40 001:074.559 JLINK_CORESIGHT_WriteAPDPReg(AP reg 0x01, 0x80011140)
T7C40 001:074.922 - 0.362ms returns 0
T7C40 001:074.985 JLINK_CORESIGHT_ReadAPDPReg(AP reg 0x03)
T7C40 001:075.338   Value=0x00000002
T7C40 001:075.400 - 0.415ms returns 0
T7C40 001:075.442 JLINK_CORESIGHT_WriteAPDPReg(AP reg 0x00, 0x80000002)
T7C40 001:075.744 - 0.301ms returns 0
T7C40 001:075.816 JLINK_CORESIGHT_WriteAPDPReg(AP reg 0x01, 0x80011120)
T7C40 001:076.168 - 0.352ms returns 0
T7C40 001:076.233 JLINK_CORESIGHT_WriteAPDPReg(AP reg 0x03, 0x0000038A)
T7C40 001:076.591 - 0.358ms returns 0
T7C40 001:076.645 JLINK_CORESIGHT_WriteAPDPReg(AP reg 0x00, 0x80000002)
T7C40 001:076.958 - 0.313ms returns 0
T7C40 001:077.050 JLINK_CORESIGHT_WriteAPDPReg(AP reg 0x01, 0x80011140)
T7C40 001:077.328 - 0.277ms returns 0
T7C40 001:077.362 JLINK_CORESIGHT_ReadAPDPReg(AP reg 0x03)
T7C40 001:077.704   Value=0x00000002
T7C40 001:077.755 - 0.392ms returns 0
T7C40 001:077.790 JLINK_CORESIGHT_ReadAPDPReg(AP reg 0x03)
T7C40 001:078.119   Value=0x00000002
T7C40 001:078.195 - 0.404ms returns 0
T7C40 001:078.236 JLINK_CORESIGHT_ReadAPDPReg(AP reg 0x03)
T7C40 001:078.583   Value=0x00000002
T7C40 001:078.658 - 0.421ms returns 0
T7C40 001:078.699 JLINK_CORESIGHT_ReadAPDPReg(AP reg 0x03)
T7C40 001:079.050   Value=0x00000002
T7C40 001:079.130 - 0.431ms returns 0
T7C40 001:079.174 JLINK_CORESIGHT_ReadAPDPReg(AP reg 0x03)
T7C40 001:079.544   Value=0x00000002
T7C40 001:079.608 - 0.433ms returns 0
T7C40 001:079.654 JLINK_CORESIGHT_ReadAPDPReg(AP reg 0x03)
T7C40 001:080.022   Value=0x00000000
T7C40 001:080.097 - 0.443ms returns 0
T7C40 001:080.142 JLINK_CORESIGHT_WriteAPDPReg(AP reg 0x00, 0x80000002)
T7C40 001:080.450 - 0.306ms returns 0
T7C40 001:080.519 JLINK_CORESIGHT_WriteAPDPReg(AP reg 0x01, 0x80011130)
T7C40 001:080.872 - 0.353ms returns 0
T7C40 001:080.940 JLINK_CORESIGHT_ReadAPDPReg(AP reg 0x03)
T7C40 001:081.347   Value=0x75020081
T7C40 001:081.422 - 0.481ms returns 0
T7C40 001:081.464 JLINK_CORESIGHT_WriteAPDPReg(AP reg 0x00, 0x80000002)
T7C40 001:081.742 - 0.277ms returns 0
T7C40 001:081.828 JLINK_CORESIGHT_WriteAPDPReg(AP reg 0x01, 0x80011140)
T7C40 001:082.160 - 0.330ms returns 0
T7C40 001:082.232 JLINK_CORESIGHT_ReadAPDPReg(AP reg 0x03)
T7C40 001:082.603   Value=0x00000000
T7C40 001:082.678 - 0.445ms returns 0
T7C40 001:082.739 JLINK_CORESIGHT_WriteAPDPReg(AP reg 0x00, 0x80000002)
T7C40 001:083.075 - 0.337ms returns 0
T7C40 001:083.128 JLINK_CORESIGHT_WriteAPDPReg(AP reg 0x01, 0x80011130)
T7C40 001:083.422 - 0.295ms returns 0
T7C40 001:083.516 JLINK_CORESIGHT_ReadAPDPReg(AP reg 0x03)
T7C40 001:083.862   Value=0x00038702
T7C40 001:083.939 - 0.423ms returns 0
T7C40 001:083.992 JLINK_CORESIGHT_WriteAPDPReg(AP reg 0x00, 0x80000002)
T7C40 001:084.291 - 0.298ms returns 0
T7C40 001:084.350 JLINK_CORESIGHT_WriteAPDPReg(AP reg 0x01, 0x80011140)
T7C40 001:084.656 - 0.306ms returns 0
T7C40 001:084.720 JLINK_CORESIGHT_ReadAPDPReg(AP reg 0x03)
T7C40 001:085.089   Value=0x00000002
T7C40 001:085.151 - 0.430ms returns 0
T7C40 001:085.198 JLINK_CORESIGHT_WriteAPDPReg(AP reg 0x00, 0x80000002)
T7C40 001:085.494 - 0.296ms returns 0
T7C40 001:085.554 JLINK_CORESIGHT_WriteAPDPReg(AP reg 0x01, 0x80011120)
T7C40 001:085.932 - 0.377ms returns 0
T7C40 001:086.008 JLINK_CORESIGHT_WriteAPDPReg(AP reg 0x03, 0x4E0B0001)
T7C40 001:086.320 - 0.312ms returns 0
T7C40 001:086.378 JLINK_CORESIGHT_WriteAPDPReg(AP reg 0x00, 0x80000002)
T7C40 001:086.684 - 0.305ms returns 0
T7C40 001:086.808 JLINK_CORESIGHT_WriteAPDPReg(AP reg 0x01, 0x80011140)
T7C40 001:087.114 - 0.305ms returns 0
T7C40 001:087.182 JLINK_CORESIGHT_ReadAPDPReg(AP reg 0x03)
T7C40 001:087.512   Value=0x00000002
T7C40 001:087.593 - 0.410ms returns 0
T7C40 001:087.649 JLINK_CORESIGHT_WriteAPDPReg(AP reg 0x00, 0x80000002)
T7C40 001:087.953 - 0.303ms returns 0
T7C40 001:088.015 JLINK_CORESIGHT_WriteAPDPReg(AP reg 0x01, 0x80011120)
T7C40 001:088.312 - 0.297ms returns 0
T7C40 001:088.383 JLINK_CORESIGHT_WriteAPDPReg(AP reg 0x03, 0xC0010000)
T7C40 001:088.684 - 0.301ms returns 0
T7C40 001:088.756 JLINK_CORESIGHT_WriteAPDPReg(AP reg 0x00, 0x80000002)
T7C40 001:089.057 - 0.301ms returns 0
T7C40 001:089.117 JLINK_CORESIGHT_WriteAPDPReg(AP reg 0x01, 0x80011140)
T7C40 001:089.415 - 0.297ms returns 0
T7C40 001:089.484 JLINK_CORESIGHT_ReadAPDPReg(AP reg 0x03)
T7C40 001:089.824   Value=0x00000002
T7C40 001:089.871 - 0.387ms returns 0
T7C40 001:089.911 JLINK_CORESIGHT_WriteAPDPReg(AP reg 0x00, 0x80000002)
T7C40 001:090.173 - 0.263ms returns 0
T7C40 001:090.208 JLINK_CORESIGHT_WriteAPDPReg(AP reg 0x01, 0x80011120)
T7C40 001:090.513 - 0.304ms returns 0
T7C40 001:090.583 JLINK_CORESIGHT_WriteAPDPReg(AP reg 0x03, 0x00000000)
T7C40 001:090.867 - 0.284ms returns 0
T7C40 001:090.933 JLINK_CORESIGHT_WriteAPDPReg(AP reg 0x00, 0x80000002)
T7C40 001:091.285 - 0.351ms returns 0
T7C40 001:091.347 JLINK_CORESIGHT_WriteAPDPReg(AP reg 0x01, 0x80011140)
T7C40 001:091.671 - 0.323ms returns 0
T7C40 001:091.733 JLINK_CORESIGHT_ReadAPDPReg(AP reg 0x03)
T7C40 001:092.056   Value=0x00000002
T7C40 001:092.138 - 0.404ms returns 0
T7C40 001:092.192 JLINK_CORESIGHT_WriteAPDPReg(AP reg 0x00, 0x80000002)
T7C40 001:092.504 - 0.312ms returns 0
T7C40 001:092.580 JLINK_CORESIGHT_WriteAPDPReg(AP reg 0x01, 0x80011120)
T7C40 001:092.891 - 0.311ms returns 0
T7C40 001:092.951 JLINK_CORESIGHT_WriteAPDPReg(AP reg 0x03, 0x03E60000)
T7C40 001:093.289 - 0.337ms returns 0
T7C40 001:093.366 JLINK_CORESIGHT_WriteAPDPReg(AP reg 0x00, 0x80000002)
T7C40 001:093.667 - 0.300ms returns 0
T7C40 001:093.786 JLINK_CORESIGHT_WriteAPDPReg(AP reg 0x01, 0x80011140)
T7C40 001:094.089 - 0.302ms returns 0
T7C40 001:094.165 JLINK_CORESIGHT_ReadAPDPReg(AP reg 0x03)
T7C40 001:094.520   Value=0x00000002
T7C40 001:094.593 - 0.428ms returns 0
T7C40 001:094.649 JLINK_CORESIGHT_ReadAPDPReg(AP reg 0x03)
T7C40 001:095.001   Value=0x00000002
T7C40 001:095.070 - 0.420ms returns 0
T7C40 001:095.103 JLINK_CORESIGHT_ReadAPDPReg(AP reg 0x03)
T7C40 001:095.463   Value=0x00000002
T7C40 001:095.556 - 0.452ms returns 0
T7C40 001:095.602 JLINK_CORESIGHT_ReadAPDPReg(AP reg 0x03)
T7C40 001:095.952   Value=0x00000002
T7C40 001:096.023 - 0.421ms returns 0
T7C40 001:096.070 JLINK_CORESIGHT_ReadAPDPReg(AP reg 0x03)
T7C40 001:096.451   Value=0x00000002
T7C40 001:096.508 - 0.438ms returns 0
T7C40 001:096.554 JLINK_CORESIGHT_ReadAPDPReg(AP reg 0x03)
T7C40 001:096.897   Value=0x00000002
T7C40 001:096.972 - 0.418ms returns 0
T7C40 001:097.011 JLINK_CORESIGHT_ReadAPDPReg(AP reg 0x03)
T7C40 001:097.348   Value=0x00000002
T7C40 001:097.452 - 0.440ms returns 0
T7C40 001:097.488 JLINK_CORESIGHT_ReadAPDPReg(AP reg 0x03)
T7C40 001:097.863   Value=0x00000002
T7C40 001:097.944 - 0.455ms returns 0
T7C40 001:097.988 JLINK_CORESIGHT_ReadAPDPReg(AP reg 0x03)
T7C40 001:098.343   Value=0x00000002
T7C40 001:098.420 - 0.432ms returns 0
T7C40 001:098.509 JLINK_CORESIGHT_ReadAPDPReg(AP reg 0x03)
T7C40 001:098.843   Value=0x00000002
T7C40 001:098.904 - 0.396ms returns 0
T7C40 001:098.950 JLINK_CORESIGHT_ReadAPDPReg(AP reg 0x03)
T7C40 001:099.292   Value=0x00000002
T7C40 001:099.417 - 0.466ms returns 0
T7C40 001:099.469 JLINK_CORESIGHT_ReadAPDPReg(AP reg 0x03)
T7C40 001:099.809   Value=0x00000002
T7C40 001:099.886 - 0.417ms returns 0
T7C40 001:099.940 JLINK_CORESIGHT_ReadAPDPReg(AP reg 0x03)
T7C40 001:100.286   Value=0x00000002
T7C40 001:100.385 - 0.444ms returns 0
T7C40 001:100.417 JLINK_CORESIGHT_ReadAPDPReg(AP reg 0x03)
T7C40 001:100.752   Value=0x00000002
T7C40 001:100.830 - 0.413ms returns 0
T7C40 001:100.881 JLINK_CORESIGHT_ReadAPDPReg(AP reg 0x03)
T7C40 001:101.286   Value=0x00000002
T7C40 001:101.363 - 0.482ms returns 0
T7C40 001:101.414 JLINK_CORESIGHT_ReadAPDPReg(AP reg 0x03)
T7C40 001:101.757   Value=0x00000002
T7C40 001:101.847 - 0.432ms returns 0
T7C40 001:101.892 JLINK_CORESIGHT_ReadAPDPReg(AP reg 0x03)
T7C40 001:102.302   Value=0x00000002
T7C40 001:102.370 - 0.478ms returns 0
T7C40 001:102.430 JLINK_CORESIGHT_ReadAPDPReg(AP reg 0x03)
T7C40 001:102.787   Value=0x00000000
T7C40 001:102.866 - 0.436ms returns 0
T7C40 001:102.919 JLINK_CORESIGHT_WriteAPDPReg(AP reg 0x00, 0x80000002)
T7C40 001:103.304 - 0.384ms returns 0
T7C40 001:103.386 JLINK_CORESIGHT_WriteAPDPReg(AP reg 0x01, 0x80011130)
T7C40 001:103.700 - 0.313ms returns 0
T7C40 001:103.757 JLINK_CORESIGHT_ReadAPDPReg(AP reg 0x03)
T7C40 001:104.098   Value=0x4E0A0081
T7C40 001:104.173 - 0.416ms returns 0
T7C40 001:104.221 JLINK_CORESIGHT_WriteAPDPReg(AP reg 0x00, 0x80000002)
T7C40 001:104.555 - 0.333ms returns 0
T7C40 001:104.663 JLINK_CORESIGHT_WriteAPDPReg(AP reg 0x01, 0x80011140)
T7C40 001:105.027 - 0.364ms returns 0
T7C40 001:105.110 JLINK_CORESIGHT_ReadAPDPReg(AP reg 0x03)
T7C40 001:105.490   Value=0x00000000
T7C40 001:105.559 - 0.449ms returns 0
T7C40 001:105.595 JLINK_CORESIGHT_WriteAPDPReg(AP reg 0x00, 0x80000002)
T7C40 001:105.932 - 0.337ms returns 0
T7C40 001:105.990 JLINK_CORESIGHT_WriteAPDPReg(AP reg 0x01, 0x80011130)
T7C40 001:106.307 - 0.316ms returns 0
T7C40 001:106.393 JLINK_CORESIGHT_ReadAPDPReg(AP reg 0x03)
T7C40 001:106.828   Value=0xFFFFFF00
T7C40 001:106.909 - 0.515ms returns 0
T7C40 001:106.983 JLINK_CORESIGHT_WriteAPDPReg(AP reg 0x00, 0x80000002)
T7C40 001:107.294 - 0.310ms returns 0
T7C40 001:107.367 JLINK_CORESIGHT_WriteAPDPReg(AP reg 0x01, 0x80011140)
T7C40 001:107.669 - 0.302ms returns 0
T7C40 001:107.740 JLINK_CORESIGHT_ReadAPDPReg(AP reg 0x03)
T7C40 001:108.102   Value=0x00000000
T7C40 001:108.180 - 0.440ms returns 0
T7C40 001:108.234 JLINK_CORESIGHT_WriteAPDPReg(AP reg 0x00, 0x80000002)
T7C40 001:108.553 - 0.318ms returns 0
T7C40 001:108.632 JLINK_CORESIGHT_WriteAPDPReg(AP reg 0x01, 0x80011130)
T7C40 001:108.940 - 0.307ms returns 0
T7C40 001:109.014 JLINK_CORESIGHT_ReadAPDPReg(AP reg 0x03)
T7C40 001:109.397   Value=0xFFFFFFFF
T7C40 001:109.525 - 0.510ms returns 0
T7C40 001:109.573 JLINK_CORESIGHT_WriteAPDPReg(AP reg 0x00, 0x80000002)
T7C40 001:109.918 - 0.344ms returns 0
T7C40 001:109.998 JLINK_CORESIGHT_WriteAPDPReg(AP reg 0x01, 0x80011140)
T7C40 001:110.318 - 0.319ms returns 0
T7C40 001:110.380 JLINK_CORESIGHT_ReadAPDPReg(AP reg 0x03)
T7C40 001:110.723   Value=0x00000000
T7C40 001:110.796 - 0.415ms returns 0
T7C40 001:110.850 JLINK_CORESIGHT_WriteAPDPReg(AP reg 0x00, 0x80000002)
T7C40 001:111.172 - 0.322ms returns 0
T7C40 001:111.250 JLINK_CORESIGHT_WriteAPDPReg(AP reg 0x01, 0x80011130)
T7C40 001:111.563 - 0.313ms returns 0
T7C40 001:112.881 JLINK_CORESIGHT_ReadAPDPReg(AP reg 0x03)
T7C40 001:113.327   Value=0x0003B0FF
T7C40 001:113.406 - 0.526ms returns 0
T7C40 001:113.456 JLINK_CORESIGHT_WriteAPDPReg(AP reg 0x00, 0x80000002)
T7C40 001:113.772 - 0.316ms returns 0
T7C40 001:113.835 JLINK_CORESIGHT_WriteAPDPReg(AP reg 0x01, 0x80011140)
T7C40 001:114.128 - 0.293ms returns 0
T7C40 001:114.197 JLINK_CORESIGHT_ReadAPDPReg(AP reg 0x03)
T7C40 001:114.567   Value=0x00000002
T7C40 001:114.678 - 0.480ms returns 0
T7C40 001:114.724 JLINK_CORESIGHT_WriteAPDPReg(AP reg 0x00, 0x80000002)
T7C40 001:115.030 - 0.305ms returns 0
T7C40 001:115.101 JLINK_CORESIGHT_WriteAPDPReg(AP reg 0x01, 0x80011120)
T7C40 001:115.420 - 0.318ms returns 0
T7C40 001:115.488 JLINK_CORESIGHT_WriteAPDPReg(AP reg 0x03, 0x4F010001)
T7C40 001:115.828 - 0.339ms returns 0
T7C40 001:115.914 JLINK_CORESIGHT_WriteAPDPReg(AP reg 0x00, 0x80000002)
T7C40 001:116.292 - 0.377ms returns 0
T7C40 001:116.382 JLINK_CORESIGHT_WriteAPDPReg(AP reg 0x01, 0x80011140)
T7C40 001:116.729 - 0.314ms returns 0
T7C40 001:116.835 JLINK_CORESIGHT_ReadAPDPReg(AP reg 0x03)
T7C40 001:117.189   Value=0x00000002
T7C40 001:117.332 - 0.496ms returns 0
T7C40 001:117.374 JLINK_CORESIGHT_WriteAPDPReg(AP reg 0x00, 0x80000002)
T7C40 001:118.061 - 0.686ms returns 0
T7C40 001:118.137 JLINK_CORESIGHT_WriteAPDPReg(AP reg 0x01, 0x80011120)
T7C40 001:118.458 - 0.321ms returns 0
T7C40 001:118.525 JLINK_CORESIGHT_WriteAPDPReg(AP reg 0x03, 0x000003B0)
T7C40 001:119.019 - 0.493ms returns 0
T7C40 001:119.080 JLINK_CORESIGHT_WriteAPDPReg(AP reg 0x00, 0x80000002)
T7C40 001:119.772 - 0.691ms returns 0
T7C40 001:119.846 JLINK_CORESIGHT_WriteAPDPReg(AP reg 0x01, 0x80011140)
T7C40 001:120.140 - 0.293ms returns 0
T7C40 001:120.209 JLINK_CORESIGHT_ReadAPDPReg(AP reg 0x03)
T7C40 001:120.587   Value=0x00000002
T7C40 001:120.661 - 0.452ms returns 0
T7C40 001:120.705 JLINK_CORESIGHT_ReadAPDPReg(AP reg 0x03)
T7C40 001:121.054   Value=0x00000002
T7C40 001:121.117 - 0.411ms returns 0
T7C40 001:121.153 JLINK_CORESIGHT_ReadAPDPReg(AP reg 0x03)
T7C40 001:121.546   Value=0x00000000
T7C40 001:121.660 - 0.505ms returns 0
T7C40 001:121.734 JLINK_CORESIGHT_WriteAPDPReg(AP reg 0x00, 0x80000002)
T7C40 001:122.297 - 0.561ms returns 0
T7C40 001:122.380 JLINK_CORESIGHT_WriteAPDPReg(AP reg 0x01, 0x80011130)
T7C40 001:122.709 - 0.328ms returns 0
T7C40 001:122.762 JLINK_CORESIGHT_ReadAPDPReg(AP reg 0x03)
T7C40 001:123.110   Value=0x4F0B0081
T7C40 001:123.169 - 0.407ms returns 0
T7C40 001:123.205 JLINK_CORESIGHT_WriteAPDPReg(AP reg 0x00, 0x80000002)
T7C40 001:123.542 - 0.336ms returns 0
T7C40 001:123.622 JLINK_CORESIGHT_WriteAPDPReg(AP reg 0x01, 0x80011140)
T7C40 001:123.930 - 0.308ms returns 0
T7C40 001:123.989 JLINK_CORESIGHT_ReadAPDPReg(AP reg 0x03)
T7C40 001:124.332   Value=0x00000000
T7C40 001:124.426 - 0.436ms returns 0
T7C40 001:124.468 JLINK_CORESIGHT_WriteAPDPReg(AP reg 0x00, 0x80000002)
T7C40 001:124.776 - 0.308ms returns 0
T7C40 001:124.821 JLINK_CORESIGHT_WriteAPDPReg(AP reg 0x01, 0x80011130)
T7C40 001:125.131 - 0.308ms returns 0
T7C40 001:125.246 JLINK_CORESIGHT_ReadAPDPReg(AP reg 0x03)
T7C40 001:125.641   Value=0xC0010000
T7C40 001:125.768 - 0.522ms returns 0
T7C40 001:125.818 JLINK_CORESIGHT_WriteAPDPReg(AP reg 0x00, 0x80000002)
T7C40 001:126.155 - 0.338ms returns 0
T7C40 001:126.217 JLINK_CORESIGHT_WriteAPDPReg(AP reg 0x01, 0x80011140)
T7C40 001:126.543 - 0.325ms returns 0
T7C40 001:126.663 JLINK_CORESIGHT_ReadAPDPReg(AP reg 0x03)
T7C40 001:127.021   Value=0x00000000
T7C40 001:127.119 - 0.456ms returns 0
T7C40 001:127.174 JLINK_CORESIGHT_WriteAPDPReg(AP reg 0x00, 0x80000002)
T7C40 001:127.513 - 0.339ms returns 0
T7C40 001:127.627 JLINK_CORESIGHT_WriteAPDPReg(AP reg 0x01, 0x80011130)
T7C40 001:127.958 - 0.330ms returns 0
T7C40 001:128.017 JLINK_CORESIGHT_ReadAPDPReg(AP reg 0x03)
T7C40 001:128.378   Value=0x00000000
T7C40 001:128.467 - 0.450ms returns 0
T7C40 001:128.516 JLINK_CORESIGHT_WriteAPDPReg(AP reg 0x00, 0x80000002)
T7C40 001:128.916 - 0.399ms returns 0
T7C40 001:128.994 JLINK_CORESIGHT_WriteAPDPReg(AP reg 0x01, 0x80011140)
T7C40 001:129.317 - 0.322ms returns 0
T7C40 001:129.413 JLINK_CORESIGHT_ReadAPDPReg(AP reg 0x03)
T7C40 001:129.773   Value=0x00000000
T7C40 001:129.844 - 0.431ms returns 0
T7C40 001:129.891 JLINK_CORESIGHT_WriteAPDPReg(AP reg 0x00, 0x80000002)
T7C40 001:130.224 - 0.332ms returns 0
T7C40 001:130.330 JLINK_CORESIGHT_WriteAPDPReg(AP reg 0x01, 0x80011130)
T7C40 001:130.658 - 0.328ms returns 0
T7C40 001:130.716 JLINK_CORESIGHT_ReadAPDPReg(AP reg 0x03)
T7C40 001:131.069   Value=0x03E50000
T7C40 001:131.144 - 0.428ms returns 0
T7C40 001:131.417 JLINK_CORESIGHT_WriteAPDPReg(AP reg 0x00, 0x80000002)
T7C40 001:131.751 - 0.332ms returns 0
T7C40 001:131.806 JLINK_CORESIGHT_WriteAPDPReg(AP reg 0x01, 0x80011140)
T7C40 001:132.120 - 0.313ms returns 0
T7C40 001:132.212 JLINK_CORESIGHT_ReadAPDPReg(AP reg 0x03)
T7C40 001:132.582   Value=0x00000002
T7C40 001:132.665 - 0.453ms returns 0
T7C40 001:132.703 JLINK_CORESIGHT_WriteAPDPReg(AP reg 0x00, 0x80000002)
T7C40 001:133.001 - 0.297ms returns 0
T7C40 001:133.075 JLINK_CORESIGHT_WriteAPDPReg(AP reg 0x01, 0x80011120)
T7C40 001:133.444 - 0.344ms returns 0
T7C40 001:133.514 JLINK_CORESIGHT_WriteAPDPReg(AP reg 0x03, 0x4F010001)
T7C40 001:133.849 - 0.335ms returns 0
T7C40 001:133.921 JLINK_CORESIGHT_WriteAPDPReg(AP reg 0x00, 0x80000002)
T7C40 001:134.289 - 0.367ms returns 0
T7C40 001:134.361 JLINK_CORESIGHT_WriteAPDPReg(AP reg 0x01, 0x80011140)
T7C40 001:134.681 - 0.339ms returns 0
T7C40 001:134.731 JLINK_CORESIGHT_ReadAPDPReg(AP reg 0x03)
T7C40 001:135.125   Value=0x00000002
T7C40 001:135.216 - 0.483ms returns 0
T7C40 001:135.260 JLINK_CORESIGHT_WriteAPDPReg(AP reg 0x00, 0x80000002)
T7C40 001:135.604 - 0.343ms returns 0
T7C40 001:135.680 JLINK_CORESIGHT_WriteAPDPReg(AP reg 0x01, 0x80011120)
T7C40 001:135.984 - 0.304ms returns 0
T7C40 001:136.051 JLINK_CORESIGHT_WriteAPDPReg(AP reg 0x03, 0x000003B0)
T7C40 001:136.446 - 0.395ms returns 0
T7C40 001:136.512 JLINK_CORESIGHT_WriteAPDPReg(AP reg 0x00, 0x80000002)
T7C40 001:136.835 - 0.322ms returns 0
T7C40 001:136.910 JLINK_CORESIGHT_WriteAPDPReg(AP reg 0x01, 0x80011140)
T7C40 001:137.306 - 0.395ms returns 0
T7C40 001:137.360 JLINK_CORESIGHT_ReadAPDPReg(AP reg 0x03)
T7C40 001:137.722   Value=0x00000002
T7C40 001:137.790 - 0.429ms returns 0
T7C40 001:137.835 JLINK_CORESIGHT_ReadAPDPReg(AP reg 0x03)
T7C40 001:138.178   Value=0x00000002
T7C40 001:138.259 - 0.423ms returns 0
T7C40 001:138.303 JLINK_CORESIGHT_ReadAPDPReg(AP reg 0x03)
T7C40 001:138.654   Value=0x00000002
T7C40 001:138.732 - 0.428ms returns 0
T7C40 001:138.863 JLINK_CORESIGHT_ReadAPDPReg(AP reg 0x03)
T7C40 001:139.289   Value=0x00000002
T7C40 001:139.375 - 0.512ms returns 0
T7C40 001:139.435 JLINK_CORESIGHT_ReadAPDPReg(AP reg 0x03)
T7C40 001:139.824   Value=0x00000002
T7C40 001:139.899 - 0.464ms returns 0
T7C40 001:139.948 JLINK_CORESIGHT_ReadAPDPReg(AP reg 0x03)
T7C40 001:140.313   Value=0x00000002
T7C40 001:140.386 - 0.438ms returns 0
T7C40 001:140.437 JLINK_CORESIGHT_ReadAPDPReg(AP reg 0x03)
T7C40 001:140.835   Value=0x00000002
T7C40 001:140.943 - 0.504ms returns 0
T7C40 001:140.992 JLINK_CORESIGHT_ReadAPDPReg(AP reg 0x03)
T7C40 001:141.372   Value=0x00000000
T7C40 001:141.449 - 0.457ms returns 0
T7C40 001:141.500 JLINK_CORESIGHT_WriteAPDPReg(AP reg 0x00, 0x80000002)
T7C40 001:141.815 - 0.315ms returns 0
T7C40 001:141.891 JLINK_CORESIGHT_WriteAPDPReg(AP reg 0x01, 0x80011130)
T7C40 001:142.192 - 0.300ms returns 0
T7C40 001:142.398 JLINK_CORESIGHT_ReadAPDPReg(AP reg 0x03)
T7C40 001:142.785   Value=0x4F0B0081
T7C40 001:142.848 - 0.450ms returns 0
T7C40 001:142.886 JLINK_CORESIGHT_WriteAPDPReg(AP reg 0x00, 0x80000002)
T7C40 001:143.166 - 0.279ms returns 0
T7C40 001:143.247 JLINK_CORESIGHT_WriteAPDPReg(AP reg 0x01, 0x80011140)
T7C40 001:143.567 - 0.319ms returns 0
T7C40 001:143.649 JLINK_CORESIGHT_ReadAPDPReg(AP reg 0x03)
T7C40 001:144.003   Value=0x00000000
T7C40 001:144.085 - 0.435ms returns 0
T7C40 001:144.136 JLINK_CORESIGHT_WriteAPDPReg(AP reg 0x00, 0x80000002)
T7C40 001:144.442 - 0.306ms returns 0
T7C40 001:144.510 JLINK_CORESIGHT_WriteAPDPReg(AP reg 0x01, 0x80011130)
T7C40 001:144.844 - 0.333ms returns 0
T7C40 001:144.931 JLINK_CORESIGHT_ReadAPDPReg(AP reg 0x03)
T7C40 001:145.316   Value=0xC0010000
T7C40 001:145.393 - 0.462ms returns 0
T7C40 001:145.440 JLINK_CORESIGHT_WriteAPDPReg(AP reg 0x00, 0x80000002)
T7C40 001:145.742 - 0.302ms returns 0
T7C40 001:145.818 JLINK_CORESIGHT_WriteAPDPReg(AP reg 0x01, 0x80011140)
T7C40 001:146.185 - 0.367ms returns 0
T7C40 001:146.364 JLINK_CORESIGHT_ReadAPDPReg(AP reg 0x03)
T7C40 001:146.717   Value=0x00000000
T7C40 001:146.779 - 0.415ms returns 0
T7C40 001:146.820 JLINK_CORESIGHT_WriteAPDPReg(AP reg 0x00, 0x80000002)
T7C40 001:147.153 - 0.331ms returns 0
T7C40 001:147.213 JLINK_CORESIGHT_WriteAPDPReg(AP reg 0x01, 0x80011130)
T7C40 001:147.515 - 0.302ms returns 0
T7C40 001:147.573 JLINK_CORESIGHT_ReadAPDPReg(AP reg 0x03)
T7C40 001:147.989   Value=0x00000000
T7C40 001:148.075 - 0.502ms returns 0
T7C40 001:148.124 JLINK_CORESIGHT_WriteAPDPReg(AP reg 0x00, 0x80000002)
T7C40 001:148.491 - 0.366ms returns 0
T7C40 001:148.552 JLINK_CORESIGHT_WriteAPDPReg(AP reg 0x01, 0x80011140)
T7C40 001:148.913 - 0.361ms returns 0
T7C40 001:148.984 JLINK_CORESIGHT_ReadAPDPReg(AP reg 0x03)
T7C40 001:149.463   Value=0x00000000
T7C40 001:149.655 - 0.670ms returns 0
T7C40 001:149.719 JLINK_CORESIGHT_WriteAPDPReg(AP reg 0x00, 0x80000002)
T7C40 001:150.074 - 0.355ms returns 0
T7C40 001:150.194 JLINK_CORESIGHT_WriteAPDPReg(AP reg 0x01, 0x80011130)
T7C40 001:150.523 - 0.329ms returns 0
T7C40 001:150.602 JLINK_CORESIGHT_ReadAPDPReg(AP reg 0x03)
T7C40 001:151.062   Value=0x03E50000
T7C40 001:151.146 - 0.544ms returns 0
T7C40 001:153.417 JLINK_CORESIGHT_ReadAPDPReg(DP reg 0x01)
T7C40 001:153.861   Value=0xF0000F40
T7C40 001:153.984 - 0.568ms returns 0
T7C40 001:154.029 JLINK_CORESIGHT_WriteAPDPReg(DP reg 0x01, 0xA0000F40)
T7C40 001:154.329 - 0.299ms returns 0
T7C40 001:154.403 JLINK_CORESIGHT_ReadAPDPReg(DP reg 0x01)
T7C40 001:154.805   Value=0x00000F40
T7C40 001:154.889 - 0.486ms returns 0
T7C40 001:154.938 JLINK_ClrRESET()
T7C40 001:155.360 - 0.420ms 
T7C40 001:264.243 JLINK_Close()
T7C40 001:279.497 - 15.251ms
T7C40 001:279.763   
T7C40 001:279.835   Closed
