T5D18 000:005.479   SEGGER J-Link V9.42 Log File
T5D18 000:005.702   DLL Compiled: May  6 2026 12:25:27
T5D18 000:005.728   Logging started @ 2026-07-31 07:15
T5D18 000:005.750   Process: C:\Users\a5116222\.eclipse\com.renesas.platform_1441078171\DebugComp\RA\e2-server-gdb.exe
T5D18 000:005.779 - 5.772ms 
T5D18 000:005.834 JLINK_GetDLLVersion()
T5D18 000:005.858 - 0.026ms returns 94200
T5D18 000:017.851 JLINK_OpenEx(...)
T5D18 000:035.008   Firmware: J-Link OB-S124 compiled May  6 2026 14:59:45
T5D18 000:037.832   Firmware: J-Link OB-S124 compiled May  6 2026 14:59:45
T5D18 000:065.383   Hardware: V1.00
T5D18 000:065.462   S/N: 831894839
T5D18 000:065.485   OEM: SEGGER
T5D18 000:065.515   Feature(s): None
T5D18 000:068.372   Bootloader: 2019 Oct 15
T5D18 000:070.324   USB speed mode: Full speed (12 MBit/s)
T5D18 000:071.950   TELNET listener socket opened on port 19021
T5D18 000:072.377   WEBSRV WEBSRV_Init(): Starting webserver thread(s)
T5D18 000:072.745   WEBSRV Webserver running on local port 19080
T5D18 000:073.100   Looking for J-Link GUI Server exe at: C:\Users\a5116222\.eclipse\com.renesas.platform_1441078171\DebugComp\RA\ARM\Segger_v9.42.0\JLinkGUIServer.exe
T5D18 000:073.622   Looking for J-Link GUI Server exe at: \JLinkGUIServer.exe
T5D18 000:375.536   Failed to connect to J-Link GUI Server.
T5D18 000:375.635 - 357.775ms returns "O.K."
T5D18 000:376.032 JLINK_ExecCommand("ProjectFile=C:\Users\a5116222\Workspace\e2_workspace\ra650\pre_programmed_sensor_algorithm_dummy_ns/pre_programmed_sensor_algorithm_dummy_ns Debug_SSD.jlink", ...). 
T5D18 000:401.297 - 25.266ms returns 0x00
T5D18 000:401.887 JLINK_ExecCommand("device=R7FA6M4AF", ...). 
T5D18 000:404.544   Flash bank @ 0x0100A100: SFL: Parsing sectorization info from ELF file
T5D18 000:404.620     FlashDevice.SectorInfo[0]: .SectorSize = 0x00000010, .SectorStartAddr = 0x00000000
T5D18 000:404.643   FlashBank @0x0100A100: Sectorization info from SFL ELF file ignored because sectorization override from DLL / XML file is active.
T5D18 000:405.025   Flash bank @ 0x00000000: SFL: Parsing sectorization info from ELF file
T5D18 000:405.070     FlashDevice.SectorInfo[0]: .SectorSize = 0x00002000, .SectorStartAddr = 0x00000000
T5D18 000:405.092   FlashBank @0x00000000: Sectorization info from SFL ELF file ignored because sectorization override from DLL / XML file is active.
T5D18 000:405.367   Flash bank @ 0x08000000: SFL: Parsing sectorization info from ELF file
T5D18 000:405.394     FlashDevice.SectorInfo[0]: .SectorSize = 0x00000040, .SectorStartAddr = 0x00000000
T5D18 000:405.416   FlashBank @0x08000000: Sectorization info from SFL ELF file ignored because sectorization override from DLL / XML file is active.
T5D18 000:406.291   Flash bank @ 0x60000000: SFL: Parsing sectorization info from ELF file
T5D18 000:406.337     FlashDevice.SectorInfo[0]: .SectorSize = 0x00010000, .SectorStartAddr = 0x00000000
T5D18 000:411.238   Device "R7FA6M4AF" selected.
T5D18 000:412.823 - 10.934ms returns 0x00
T5D18 000:412.861 JLINK_TIF_GetAvailable(...)
T5D18 000:413.513 - 0.651ms 
T5D18 000:413.557 JLINK_TIF_Select(JLINKARM_TIF_SWD)
T5D18 000:417.089 - 3.535ms returns 0x00
T5D18 000:417.131 JLINK_SetSpeed(4000)
T5D18 000:417.930 - 0.800ms 
T5D18 000:417.995 JLINK_ReadMem(0xE000EDF0, 0x4 Bytes, ...)
T5D18 000:419.498   ConfigTargetSettings() start
T5D18 000:419.562    J-Link Script File: Executing ConfigTargetSettings()
T5D18 000:419.585   Configuring FlashDLNoRMWThreshold=0x200 in order to make sure that option bytes programming is done via read-modify-write
T5D18 000:446.562   ConfigTargetSettings() end - Took 27.0ms
T5D18 000:446.608   InitTarget() start
T5D18 000:446.630    J-Link Script File: Executing InitTarget()
T5D18 000:446.647   SWD selected. Executing JTAG -> SWD switching sequence.
T5D18 000:454.307   DAP initialized successfully.
T5D18 000:454.364   Determining TrustZone configuration...
T5D18 000:458.802     Secure Debug: Enabled (SSD)
T5D18 000:458.845   Determining currently configured transfer type by reading the AHB-AP CSW register.
T5D18 000:461.957     --> Correct transfer type configured. Done.
T5D18 000:462.011   InitTarget() end - Took 15.3ms
T5D18 000:464.020   Found SW-DP with ID 0x6BA02477
T5D18 000:470.306   DPIDR: 0x6BA02477
T5D18 000:470.364   CoreSight SoC-400 or earlier
T5D18 000:470.388   Scanning AP map to find all available APs
T5D18 000:473.129   AP[2]: Stopped AP scan as end of AP map has been reached
T5D18 000:473.168   AP[0]: AHB-AP (IDR: 0x84770001, ADDR: 0x00000000)
T5D18 000:473.195   AP[1]: APB-AP (IDR: 0x54770002, ADDR: 0x01000000)
T5D18 000:473.222   Iterating through AP map to find AHB-AP to use
T5D18 000:475.237   AP[0]: Core found
T5D18 000:475.267   AP[0]: AHB-AP ROM base: 0xE00FE000
T5D18 000:476.213   CPUID register: 0x410FD214. Implementer code: 0x41 (ARM)
T5D18 000:476.242   Feature set: Mainline
T5D18 000:477.192   Cache: No cache
T5D18 000:477.226   Found Cortex-M33 r0p4, Little endian.
T5D18 000:478.662   -- Max. mem block: 0x00001B30
T5D18 000:481.554   CPU_ReadMem(4 bytes @ 0xE000EDF0)
T5D18 000:483.018   CPU_WriteMem(4 bytes @ 0xE000EDF0)
T5D18 000:483.991   CPU_ReadMem(4 bytes @ 0xE0002000)
T5D18 000:484.945   FPUnit: 8 code (BP) slots and 0 literal slots
T5D18 000:485.016   CPU_ReadMem(4 bytes @ 0xE000EDFC)
T5D18 000:485.986   CPU_WriteMem(4 bytes @ 0xE000EDFC)
T5D18 000:486.966   CPU_ReadMem(4 bytes @ 0xE0001000)
T5D18 000:487.935   CPU_ReadMem(4 bytes @ 0xE0001000)
T5D18 000:488.792   CPU_ReadMem(4 bytes @ 0xE0001028)
T5D18 000:489.753   CPU_ReadMem(4 bytes @ 0xE0001038)
T5D18 000:490.688   CPU_ReadMem(4 bytes @ 0xE0001048)
T5D18 000:491.615   CPU_ReadMem(4 bytes @ 0xE0001058)
T5D18 000:492.533   CPU_WriteMem(4 bytes @ 0xE0001000)
T5D18 000:493.533   CPU_ReadMem(4 bytes @ 0xE000ED88)
T5D18 000:494.527   CPU_WriteMem(4 bytes @ 0xE000ED88)
T5D18 000:495.421   CPU_ReadMem(4 bytes @ 0xE000ED88)
T5D18 000:496.340   CPU_WriteMem(4 bytes @ 0xE000ED88)
T5D18 000:497.374   CPU_ReadMem(4 bytes @ 0xE000EFB8)
T5D18 000:498.286   Security extension: implemented
T5D18 000:498.313   Secure debug: enabled
T5D18 000:498.335   CoreSight components:
T5D18 000:498.357   ROMTbl[0] @ E00FE000
T5D18 000:498.379   CPU_ReadMem(64 bytes @ 0xE00FE000)
T5D18 000:500.085   CPU_ReadMem(32 bytes @ 0xE0044FE0)
T5D18 000:501.463   CPU_ReadMem(4 bytes @ 0xE0044FBC)
T5D18 000:502.445   CPU_ReadMem(4 bytes @ 0xE0044FCC)
T5D18 000:503.494   [0][0]: E0044000 CID B105900D PID 005BB906 DEVARCH 00000000 DEVTYPE 14 CTI (?)
T5D18 000:503.536   CPU_ReadMem(32 bytes @ 0xE0047FE0)
T5D18 000:505.071   CPU_ReadMem(4 bytes @ 0xE0047FBC)
T5D18 000:506.105   CPU_ReadMem(4 bytes @ 0xE0047FCC)
T5D18 000:507.246   [0][1]: E0047000 CID B105900D PID 003BB908 DEVARCH 00000000 DEVTYPE 12 CSTF
T5D18 000:507.301   CPU_ReadMem(32 bytes @ 0xE0048FE0)
T5D18 000:508.856   CPU_ReadMem(4 bytes @ 0xE0048FBC)
T5D18 000:510.315   CPU_ReadMem(4 bytes @ 0xE0048FCC)
T5D18 000:511.463   [0][2]: E0048000 CID B105900D PID 001BB961 DEVARCH 00000000 DEVTYPE 21 TMC
T5D18 000:511.506   CPU_ReadMem(32 bytes @ 0xE0049FE0)
T5D18 000:513.013   [0][3]: E0049000 CID B105F00D PID 001BB101 TSG
T5D18 000:513.065   CPU_ReadMem(32 bytes @ 0xE0040FE0)
T5D18 000:514.627   CPU_ReadMem(4 bytes @ 0xE0040FBC)
T5D18 000:515.572   CPU_ReadMem(4 bytes @ 0xE0040FCC)
T5D18 000:516.533   [0][4]: E0040000 CID B105900D PID 000BBD21 DEVARCH 00000000 DEVTYPE 11 TPIU
T5D18 000:516.592   CPU_ReadMem(32 bytes @ 0xE00FFFE0)
T5D18 000:517.974   [0][5]: E00FF000 CID B105100D PID 000BB4C9 ROM Table
T5D18 000:518.044   ROMTbl[1] @ E00FF000
T5D18 000:518.071   CPU_ReadMem(64 bytes @ 0xE00FF000)
T5D18 000:519.701   CPU_ReadMem(32 bytes @ 0xE000EFE0)
T5D18 000:521.091   CPU_ReadMem(4 bytes @ 0xE000EFBC)
T5D18 000:522.087   CPU_ReadMem(4 bytes @ 0xE000EFCC)
T5D18 000:523.021   [1][0]: E000E000 CID B105900D PID 000BBD21 DEVARCH 47702A04 DEVTYPE 00 Cortex-M33
T5D18 000:523.045   CPU_ReadMem(32 bytes @ 0xE0001FE0)
T5D18 000:524.359   CPU_ReadMem(4 bytes @ 0xE0001FBC)
T5D18 000:525.290   CPU_ReadMem(4 bytes @ 0xE0001FCC)
T5D18 000:526.248   [1][1]: E0001000 CID B105900D PID 000BBD21 DEVARCH 47701A02 DEVTYPE 00 DWT
T5D18 000:526.281   CPU_ReadMem(32 bytes @ 0xE0002FE0)
T5D18 000:527.588   CPU_ReadMem(4 bytes @ 0xE0002FBC)
T5D18 000:528.347   CPU_ReadMem(4 bytes @ 0xE0002FCC)
T5D18 000:529.395   [1][2]: E0002000 CID B105900D PID 000BBD21 DEVARCH 47701A03 DEVTYPE 00 FPB
T5D18 000:529.422   CPU_ReadMem(32 bytes @ 0xE0000FE0)
T5D18 000:530.711   CPU_ReadMem(4 bytes @ 0xE0000FBC)
T5D18 000:531.570   CPU_ReadMem(4 bytes @ 0xE0000FCC)
T5D18 000:532.443   [1][3]: E0000000 CID B105900D PID 000BBD21 DEVARCH 47701A01 DEVTYPE 43 ITM
T5D18 000:532.527   CPU_ReadMem(32 bytes @ 0xE0041FE0)
T5D18 000:533.727   CPU_ReadMem(4 bytes @ 0xE0041FBC)
T5D18 000:534.677   CPU_ReadMem(4 bytes @ 0xE0041FCC)
T5D18 000:535.571   [1][5]: E0041000 CID B105900D PID 002BBD21 DEVARCH 47724A13 DEVTYPE 13 ETM
T5D18 000:535.625   CPU_ReadMem(32 bytes @ 0xE0042FE0)
T5D18 000:536.960   CPU_ReadMem(4 bytes @ 0xE0042FBC)
T5D18 000:538.096   CPU_ReadMem(4 bytes @ 0xE0042FCC)
T5D18 000:539.190   [1][6]: E0042000 CID B105900D PID 000BBD21 DEVARCH 47701A14 DEVTYPE 14 CSS600-CTI
T5D18 000:539.290   CPU_ReadMem(4 bytes @ 0xE000EDF0)
T5D18 000:540.282   Data:  01 00 10 01
T5D18 000:540.329   Debug reg: DHCSR
T5D18 000:540.354 - 122.359ms returns 0
T5D18 000:540.409 JLINK_ReadMem(0x400E002C, 0x4 Bytes, ...)
T5D18 000:540.431   CPU_ReadMem(4 bytes @ 0x400E002C)
T5D18 000:541.354   Data:  02 00 00 00
T5D18 000:541.403 - 0.994ms returns 0
T5D18 000:541.463 JLINK_ReadMem(0xE000EDF0, 0x4 Bytes, ...)
T5D18 000:541.484   CPU_ReadMem(4 bytes @ 0xE000EDF0)
T5D18 000:542.360   Data:  01 00 10 01
T5D18 000:542.406   Debug reg: DHCSR
T5D18 000:542.430 - 0.967ms returns 0
T5D18 000:542.505 JLINK_ReadMem(0xE000EDF0, 0x4 Bytes, ...)
T5D18 000:542.527   CPU_ReadMem(4 bytes @ 0xE000EDF0)
T5D18 000:543.375   Data:  01 00 10 01
T5D18 000:543.420   Debug reg: DHCSR
T5D18 000:543.444 - 0.939ms returns 0
T5D18 000:543.469 JLINK_ReadMem(0x400E001C, 0x4 Bytes, ...)
T5D18 000:543.494   CPU_ReadMem(4 bytes @ 0x400E001C)
T5D18 000:544.411   Data:  00 FC 07 00
T5D18 000:544.457 - 0.988ms returns 0
T5D18 000:544.485 JLINK_ReadMem(0xE000EDF0, 0x4 Bytes, ...)
T5D18 000:544.509   CPU_ReadMem(4 bytes @ 0xE000EDF0)
T5D18 000:545.372   Data:  01 00 10 01
T5D18 000:545.415   Debug reg: DHCSR
T5D18 000:545.440 - 0.954ms returns 0
T5D18 000:545.462 JLINK_ReadMem(0x400E0018, 0x4 Bytes, ...)
T5D18 000:545.482   CPU_ReadMem(4 bytes @ 0x400E0018)
T5D18 000:546.494   Data:  00 00 08 00
T5D18 000:546.539 - 1.077ms returns 0
T5D18 000:546.565 JLINK_ReadMem(0xE000EDF0, 0x4 Bytes, ...)
T5D18 000:546.587   CPU_ReadMem(4 bytes @ 0xE000EDF0)
T5D18 000:547.660   Data:  01 00 10 01
T5D18 000:547.705   Debug reg: DHCSR
T5D18 000:547.729 - 1.164ms returns 0
T5D18 000:547.754 JLINK_ReadMem(0x400E0020, 0x4 Bytes, ...)
T5D18 000:547.774   CPU_ReadMem(4 bytes @ 0x400E0020)
T5D18 000:548.796   Data:  00 10 00 00
T5D18 000:548.846 - 1.092ms returns 0
T5D18 000:548.915 JLINK_ReadMem(0xE000EDF0, 0x4 Bytes, ...)
T5D18 000:548.957   CPU_ReadMem(4 bytes @ 0xE000EDF0)
T5D18 000:549.922   Data:  01 00 10 01
T5D18 000:549.968   Debug reg: DHCSR
T5D18 000:549.991 - 1.076ms returns 0
T5D18 000:550.014 JLINK_ReadMem(0x400E0028, 0x4 Bytes, ...)
T5D18 000:550.035   CPU_ReadMem(4 bytes @ 0x400E0028)
T5D18 000:551.118   Data:  00 FC 01 00
T5D18 000:551.163 - 1.149ms returns 0
T5D18 000:551.188 JLINK_ReadMem(0xE000EDF0, 0x4 Bytes, ...)
T5D18 000:551.207   CPU_ReadMem(4 bytes @ 0xE000EDF0)
T5D18 000:552.136   Data:  01 00 10 01
T5D18 000:552.187   Debug reg: DHCSR
T5D18 000:552.211 - 1.023ms returns 0
T5D18 000:552.232 JLINK_ReadMem(0x400E0024, 0x4 Bytes, ...)
T5D18 000:552.252   CPU_ReadMem(4 bytes @ 0x400E0024)
T5D18 000:553.269   Data:  00 00 02 00
T5D18 000:553.319 - 1.087ms returns 0
T5D18 000:553.346 JLINK_ReadMem(0xE000EDF0, 0x4 Bytes, ...)
T5D18 000:553.367   CPU_ReadMem(4 bytes @ 0xE000EDF0)
T5D18 000:554.403   Data:  01 00 10 01
T5D18 000:554.450   Debug reg: DHCSR
T5D18 000:554.474 - 1.127ms returns 0
T5D18 000:554.498 JLINK_ReadMem(0x400E002C, 0x4 Bytes, ...)
T5D18 000:554.523   CPU_ReadMem(4 bytes @ 0x400E002C)
T5D18 000:555.622   Data:  02 00 00 00
T5D18 000:555.667 - 1.169ms returns 0
T5D18 000:555.690 JLINK_ReadMem(0xE000EDF0, 0x4 Bytes, ...)
T5D18 000:555.710   CPU_ReadMem(4 bytes @ 0xE000EDF0)
T5D18 000:556.838   Data:  01 00 10 01
T5D18 000:556.883   Debug reg: DHCSR
T5D18 000:556.907 - 1.216ms returns 0
T5D18 000:556.927 JLINK_ReadMem(0x400E002C, 0x4 Bytes, ...)
T5D18 000:556.946   CPU_ReadMem(4 bytes @ 0x400E002C)
T5D18 000:557.974   Data:  02 00 00 00
T5D18 000:558.019 - 1.092ms returns 0
T5D18 000:563.878 JLINK_Close()
T5D18 000:599.584 - 35.704ms
T5D18 000:599.716   
T5D18 000:599.739   Closed
