T7150 000:009.451   SEGGER J-Link V9.14a Log File
T7150 000:010.206   DLL Compiled: Jan 28 2026 17:11:52
T7150 000:010.247   Logging started @ 2026-03-20 06:06
T7150 000:010.288   Process: C:\Users\trung.tran-quoc\.eclipse\com.renesas.platform_121336757\DebugComp\RA\e2-server-gdb.exe
T7150 000:010.348 - 10.337ms 
T7150 000:010.960 JLINK_GetDLLVersion()
T7150 000:011.013 - 0.057ms returns 91401
T7150 000:040.544 JLINK_OpenEx(...)
T7150 000:065.377   Firmware: J-Link OB-RA4M2 compiled Dec 10 2025 15:52:53
T7150 000:066.774   Firmware: J-Link OB-RA4M2 compiled Dec 10 2025 15:52:53
T7150 000:083.330   Hardware: V1.00
T7150 000:083.450   S/N: 1080363092
T7150 000:083.505   OEM: SEGGER
T7150 000:083.573   Feature(s): None
T7150 000:084.634   Bootloader: 2021 May 14
T7150 000:085.258   USB speed mode: Full speed (12 MBit/s)
T7150 000:085.887   TELNET listener socket opened on port 19021
T7150 000:086.368   WEBSRV WEBSRV_Init(): Starting webserver thread(s)
T7150 000:087.060   WEBSRV Webserver running on local port 19080
T7150 000:087.603   Looking for J-Link GUI Server exe at: C:\Users\trung.tran-quoc\.eclipse\com.renesas.platform_121336757\DebugComp\RA\ARM\Segger_v9.14.1\JLinkGUIServer.exe
T7150 000:088.120   Looking for J-Link GUI Server exe at: C:\Users\trung.tran-quoc\SEGGER\JLink_V892\JLinkGUIServer.exe
T7150 000:088.295   Forking J-Link GUI Server: C:\Users\trung.tran-quoc\SEGGER\JLink_V892\JLinkGUIServer.exe
T7150 000:356.584   J-Link GUI Server info: "J-Link GUI server V8.92 "
T7150 000:495.450 - 454.893ms returns "O.K."
T7150 000:495.711 JLINK_TIF_Select(JLINKARM_TIF_SWD)
T7150 000:496.610 - 0.898ms returns 0x00
T7150 000:496.707 JLINK_ClrRESET()
T7150 000:497.166 - 0.457ms 
T7150 000:547.361 JLINK_SetSpeed(1500)
T7150 000:547.694 - 0.345ms 
T7150 000:547.775 JLINK_CORESIGHT_Configure(PerformTIFInit=0)
T7150 000:548.290 - 0.522ms returns 0
T7150 000:550.050 JLINK_CORESIGHT_ReadAPDPReg(DP reg 0x00)
T7150 000:550.650   Value=0x6BA02477
T7150 000:550.738 - 0.701ms returns 0
T7150 000:550.795 JLINK_CORESIGHT_WriteAPDPReg(DP reg 0x00, 0x0000001F)
T7150 000:551.161 - 0.365ms returns 0
T7150 000:551.240 JLINK_CORESIGHT_ReadAPDPReg(DP reg 0x00)
T7150 000:551.617   Value=0x6BA02477
T7150 000:551.702 - 0.462ms returns 0
T7150 000:551.751 JLINK_CORESIGHT_WriteAPDPReg(DP reg 0x02, 0x00000000)
T7150 000:552.065 - 0.313ms returns 0
T7150 000:552.131 JLINK_CORESIGHT_WriteAPDPReg(DP reg 0x01, 0x50000000)
T7150 000:552.447 - 0.315ms returns 0
T7150 000:552.531 JLINK_CORESIGHT_ReadAPDPReg(DP reg 0x01)
T7150 000:552.874   Value=0xF0000040
T7150 000:552.958 - 0.427ms returns 0
T7150 000:553.007 JLINK_CORESIGHT_WriteAPDPReg(DP reg 0x00, 0x0000001F)
T7150 000:553.332 - 0.325ms returns 0
T7150 000:553.402 JLINK_CORESIGHT_ReadAPDPReg(DP reg 0x00)
T7150 000:553.709   Value=0x6BA02477
T7150 000:553.795 - 0.392ms returns 0
T7150 000:553.842 JLINK_CORESIGHT_WriteAPDPReg(DP reg 0x01, 0x54000000)
T7150 000:554.160 - 0.318ms returns 0
T7150 000:554.230 JLINK_CORESIGHT_WriteAPDPReg(DP reg 0x01, 0x50000F00)
T7150 000:554.555 - 0.324ms returns 0
T7150 000:554.626 JLINK_CORESIGHT_WriteAPDPReg(DP reg 0x02, 0x01000000)
T7150 000:555.000 - 0.373ms returns 0
T7150 000:555.093 JLINK_CORESIGHT_WriteAPDPReg(AP reg 0x00, 0x80000002)
T7150 000:555.412 - 0.319ms returns 0
T7150 000:555.481 JLINK_CORESIGHT_WriteAPDPReg(AP reg 0x01, 0x80011100)
T7150 000:555.786 - 0.304ms returns 0
T7150 000:555.859 JLINK_CORESIGHT_WriteAPDPReg(AP reg 0x03, 0x000000A5)
T7150 000:556.154 - 0.295ms returns 0
T7150 000:556.209 JLINK_CORESIGHT_WriteAPDPReg(AP reg 0x00, 0x80000002)
T7150 000:556.510 - 0.300ms returns 0
T7150 000:556.651 JLINK_CORESIGHT_WriteAPDPReg(AP reg 0x01, 0x80011100)
T7150 000:557.001 - 0.351ms returns 0
T7150 000:557.071 JLINK_CORESIGHT_ReadAPDPReg(AP reg 0x03)
T7150 000:557.459   Value=0x000000A5
T7150 000:557.559 - 0.487ms returns 0
T7150 000:557.630 JLINK_ClrTMS()
T7150 000:557.845 - 0.213ms 
T7150 000:563.350 JLINK_SetTCK()
T7150 000:563.600 - 0.248ms returns 0
T7150 000:569.354 JLINK_SetRESET()
T7150 000:569.786 - 0.431ms 
T7150 000:770.361 JLINK_CORESIGHT_WriteAPDPReg(AP reg 0x00, 0x80000002)
T7150 000:770.792 - 0.432ms returns 0
T7150 000:770.883 JLINK_CORESIGHT_WriteAPDPReg(AP reg 0x01, 0x80011100)
T7150 000:771.294 - 0.410ms returns 0
T7150 000:771.416 JLINK_CORESIGHT_ReadAPDPReg(AP reg 0x03)
T7150 000:771.816   Value=0x00000000
T7150 000:771.907 - 0.491ms returns 0
T7150 000:771.958 JLINK_CORESIGHT_WriteAPDPReg(AP reg 0x00, 0x80000002)
T7150 000:772.281 - 0.323ms returns 0
T7150 000:772.433 JLINK_CORESIGHT_WriteAPDPReg(AP reg 0x01, 0x80011140)
T7150 000:772.749 - 0.315ms returns 0
T7150 000:772.829 JLINK_CORESIGHT_ReadAPDPReg(AP reg 0x03)
T7150 000:773.209   Value=0x00000002
T7150 000:773.300 - 0.470ms returns 0
T7150 000:773.343 JLINK_CORESIGHT_WriteAPDPReg(AP reg 0x00, 0x80000002)
T7150 000:773.661 - 0.317ms returns 0
T7150 000:773.736 JLINK_CORESIGHT_WriteAPDPReg(AP reg 0x01, 0x80011120)
T7150 000:774.044 - 0.308ms returns 0
T7150 000:774.105 JLINK_CORESIGHT_WriteAPDPReg(AP reg 0x03, 0x00000055)
T7150 000:774.405 - 0.299ms returns 0
T7150 000:774.455 JLINK_CORESIGHT_WriteAPDPReg(AP reg 0x00, 0x80000002)
T7150 000:774.782 - 0.326ms returns 0
T7150 000:774.861 JLINK_CORESIGHT_WriteAPDPReg(AP reg 0x01, 0x80011140)
T7150 000:775.164 - 0.303ms returns 0
T7150 000:775.232 JLINK_CORESIGHT_ReadAPDPReg(AP reg 0x03)
T7150 000:775.621   Value=0x00000000
T7150 000:775.706 - 0.474ms returns 0
T7150 000:775.758 JLINK_CORESIGHT_WriteAPDPReg(AP reg 0x00, 0x80000002)
T7150 000:776.085 - 0.326ms returns 0
T7150 000:776.158 JLINK_CORESIGHT_WriteAPDPReg(AP reg 0x01, 0x80011130)
T7150 000:776.474 - 0.315ms returns 0
T7150 000:776.555 JLINK_CORESIGHT_ReadAPDPReg(AP reg 0x03)
T7150 000:776.940   Value=0x000000C6
T7150 000:777.083 - 0.527ms returns 0
T7150 000:777.202 JLINK_CORESIGHT_WriteAPDPReg(AP reg 0x00, 0x80000002)
T7150 000:777.551 - 0.348ms returns 0
T7150 000:777.625 JLINK_CORESIGHT_WriteAPDPReg(AP reg 0x01, 0x80011140)
T7150 000:777.986 - 0.360ms returns 0
T7150 000:778.067 JLINK_CORESIGHT_ReadAPDPReg(AP reg 0x03)
T7150 000:778.503   Value=0x00000002
T7150 000:778.588 - 0.521ms returns 0
T7150 000:778.638 JLINK_CORESIGHT_WriteAPDPReg(AP reg 0x00, 0x80000002)
T7150 000:778.956 - 0.317ms returns 0
T7150 000:779.028 JLINK_CORESIGHT_WriteAPDPReg(AP reg 0x01, 0x80011120)
T7150 000:779.351 - 0.323ms returns 0
T7150 000:779.422 JLINK_CORESIGHT_WriteAPDPReg(AP reg 0x03, 0x3A010001)
T7150 000:779.755 - 0.332ms returns 0
T7150 000:779.841 JLINK_CORESIGHT_WriteAPDPReg(AP reg 0x00, 0x80000002)
T7150 000:780.171 - 0.330ms returns 0
T7150 000:780.247 JLINK_CORESIGHT_WriteAPDPReg(AP reg 0x01, 0x80011140)
T7150 000:780.576 - 0.328ms returns 0
T7150 000:780.655 JLINK_CORESIGHT_ReadAPDPReg(AP reg 0x03)
T7150 000:781.031   Value=0x00000002
T7150 000:781.116 - 0.460ms returns 0
T7150 000:781.162 JLINK_CORESIGHT_WriteAPDPReg(AP reg 0x00, 0x80000002)
T7150 000:781.485 - 0.322ms returns 0
T7150 000:781.558 JLINK_CORESIGHT_WriteAPDPReg(AP reg 0x01, 0x80011120)
T7150 000:781.935 - 0.376ms returns 0
T7150 000:782.012 JLINK_CORESIGHT_WriteAPDPReg(AP reg 0x03, 0x000003C5)
T7150 000:782.338 - 0.325ms returns 0
T7150 000:782.446 JLINK_CORESIGHT_WriteAPDPReg(AP reg 0x00, 0x80000002)
T7150 000:782.788 - 0.343ms returns 0
T7150 000:782.873 JLINK_CORESIGHT_WriteAPDPReg(AP reg 0x01, 0x80011140)
T7150 000:783.213 - 0.340ms returns 0
T7150 000:783.311 JLINK_CORESIGHT_ReadAPDPReg(AP reg 0x03)
T7150 000:783.684   Value=0x00000002
T7150 000:783.763 - 0.452ms returns 0
T7150 000:783.811 JLINK_CORESIGHT_ReadAPDPReg(AP reg 0x03)
T7150 000:784.157   Value=0x00000002
T7150 000:784.247 - 0.435ms returns 0
T7150 000:784.295 JLINK_CORESIGHT_ReadAPDPReg(AP reg 0x03)
T7150 000:784.666   Value=0x00000002
T7150 000:784.754 - 0.459ms returns 0
T7150 000:784.802 JLINK_CORESIGHT_ReadAPDPReg(AP reg 0x03)
T7150 000:785.156   Value=0x00000002
T7150 000:785.237 - 0.434ms returns 0
T7150 000:785.282 JLINK_CORESIGHT_ReadAPDPReg(AP reg 0x03)
T7150 000:785.732   Value=0x00000002
T7150 000:785.813 - 0.530ms returns 0
T7150 000:785.867 JLINK_CORESIGHT_ReadAPDPReg(AP reg 0x03)
T7150 000:786.234   Value=0x00000002
T7150 000:786.312 - 0.445ms returns 0
T7150 000:786.362 JLINK_CORESIGHT_ReadAPDPReg(AP reg 0x03)
T7150 000:786.724   Value=0x00000002
T7150 000:786.811 - 0.448ms returns 0
T7150 000:786.858 JLINK_CORESIGHT_ReadAPDPReg(AP reg 0x03)
T7150 000:787.206   Value=0x00000000
T7150 000:787.283 - 0.424ms returns 0
T7150 000:787.333 JLINK_CORESIGHT_WriteAPDPReg(AP reg 0x00, 0x80000002)
T7150 000:787.636 - 0.303ms returns 0
T7150 000:787.702 JLINK_CORESIGHT_WriteAPDPReg(AP reg 0x01, 0x80011130)
T7150 000:788.009 - 0.306ms returns 0
T7150 000:788.074 JLINK_CORESIGHT_ReadAPDPReg(AP reg 0x03)
T7150 000:788.432   Value=0x3A2A0081
T7150 000:788.510 - 0.436ms returns 0
T7150 000:788.558 JLINK_CORESIGHT_WriteAPDPReg(AP reg 0x00, 0x80000002)
T7150 000:788.881 - 0.322ms returns 0
T7150 000:788.959 JLINK_CORESIGHT_WriteAPDPReg(AP reg 0x01, 0x80011140)
T7150 000:789.284 - 0.324ms returns 0
T7150 000:790.991 JLINK_CORESIGHT_ReadAPDPReg(AP reg 0x03)
T7150 000:791.464   Value=0x00000000
T7150 000:791.546 - 0.556ms returns 0
T7150 000:791.589 JLINK_CORESIGHT_WriteAPDPReg(AP reg 0x00, 0x80000002)
T7150 000:791.864 - 0.275ms returns 0
T7150 000:791.918 JLINK_CORESIGHT_WriteAPDPReg(AP reg 0x01, 0x80011130)
T7150 000:792.258 - 0.339ms returns 0
T7150 000:792.341 JLINK_CORESIGHT_ReadAPDPReg(AP reg 0x03)
T7150 000:792.675   Value=0x808D5B00
T7150 000:792.755 - 0.414ms returns 0
T7150 000:792.798 JLINK_CORESIGHT_WriteAPDPReg(AP reg 0x00, 0x80000002)
T7150 000:793.178 - 0.379ms returns 0
T7150 000:793.273 JLINK_CORESIGHT_WriteAPDPReg(AP reg 0x01, 0x80011140)
T7150 000:793.651 - 0.377ms returns 0
T7150 000:793.721 JLINK_CORESIGHT_ReadAPDPReg(AP reg 0x03)
T7150 000:794.067   Value=0x00000000
T7150 000:794.150 - 0.429ms returns 0
T7150 000:794.199 JLINK_CORESIGHT_WriteAPDPReg(AP reg 0x00, 0x80000002)
T7150 000:794.528 - 0.328ms returns 0
T7150 000:794.599 JLINK_CORESIGHT_WriteAPDPReg(AP reg 0x01, 0x80011130)
T7150 000:794.894 - 0.295ms returns 0
T7150 000:794.948 JLINK_CORESIGHT_ReadAPDPReg(AP reg 0x03)
T7150 000:795.355   Value=0x0603030B
T7150 000:795.444 - 0.497ms returns 0
T7150 000:795.496 JLINK_CORESIGHT_WriteAPDPReg(AP reg 0x00, 0x80000002)
T7150 000:795.814 - 0.317ms returns 0
T7150 000:795.886 JLINK_CORESIGHT_WriteAPDPReg(AP reg 0x01, 0x80011140)
T7150 000:796.211 - 0.324ms returns 0
T7150 000:796.281 JLINK_CORESIGHT_ReadAPDPReg(AP reg 0x03)
T7150 000:796.657   Value=0x00000000
T7150 000:796.736 - 0.454ms returns 0
T7150 000:796.781 JLINK_CORESIGHT_WriteAPDPReg(AP reg 0x00, 0x80000002)
T7150 000:797.083 - 0.302ms returns 0
T7150 000:797.150 JLINK_CORESIGHT_WriteAPDPReg(AP reg 0x01, 0x80011130)
T7150 000:797.472 - 0.322ms returns 0
T7150 000:797.572 JLINK_CORESIGHT_ReadAPDPReg(AP reg 0x03)
T7150 000:797.950   Value=0x304B4E20
T7150 000:798.034 - 0.461ms returns 0
T7150 000:798.168 JLINK_CORESIGHT_WriteAPDPReg(AP reg 0x00, 0x80000002)
T7150 000:798.579 - 0.412ms returns 0
T7150 000:798.653 JLINK_CORESIGHT_WriteAPDPReg(AP reg 0x01, 0x80011140)
T7150 000:798.992 - 0.339ms returns 0
T7150 000:799.060 JLINK_CORESIGHT_ReadAPDPReg(AP reg 0x03)
T7150 000:799.432   Value=0x00000000
T7150 000:799.515 - 0.455ms returns 0
T7150 000:799.627 JLINK_CORESIGHT_WriteAPDPReg(AP reg 0x00, 0x80000002)
T7150 000:799.975 - 0.348ms returns 0
T7150 000:800.096 JLINK_CORESIGHT_WriteAPDPReg(AP reg 0x01, 0x80011130)
T7150 000:800.431 - 0.334ms returns 0
T7150 000:800.502 JLINK_CORESIGHT_ReadAPDPReg(AP reg 0x03)
T7150 000:800.881   Value=0x41424F31
T7150 000:800.965 - 0.462ms returns 0
T7150 000:801.010 JLINK_CORESIGHT_WriteAPDPReg(AP reg 0x00, 0x80000002)
T7150 000:801.356 - 0.345ms returns 0
T7150 000:801.421 JLINK_CORESIGHT_WriteAPDPReg(AP reg 0x01, 0x80011140)
T7150 000:801.752 - 0.330ms returns 0
T7150 000:801.823 JLINK_CORESIGHT_ReadAPDPReg(AP reg 0x03)
T7150 000:802.275   Value=0x00000000
T7150 000:802.361 - 0.537ms returns 0
T7150 000:802.417 JLINK_CORESIGHT_WriteAPDPReg(AP reg 0x00, 0x80000002)
T7150 000:802.741 - 0.323ms returns 0
T7150 000:802.818 JLINK_CORESIGHT_WriteAPDPReg(AP reg 0x01, 0x80011130)
T7150 000:803.166 - 0.347ms returns 0
T7150 000:803.231 JLINK_CORESIGHT_ReadAPDPReg(AP reg 0x03)
T7150 000:803.638   Value=0x35383553
T7150 000:803.716 - 0.484ms returns 0
T7150 000:803.753 JLINK_CORESIGHT_WriteAPDPReg(AP reg 0x00, 0x80000002)
T7150 000:804.029 - 0.275ms returns 0
T7150 000:804.102 JLINK_CORESIGHT_WriteAPDPReg(AP reg 0x01, 0x80011140)
T7150 000:804.414 - 0.312ms returns 0
T7150 000:804.474 JLINK_CORESIGHT_ReadAPDPReg(AP reg 0x03)
T7150 000:804.845   Value=0x00000000
T7150 000:804.926 - 0.451ms returns 0
T7150 000:804.970 JLINK_CORESIGHT_WriteAPDPReg(AP reg 0x00, 0x80000002)
T7150 000:805.292 - 0.321ms returns 0
T7150 000:805.368 JLINK_CORESIGHT_WriteAPDPReg(AP reg 0x01, 0x80011130)
T7150 000:805.708 - 0.339ms returns 0
T7150 000:805.785 JLINK_CORESIGHT_ReadAPDPReg(AP reg 0x03)
T7150 000:806.166   Value=0x5B164436
T7150 000:806.249 - 0.463ms returns 0
T7150 000:806.294 JLINK_CORESIGHT_WriteAPDPReg(AP reg 0x00, 0x80000002)
T7150 000:806.626 - 0.331ms returns 0
T7150 000:806.684 JLINK_CORESIGHT_WriteAPDPReg(AP reg 0x01, 0x80011140)
T7150 000:807.052 - 0.367ms returns 0
T7150 000:807.132 JLINK_CORESIGHT_ReadAPDPReg(AP reg 0x03)
T7150 000:807.517   Value=0x00000000
T7150 000:807.601 - 0.469ms returns 0
T7150 000:807.649 JLINK_CORESIGHT_WriteAPDPReg(AP reg 0x00, 0x80000002)
T7150 000:807.949 - 0.300ms returns 0
T7150 000:808.004 JLINK_CORESIGHT_WriteAPDPReg(AP reg 0x01, 0x80011130)
T7150 000:808.295 - 0.290ms returns 0
T7150 000:808.414 JLINK_CORESIGHT_ReadAPDPReg(AP reg 0x03)
T7150 000:808.785   Value=0x46375292
T7150 000:808.862 - 0.448ms returns 0
T7150 000:808.904 JLINK_CORESIGHT_WriteAPDPReg(AP reg 0x00, 0x80000002)
T7150 000:809.293 - 0.389ms returns 0
T7150 000:809.374 JLINK_CORESIGHT_WriteAPDPReg(AP reg 0x01, 0x80011140)
T7150 000:809.684 - 0.309ms returns 0
T7150 000:809.753 JLINK_CORESIGHT_ReadAPDPReg(AP reg 0x03)
T7150 000:810.165   Value=0x00000000
T7150 000:810.275 - 0.522ms returns 0
T7150 000:810.326 JLINK_CORESIGHT_WriteAPDPReg(AP reg 0x00, 0x80000002)
T7150 000:810.655 - 0.328ms returns 0
T7150 000:810.715 JLINK_CORESIGHT_WriteAPDPReg(AP reg 0x01, 0x80011130)
T7150 000:810.997 - 0.281ms returns 0
T7150 000:811.053 JLINK_CORESIGHT_ReadAPDPReg(AP reg 0x03)
T7150 000:811.402   Value=0x31443841
T7150 000:811.573 - 0.518ms returns 0
T7150 000:811.611 JLINK_CORESIGHT_WriteAPDPReg(AP reg 0x00, 0x80000002)
T7150 000:811.909 - 0.297ms returns 0
T7150 000:811.984 JLINK_CORESIGHT_WriteAPDPReg(AP reg 0x01, 0x80011140)
T7150 000:812.328 - 0.343ms returns 0
T7150 000:812.402 JLINK_CORESIGHT_ReadAPDPReg(AP reg 0x03)
T7150 000:812.781   Value=0x00000000
T7150 000:812.853 - 0.450ms returns 0
T7150 000:812.895 JLINK_CORESIGHT_WriteAPDPReg(AP reg 0x00, 0x80000002)
T7150 000:813.284 - 0.388ms returns 0
T7150 000:813.362 JLINK_CORESIGHT_WriteAPDPReg(AP reg 0x01, 0x80011130)
T7150 000:813.670 - 0.308ms returns 0
T7150 000:813.741 JLINK_CORESIGHT_ReadAPDPReg(AP reg 0x03)
T7150 000:814.090   Value=0x43454842
T7150 000:814.175 - 0.434ms returns 0
T7150 000:814.221 JLINK_CORESIGHT_WriteAPDPReg(AP reg 0x00, 0x80000002)
T7150 000:814.572 - 0.351ms returns 0
T7150 000:814.650 JLINK_CORESIGHT_WriteAPDPReg(AP reg 0x01, 0x80011140)
T7150 000:814.978 - 0.327ms returns 0
T7150 000:815.101 JLINK_CORESIGHT_ReadAPDPReg(AP reg 0x03)
T7150 000:815.457   Value=0x00000000
T7150 000:815.517 - 0.417ms returns 0
T7150 000:815.558 JLINK_CORESIGHT_WriteAPDPReg(AP reg 0x00, 0x80000002)
T7150 000:815.918 - 0.358ms returns 0
T7150 000:815.999 JLINK_CORESIGHT_WriteAPDPReg(AP reg 0x01, 0x80011130)
T7150 000:816.313 - 0.313ms returns 0
T7150 000:817.667 JLINK_CORESIGHT_ReadAPDPReg(AP reg 0x03)
T7150 000:818.139   Value=0x20204442
T7150 000:818.227 - 0.560ms returns 0
T7150 000:818.277 JLINK_CORESIGHT_WriteAPDPReg(AP reg 0x00, 0x80000002)
T7150 000:818.609 - 0.332ms returns 0
T7150 000:818.675 JLINK_CORESIGHT_WriteAPDPReg(AP reg 0x01, 0x80011140)
T7150 000:819.180 - 0.504ms returns 0
T7150 000:819.262 JLINK_CORESIGHT_ReadAPDPReg(AP reg 0x03)
T7150 000:819.666   Value=0x00000000
T7150 000:819.751 - 0.489ms returns 0
T7150 000:819.798 JLINK_CORESIGHT_WriteAPDPReg(AP reg 0x00, 0x80000002)
T7150 000:820.169 - 0.370ms returns 0
T7150 000:820.241 JLINK_CORESIGHT_WriteAPDPReg(AP reg 0x01, 0x80011130)
T7150 000:820.563 - 0.322ms returns 0
T7150 000:820.626 JLINK_CORESIGHT_ReadAPDPReg(AP reg 0x03)
T7150 000:820.990   Value=0x00030A20
T7150 000:821.073 - 0.447ms returns 0
T7150 000:821.251 JLINK_CORESIGHT_WriteAPDPReg(AP reg 0x00, 0x80000002)
T7150 000:821.587 - 0.335ms returns 0
T7150 000:821.661 JLINK_CORESIGHT_WriteAPDPReg(AP reg 0x01, 0x80011140)
T7150 000:822.034 - 0.373ms returns 0
T7150 000:822.110 JLINK_CORESIGHT_ReadAPDPReg(AP reg 0x03)
T7150 000:822.565   Value=0x00000002
T7150 000:822.652 - 0.542ms returns 0
T7150 000:822.701 JLINK_CORESIGHT_WriteAPDPReg(AP reg 0x00, 0x80000002)
T7150 000:823.026 - 0.324ms returns 0
T7150 000:823.103 JLINK_CORESIGHT_WriteAPDPReg(AP reg 0x01, 0x80011120)
T7150 000:823.423 - 0.320ms returns 0
T7150 000:823.493 JLINK_CORESIGHT_WriteAPDPReg(AP reg 0x03, 0x2C010001)
T7150 000:823.812 - 0.319ms returns 0
T7150 000:823.887 JLINK_CORESIGHT_WriteAPDPReg(AP reg 0x00, 0x80000002)
T7150 000:824.218 - 0.331ms returns 0
T7150 000:824.292 JLINK_CORESIGHT_WriteAPDPReg(AP reg 0x01, 0x80011140)
T7150 000:824.606 - 0.313ms returns 0
T7150 000:824.667 JLINK_CORESIGHT_ReadAPDPReg(AP reg 0x03)
T7150 000:824.999   Value=0x00000002
T7150 000:825.082 - 0.415ms returns 0
T7150 000:825.128 JLINK_CORESIGHT_WriteAPDPReg(AP reg 0x00, 0x80000002)
T7150 000:825.435 - 0.307ms returns 0
T7150 000:825.492 JLINK_CORESIGHT_WriteAPDPReg(AP reg 0x01, 0x80011120)
T7150 000:825.778 - 0.286ms returns 0
T7150 000:825.834 JLINK_CORESIGHT_WriteAPDPReg(AP reg 0x03, 0x000003D3)
T7150 000:826.161 - 0.326ms returns 0
T7150 000:826.234 JLINK_CORESIGHT_WriteAPDPReg(AP reg 0x00, 0x80000002)
T7150 000:826.602 - 0.367ms returns 0
T7150 000:826.672 JLINK_CORESIGHT_WriteAPDPReg(AP reg 0x01, 0x80011140)
T7150 000:826.996 - 0.324ms returns 0
T7150 000:827.062 JLINK_CORESIGHT_ReadAPDPReg(AP reg 0x03)
T7150 000:827.432   Value=0x00000000
T7150 000:827.550 - 0.487ms returns 0
T7150 000:827.594 JLINK_CORESIGHT_WriteAPDPReg(AP reg 0x00, 0x80000002)
T7150 000:827.909 - 0.314ms returns 0
T7150 000:827.985 JLINK_CORESIGHT_WriteAPDPReg(AP reg 0x01, 0x80011130)
T7150 000:828.302 - 0.317ms returns 0
T7150 000:828.362 JLINK_CORESIGHT_ReadAPDPReg(AP reg 0x03)
T7150 000:828.718   Value=0x2C020081
T7150 000:828.800 - 0.438ms returns 0
T7150 000:828.848 JLINK_CORESIGHT_WriteAPDPReg(AP reg 0x00, 0x80000002)
T7150 000:829.166 - 0.317ms returns 0
T7150 000:829.233 JLINK_CORESIGHT_WriteAPDPReg(AP reg 0x01, 0x80011140)
T7150 000:829.565 - 0.331ms returns 0
T7150 000:829.650 JLINK_CORESIGHT_ReadAPDPReg(AP reg 0x03)
T7150 000:830.012   Value=0x00000000
T7150 000:830.095 - 0.445ms returns 0
T7150 000:830.149 JLINK_CORESIGHT_WriteAPDPReg(AP reg 0x00, 0x80000002)
T7150 000:830.477 - 0.327ms returns 0
T7150 000:830.551 JLINK_CORESIGHT_WriteAPDPReg(AP reg 0x01, 0x80011130)
T7150 000:830.879 - 0.327ms returns 0
T7150 000:830.941 JLINK_CORESIGHT_ReadAPDPReg(AP reg 0x03)
T7150 000:831.346   Value=0x0003CE04
T7150 000:831.434 - 0.492ms returns 0
T7150 000:831.494 JLINK_CORESIGHT_WriteAPDPReg(AP reg 0x00, 0x80000002)
T7150 000:831.806 - 0.312ms returns 0
T7150 000:831.875 JLINK_CORESIGHT_WriteAPDPReg(AP reg 0x01, 0x80011140)
T7150 000:832.190 - 0.314ms returns 0
T7150 000:832.263 JLINK_CORESIGHT_ReadAPDPReg(AP reg 0x03)
T7150 000:832.765   Value=0x00000002
T7150 000:832.852 - 0.589ms returns 0
T7150 000:832.896 JLINK_CORESIGHT_WriteAPDPReg(AP reg 0x00, 0x80000002)
T7150 000:833.496 - 0.599ms returns 0
T7150 000:833.572 JLINK_CORESIGHT_WriteAPDPReg(AP reg 0x01, 0x80011120)
T7150 000:833.913 - 0.340ms returns 0
T7150 000:833.991 JLINK_CORESIGHT_WriteAPDPReg(AP reg 0x03, 0x73010001)
T7150 000:834.428 - 0.435ms returns 0
T7150 000:834.567 JLINK_CORESIGHT_WriteAPDPReg(AP reg 0x00, 0x80000002)
T7150 000:835.046 - 0.479ms returns 0
T7150 000:835.123 JLINK_CORESIGHT_WriteAPDPReg(AP reg 0x01, 0x80011140)
T7150 000:835.445 - 0.322ms returns 0
T7150 000:835.519 JLINK_CORESIGHT_ReadAPDPReg(AP reg 0x03)
T7150 000:835.882   Value=0x00000002
T7150 000:835.967 - 0.447ms returns 0
T7150 000:836.017 JLINK_CORESIGHT_WriteAPDPReg(AP reg 0x00, 0x80000002)
T7150 000:836.350 - 0.333ms returns 0
T7150 000:836.422 JLINK_CORESIGHT_WriteAPDPReg(AP reg 0x01, 0x80011120)
T7150 000:836.807 - 0.383ms returns 0
T7150 000:836.885 JLINK_CORESIGHT_WriteAPDPReg(AP reg 0x03, 0x0000038C)
T7150 000:837.183 - 0.298ms returns 0
T7150 000:837.257 JLINK_CORESIGHT_WriteAPDPReg(AP reg 0x00, 0x80000002)
T7150 000:837.598 - 0.341ms returns 0
T7150 000:837.672 JLINK_CORESIGHT_WriteAPDPReg(AP reg 0x01, 0x80011140)
T7150 000:838.001 - 0.329ms returns 0
T7150 000:838.079 JLINK_CORESIGHT_ReadAPDPReg(AP reg 0x03)
T7150 000:838.459   Value=0x00000000
T7150 000:838.593 - 0.511ms returns 0
T7150 000:838.645 JLINK_CORESIGHT_WriteAPDPReg(AP reg 0x00, 0x80000002)
T7150 000:838.981 - 0.335ms returns 0
T7150 000:839.055 JLINK_CORESIGHT_WriteAPDPReg(AP reg 0x01, 0x80011130)
T7150 000:839.388 - 0.332ms returns 0
T7150 000:839.479 JLINK_CORESIGHT_ReadAPDPReg(AP reg 0x03)
T7150 000:839.845   Value=0x73020081
T7150 000:839.923 - 0.443ms returns 0
T7150 000:839.966 JLINK_CORESIGHT_WriteAPDPReg(AP reg 0x00, 0x80000002)
T7150 000:840.362 - 0.396ms returns 0
T7150 000:840.432 JLINK_CORESIGHT_WriteAPDPReg(AP reg 0x01, 0x80011140)
T7150 000:840.776 - 0.342ms returns 0
T7150 000:840.888 JLINK_CORESIGHT_ReadAPDPReg(AP reg 0x03)
T7150 000:841.273   Value=0x00000000
T7150 000:841.388 - 0.499ms returns 0
T7150 000:841.439 JLINK_CORESIGHT_WriteAPDPReg(AP reg 0x00, 0x80000002)
T7150 000:841.767 - 0.327ms returns 0
T7150 000:841.837 JLINK_CORESIGHT_WriteAPDPReg(AP reg 0x01, 0x80011130)
T7150 000:842.163 - 0.325ms returns 0
T7150 000:842.241 JLINK_CORESIGHT_ReadAPDPReg(AP reg 0x03)
T7150 000:842.624   Value=0x00038902
T7150 000:842.703 - 0.462ms returns 0
T7150 000:842.767 JLINK_CORESIGHT_WriteAPDPReg(AP reg 0x00, 0x80000002)
T7150 000:843.164 - 0.396ms returns 0
T7150 000:843.243 JLINK_CORESIGHT_WriteAPDPReg(AP reg 0x01, 0x80011140)
T7150 000:843.570 - 0.326ms returns 0
T7150 000:843.669 JLINK_CORESIGHT_ReadAPDPReg(AP reg 0x03)
T7150 000:844.030   Value=0x00000002
T7150 000:844.134 - 0.465ms returns 0
T7150 000:844.187 JLINK_CORESIGHT_WriteAPDPReg(AP reg 0x00, 0x80000002)
T7150 000:844.484 - 0.297ms returns 0
T7150 000:844.566 JLINK_CORESIGHT_WriteAPDPReg(AP reg 0x01, 0x80011120)
T7150 000:844.935 - 0.368ms returns 0
T7150 000:845.019 JLINK_CORESIGHT_WriteAPDPReg(AP reg 0x03, 0x75010001)
T7150 000:845.338 - 0.319ms returns 0
T7150 000:845.422 JLINK_CORESIGHT_WriteAPDPReg(AP reg 0x00, 0x80000002)
T7150 000:845.732 - 0.309ms returns 0
T7150 000:845.839 JLINK_CORESIGHT_WriteAPDPReg(AP reg 0x01, 0x80011140)
T7150 000:846.158 - 0.319ms returns 0
T7150 000:846.234 JLINK_CORESIGHT_ReadAPDPReg(AP reg 0x03)
T7150 000:846.623   Value=0x00000002
T7150 000:846.723 - 0.489ms returns 0
T7150 000:846.777 JLINK_CORESIGHT_WriteAPDPReg(AP reg 0x00, 0x80000002)
T7150 000:847.083 - 0.305ms returns 0
T7150 000:847.165 JLINK_CORESIGHT_WriteAPDPReg(AP reg 0x01, 0x80011120)
T7150 000:847.491 - 0.326ms returns 0
T7150 000:847.574 JLINK_CORESIGHT_WriteAPDPReg(AP reg 0x03, 0x0000038A)
T7150 000:847.895 - 0.320ms returns 0
T7150 000:847.980 JLINK_CORESIGHT_WriteAPDPReg(AP reg 0x00, 0x80000002)
T7150 000:848.295 - 0.314ms returns 0
T7150 000:848.431 JLINK_CORESIGHT_WriteAPDPReg(AP reg 0x01, 0x80011140)
T7150 000:848.754 - 0.323ms returns 0
T7150 000:848.840 JLINK_CORESIGHT_ReadAPDPReg(AP reg 0x03)
T7150 000:849.241   Value=0x00000000
T7150 000:849.330 - 0.490ms returns 0
T7150 000:849.385 JLINK_CORESIGHT_WriteAPDPReg(AP reg 0x00, 0x80000002)
T7150 000:849.761 - 0.375ms returns 0
T7150 000:849.851 JLINK_CORESIGHT_WriteAPDPReg(AP reg 0x01, 0x80011130)
T7150 000:850.191 - 0.339ms returns 0
T7150 000:850.288 JLINK_CORESIGHT_ReadAPDPReg(AP reg 0x03)
T7150 000:850.737   Value=0x75020081
T7150 000:850.823 - 0.534ms returns 0
T7150 000:850.882 JLINK_CORESIGHT_WriteAPDPReg(AP reg 0x00, 0x80000002)
T7150 000:851.245 - 0.363ms returns 0
T7150 000:851.319 JLINK_CORESIGHT_WriteAPDPReg(AP reg 0x01, 0x80011140)
T7150 000:851.700 - 0.381ms returns 0
T7150 000:851.779 JLINK_CORESIGHT_ReadAPDPReg(AP reg 0x03)
T7150 000:852.169   Value=0x00000000
T7150 000:852.250 - 0.471ms returns 0
T7150 000:854.068 JLINK_CORESIGHT_WriteAPDPReg(AP reg 0x00, 0x80000002)
T7150 000:854.468 - 0.400ms returns 0
T7150 000:854.549 JLINK_CORESIGHT_WriteAPDPReg(AP reg 0x01, 0x80011130)
T7150 000:854.881 - 0.331ms returns 0
T7150 000:854.959 JLINK_CORESIGHT_ReadAPDPReg(AP reg 0x03)
T7150 000:855.335   Value=0x00038702
T7150 000:855.413 - 0.454ms returns 0
T7150 000:855.475 JLINK_CORESIGHT_WriteAPDPReg(AP reg 0x00, 0x80000002)
T7150 000:855.924 - 0.448ms returns 0
T7150 000:856.003 JLINK_CORESIGHT_WriteAPDPReg(AP reg 0x01, 0x80011140)
T7150 000:856.332 - 0.329ms returns 0
T7150 000:856.413 JLINK_CORESIGHT_ReadAPDPReg(AP reg 0x03)
T7150 000:856.783   Value=0x00000002
T7150 000:856.866 - 0.453ms returns 0
T7150 000:856.914 JLINK_CORESIGHT_WriteAPDPReg(AP reg 0x00, 0x80000002)
T7150 000:857.352 - 0.438ms returns 0
T7150 000:857.415 JLINK_CORESIGHT_WriteAPDPReg(AP reg 0x01, 0x80011120)
T7150 000:857.745 - 0.329ms returns 0
T7150 000:857.817 JLINK_CORESIGHT_WriteAPDPReg(AP reg 0x03, 0x4F010001)
T7150 000:858.162 - 0.344ms returns 0
T7150 000:858.235 JLINK_CORESIGHT_WriteAPDPReg(AP reg 0x00, 0x80000002)
T7150 000:858.559 - 0.323ms returns 0
T7150 000:858.633 JLINK_CORESIGHT_WriteAPDPReg(AP reg 0x01, 0x80011140)
T7150 000:858.934 - 0.300ms returns 0
T7150 000:859.000 JLINK_CORESIGHT_ReadAPDPReg(AP reg 0x03)
T7150 000:859.354   Value=0x00000002
T7150 000:859.435 - 0.434ms returns 0
T7150 000:859.482 JLINK_CORESIGHT_WriteAPDPReg(AP reg 0x00, 0x80000002)
T7150 000:859.917 - 0.434ms returns 0
T7150 000:859.997 JLINK_CORESIGHT_WriteAPDPReg(AP reg 0x01, 0x80011120)
T7150 000:860.336 - 0.339ms returns 0
T7150 000:860.408 JLINK_CORESIGHT_WriteAPDPReg(AP reg 0x03, 0x000003B0)
T7150 000:860.729 - 0.321ms returns 0
T7150 000:860.803 JLINK_CORESIGHT_WriteAPDPReg(AP reg 0x00, 0x80000002)
T7150 000:861.163 - 0.360ms returns 0
T7150 000:861.227 JLINK_CORESIGHT_WriteAPDPReg(AP reg 0x01, 0x80011140)
T7150 000:861.541 - 0.314ms returns 0
T7150 000:861.609 JLINK_CORESIGHT_ReadAPDPReg(AP reg 0x03)
T7150 000:861.964   Value=0x00000002
T7150 000:862.043 - 0.433ms returns 0
T7150 000:862.089 JLINK_CORESIGHT_ReadAPDPReg(AP reg 0x03)
T7150 000:862.455   Value=0x00000000
T7150 000:862.561 - 0.471ms returns 0
T7150 000:862.614 JLINK_CORESIGHT_WriteAPDPReg(AP reg 0x00, 0x80000002)
T7150 000:862.904 - 0.289ms returns 0
T7150 000:862.981 JLINK_CORESIGHT_WriteAPDPReg(AP reg 0x01, 0x80011130)
T7150 000:863.320 - 0.338ms returns 0
T7150 000:863.386 JLINK_CORESIGHT_ReadAPDPReg(AP reg 0x03)
T7150 000:863.720   Value=0x4F0B0081
T7150 000:863.780 - 0.393ms returns 0
T7150 000:863.811 JLINK_CORESIGHT_WriteAPDPReg(AP reg 0x00, 0x80000002)
T7150 000:864.177 - 0.366ms returns 0
T7150 000:864.220 JLINK_CORESIGHT_WriteAPDPReg(AP reg 0x01, 0x80011140)
T7150 000:864.550 - 0.329ms returns 0
T7150 000:864.626 JLINK_CORESIGHT_ReadAPDPReg(AP reg 0x03)
T7150 000:865.014   Value=0x00000000
T7150 000:865.126 - 0.499ms returns 0
T7150 000:865.164 JLINK_CORESIGHT_WriteAPDPReg(AP reg 0x00, 0x80000002)
T7150 000:865.457 - 0.292ms returns 0
T7150 000:865.534 JLINK_CORESIGHT_WriteAPDPReg(AP reg 0x01, 0x80011130)
T7150 000:865.924 - 0.390ms returns 0
T7150 000:865.982 JLINK_CORESIGHT_ReadAPDPReg(AP reg 0x03)
T7150 000:866.341   Value=0x80030000
T7150 000:866.417 - 0.434ms returns 0
T7150 000:866.458 JLINK_CORESIGHT_WriteAPDPReg(AP reg 0x00, 0x80000002)
T7150 000:866.775 - 0.317ms returns 0
T7150 000:866.847 JLINK_CORESIGHT_WriteAPDPReg(AP reg 0x01, 0x80011140)
T7150 000:867.165 - 0.318ms returns 0
T7150 000:867.250 JLINK_CORESIGHT_ReadAPDPReg(AP reg 0x03)
T7150 000:867.690   Value=0x00000000
T7150 000:867.771 - 0.521ms returns 0
T7150 000:867.817 JLINK_CORESIGHT_WriteAPDPReg(AP reg 0x00, 0x80000002)
T7150 000:868.211 - 0.393ms returns 0
T7150 000:868.284 JLINK_CORESIGHT_WriteAPDPReg(AP reg 0x01, 0x80011130)
T7150 000:868.605 - 0.320ms returns 0
T7150 000:868.684 JLINK_CORESIGHT_ReadAPDPReg(AP reg 0x03)
T7150 000:869.087   Value=0x00000000
T7150 000:869.250 - 0.565ms returns 0
T7150 000:869.309 JLINK_CORESIGHT_WriteAPDPReg(AP reg 0x00, 0x80000002)
T7150 000:869.692 - 0.383ms returns 0
T7150 000:869.770 JLINK_CORESIGHT_WriteAPDPReg(AP reg 0x01, 0x80011140)
T7150 000:870.090 - 0.319ms returns 0
T7150 000:870.161 JLINK_CORESIGHT_ReadAPDPReg(AP reg 0x03)
T7150 000:870.540   Value=0x00000000
T7150 000:870.623 - 0.461ms returns 0
T7150 000:870.668 JLINK_CORESIGHT_WriteAPDPReg(AP reg 0x00, 0x80000002)
T7150 000:870.968 - 0.299ms returns 0
T7150 000:871.032 JLINK_CORESIGHT_WriteAPDPReg(AP reg 0x01, 0x80011130)
T7150 000:871.358 - 0.325ms returns 0
T7150 000:871.429 JLINK_CORESIGHT_ReadAPDPReg(AP reg 0x03)
T7150 000:871.873   Value=0x03230000
T7150 000:871.961 - 0.532ms returns 0
T7150 000:872.148 JLINK_CORESIGHT_ReadAPDPReg(DP reg 0x01)
T7150 000:872.498   Value=0xF0000F40
T7150 000:872.583 - 0.435ms returns 0
T7150 000:872.628 JLINK_CORESIGHT_WriteAPDPReg(DP reg 0x01, 0xA0000F40)
T7150 000:873.038 - 0.409ms returns 0
T7150 000:873.114 JLINK_CORESIGHT_ReadAPDPReg(DP reg 0x01)
T7150 000:873.478   Value=0x00000F40
T7150 000:873.562 - 0.448ms returns 0
T7150 000:873.609 JLINK_ClrRESET()
T7150 000:874.000 - 0.389ms 
T7150 000:980.592 JLINK_Close()
T7150 001:006.271 - 25.677ms
T7150 001:006.618   
T7150 001:006.705   Closed
