Component: Arm Compiler for Embedded 6.18 Tool: armlink [5e4cc100]

==============================================================================

Section Cross References

    hal_entry.o(.ARM.exidx.text.hal_entry) refers to hal_entry.o(.text.hal_entry) for [Anonymous Symbol]
    hal_entry.o(.text.R_BSP_WarmStart) refers to common_data.o(.bss.g_ioport_ctrl) for g_ioport_ctrl
    hal_entry.o(.text.R_BSP_WarmStart) refers to pin_data.o(.rodata.g_bsp_pin_cfg) for g_bsp_pin_cfg
    hal_entry.o(.text.R_BSP_WarmStart) refers to r_ioport.o(.text.R_IOPORT_Open) for R_IOPORT_Open
    hal_entry.o(.ARM.exidx.text.R_BSP_WarmStart) refers to hal_entry.o(.text.R_BSP_WarmStart) for [Anonymous Symbol]
    phid_main_thread_entry.o(.text.phid_main_thread_entry) refers to phid_main_thread_entry.o(.bss.p_usb_phid_event) for p_usb_phid_event
    phid_main_thread_entry.o(.text.phid_main_thread_entry) refers to phid_main_thread_entry.o(.bss.phid_main_thread_entry.g_usb_phid_event) for phid_main_thread_entry.g_usb_phid_event
    phid_main_thread_entry.o(.text.phid_main_thread_entry) refers to phid_main_thread.o(.bss.g_basic_ctrl) for g_basic_ctrl
    phid_main_thread_entry.o(.text.phid_main_thread_entry) refers to phid_main_thread.o(.rodata.g_basic_cfg) for g_basic_cfg
    phid_main_thread_entry.o(.text.phid_main_thread_entry) refers to r_usb_basic.o(.text.R_USB_Open) for R_USB_Open
    phid_main_thread_entry.o(.text.phid_main_thread_entry) refers to phid_main_thread_entry.o(.rodata.str1.1) for .L.str
    phid_main_thread_entry.o(.text.phid_main_thread_entry) refers to segger_rtt_printf.o(.text.SEGGER_RTT_printf) for SEGGER_RTT_printf
    phid_main_thread_entry.o(.text.phid_main_thread_entry) refers to r_usb_phid_descriptor.o(.data.g_apl_configuration) for g_apl_configuration
    phid_main_thread_entry.o(.text.phid_main_thread_entry) refers to rtt_input_thread_entry.o(.bss.b_write_flag) for b_write_flag
    phid_main_thread_entry.o(.text.phid_main_thread_entry) refers to phid_main_thread_entry.o(.data.usb_write_operation.data) for usb_write_operation.data
    phid_main_thread_entry.o(.text.phid_main_thread_entry) refers to tasks.o(.text.vTaskDelay) for vTaskDelay
    phid_main_thread_entry.o(.text.phid_main_thread_entry) refers to phid_main_thread_entry.o(.bss.g_numlock) for g_numlock
    phid_main_thread_entry.o(.text.phid_main_thread_entry) refers to r_usb_basic.o(.text.R_USB_Read) for R_USB_Read
    phid_main_thread_entry.o(.text.phid_main_thread_entry) refers to phid_main_thread_entry.o(.text.deinit_usb) for deinit_usb
    phid_main_thread_entry.o(.text.phid_main_thread_entry) refers to phid_main_thread_entry.o(.bss.p_idle_value) for p_idle_value
    phid_main_thread_entry.o(.text.phid_main_thread_entry) refers to phid_main_thread_entry.o(.bss.g_data) for g_data
    phid_main_thread_entry.o(.text.phid_main_thread_entry) refers to r_usb_basic.o(.text.R_USB_Write) for R_USB_Write
    phid_main_thread_entry.o(.text.phid_main_thread_entry) refers to phid_main_thread_entry.o(.bss.g_buf) for g_buf
    phid_main_thread_entry.o(.text.phid_main_thread_entry) refers to phid_main_thread_entry.o(.bss.send_data) for send_data
    phid_main_thread_entry.o(.text.phid_main_thread_entry) refers to memcpya.o(.text) for __aeabi_memcpy
    phid_main_thread_entry.o(.text.phid_main_thread_entry) refers to r_usb_basic.o(.text.R_USB_PeriControlDataSet) for R_USB_PeriControlDataSet
    phid_main_thread_entry.o(.text.phid_main_thread_entry) refers to r_usb_basic.o(.text.R_USB_PeriControlStatusSet) for R_USB_PeriControlStatusSet
    phid_main_thread_entry.o(.text.phid_main_thread_entry) refers to r_usb_phid_descriptor.o(.rodata.g_apl_report) for g_apl_report
    phid_main_thread_entry.o(.ARM.exidx.text.phid_main_thread_entry) refers to phid_main_thread_entry.o(.text.phid_main_thread_entry) for [Anonymous Symbol]
    phid_main_thread_entry.o(.text.usb_phid_callback) refers to phid_main_thread_entry.o(.bss.p_usb_phid_event) for p_usb_phid_event
    phid_main_thread_entry.o(.ARM.exidx.text.usb_phid_callback) refers to phid_main_thread_entry.o(.text.usb_phid_callback) for [Anonymous Symbol]
    phid_main_thread_entry.o(.text.deinit_usb) refers to phid_main_thread.o(.bss.g_basic_ctrl) for g_basic_ctrl
    phid_main_thread_entry.o(.text.deinit_usb) refers to r_usb_basic.o(.text.R_USB_Close) for R_USB_Close
    phid_main_thread_entry.o(.text.deinit_usb) refers to phid_main_thread_entry.o(.rodata.str1.1) for .L.str
    phid_main_thread_entry.o(.text.deinit_usb) refers to segger_rtt_printf.o(.text.SEGGER_RTT_printf) for SEGGER_RTT_printf
    phid_main_thread_entry.o(.ARM.exidx.text.deinit_usb) refers to phid_main_thread_entry.o(.text.deinit_usb) for [Anonymous Symbol]
    rtt_input_thread_entry.o(.text.rtt_input_thread_entry) refers to bsp_common.o(.text.R_FSP_VersionGet) for R_FSP_VersionGet
    rtt_input_thread_entry.o(.text.rtt_input_thread_entry) refers to rtt_input_thread_entry.o(.rodata.str1.1) for .L.str
[...]
    usb_pstd_epadr2pipe                      0x0000c059   Thumb Code    70  r_usb_plibusbip.o(.text.usb_pstd_epadr2pipe)
    usb_pstd_fifo_to_buf                     0x0000c0a1   Thumb Code    76  r_usb_pdriver.o(.text.usb_pstd_fifo_to_buf)
    usb_pstd_forced_termination              0x0000c0ed   Thumb Code   184  r_usb_preg_abs.o(.text.usb_pstd_forced_termination)
    usb_pstd_get_alternate_num               0x0000c1a5   Thumb Code    68  r_usb_pdriver.o(.text.usb_pstd_get_alternate_num)
    usb_pstd_get_current_power               0x0000c1e9   Thumb Code    18  r_usb_pdriver.o(.text.usb_pstd_get_current_power)
    usb_pstd_get_interface_num               0x0000c1fb   Thumb Code    14  r_usb_pdriver.o(.text.usb_pstd_get_interface_num)
    usb_pstd_hi_speed_enable                 0x0000c209   Thumb Code    12  r_usb_plibusbip.o(.text.usb_pstd_hi_speed_enable)
    usb_pstd_interrupt_clock                 0x0000c215   Thumb Code    30  r_usb_preg_abs.o(.text.usb_pstd_interrupt_clock)
    usb_pstd_interrupt_handler               0x0000c233   Thumb Code   612  r_usb_preg_abs.o(.text.usb_pstd_interrupt_handler)
    usb_pstd_nrdy_pipe                       0x0000c497   Thumb Code    10  r_usb_pintfifo.o(.text.usb_pstd_nrdy_pipe)
    usb_pstd_nrdy_pipe_process               0x0000c4a1   Thumb Code    88  r_usb_plibusbip.o(.text.usb_pstd_nrdy_pipe_process)
    usb_pstd_pcd_task                        0x0000c4f9   Thumb Code   454  r_usb_pdriver.o(.text.usb_pstd_pcd_task)
    usb_pstd_pipe2fport                      0x0000c6bf   Thumb Code     4  r_usb_plibusbip.o(.text.usb_pstd_pipe2fport)
    usb_pstd_read_data                       0x0000c6c3   Thumb Code   220  r_usb_plibusbip.o(.text.usb_pstd_read_data)
    usb_pstd_read_fifo                       0x0000c7a1   Thumb Code    58  r_usb_preg_abs.o(.text.usb_pstd_read_fifo)
    usb_pstd_receive_start                   0x0000c7db   Thumb Code   132  r_usb_plibusbip.o(.text.usb_pstd_receive_start)
    usb_pstd_remote_wakeup                   0x0000c85f   Thumb Code    78  r_usb_preg_abs.o(.text.usb_pstd_remote_wakeup)
    usb_pstd_resume_process                  0x0000c8ad   Thumb Code    24  r_usb_preg_abs.o(.text.usb_pstd_resume_process)
    usb_pstd_save_request                    0x0000c8c5   Thumb Code    74  r_usb_preg_abs.o(.text.usb_pstd_save_request)
    usb_pstd_self_clock                      0x0000c90f   Thumb Code    30  r_usb_preg_abs.o(.text.usb_pstd_self_clock)
    usb_pstd_send_start                      0x0000c92d   Thumb Code    96  r_usb_plibusbip.o(.text.usb_pstd_send_start)
    usb_pstd_set_config_num                  0x0000c98d   Thumb Code    30  r_usb_pdriver.o(.text.usb_pstd_set_config_num)
    usb_pstd_set_eptbl_index                 0x0000c9ad   Thumb Code   150  r_usb_pdriver.o(.text.usb_pstd_set_eptbl_index)
    usb_pstd_set_feature_function            0x0000ca43   Thumb Code     4  r_usb_pstdfunction.o(.text.usb_pstd_set_feature_function)
    usb_pstd_set_pipe_reg                    0x0000ca49   Thumb Code   148  r_usb_plibusbip.o(.text.usb_pstd_set_pipe_reg)
    usb_pstd_set_pipe_table                  0x0000cadd   Thumb Code   154  r_usb_plibusbip.o(.text.usb_pstd_set_pipe_table)
    usb_pstd_set_stall                       0x0000cb77   Thumb Code    12  r_usb_preg_abs.o(.text.usb_pstd_set_stall)
    usb_pstd_set_stall_pipe0                 0x0000cb83   Thumb Code     8  r_usb_preg_abs.o(.text.usb_pstd_set_stall_pipe0)
    usb_pstd_set_submitutr                   0x0000cb8b   Thumb Code    90  r_usb_pdriver.o(.text.usb_pstd_set_submitutr)
    usb_pstd_stand_req0                      0x0000cbe5   Thumb Code   144  r_usb_pstdrequest.o(.text.usb_pstd_stand_req0)
    usb_pstd_stand_req1                      0x0000cc75   Thumb Code   832  r_usb_pstdrequest.o(.text.usb_pstd_stand_req1)
    usb_pstd_stand_req2                      0x0000cfb5   Thumb Code     4  r_usb_pstdrequest.o(.text.usb_pstd_stand_req2)
    usb_pstd_stand_req3                      0x0000cfb9   Thumb Code   964  r_usb_pstdrequest.o(.text.usb_pstd_stand_req3)
    usb_pstd_stand_req4                      0x0000d37d   Thumb Code   164  r_usb_pstdrequest.o(.text.usb_pstd_stand_req4)
    usb_pstd_stand_req5                      0x0000d421   Thumb Code   148  r_usb_pstdrequest.o(.text.usb_pstd_stand_req5)
    usb_pstd_stop_clock                      0x0000d4b5   Thumb Code    16  r_usb_preg_abs.o(.text.usb_pstd_stop_clock)
    usb_pstd_suspend_function                0x0000d4c5   Thumb Code     2  r_usb_pstdfunction.o(.text.usb_pstd_suspend_function)
    usb_pstd_suspend_process                 0x0000d4c7   Thumb Code   106  r_usb_psignal.o(.text.usb_pstd_suspend_process)
    usb_pstd_test_mode                       0x0000d531   Thumb Code     2  r_usb_preg_abs.o(.text.usb_pstd_test_mode)
    usb_pstd_transfer_start                  0x0000d533   Thumb Code    72  r_usb_pdriver.o(.text.usb_pstd_transfer_start)
    usb_pstd_usb_handler                     0x0000d57b   Thumb Code   110  r_usb_pinthandler_usbip0.o(.text.usb_pstd_usb_handler)
    usb_pstd_write_data                      0x0000d5e9   Thumb Code   238  r_usb_plibusbip.o(.text.usb_pstd_write_data)
    usb_pstd_write_fifo                      0x0000d6d9   Thumb Code    80  r_usb_preg_abs.o(.text.usb_pstd_write_fifo)
    usb_rtos_configuration                   0x0000d729   Thumb Code   152  r_usb_cstd_rtos.o(.text.usb_rtos_configuration)
    usb_rtos_delete                          0x0000d7c9   Thumb Code    98  r_usb_cstd_rtos.o(.text.usb_rtos_delete)
    usb_set_event                            0x0000d82d   Thumb Code   270  r_usb_clibusbip.o(.text.usb_set_event)
    usbfs_interrupt_handler                  0x0000d93b   Thumb Code    54  r_usb_mcu.o(.text.usbfs_interrupt_handler)
    usbfs_resume_handler                     0x0000d971   Thumb Code    50  r_usb_mcu.o(.text.usbfs_resume_handler)
    uxListRemove                             0x0000d9a3   Thumb Code    36  list.o(.text.uxListRemove)
    vApplicationGetIdleTaskMemory            0x0000d9c7   Thumb Code    26  main.o(.text.vApplicationGetIdleTaskMemory)
    vApplicationGetTimerTaskMemory           0x0000d9e1   Thumb Code    26  main.o(.text.vApplicationGetTimerTaskMemory)
    vApplicationIdleHook                     0x0000d9fb   Thumb Code    24  port.o(.text.vApplicationIdleHook)
    vListInitialise                          0x0000da13   Thumb Code    22  list.o(.text.vListInitialise)
    vListInitialiseItem                      0x0000da29   Thumb Code     6  list.o(.text.vListInitialiseItem)
    vListInsert                              0x0000da31   Thumb Code    58  list.o(.text.vListInsert)
    vListInsertEnd                           0x0000da6b   Thumb Code    28  list.o(.text.vListInsertEnd)
    vPortAllocateSecureContext               0x0000da87   Thumb Code     4  port.o(.text.vPortAllocateSecureContext)
    vPortEnterCritical                       0x0000da8b   Thumb Code    56  port.o(.text.vPortEnterCritical)
    vPortExitCritical                        0x0000dac3   Thumb Code    40  port.o(.text.vPortExitCritical)
    vPortFree                                0x0000daeb   Thumb Code   126  heap_4.o(.text.vPortFree)
    vPortFreeSecureContext                   0x0000db69   Thumb Code    14  port.o(.text.vPortFreeSecureContext)
    vPortSVCHandler_C                        0x0000db77   Thumb Code    92  port.o(.text.vPortSVCHandler_C)
    vPortSetupTimerInterrupt                 0x0000dbd3   Thumb Code    70  port.o(.text.vPortSetupTimerInterrupt)
    vPortValidateInterruptPriority           0x0000dc19   Thumb Code    24  port.o(.text.vPortValidateInterruptPriority)
    vQueueAddToRegistry                      0x0000dc31   Thumb Code    72  queue.o(.text.vQueueAddToRegistry)
    vQueueDelete                             0x0000dc79   Thumb Code    56  queue.o(.text.vQueueDelete)
    vQueueWaitForMessageRestricted           0x0000dcb1   Thumb Code    70  queue.o(.text.vQueueWaitForMessageRestricted)
    vTaskDelay                               0x0000dcf7   Thumb Code    62  tasks.o(.text.vTaskDelay)
    vTaskDelete                              0x0000dd35   Thumb Code   214  tasks.o(.text.vTaskDelete)
    vTaskInternalSetTimeOutState             0x0000de0b   Thumb Code    26  tasks.o(.text.vTaskInternalSetTimeOutState)
    vTaskMissedYield                         0x0000de25   Thumb Code    14  tasks.o(.text.vTaskMissedYield)
    vTaskPlaceOnEventList                    0x0000de33   Thumb Code    36  tasks.o(.text.vTaskPlaceOnEventList)
    vTaskPlaceOnEventListRestricted          0x0000de57   Thumb Code    92  tasks.o(.text.vTaskPlaceOnEventListRestricted)
    vTaskStartScheduler                      0x0000deb5   Thumb Code   136  tasks.o(.text.vTaskStartScheduler)
    vTaskSuspendAll                          0x0000df45   Thumb Code    16  tasks.o(.text.vTaskSuspendAll)
    vTaskSwitchContext                       0x0000df55   Thumb Code   134  tasks.o(.text.vTaskSwitchContext)
    xPortStartScheduler                      0x0000dfdd   Thumb Code    64  port.o(.text.xPortStartScheduler)
    xQueueCreateCountingSemaphoreStatic      0x0000e01d   Thumb Code    44  queue.o(.text.xQueueCreateCountingSemaphoreStatic)
    xQueueGenericCreate                      0x0000e049   Thumb Code    78  queue.o(.text.xQueueGenericCreate)
    xQueueGenericCreateStatic                0x0000e097   Thumb Code    72  queue.o(.text.xQueueGenericCreateStatic)
    xQueueGenericReset                       0x0000e0df   Thumb Code   128  queue.o(.text.xQueueGenericReset)
    xQueueGenericSend                        0x0000e161   Thumb Code   314  queue.o(.text.xQueueGenericSend)
    xQueueGenericSendFromISR                 0x0000e29b   Thumb Code   148  queue.o(.text.xQueueGenericSendFromISR)
    xQueueReceive                            0x0000e331   Thumb Code   334  queue.o(.text.xQueueReceive)
    xQueueSemaphoreTake                      0x0000e481   Thumb Code   290  queue.o(.text.xQueueSemaphoreTake)
    xTaskCheckForTimeOut                     0x0000e5a3   Thumb Code   100  tasks.o(.text.xTaskCheckForTimeOut)
    xTaskCreate                              0x0000e607   Thumb Code    90  tasks.o(.text.xTaskCreate)
    xTaskCreateStatic                        0x0000e661   Thumb Code    88  tasks.o(.text.xTaskCreateStatic)
    xTaskGetCurrentTaskHandle                0x0000e6b9   Thumb Code    12  tasks.o(.text.xTaskGetCurrentTaskHandle)
    xTaskGetSchedulerState                   0x0000e6c5   Thumb Code    36  tasks.o(.text.xTaskGetSchedulerState)
    xTaskGetTickCount                        0x0000e6e9   Thumb Code    12  tasks.o(.text.xTaskGetTickCount)
    xTaskIncrementTick                       0x0000e6f5   Thumb Code   378  tasks.o(.text.xTaskIncrementTick)
    xTaskRemoveFromEventList                 0x0000e86f   Thumb Code   226  tasks.o(.text.xTaskRemoveFromEventList)
    xTaskResumeAll                           0x0000e951   Thumb Code   362  tasks.o(.text.xTaskResumeAll)
    xTimerCreateTimerTask                    0x0000eabd   Thumb Code    96  timers.o(.text.xTimerCreateTimerTask)
    g_apl_report                             0x0000eb2a   Data          76  r_usb_phid_descriptor.o(.rodata.g_apl_report)
    g_basic_cfg                              0x0000eb78   Data          76  phid_main_thread.o(.rodata.g_basic_cfg)
    g_bsp_pin_cfg                            0x0000ebc4   Data           8  pin_data.o(.rodata.g_bsp_pin_cfg)
    g_bsp_pin_cfg_data                       0x0000ebcc   Data         248  pin_data.o(.rodata.g_bsp_pin_cfg_data)
    g_interrupt_event_link_select            0x0000ecc4   Data         384  vector_data.o(.rodata.g_interrupt_event_link_select)
    g_usb_descriptor                         0x0000ee44   Data          24  r_usb_phid_descriptor.o(.rodata.g_usb_descriptor)
    phid_main_thread_parameters              0x0000ee70   Data           4  phid_main_thread.o(.rodata.phid_main_thread_parameters)
    rtt_input_thread_parameters              0x0000ee74   Data           4  rtt_input_thread.o(.rodata.rtt_input_thread_parameters)
    uxTopUsedPriority                        0x0000f278   Data           4  tasks.o(.rodata.uxTopUsedPriority)
    Load$$DATA$$Base                         0x0000f2d4   Number         0  anon$$obj.o ABSOLUTE
    Image$$__tz_FLASH_C$$Base                0x00016000   Number         0  anon$$obj.o ABSOLUTE
    Image$$__tz_FLASH_N$$Base                0x00018000   Number         0  anon$$obj.o ABSOLUTE
    Image$$__tz_DATA_FLASH_N$$Base           0x08000000   Number         0  anon$$obj.o ABSOLUTE
    Image$$__tz_DATA_FLASH_S$$Base           0x08000000   Number         0  anon$$obj.o ABSOLUTE
    Image$$DATA$$Base                        0x20002000   Number         0  anon$$obj.o ABSOLUTE
    Image$$__tz_RAM_S$$Base                  0x20002000   Number         0  anon$$obj.o ABSOLUTE
    g_apl_configuration                      0x20002000   Data          34  r_usb_phid_descriptor.o(.data.g_apl_configuration)
    g_apl_device                             0x20002022   Data          18  r_usb_phid_descriptor.o(.data.g_apl_device)
    g_apl_string0                            0x20002034   Data           4  r_usb_phid_descriptor.o(.data.g_apl_string0)
    g_apl_string1                            0x20002038   Data          16  r_usb_phid_descriptor.o(.data.g_apl_string1)
    g_apl_string2                            0x20002048   Data          32  r_usb_phid_descriptor.o(.data.g_apl_string2)
    g_apl_string3                            0x20002068   Data          10  r_usb_phid_descriptor.o(.data.g_apl_string3)
    g_apl_string4                            0x20002072   Data          24  r_usb_phid_descriptor.o(.data.g_apl_string4)
    g_apl_string_table                       0x2000208c   Data          20  r_usb_phid_descriptor.o(.data.g_apl_string_table)
    g_mbx_table                              0x200020a0   Data          48  r_usb_cstd_rtos.o(.data.g_mbx_table)
    g_usb_callback                           0x200020d0   Data         144  r_usb_cdataio.o(.data.g_usb_callback)
    Image$$BSS$$ZI$$Base                     0x20002164   Number         0  anon$$obj.o ABSOLUTE
    SystemCoreClock                          0x20002164   Data           4  system.o(.bss.SystemCoreClock)
    _SEGGER_RTT                              0x20002168   Data         168  segger_rtt.o(.bss._SEGGER_RTT)
    b_write_flag                             0x20002620   Data           1  rtt_input_thread_entry.o(.bss.b_write_flag)
    g_basic_ctrl                             0x20002624   Data          44  phid_main_thread.o(.bss.g_basic_ctrl)
    g_bsp_group_irq_sources                  0x20002650   Data          64  bsp_group_irq.o(.bss.g_bsp_group_irq_sources)
    g_fsp_common_initialized                 0x200026a4   Data           1  main.o(.bss.g_fsp_common_initialized)
    g_fsp_common_initialized_semaphore       0x200026a8   Data           4  main.o(.bss.g_fsp_common_initialized_semaphore)
    g_fsp_common_initialized_semaphore_memory 0x200026ac   Data          72  main.o(.bss.g_fsp_common_initialized_semaphore_memory)
    g_fsp_common_thread_count                0x200026f4   Data           4  main.o(.bss.g_fsp_common_thread_count)
    g_ioport_ctrl                            0x20002714   Data           8  common_data.o(.bss.g_ioport_ctrl)
    g_p_usb_pstd_pipe                        0x20002728   Data          32  r_usb_cdataio.o(.bss.g_p_usb_pstd_pipe)
    g_protect_pfswe_counter                  0x20002790   Data           4  bsp_io.o(.bss.g_protect_pfswe_counter)
    g_usb_apl_callback                       0x20002794   Data           4  r_usb_basic.o(.bss.g_usb_apl_callback)
    g_usb_bc_detect                          0x20002798   Data           2  r_usb_pbc.o(.bss.g_usb_bc_detect)
    g_usb_cstd_bemp_skip                     0x2000279a   Data          16  r_usb_cdataio.o(.bss.g_usb_cstd_bemp_skip)
    g_usb_cstd_event                         0x200027ac   Data         440  r_usb_basic.o(.bss.g_usb_cstd_event)
    g_usb_cstd_suspend_mode                  0x20002964   Data           2  r_usb_preg_abs.o(.bss.g_usb_cstd_suspend_mode)
    g_usb_open_class                         0x20002968   Data           4  r_usb_basic.o(.bss.g_usb_open_class)
    g_usb_pdata                              0x2000296c   Data         680  r_usb_basic.o(.bss.g_usb_pdata)
    g_usb_peri_connected                     0x20002c14   Data           2  r_usb_pdriver.o(.bss.g_usb_peri_connected)
    g_usb_pipe_table                         0x20002c16   Data         100  r_usb_cdataio.o(.bss.g_usb_pipe_table)
    g_usb_pstd_alt_num                       0x20002c7c   Data         510  r_usb_pdriver.o(.bss.g_usb_pstd_alt_num)
    g_usb_pstd_config_num                    0x20002e7a   Data           2  r_usb_pdriver.o(.bss.g_usb_pstd_config_num)
    g_usb_pstd_data_cnt                      0x20002e7c   Data          32  r_usb_cdataio.o(.bss.g_usb_pstd_data_cnt)
    g_usb_pstd_driver                        0x20002e9c   Data          52  r_usb_pdriver.o(.bss.g_usb_pstd_driver)
    g_usb_pstd_eptbl_index                   0x20002ed0   Data          64  r_usb_pdriver.o(.bss.g_usb_pstd_eptbl_index)
    g_usb_pstd_pipe0_request                 0x20003790   Data           2  r_usb_pdriver.o(.bss.g_usb_pstd_pipe0_request)
    g_usb_pstd_remote_wakeup                 0x20003792   Data           2  r_usb_pdriver.o(.bss.g_usb_pstd_remote_wakeup)
    g_usb_pstd_remote_wakeup_state           0x20003794   Data           2  r_usb_pdriver.o(.bss.g_usb_pstd_remote_wakeup_state)
    g_usb_pstd_req_index                     0x20003796   Data           2  r_usb_pdriver.o(.bss.g_usb_pstd_req_index)
    g_usb_pstd_req_length                    0x20003798   Data           2  r_usb_pdriver.o(.bss.g_usb_pstd_req_length)
    g_usb_pstd_req_reg                       0x2000379a   Data           8  r_usb_pdriver.o(.bss.g_usb_pstd_req_reg)
    g_usb_pstd_req_type                      0x200037a2   Data           2  r_usb_pdriver.o(.bss.g_usb_pstd_req_type)
    g_usb_pstd_req_value                     0x200037a4   Data           2  r_usb_pdriver.o(.bss.g_usb_pstd_req_value)
    g_usb_pstd_stall_cb                      0x200037a8   Data           4  r_usb_pdriver.o(.bss.g_usb_pstd_stall_cb)
    g_usb_pstd_stall_pipe                    0x200037ac   Data          16  r_usb_pdriver.o(.bss.g_usb_pstd_stall_pipe)
    g_usb_pstd_std_request                   0x200037bc   Data           2  r_usb_pdriver.o(.bss.g_usb_pstd_std_request)
    g_usb_pstd_test_mode_flag                0x200037be   Data           2  r_usb_pdriver.o(.bss.g_usb_pstd_test_mode_flag)
    g_usb_pstd_test_mode_select              0x200037c0   Data           2  r_usb_pdriver.o(.bss.g_usb_pstd_test_mode_select)
    g_usb_usbmode                            0x200037c2   Data           2  r_usb_basic.o(.bss.g_usb_usbmode)
    gp_renesas_isr_context                   0x200037c8   Data         384  bsp_irq.o(.bss.gp_renesas_isr_context)
    gp_usb_pstd_data                         0x20003948   Data          32  r_usb_cdataio.o(.bss.gp_usb_pstd_data)
    phid_main_thread                         0x20003974   Data           4  phid_main_thread.o(.bss.phid_main_thread)
    pxCurrentTCB                             0x20003ac8   Data           4  tasks.o(.bss.pxCurrentTCB)
    rtt_input_thread                         0x20003c0c   Data           4  rtt_input_thread.o(.bss.rtt_input_thread)
    xQueueRegistry                           0x200068f8   Data          80  queue.o(.bss.xQueueRegistry)
    Image$$__tz_RAM_C$$Base                  0x2000a000   Number         0  anon$$obj.o ABSOLUTE
    Image$$__tz_RAM_N$$Base                  0x2000a000   Number         0  anon$$obj.o ABSOLUTE



==============================================================================

Memory Map of the image

  Image Entry point : 0x00008789

  Load Region LOAD_REGION_FLASH (Base: 0x00008000, Size: 0x00007438, Max: 0x00038000, ABSOLUTE)

    Execution Region __tz_FLASH_S (Exec base: 0x00008000, Load base: 0x00008000, Size: 0x00000000, Max: 0x00000000, ABSOLUTE)

    Exec Addr    Load Addr    Size         Type   Attr      Idx    E Section Name        Object

    0x00008000        -       0x00000000   Zero   RW            1    __tz_FLASH_S.bss    anon$$obj.o


    Execution Region VECTORS (Exec base: 0x00008000, Load base: 0x00008000, Size: 0x000001c0, Max: 0xffffffff, ABSOLUTE, FIXED)

    Exec Addr    Load Addr    Size         Type   Attr      Idx    E Section Name        Object

    0x00008000   0x00008000   0x00000040   Data   RO          571    .fixed_vectors      startup.o
    0x00008040   0x00008040   0x00000180   Data   RO         1651    .application_vectors  vector_data.o


    Execution Region MCUBOOT_SCE9_KEY (Exec base: 0x000081c0, Load base: 0x000081c0, Size: 0x00000000, Max: 0xffffffff, ABSOLUTE, FIXED)

    **** No section assigned to this execution region ****


    Execution Region INIT_ARRAY (Exec base: 0x000081c0, Load base: 0x000081c0, Size: 0x00000000, Max: 0xffffffff, ABSOLUTE, FIXED)

    **** No section assigned to this execution region ****


    Execution Region USB_DESC_FS (Exec base: 0x000081c0, Load base: 0x000081c0, Size: 0x00000000, Max: 0xffffffff, ABSOLUTE, FIXED)

    **** No section assigned to this execution region ****


    Execution Region RO_CODE_DATA (Exec base: 0x000081c0, Load base: 0x000081c0, Size: 0x00007114, Max: 0xffffffff, ABSOLUTE, FIXED)

    Exec Addr    Load Addr    Size         Type   Attr      Idx    E Section Name        Object

    0x000081c0   0x000081c0   0x00000024   Code   RO         1659    .text               mc_w.l(memcpya.o)
    0x000081e4   0x000081e4   0x00000024   Code   RO         1661    .text               mc_w.l(memseta.o)
    0x00008208   0x00008208   0x00000004   Code   RO          568    .text.Default_Handler  startup.o
    0x0000820c   0x0000820c   0x00000036   Code   RO          655    .text.NMI_Handler   bsp_group_irq.o
    0x00008242   0x00008242   0x00000002   PAD
    0x00008244   0x00008244   0x00000064   Code   RO         1525    .text.PendSV_Handler  port.o
    0x000082a8   0x000082a8   0x00000048   Code   RO          641    .text.R_BSP_SoftwareDelay  bsp_delay.o
    0x000082f0   0x000082f0   0x0000001a   Code   RO           32    .text.R_BSP_WarmStart  hal_entry.o
    0x0000830a   0x0000830a   0x00000014   Code   RO          626    .text.R_FSP_VersionGet  bsp_common.o
    0x0000831e   0x0000831e   0x00000038   Code   RO          717    .text.R_IOPORT_Open  r_ioport.o
    0x00008356   0x00008356   0x0000006a   Code   RO          758    .text.R_USB_Close   r_usb_basic.o
    0x000083c0   0x000083c0   0x0000009c   Code   RO          772    .text.R_USB_InfoGet  r_usb_basic.o
    0x0000845c   0x0000845c   0x00000160   Code   RO          756    .text.R_USB_Open    r_usb_basic.o
    0x000085bc   0x000085bc   0x00000054   Code   RO          794    .text.R_USB_PeriControlDataSet  r_usb_basic.o
    0x00008610   0x00008610   0x00000036   Code   RO          796    .text.R_USB_PeriControlStatusSet  r_usb_basic.o
    0x00008646   0x00008646   0x000000a0   Code   RO          760    .text.R_USB_Read    r_usb_basic.o
    0x000086e6   0x000086e6   0x000000a2   Code   RO          762    .text.R_USB_Write   r_usb_basic.o
    0x00008788   0x00008788   0x0000000a   Code   RO          566  * .text.Reset_Handler  startup.o
    0x00008792   0x00008792   0x0000001e   Code   RO          125    .text.SEGGER_RTT_HasKey  segger_rtt.o
    0x000087b0   0x000087b0   0x0000001c   Code   RO           99    .text.SEGGER_RTT_Read  segger_rtt.o
    0x000087cc   0x000087cc   0x00000080   Code   RO           95    .text.SEGGER_RTT_ReadNoLock  segger_rtt.o
    0x0000884c   0x0000884c   0x00000038   Code   RO          111    .text.SEGGER_RTT_Write  segger_rtt.o
    0x00008884   0x00008884   0x000000fa   Code   RO          107    .text.SEGGER_RTT_WriteNoLock  segger_rtt.o
    0x0000897e   0x0000897e   0x0000001e   Code   RO          177    .text.SEGGER_RTT_printf  segger_rtt_printf.o
    0x0000899c   0x0000899c   0x000002dc   Code   RO          171    .text.SEGGER_RTT_vprintf  segger_rtt_printf.o
    0x00008c78   0x00008c78   0x00000018   Code   RO         1519    .text.SVC_Handler   port.o
    0x00008c90   0x00008c90   0x00000026   Code   RO         1529    .text.SysTick_Handler  port.o
    0x00008cb6   0x00008cb6   0x0000002c   Code   RO          597    .text.SystemCoreClockUpdate  bsp_clocks.o
    0x00008ce2   0x00008ce2   0x00000002   PAD
    0x00008ce4   0x00008ce4   0x000000ac   Code   RO          580    .text.SystemInit    system.o
    0x00008d90   0x00008d90   0x00000080   Code   RO           93    .text._DoInit       segger_rtt.o
    0x00008e10   0x00008e10   0x000000f8   Code   RO          175    .text._PrintUnsigned  segger_rtt_printf.o
    0x00008f08   0x00008f08   0x00000040   Code   RO          173    .text._StoreChar    segger_rtt_printf.o
    0x00008f48   0x00008f48   0x00000074   Code   RO          105    .text._WriteBlocking  segger_rtt.o
    0x00008fbc   0x00008fbc   0x00000052   Code   RO          603    .text.bsp_clock_freq_var_init  bsp_clocks.o
    0x0000900e   0x0000900e   0x00000002   Code   RO          551    .text.bsp_init      board_init.o
    0x00009010   0x00009010   0x00000024   Code   RO          673    .text.bsp_irq_cfg   bsp_irq.o
    0x00009034   0x00009034   0x00000008   Code   RO          643    .text.bsp_prv_software_delay_loop  bsp_delay.o
    0x0000903c   0x0000903c   0x000000a4   Code   RO          745    .text.bsp_vbatt_init  r_ioport.o
    0x000090e0   0x000090e0   0x00000048   Code   RO           46    .text.deinit_usb    phid_main_thread_entry.o
    0x00009128   0x00009128   0x00000002   Code   RO         1564    .text.g_common_init  common_data.o
    0x0000912a   0x0000912a   0x00000004   Code   RO         1574    .text.g_hal_init    hal_data.o
    0x0000912e   0x0000912e   0x00000036   Code   RO         1367    .text.hw_usb_clear_aclrm  r_usb_creg_access.o
    0x00009164   0x00009164   0x00000032   Code   RO         1315    .text.hw_usb_clear_bempenb  r_usb_creg_access.o
    0x00009196   0x00009196   0x00000032   Code   RO         1307    .text.hw_usb_clear_brdyenb  r_usb_creg_access.o
    0x000091c8   0x000091c8   0x00000032   Code   RO         1311    .text.hw_usb_clear_nrdyenb  r_usb_creg_access.o
    0x000091fa   0x000091fa   0x00000048   Code   RO         1375    .text.hw_usb_clear_pid  r_usb_creg_access.o
    0x00009242   0x00009242   0x00000036   Code   RO         1327    .text.hw_usb_clear_status_bemp  r_usb_creg_access.o
    0x00009278   0x00009278   0x00000036   Code   RO         1325    .text.hw_usb_clear_status_nrdy  r_usb_creg_access.o
    0x000092ae   0x000092ae   0x00000036   Code   RO         1323    .text.hw_usb_clear_sts_brdy  r_usb_creg_access.o
    0x000092e4   0x000092e4   0x00000002   Code   RO         1389    .text.hw_usb_clear_suspm  r_usb_creg_access.o
    0x000092e6   0x000092e6   0x00000036   Code   RO         1379    .text.hw_usb_clear_trenb  r_usb_creg_access.o
    0x0000931c   0x0000931c   0x00000066   Code   RO         1295    .text.hw_usb_get_fifoctr_adr  r_usb_creg_access.o
    0x00009382   0x00009382   0x00000066   Code   RO         1277    .text.hw_usb_get_fifosel_adr  r_usb_creg_access.o
    0x000093e8   0x000093e8   0x0000001a   Code   RO         1478    .text.hw_usb_pclear_dprpu  r_usb_preg_access.o
    0x00009402   0x00009402   0x00000018   Code   RO         1484    .text.hw_usb_pclear_enb_rsme  r_usb_preg_access.o
    0x0000941a   0x0000941a   0x00000016   Code   RO         1486    .text.hw_usb_pclear_sts_resm  r_usb_preg_access.o
    0x00009430   0x00009430   0x00000016   Code   RO         1488    .text.hw_usb_pclear_sts_valid  r_usb_preg_access.o
    0x00009446   0x00009446   0x0000002a   Code   RO         1496    .text.hw_usb_pcontrol_dcpctr_pid  r_usb_preg_access.o
    0x00009470   0x00009470   0x0000003c   Code   RO         1492    .text.hw_usb_pmodule_init  r_usb_preg_access.o
    0x000094ac   0x000094ac   0x00000018   Code   RO         1490    .text.hw_usb_pset_ccpl  r_usb_preg_access.o
    0x000094c4   0x000094c4   0x0000001a   Code   RO         1476    .text.hw_usb_pset_dprpu  r_usb_preg_access.o
    0x000094de   0x000094de   0x00000018   Code   RO         1482    .text.hw_usb_pset_enb_rsme  r_usb_preg_access.o
    0x000094f6   0x000094f6   0x00000018   Code   RO         1480    .text.hw_usb_pset_wkup  r_usb_preg_access.o
    0x0000950e   0x0000950e   0x00000004   Code   RO         1385    .text.hw_usb_read_bcctrl  r_usb_creg_access.o
    0x00009512   0x00009512   0x0000002a   Code   RO         1339    .text.hw_usb_read_dcpcfg  r_usb_creg_access.o
    0x0000953c   0x0000953c   0x00000012   Code   RO         1347    .text.hw_usb_read_dcpctr  r_usb_creg_access.o
    0x0000954e   0x0000954e   0x0000002a   Code   RO         1343    .text.hw_usb_read_dcpmaxp  r_usb_creg_access.o
    0x00009578   0x00009578   0x0000002a   Code   RO         1267    .text.hw_usb_read_dvstctr  r_usb_creg_access.o
    0x000095a2   0x000095a2   0x00000032   Code   RO         1269    .text.hw_usb_read_fifo16  r_usb_creg_access.o
    0x000095d4   0x000095d4   0x0000000a   Code   RO         1293    .text.hw_usb_read_fifoctr  r_usb_creg_access.o
    0x000095de   0x000095de   0x0000000a   Code   RO         1275    .text.hw_usb_read_fifosel  r_usb_creg_access.o
    0x000095e8   0x000095e8   0x0000002a   Code   RO         1329    .text.hw_usb_read_frmnum  r_usb_creg_access.o
    0x00009612   0x00009612   0x00000012   Code   RO         1319    .text.hw_usb_read_intsts  r_usb_creg_access.o
    0x00009624   0x00009624   0x0000002a   Code   RO         1351    .text.hw_usb_read_pipecfg  r_usb_creg_access.o
    0x0000964e   0x0000964e   0x0000005c   Code   RO         1361    .text.hw_usb_read_pipectr  r_usb_creg_access.o
    0x000096aa   0x000096aa   0x0000002a   Code   RO         1355    .text.hw_usb_read_pipemaxp  r_usb_creg_access.o
    0x000096d4   0x000096d4   0x0000002c   Code   RO         1255    .text.hw_usb_read_syscfg  r_usb_creg_access.o
    0x00009700   0x00009700   0x0000002a   Code   RO         1265    .text.hw_usb_read_syssts  r_usb_creg_access.o
    0x0000972a   0x0000972a   0x00000012   Code   RO         1335    .text.hw_usb_read_usbindx  r_usb_creg_access.o
    0x0000973c   0x0000973c   0x00000012   Code   RO         1337    .text.hw_usb_read_usbleng  r_usb_creg_access.o
    0x0000974e   0x0000974e   0x00000012   Code   RO         1331    .text.hw_usb_read_usbreq  r_usb_creg_access.o
    0x00009760   0x00009760   0x00000012   Code   RO         1333    .text.hw_usb_read_usbval  r_usb_creg_access.o
    0x00009772   0x00009772   0x00000018   Code   RO         1279    .text.hw_usb_rmw_fifosel  r_usb_creg_access.o
    0x0000978a   0x0000978a   0x00000036   Code   RO         1365    .text.hw_usb_set_aclrm  r_usb_creg_access.o
    0x000097c0   0x000097c0   0x0000000e   Code   RO         1299    .text.hw_usb_set_bclr  r_usb_creg_access.o
    0x000097ce   0x000097ce   0x0000003c   Code   RO         1313    .text.hw_usb_set_bempenb  r_usb_creg_access.o
    0x0000980a   0x0000980a   0x00000032   Code   RO         1305    .text.hw_usb_set_brdyenb  r_usb_creg_access.o
    0x0000983c   0x0000983c   0x00000010   Code   RO         1297    .text.hw_usb_set_bval  r_usb_creg_access.o
    0x0000984c   0x0000984c   0x00000036   Code   RO         1363    .text.hw_usb_set_csclr  r_usb_creg_access.o
    0x00009882   0x00009882   0x00000034   Code   RO         1289    .text.hw_usb_set_mbw  r_usb_creg_access.o
    0x000098b6   0x000098b6   0x00000032   Code   RO         1309    .text.hw_usb_set_nrdyenb  r_usb_creg_access.o
    0x000098e8   0x000098e8   0x0000004a   Code   RO         1373    .text.hw_usb_set_pid  r_usb_creg_access.o
    0x00009932   0x00009932   0x00000042   Code   RO         1369    .text.hw_usb_set_sqclr  r_usb_creg_access.o
    0x00009974   0x00009974   0x00000002   Code   RO         1387    .text.hw_usb_set_suspendm  r_usb_creg_access.o
    0x00009976   0x00009976   0x00000036   Code   RO         1381    .text.hw_usb_set_trclr  r_usb_creg_access.o
    0x000099ac   0x000099ac   0x00000036   Code   RO         1377    .text.hw_usb_set_trenb  r_usb_creg_access.o
    0x000099e2   0x000099e2   0x00000028   Code   RO         1341    .text.hw_usb_write_dcpcfg  r_usb_creg_access.o
    0x00009a0a   0x00009a0a   0x00000028   Code   RO         1345    .text.hw_usb_write_dcpmxps  r_usb_creg_access.o
    0x00009a32   0x00009a32   0x00000044   Code   RO         1271    .text.hw_usb_write_fifo16  r_usb_creg_access.o
    0x00009a76   0x00009a76   0x00000044   Code   RO         1273    .text.hw_usb_write_fifo8  r_usb_creg_access.o
    0x00009aba   0x00009aba   0x00000028   Code   RO         1353    .text.hw_usb_write_pipecfg  r_usb_creg_access.o
    0x00009ae2   0x00009ae2   0x00000028   Code   RO         1357    .text.hw_usb_write_pipemaxp  r_usb_creg_access.o
    0x00009b0a   0x00009b0a   0x00000028   Code   RO         1359    .text.hw_usb_write_pipeperi  r_usb_creg_access.o
    0x00009b32   0x00009b32   0x00000028   Code   RO         1349    .text.hw_usb_write_pipesel  r_usb_creg_access.o
    0x00009b5a   0x00009b5a   0x0000002e   Code   RO         1383    .text.hw_usb_write_pipetrn  r_usb_creg_access.o
    0x00009b88   0x00009b88   0x0000004e   Code   RO         1586    .text.main          main.o
    0x00009bd6   0x00009bd6   0x00000002   PAD
    0x00009bd8   0x00009bd8   0x00000070   Code   RO         1609    .text.phid_main_thread_create  phid_main_thread.o
    0x00009c48   0x00009c48   0x00000394   Code   RO           42    .text.phid_main_thread_entry  phid_main_thread_entry.o
    0x00009fdc   0x00009fdc   0x00000018   Code   RO         1611    .text.phid_main_thread_func  phid_main_thread.o
    0x00009ff4   0x00009ff4   0x0000009c   Code   RO          384    .text.prvAddCurrentTaskToDelayedList  tasks.o
    0x0000a090   0x0000a090   0x0000012c   Code   RO          372    .text.prvAddNewTaskToReadyList  tasks.o
    0x0000a1bc   0x0000a1bc   0x0000007c   Code   RO          496    .text.prvCheckForValidListAndQueue  timers.o
    0x0000a238   0x0000a238   0x00000062   Code   RO          275    .text.prvCopyDataToQueue  queue.o
    0x0000a29a   0x0000a29a   0x0000002c   Code   RO          378    .text.prvDeleteTCB  tasks.o
    0x0000a2c6   0x0000a2c6   0x00000002   PAD
    0x0000a2c8   0x0000a2c8   0x00000078   Code   RO          406    .text.prvIdleTask   tasks.o
    0x0000a340   0x0000a340   0x00000094   Code   RO          370    .text.prvInitialiseNewTask  tasks.o
    0x0000a3d4   0x0000a3d4   0x00000054   Code   RO          235    .text.prvInsertBlockIntoFreeList  heap_4.o
    0x0000a428   0x0000a428   0x00000040   Code   RO          532    .text.prvInsertTimerInActiveList  timers.o
    0x0000a468   0x0000a468   0x00000040   Code   RO          528    .text.prvProcessExpiredTimer  timers.o
    0x0000a4a8   0x0000a4a8   0x0000002e   Code   RO          530    .text.prvReloadTimer  timers.o
    0x0000a4d6   0x0000a4d6   0x00000002   PAD
    0x0000a4d8   0x0000a4d8   0x00000056   Code   RO          526    .text.prvSampleTimeNow  timers.o
    0x0000a52e   0x0000a52e   0x00000002   PAD
    0x0000a530   0x0000a530   0x00000006   Code   RO         1535    .text.prvTaskExitError  port.o
    0x0000a536   0x0000a536   0x00000002   PAD
    0x0000a538   0x0000a538   0x00000166   Code   RO          498    .text.prvTimerTask  timers.o
    0x0000a69e   0x0000a69e   0x00000002   PAD
    0x0000a6a0   0x0000a6a0   0x00000072   Code   RO          277    .text.prvUnlockQueue  queue.o
    0x0000a712   0x0000a712   0x00000002   PAD
    0x0000a714   0x0000a714   0x00000180   Code   RO          233    .text.pvPortMalloc  heap_4.o
    0x0000a894   0x0000a894   0x00000030   Code   RO         1533    .text.pxPortInitialiseStack  port.o
    0x0000a8c4   0x0000a8c4   0x000000c0   Code   RO          743    .text.r_ioport_pins_config  r_ioport.o
    0x0000a984   0x0000a984   0x00000040   Code   RO         1527    .text.rm_freertos_port_restore_task_stackless  port.o
    0x0000a9c4   0x0000a9c4   0x0000006e   Code   RO         1547    .text.rm_freertos_port_sleep_preserving_lpm  port.o
    0x0000aa32   0x0000aa32   0x00000002   PAD
    0x0000aa34   0x0000aa34   0x00000062   Code   RO         1584    .text.rtos_startup_common_init  main.o
    0x0000aa96   0x0000aa96   0x00000004   Code   RO         1582    .text.rtos_startup_err_callback_internal  main.o
    0x0000aa9a   0x0000aa9a   0x00000002   PAD
    0x0000aa9c   0x0000aa9c   0x00000070   Code   RO         1635    .text.rtt_input_thread_create  rtt_input_thread.o
    0x0000ab0c   0x0000ab0c   0x000000b8   Code   RO           65    .text.rtt_input_thread_entry  rtt_input_thread_entry.o
    0x0000abc4   0x0000abc4   0x00000018   Code   RO         1637    .text.rtt_input_thread_func  rtt_input_thread.o
    0x0000abdc   0x0000abdc   0x00000006   Code   RO         1411    .text.usb_cpu_delay_1us  r_usb_mcu.o
    0x0000abe2   0x0000abe2   0x00000004   Code   RO         1413    .text.usb_cpu_delay_xms  r_usb_mcu.o
    0x0000abe6   0x0000abe6   0x000000a2   Code   RO         1409    .text.usb_cpu_usbint_init  r_usb_mcu.o
    0x0000ac88   0x0000ac88   0x0000002a   Code   RO         1237    .text.usb_cstd_chg_curpipe  r_usb_creg_abs.o
    0x0000acb2   0x0000acb2   0x000000ca   Code   RO         1235    .text.usb_cstd_clr_pipe_cnfg  r_usb_creg_abs.o
    0x0000ad7c   0x0000ad7c   0x0000001e   Code   RO          879    .text.usb_cstd_clr_stall  r_usb_clibusbip.o
    0x0000ad9a   0x0000ad9a   0x00000016   Code   RO         1239    .text.usb_cstd_clr_transaction_counter  r_usb_creg_abs.o
    0x0000adb0   0x0000adb0   0x0000001c   Code   RO          875    .text.usb_cstd_do_aclrm  r_usb_clibusbip.o
    0x0000adcc   0x0000adcc   0x00000030   Code   RO         1231    .text.usb_cstd_get_buf_size  r_usb_creg_abs.o
    0x0000adfc   0x0000adfc   0x00000028   Code   RO          869    .text.usb_cstd_get_maxpacket_size  r_usb_clibusbip.o
    0x0000ae24   0x0000ae24   0x00000014   Code   RO          867    .text.usb_cstd_get_pid  r_usb_clibusbip.o
    0x0000ae38   0x0000ae38   0x0000001c   Code   RO          871    .text.usb_cstd_get_pipe_dir  r_usb_clibusbip.o
    0x0000ae54   0x0000ae54   0x0000001c   Code   RO          873    .text.usb_cstd_get_pipe_type  r_usb_clibusbip.o
    0x0000ae70   0x0000ae70   0x00000038   Code   RO         1243    .text.usb_cstd_is_set_frdy  r_usb_creg_abs.o
    0x0000aea8   0x0000aea8   0x0000004c   Code   RO          908    .text.usb_cstd_isnd_msg  r_usb_cstd_rtos.o
    0x0000aef4   0x0000aef4   0x0000000a   Code   RO          865    .text.usb_cstd_nrdy_enable  r_usb_clibusbip.o
    0x0000aefe   0x0000aefe   0x00000002   PAD
    0x0000af00   0x0000af00   0x0000005c   Code   RO          916    .text.usb_cstd_pipe0_msg_clear  r_usb_cstd_rtos.o
    0x0000af5c   0x0000af5c   0x000000f2   Code   RO         1233    .text.usb_cstd_pipe_init  r_usb_creg_abs.o
    0x0000b04e   0x0000b04e   0x00000002   PAD
    0x0000b050   0x0000b050   0x00000060   Code   RO          914    .text.usb_cstd_pipe_msg_clear  r_usb_cstd_rtos.o
    0x0000b0b0   0x0000b0b0   0x00000036   Code   RO          922    .text.usb_cstd_pipe_msg_forward  r_usb_cstd_rtos.o
    0x0000b0e6   0x0000b0e6   0x00000062   Code   RO          918    .text.usb_cstd_pipe_msg_re_forward  r_usb_cstd_rtos.o
    0x0000b148   0x0000b148   0x00000024   Code   RO          881    .text.usb_cstd_port_speed  r_usb_clibusbip.o
    0x0000b16c   0x0000b16c   0x00000036   Code   RO          904    .text.usb_cstd_rec_msg  r_usb_cstd_rtos.o
    0x0000b1a2   0x0000b1a2   0x0000000c   Code   RO          877    .text.usb_cstd_set_buf  r_usb_clibusbip.o
    0x0000b1ae   0x0000b1ae   0x00000002   PAD
    0x0000b1b0   0x0000b1b0   0x00000032   Code   RO         1241    .text.usb_cstd_set_nak  r_usb_creg_abs.o
    0x0000b1e2   0x0000b1e2   0x00000022   Code   RO         1245    .text.usb_cstd_set_transaction_counter  r_usb_creg_abs.o
    0x0000b204   0x0000b204   0x0000002e   Code   RO          906    .text.usb_cstd_snd_msg  r_usb_cstd_rtos.o
    0x0000b232   0x0000b232   0x0000008e   Code   RO          838    .text.usb_ctrl_write  r_usb_cdataio.o
    0x0000b2c0   0x0000b2c0   0x00000046   Code   RO          842    .text.usb_data_read  r_usb_cdataio.o
    0x0000b306   0x0000b306   0x00000046   Code   RO          846    .text.usb_data_write  r_usb_cdataio.o
    0x0000b34c   0x0000b34c   0x00000084   Code   RO         1405    .text.usb_module_register_clear  r_usb_mcu.o
    0x0000b3d0   0x0000b3d0   0x00000050   Code   RO         1403    .text.usb_module_start  r_usb_mcu.o
    0x0000b420   0x0000b420   0x00000050   Code   RO         1407    .text.usb_module_stop  r_usb_mcu.o
    0x0000b470   0x0000b470   0x0000010e   Code   RO         1184    .text.usb_pdriver_init  r_usb_pstdfunction.o
    0x0000b57e   0x0000b57e   0x00000002   PAD
    0x0000b580   0x0000b580   0x000000b2   Code   RO         1206    .text.usb_peri_class_request  r_usb_pstdrequest.o
    0x0000b632   0x0000b632   0x0000004e   Code   RO         1214    .text.usb_peri_class_request_rss  r_usb_pstdrequest.o
    0x0000b680   0x0000b680   0x00000036   Code   RO         1212    .text.usb_peri_class_request_wnss  r_usb_pstdrequest.o
    0x0000b6b6   0x0000b6b6   0x0000005c   Code   RO         1216    .text.usb_peri_class_request_wss  r_usb_pstdrequest.o
    0x0000b712   0x0000b712   0x00000024   Code   RO         1050    .text.usb_peri_configured  r_usb_pdriver.o
    0x0000b736   0x0000b736   0x0000002a   Code   RO         1052    .text.usb_peri_detach  r_usb_pdriver.o
    0x0000b760   0x0000b760   0x00000092   Code   RO         1048    .text.usb_peri_devdefault  r_usb_pdriver.o
    0x0000b7f2   0x0000b7f2   0x00000002   Code   RO         1058    .text.usb_peri_interface  r_usb_pdriver.o
    0x0000b7f4   0x0000b7f4   0x00000052   Code   RO         1060    .text.usb_peri_pipe_info  r_usb_pdriver.o
    0x0000b846   0x0000b846   0x00000078   Code   RO         1046    .text.usb_peri_registration  r_usb_pdriver.o
    0x0000b8be   0x0000b8be   0x0000001c   Code   RO         1056    .text.usb_peri_resume  r_usb_pdriver.o
    0x0000b8da   0x0000b8da   0x00000018   Code   RO         1054    .text.usb_peri_suspended  r_usb_pdriver.o
    0x0000b8f2   0x0000b8f2   0x0000000c   Code   RO           44    .text.usb_phid_callback  phid_main_thread_entry.o
    0x0000b8fe   0x0000b8fe   0x0000005c   Code   RO         1508    .text.usb_phid_read_complete  r_usb_phid_driver.o
    0x0000b95a   0x0000b95a   0x0000003c   Code   RO         1506    .text.usb_phid_write_complete  r_usb_phid_driver.o
    0x0000b996   0x0000b996   0x0000001c   Code   RO         1162    .text.usb_pstd_attach_process  r_usb_psignal.o
    0x0000b9b2   0x0000b9b2   0x00000002   PAD
    0x0000b9b4   0x0000b9b4   0x00000044   Code   RO          973    .text.usb_pstd_bc_data_contact_detect  r_usb_pbc.o
    0x0000b9f8   0x0000b9f8   0x00000054   Code   RO          971    .text.usb_pstd_bc_detect_process  r_usb_pbc.o
    0x0000ba4c   0x0000ba4c   0x0000001e   Code   RO          975    .text.usb_pstd_bc_primary_detection  r_usb_pbc.o
    0x0000ba6a   0x0000ba6a   0x0000004c   Code   RO         1095    .text.usb_pstd_bemp_pipe  r_usb_pintfifo.o
    0x0000bab6   0x0000bab6   0x00000002   PAD
    0x0000bab8   0x0000bab8   0x000000cc   Code   RO         1140    .text.usb_pstd_bemp_pipe_process  r_usb_plibusbip.o
    0x0000bb84   0x0000bb84   0x00000062   Code   RO         1091    .text.usb_pstd_brdy_pipe  r_usb_pintfifo.o
    0x0000bbe6   0x0000bbe6   0x00000002   PAD
    0x0000bbe8   0x0000bbe8   0x0000005c   Code   RO         1136    .text.usb_pstd_brdy_pipe_process  r_usb_plibusbip.o
    0x0000bc44   0x0000bc44   0x0000005e   Code   RO         1026    .text.usb_pstd_buf_to_fifo  r_usb_pdriver.o
    0x0000bca2   0x0000bca2   0x00000044   Code   RO         1160    .text.usb_pstd_bus_reset  r_usb_psignal.o
    0x0000bce6   0x0000bce6   0x00000002   Code   RO         1180    .text.usb_pstd_busreset_function  r_usb_pstdfunction.o
    0x0000bce8   0x0000bce8   0x00000018   Code   RO         1443    .text.usb_pstd_chk_configured  r_usb_preg_abs.o
    0x0000bd00   0x0000bd00   0x00000022   Code   RO         1020    .text.usb_pstd_chk_remote  r_usb_pdriver.o
    0x0000bd22   0x0000bd22   0x00000002   PAD
    0x0000bd24   0x0000bd24   0x00000044   Code   RO         1178    .text.usb_pstd_chk_vbsts  r_usb_pstdfunction.o
    0x0000bd68   0x0000bd68   0x0000001e   Code   RO         1012    .text.usb_pstd_clr_eptbl_index  r_usb_pdriver.o
    0x0000bd86   0x0000bd86   0x0000002a   Code   RO         1008    .text.usb_pstd_clr_mem  r_usb_pdriver.o
    0x0000bdb0   0x0000bdb0   0x0000003e   Code   RO         1150    .text.usb_pstd_clr_pipe_reg  r_usb_plibusbip.o
    0x0000bdee   0x0000bdee   0x00000002   PAD
    0x0000bdf0   0x0000bdf0   0x00000032   Code   RO         1146    .text.usb_pstd_clr_pipe_table  r_usb_plibusbip.o
    0x0000be22   0x0000be22   0x0000007a   Code   RO          992    .text.usb_pstd_ctrl_end  r_usb_pcontrolrw.o
    0x0000be9c   0x0000be9c   0x00000072   Code   RO          988    .text.usb_pstd_ctrl_read  r_usb_pcontrolrw.o
    0x0000bf0e   0x0000bf0e   0x0000008e   Code   RO         1134    .text.usb_pstd_data_end  r_usb_plibusbip.o
    0x0000bf9c   0x0000bf9c   0x00000084   Code   RO         1164    .text.usb_pstd_detach_process  r_usb_psignal.o
    0x0000c020   0x0000c020   0x00000032   Code   RO         1036    .text.usb_pstd_driver_release  r_usb_pdriver.o
    0x0000c052   0x0000c052   0x00000002   Code   RO         1038    .text.usb_pstd_dummy_function  r_usb_pdriver.o
    0x0000c054   0x0000c054   0x00000002   Code   RO         1040    .text.usb_pstd_dummy_trn  r_usb_pdriver.o
    0x0000c056   0x0000c056   0x00000002   PAD
    0x0000c058   0x0000c058   0x00000046   Code   RO         1120    .text.usb_pstd_epadr2pipe  r_usb_plibusbip.o
    0x0000c09e   0x0000c09e   0x00000002   PAD
    0x0000c0a0   0x0000c0a0   0x0000004c   Code   RO         1024    .text.usb_pstd_fifo_to_buf  r_usb_pdriver.o
    0x0000c0ec   0x0000c0ec   0x000000b8   Code   RO         1459    .text.usb_pstd_forced_termination  r_usb_preg_abs.o
    0x0000c1a4   0x0000c1a4   0x00000044   Code   RO         1016    .text.usb_pstd_get_alternate_num  r_usb_pdriver.o
    0x0000c1e8   0x0000c1e8   0x00000012   Code   RO         1022    .text.usb_pstd_get_current_power  r_usb_pdriver.o
    0x0000c1fa   0x0000c1fa   0x0000000e   Code   RO         1014    .text.usb_pstd_get_interface_num  r_usb_pdriver.o
    0x0000c208   0x0000c208   0x0000000c   Code   RO         1124    .text.usb_pstd_hi_speed_enable  r_usb_plibusbip.o
    0x0000c214   0x0000c214   0x0000001e   Code   RO         1461    .text.usb_pstd_interrupt_clock  r_usb_preg_abs.o
    0x0000c232   0x0000c232   0x00000264   Code   RO         1439    .text.usb_pstd_interrupt_handler  r_usb_preg_abs.o
    0x0000c496   0x0000c496   0x0000000a   Code   RO         1093    .text.usb_pstd_nrdy_pipe  r_usb_pintfifo.o
    0x0000c4a0   0x0000c4a0   0x00000058   Code   RO         1138    .text.usb_pstd_nrdy_pipe_process  r_usb_plibusbip.o
    0x0000c4f8   0x0000c4f8   0x000001c6   Code   RO         1002    .text.usb_pstd_pcd_task  r_usb_pdriver.o
    0x0000c6be   0x0000c6be   0x00000004   Code   RO         1122    .text.usb_pstd_pipe2fport  r_usb_plibusbip.o
    0x0000c6c2   0x0000c6c2   0x000000dc   Code   RO         1132    .text.usb_pstd_read_data  r_usb_plibusbip.o
    0x0000c79e   0x0000c79e   0x00000002   PAD
    0x0000c7a0   0x0000c7a0   0x0000003a   Code   RO         1457    .text.usb_pstd_read_fifo  r_usb_preg_abs.o
    0x0000c7da   0x0000c7da   0x00000084   Code   RO         1130    .text.usb_pstd_receive_start  r_usb_plibusbip.o
    0x0000c85e   0x0000c85e   0x0000004e   Code   RO         1445    .text.usb_pstd_remote_wakeup  r_usb_preg_abs.o
    0x0000c8ac   0x0000c8ac   0x00000018   Code   RO         1449    .text.usb_pstd_resume_process  r_usb_preg_abs.o
    0x0000c8c4   0x0000c8c4   0x0000004a   Code   RO         1441    .text.usb_pstd_save_request  r_usb_preg_abs.o
    0x0000c90e   0x0000c90e   0x0000001e   Code   RO         1463    .text.usb_pstd_self_clock  r_usb_preg_abs.o
    0x0000c92c   0x0000c92c   0x00000060   Code   RO         1126    .text.usb_pstd_send_start  r_usb_plibusbip.o
    0x0000c98c   0x0000c98c   0x0000001e   Code   RO         1010    .text.usb_pstd_set_config_num  r_usb_pdriver.o
    0x0000c9aa   0x0000c9aa   0x00000002   PAD
    0x0000c9ac   0x0000c9ac   0x00000096   Code   RO         1018    .text.usb_pstd_set_eptbl_index  r_usb_pdriver.o
    0x0000ca42   0x0000ca42   0x00000004   Code   RO         1176    .text.usb_pstd_set_feature_function  r_usb_pstdfunction.o
    0x0000ca46   0x0000ca46   0x00000002   PAD
    0x0000ca48   0x0000ca48   0x00000094   Code   RO         1148    .text.usb_pstd_set_pipe_reg  r_usb_plibusbip.o
    0x0000cadc   0x0000cadc   0x0000009a   Code   RO         1142    .text.usb_pstd_set_pipe_table  r_usb_plibusbip.o
    0x0000cb76   0x0000cb76   0x0000000c   Code   RO         1451    .text.usb_pstd_set_stall  r_usb_preg_abs.o
    0x0000cb82   0x0000cb82   0x00000008   Code   RO         1453    .text.usb_pstd_set_stall_pipe0  r_usb_preg_abs.o
    0x0000cb8a   0x0000cb8a   0x0000005a   Code   RO         1004    .text.usb_pstd_set_submitutr  r_usb_pdriver.o
    0x0000cbe4   0x0000cbe4   0x00000090   Code   RO         1194    .text.usb_pstd_stand_req0  r_usb_pstdrequest.o
    0x0000cc74   0x0000cc74   0x00000340   Code   RO         1196    .text.usb_pstd_stand_req1  r_usb_pstdrequest.o
    0x0000cfb4   0x0000cfb4   0x00000004   Code   RO         1198    .text.usb_pstd_stand_req2  r_usb_pstdrequest.o
    0x0000cfb8   0x0000cfb8   0x000003c4   Code   RO         1200    .text.usb_pstd_stand_req3  r_usb_pstdrequest.o
    0x0000d37c   0x0000d37c   0x000000a4   Code   RO         1202    .text.usb_pstd_stand_req4  r_usb_pstdrequest.o
    0x0000d420   0x0000d420   0x00000094   Code   RO         1204    .text.usb_pstd_stand_req5  r_usb_pstdrequest.o
    0x0000d4b4   0x0000d4b4   0x00000010   Code   RO         1465    .text.usb_pstd_stop_clock  r_usb_preg_abs.o
    0x0000d4c4   0x0000d4c4   0x00000002   Code   RO         1182    .text.usb_pstd_suspend_function  r_usb_pstdfunction.o
    0x0000d4c6   0x0000d4c6   0x0000006a   Code   RO         1166    .text.usb_pstd_suspend_process  r_usb_psignal.o
    0x0000d530   0x0000d530   0x00000002   Code   RO         1447    .text.usb_pstd_test_mode  r_usb_preg_abs.o
    0x0000d532   0x0000d532   0x00000048   Code   RO         1028    .text.usb_pstd_transfer_start  r_usb_pdriver.o
    0x0000d57a   0x0000d57a   0x0000006e   Code   RO         1105    .text.usb_pstd_usb_handler  r_usb_pinthandler_usbip0.o
    0x0000d5e8   0x0000d5e8   0x000000ee   Code   RO         1128    .text.usb_pstd_write_data  r_usb_plibusbip.o
    0x0000d6d6   0x0000d6d6   0x00000002   PAD
    0x0000d6d8   0x0000d6d8   0x00000050   Code   RO         1455    .text.usb_pstd_write_fifo  r_usb_preg_abs.o
    0x0000d728   0x0000d728   0x000000a0   Code   RO          900    .text.usb_rtos_configuration  r_usb_cstd_rtos.o
    0x0000d7c8   0x0000d7c8   0x00000062   Code   RO          902    .text.usb_rtos_delete  r_usb_cstd_rtos.o
    0x0000d82a   0x0000d82a   0x00000002   PAD
    0x0000d82c   0x0000d82c   0x0000010e   Code   RO          883    .text.usb_set_event  r_usb_clibusbip.o
    0x0000d93a   0x0000d93a   0x00000036   Code   RO         1417    .text.usbfs_interrupt_handler  r_usb_mcu.o
    0x0000d970   0x0000d970   0x00000032   Code   RO         1419    .text.usbfs_resume_handler  r_usb_mcu.o
    0x0000d9a2   0x0000d9a2   0x00000024   Code   RO          223    .text.uxListRemove  list.o
    0x0000d9c6   0x0000d9c6   0x0000001a   Code   RO         1588    .text.vApplicationGetIdleTaskMemory  main.o
    0x0000d9e0   0x0000d9e0   0x0000001a   Code   RO         1590    .text.vApplicationGetTimerTaskMemory  main.o
    0x0000d9fa   0x0000d9fa   0x00000018   Code   RO         1549    .text.vApplicationIdleHook  port.o
    0x0000da12   0x0000da12   0x00000016   Code   RO          215    .text.vListInitialise  list.o
    0x0000da28   0x0000da28   0x00000006   Code   RO          217    .text.vListInitialiseItem  list.o
    0x0000da2e   0x0000da2e   0x00000002   PAD
    0x0000da30   0x0000da30   0x0000003a   Code   RO          221    .text.vListInsert   list.o
    0x0000da6a   0x0000da6a   0x0000001c   Code   RO          219    .text.vListInsertEnd  list.o
    0x0000da86   0x0000da86   0x00000004   Code   RO         1521    .text.vPortAllocateSecureContext  port.o
    0x0000da8a   0x0000da8a   0x00000038   Code   RO         1543    .text.vPortEnterCritical  port.o
    0x0000dac2   0x0000dac2   0x00000028   Code   RO         1545    .text.vPortExitCritical  port.o
    0x0000daea   0x0000daea   0x0000007e   Code   RO          237    .text.vPortFree     heap_4.o
    0x0000db68   0x0000db68   0x0000000e   Code   RO         1523    .text.vPortFreeSecureContext  port.o
    0x0000db76   0x0000db76   0x0000005c   Code   RO         1531    .text.vPortSVCHandler_C  port.o
    0x0000dbd2   0x0000dbd2   0x00000046   Code   RO         1539    .text.vPortSetupTimerInterrupt  port.o
    0x0000dc18   0x0000dc18   0x00000018   Code   RO         1551    .text.vPortValidateInterruptPriority  port.o
    0x0000dc30   0x0000dc30   0x00000048   Code   RO          307    .text.vQueueAddToRegistry  queue.o
    0x0000dc78   0x0000dc78   0x00000038   Code   RO          299    .text.vQueueDelete  queue.o
    0x0000dcb0   0x0000dcb0   0x00000046   Code   RO          311    .text.vQueueWaitForMessageRestricted  queue.o
    0x0000dcf6   0x0000dcf6   0x0000003e   Code   RO          388    .text.vTaskDelay    tasks.o
    0x0000dd34   0x0000dd34   0x000000d6   Code   RO          376    .text.vTaskDelete   tasks.o
    0x0000de0a   0x0000de0a   0x0000001a   Code   RO          434    .text.vTaskInternalSetTimeOutState  tasks.o
    0x0000de24   0x0000de24   0x0000000e   Code   RO          438    .text.vTaskMissedYield  tasks.o
    0x0000de32   0x0000de32   0x00000024   Code   RO          422    .text.vTaskPlaceOnEventList  tasks.o
    0x0000de56   0x0000de56   0x0000005c   Code   RO          426    .text.vTaskPlaceOnEventListRestricted  tasks.o
    0x0000deb2   0x0000deb2   0x00000002   PAD
    0x0000deb4   0x0000deb4   0x00000090   Code   RO          404    .text.vTaskStartScheduler  tasks.o
    0x0000df44   0x0000df44   0x00000010   Code   RO          382    .text.vTaskSuspendAll  tasks.o
    0x0000df54   0x0000df54   0x00000086   Code   RO          398    .text.vTaskSwitchContext  tasks.o
    0x0000dfda   0x0000dfda   0x00000002   PAD
    0x0000dfdc   0x0000dfdc   0x00000040   Code   RO         1537    .text.xPortStartScheduler  port.o
    0x0000e01c   0x0000e01c   0x0000002c   Code   RO          269    .text.xQueueCreateCountingSemaphoreStatic  queue.o
    0x0000e048   0x0000e048   0x0000004e   Code   RO          267    .text.xQueueGenericCreate  queue.o
    0x0000e096   0x0000e096   0x00000048   Code   RO          265    .text.xQueueGenericCreateStatic  queue.o
    0x0000e0de   0x0000e0de   0x00000080   Code   RO          263    .text.xQueueGenericReset  queue.o
    0x0000e15e   0x0000e15e   0x00000002   PAD
    0x0000e160   0x0000e160   0x0000013a   Code   RO          273    .text.xQueueGenericSend  queue.o
    0x0000e29a   0x0000e29a   0x00000094   Code   RO          279    .text.xQueueGenericSendFromISR  queue.o
    0x0000e32e   0x0000e32e   0x00000002   PAD
    0x0000e330   0x0000e330   0x0000014e   Code   RO          283    .text.xQueueReceive  queue.o
    0x0000e47e   0x0000e47e   0x00000002   PAD
    0x0000e480   0x0000e480   0x00000122   Code   RO          285    .text.xQueueSemaphoreTake  queue.o
    0x0000e5a2   0x0000e5a2   0x00000064   Code   RO          436    .text.xTaskCheckForTimeOut  tasks.o
    0x0000e606   0x0000e606   0x0000005a   Code   RO          374    .text.xTaskCreate   tasks.o
    0x0000e660   0x0000e660   0x00000058   Code   RO          368    .text.xTaskCreateStatic  tasks.o
    0x0000e6b8   0x0000e6b8   0x0000000c   Code   RO          444    .text.xTaskGetCurrentTaskHandle  tasks.o
    0x0000e6c4   0x0000e6c4   0x00000024   Code   RO          446    .text.xTaskGetSchedulerState  tasks.o
    0x0000e6e8   0x0000e6e8   0x0000000c   Code   RO          412    .text.xTaskGetTickCount  tasks.o
    0x0000e6f4   0x0000e6f4   0x0000017a   Code   RO          410    .text.xTaskIncrementTick  tasks.o
    0x0000e86e   0x0000e86e   0x000000e2   Code   RO          428    .text.xTaskRemoveFromEventList  tasks.o
    0x0000e950   0x0000e950   0x0000016a   Code   RO          386    .text.xTaskResumeAll  tasks.o
    0x0000eaba   0x0000eaba   0x00000002   PAD
    0x0000eabc   0x0000eabc   0x00000068   Code   RO          494    .text.xTimerCreateTimerTask  timers.o
    0x0000eb24   0x0000eb24   0x00000006   Data   RO         1510    .rodata..Lswitch.table.usb_phid_read_complete  r_usb_phid_driver.o
    0x0000eb2a   0x0000eb2a   0x0000004c   Data   RO           84    .rodata.g_apl_report  r_usb_phid_descriptor.o
    0x0000eb76   0x0000eb76   0x00000002   PAD
    0x0000eb78   0x0000eb78   0x0000004c   Data   RO         1613    .rodata.g_basic_cfg  phid_main_thread.o
    0x0000ebc4   0x0000ebc4   0x00000008   Data   RO         1629    .rodata.g_bsp_pin_cfg  pin_data.o
    0x0000ebcc   0x0000ebcc   0x000000f8   Data   RO         1628    .rodata.g_bsp_pin_cfg_data  pin_data.o
    0x0000ecc4   0x0000ecc4   0x00000180   Data   RO         1652    .rodata.g_interrupt_event_link_select  vector_data.o
    0x0000ee44   0x0000ee44   0x00000018   Data   RO           85    .rodata.g_usb_descriptor  r_usb_phid_descriptor.o
    0x0000ee5c   0x0000ee5c   0x00000012   Data   RO          856    .rodata.g_usb_pipe_peri  r_usb_cdataio.o
    0x0000ee6e   0x0000ee6e   0x00000002   PAD
    0x0000ee70   0x0000ee70   0x00000004   Data   RO         1616    .rodata.phid_main_thread_parameters  phid_main_thread.o
    0x0000ee74   0x0000ee74   0x00000004   Data   RO         1639    .rodata.rtt_input_thread_parameters  rtt_input_thread.o
    0x0000ee78   0x0000ee78   0x000000e6   Data   RO           51    .rodata.str1.1      phid_main_thread_entry.o
    0x0000ef5e   0x0000ef5e   0x00000311   Data   RO           68    .rodata.str1.1      rtt_input_thread_entry.o
    0x0000f26f   0x0000f26f   0x00000009   Data   RO          160    .rodata.str1.1      segger_rtt.o
    0x0000f278   0x0000f278   0x00000004   Data   RO          465    .rodata.uxTopUsedPriority  tasks.o
    0x0000f27c   0x0000f27c   0x00000004   Data   RO          630    .version            bsp_common.o
    0x0000f280   0x0000f280   0x0000000b   Data   RO          631    .version            bsp_common.o
    0x0000f28b   0x0000f28b   0x00000049   Data   RO          632    .version            bsp_common.o


    Execution Region __tz_RAM_S (Exec base: 0x20002000, Load base: 0x0000f2d4, Size: 0x00000000, Max: 0x00000000, ABSOLUTE)

    Exec Addr    Load Addr    Size         Type   Attr      Idx    E Section Name        Object

    0x20002000        -       0x00000000   Zero   RW            2    __tz_RAM_S.bss      anon$$obj.o


    Execution Region DTC_VECTOR_TABLE (Exec base: 0x20002000, Load base: 0x0000f2d4, Size: 0x00000000, Max: 0x00008000, ABSOLUTE, UNINIT)

    **** No section assigned to this execution region ****


    Execution Region DATA (Exec base: 0x20002000, Load base: 0x0000f2d4, Size: 0x00000164, Max: 0xffffffff, ABSOLUTE)

    Exec Addr    Load Addr    Size         Type   Attr      Idx    E Section Name        Object

    0x20002000   0x0000f2d4   0x00000022   Data   RW           77    .data.g_apl_configuration  r_usb_phid_descriptor.o
    0x20002022   0x0000f2f6   0x00000012   Data   RW           76    .data.g_apl_device  r_usb_phid_descriptor.o
    0x20002034   0x0000f308   0x00000004   Data   RW           78    .data.g_apl_string0  r_usb_phid_descriptor.o
    0x20002038   0x0000f30c   0x00000010   Data   RW           79    .data.g_apl_string1  r_usb_phid_descriptor.o
    0x20002048   0x0000f31c   0x00000020   Data   RW           80    .data.g_apl_string2  r_usb_phid_descriptor.o
    0x20002068   0x0000f33c   0x0000000a   Data   RW           81    .data.g_apl_string3  r_usb_phid_descriptor.o
    0x20002072   0x0000f346   0x00000018   Data   RW           82    .data.g_apl_string4  r_usb_phid_descriptor.o
    0x2000208a   0x0000f35e   0x00000002   PAD
    0x2000208c   0x0000f360   0x00000014   Data   RW           83    .data.g_apl_string_table  r_usb_phid_descriptor.o
    0x200020a0   0x0000f374   0x00000030   Data   RW          937    .data.g_mbx_table   r_usb_cstd_rtos.o
    0x200020d0   0x0000f3a4   0x00000090   Data   RW          850    .data.g_usb_callback  r_usb_cdataio.o
    0x20002160   0x0000f434   0x00000001   Data   RW           55    .data.usb_write_operation.data  phid_main_thread_entry.o


    Execution Region BSS (Exec base: 0x20002164, Load base: 0x0000f438, Size: 0x0000482c, Max: 0xffffffff, ABSOLUTE)

    Exec Addr    Load Addr    Size         Type   Attr      Idx    E Section Name        Object

    0x20002164        -       0x00000004   Zero   RW          584    .bss.SystemCoreClock  system.o
    0x20002168        -       0x000000a8   Zero   RW          157    .bss._SEGGER_RTT    segger_rtt.o
    0x20002210        -       0x00000010   Zero   RW          162    .bss._acDownBuffer  segger_rtt.o
    0x20002220        -       0x00000400   Zero   RW          161    .bss._acUpBuffer    segger_rtt.o
    0x20002620        -       0x00000001   Zero   RW           67    .bss.b_write_flag   rtt_input_thread_entry.o
    0x20002621   0x0000f438   0x00000003   PAD
    0x20002624        -       0x0000002c   Zero   RW         1614    .bss.g_basic_ctrl   phid_main_thread.o
    0x20002650        -       0x00000040   Zero   RW          657    .bss.g_bsp_group_irq_sources  bsp_group_irq.o
    0x20002690        -       0x00000008   Zero   RW           54    .bss.g_buf          phid_main_thread_entry.o
    0x20002698        -       0x00000004   Zero   RW          929    .bss.g_cls_mbx_hdl  r_usb_cstd_rtos.o
    0x2000269c        -       0x00000008   Zero   RW           56    .bss.g_data         phid_main_thread_entry.o
    0x200026a4        -       0x00000001   Zero   RW         1593    .bss.g_fsp_common_initialized  main.o
    0x200026a5   0x0000f438   0x00000003   PAD
    0x200026a8        -       0x00000004   Zero   RW         1592    .bss.g_fsp_common_initialized_semaphore  main.o
    0x200026ac        -       0x00000048   Zero   RW         1595    .bss.g_fsp_common_initialized_semaphore_memory  main.o
    0x200026f4        -       0x00000004   Zero   RW         1594    .bss.g_fsp_common_thread_count  main.o
    0x200026f8        -       0x00000004   Zero   RW          926    .bss.g_hcd_mbx_hdl  r_usb_cstd_rtos.o
    0x200026fc        -       0x00000004   Zero   RW          933    .bss.g_hcdc_mbx_hdl  r_usb_cstd_rtos.o
    0x20002700        -       0x00000004   Zero   RW          934    .bss.g_hhid_mbx_hdl  r_usb_cstd_rtos.o
    0x20002704        -       0x00000004   Zero   RW          931    .bss.g_hmsc_mbx_hdl  r_usb_cstd_rtos.o
    0x20002708        -       0x00000004   Zero   RW          932    .bss.g_hmsc_req_mbx_hdl  r_usb_cstd_rtos.o
    0x2000270c        -       0x00000004   Zero   RW          936    .bss.g_hprn_mbx_hdl  r_usb_cstd_rtos.o
    0x20002710        -       0x00000004   Zero   RW          928    .bss.g_hub_mbx_hdl  r_usb_cstd_rtos.o
    0x20002714        -       0x00000008   Zero   RW         1566    .bss.g_ioport_ctrl  common_data.o
    0x2000271c        -       0x00000004   Zero   RW         1555    .bss.g_mask_level_before_disable  port.o
    0x20002720        -       0x00000004   Zero   RW          927    .bss.g_mgr_mbx_hdl  r_usb_cstd_rtos.o
    0x20002724        -       0x00000002   Zero   RW           52    .bss.g_numlock      phid_main_thread_entry.o
    0x20002726   0x0000f438   0x00000002   PAD
    0x20002728        -       0x00000020   Zero   RW          853    .bss.g_p_usb_pstd_pipe  r_usb_cdataio.o
    0x20002748        -       0x00000004   Zero   RW          930    .bss.g_pcd_mbx_hdl  r_usb_cstd_rtos.o
    0x2000274c        -       0x00000004   Zero   RW          948    .bss.g_pcd_tsk_hdl  r_usb_cstd_rtos.o
    0x20002750        -       0x00000014   Zero   RW          949    .bss.g_pipe0_hdl    r_usb_cstd_rtos.o
    0x20002764        -       0x00000028   Zero   RW          950    .bss.g_pipe_hdl     r_usb_cstd_rtos.o
    0x2000278c        -       0x00000004   Zero   RW          935    .bss.g_pmsc_mbx_hdl  r_usb_cstd_rtos.o
    0x20002790        -       0x00000004   Zero   RW          667    .bss.g_protect_pfswe_counter  bsp_io.o
    0x20002794        -       0x00000004   Zero   RW          821    .bss.g_usb_apl_callback  r_usb_basic.o
    0x20002798        -       0x00000002   Zero   RW          979    .bss.g_usb_bc_detect  r_usb_pbc.o
    0x2000279a        -       0x00000010   Zero   RW          855    .bss.g_usb_cstd_bemp_skip  r_usb_cdataio.o
    0x200027aa   0x0000f438   0x00000002   PAD
    0x200027ac        -       0x000001b8   Zero   RW          823    .bss.g_usb_cstd_event  r_usb_basic.o
    0x20002964        -       0x00000002   Zero   RW         1467    .bss.g_usb_cstd_suspend_mode  r_usb_preg_abs.o
    0x20002966   0x0000f438   0x00000002   PAD
    0x20002968        -       0x00000004   Zero   RW          824    .bss.g_usb_open_class  r_usb_basic.o
    0x2000296c        -       0x000002a8   Zero   RW          825    .bss.g_usb_pdata    r_usb_basic.o
    0x20002c14        -       0x00000002   Zero   RW         1072    .bss.g_usb_peri_connected  r_usb_pdriver.o
    0x20002c16        -       0x00000064   Zero   RW          854    .bss.g_usb_pipe_table  r_usb_cdataio.o
    0x20002c7a   0x0000f438   0x00000002   PAD
    0x20002c7c        -       0x000001fe   Zero   RW         1065    .bss.g_usb_pstd_alt_num  r_usb_pdriver.o
    0x20002e7a        -       0x00000002   Zero   RW         1062    .bss.g_usb_pstd_config_num  r_usb_pdriver.o
    0x20002e7c        -       0x00000020   Zero   RW          851    .bss.g_usb_pstd_data_cnt  r_usb_cdataio.o
    0x20002e9c        -       0x00000034   Zero   RW         1067    .bss.g_usb_pstd_driver  r_usb_pdriver.o
    0x20002ed0        -       0x00000040   Zero   RW         1066    .bss.g_usb_pstd_eptbl_index  r_usb_pdriver.o
    0x20002f10        -       0x00000880   Zero   RW         1110    .bss.g_usb_pstd_int  r_usb_pinthandler_usbip0.o
    0x20003790        -       0x00000002   Zero   RW         1078    .bss.g_usb_pstd_pipe0_request  r_usb_pdriver.o
    0x20003792        -       0x00000002   Zero   RW         1063    .bss.g_usb_pstd_remote_wakeup  r_usb_pdriver.o
    0x20003794        -       0x00000002   Zero   RW         1071    .bss.g_usb_pstd_remote_wakeup_state  r_usb_pdriver.o
    0x20003796        -       0x00000002   Zero   RW         1076    .bss.g_usb_pstd_req_index  r_usb_pdriver.o
    0x20003798        -       0x00000002   Zero   RW         1077    .bss.g_usb_pstd_req_length  r_usb_pdriver.o
    0x2000379a        -       0x00000008   Zero   RW         1080    .bss.g_usb_pstd_req_reg  r_usb_pdriver.o
    0x200037a2        -       0x00000002   Zero   RW         1074    .bss.g_usb_pstd_req_type  r_usb_pdriver.o
    0x200037a4        -       0x00000002   Zero   RW         1075    .bss.g_usb_pstd_req_value  r_usb_pdriver.o
    0x200037a6   0x0000f438   0x00000002   PAD
    0x200037a8        -       0x00000004   Zero   RW         1070    .bss.g_usb_pstd_stall_cb  r_usb_pdriver.o
    0x200037ac        -       0x00000010   Zero   RW         1069    .bss.g_usb_pstd_stall_pipe  r_usb_pdriver.o
    0x200037bc        -       0x00000002   Zero   RW         1079    .bss.g_usb_pstd_std_request  r_usb_pdriver.o
    0x200037be        -       0x00000002   Zero   RW         1064    .bss.g_usb_pstd_test_mode_flag  r_usb_pdriver.o
    0x200037c0        -       0x00000002   Zero   RW         1073    .bss.g_usb_pstd_test_mode_select  r_usb_pdriver.o
    0x200037c2        -       0x00000002   Zero   RW          818    .bss.g_usb_usbmode  r_usb_basic.o
    0x200037c4        -       0x00000002   Zero   RW         1109    .bss.get_usb_int_buf.count  r_usb_pinthandler_usbip0.o
    0x200037c6   0x0000f438   0x00000002   PAD
    0x200037c8        -       0x00000180   Zero   RW          676    .bss.gp_renesas_isr_context  bsp_irq.o
    0x20003948        -       0x00000020   Zero   RW          852    .bss.gp_usb_pstd_data  r_usb_cdataio.o
    0x20003968        -       0x00000001   Zero   RW          822    .bss.is_init        r_usb_basic.o
    0x20003969   0x0000f438   0x00000003   PAD
    0x2000396c        -       0x00000004   Zero   RW           49    .bss.p_idle_value   phid_main_thread_entry.o
    0x20003970        -       0x00000004   Zero   RW           50    .bss.p_usb_phid_event  phid_main_thread_entry.o
    0x20003974        -       0x00000004   Zero   RW         1619    .bss.phid_main_thread  phid_main_thread.o
    0x20003978        -       0x0000002c   Zero   RW           48    .bss.phid_main_thread_entry.g_usb_phid_event  phid_main_thread_entry.o
    0x200039a4        -       0x00000060   Zero   RW         1618    .bss.phid_main_thread_memory  phid_main_thread.o
    0x20003a04        -       0x00000078   Zero   RW          542    .bss.prvCheckForValidListAndQueue.ucStaticTimerQueueStorage  timers.o
    0x20003a7c        -       0x00000048   Zero   RW          541    .bss.prvCheckForValidListAndQueue.xStaticTimerQueue  timers.o
    0x20003ac4        -       0x00000004   Zero   RW          538    .bss.prvSampleTimeNow.xLastTime  timers.o
    0x20003ac8        -       0x00000004   Zero   RW          464    .bss.pxCurrentTCB   tasks.o
    0x20003acc        -       0x00000004   Zero   RW          536    .bss.pxCurrentTimerList  timers.o
    0x20003ad0        -       0x00000004   Zero   RW          481    .bss.pxDelayedTaskList  tasks.o
    0x20003ad4        -       0x00000004   Zero   RW          247    .bss.pxEnd          heap_4.o
    0x20003ad8        -       0x00000004   Zero   RW          482    .bss.pxOverflowDelayedTaskList  tasks.o
    0x20003adc        -       0x00000004   Zero   RW          537    .bss.pxOverflowTimerList  timers.o
    0x20003ae0        -       0x0000012c   Zero   RW          473    .bss.pxReadyTasksLists  tasks.o
    0x20003c0c        -       0x00000004   Zero   RW         1642    .bss.rtt_input_thread  rtt_input_thread.o
    0x20003c10        -       0x00000060   Zero   RW         1641    .bss.rtt_input_thread_memory  rtt_input_thread.o
    0x20003c70        -       0x00000010   Zero   RW           53    .bss.send_data      phid_main_thread_entry.o
    0x20003c80        -       0x00002710   Zero   RW          254    .bss.ucHeap         heap_4.o
    0x20006390        -       0x00000002   Zero   RW         1221    .bss.usb_pstd_get_configuration1.tbl  r_usb_pstdrequest.o
    0x20006392        -       0x00000002   Zero   RW         1222    .bss.usb_pstd_get_interface1.tbl  r_usb_pstdrequest.o
    0x20006394        -       0x00000002   Zero   RW         1220    .bss.usb_pstd_get_status1.tbl  r_usb_pstdrequest.o
    0x20006396        -       0x00000002   Zero   RW          891    .bss.usb_set_event.count  r_usb_clibusbip.o
    0x20006398        -       0x00000004   Zero   RW         1554    .bss.uxCriticalNesting  port.o
    0x2000639c        -       0x00000004   Zero   RW          469    .bss.uxCurrentNumberOfTasks  tasks.o
    0x200063a0        -       0x00000004   Zero   RW          468    .bss.uxDeletedTasksWaitingCleanUp  tasks.o
    0x200063a4        -       0x00000004   Zero   RW          471    .bss.uxSchedulerSuspended  tasks.o
    0x200063a8        -       0x00000004   Zero   RW          466    .bss.uxTaskNumber   tasks.o
    0x200063ac        -       0x00000004   Zero   RW          474    .bss.uxTopReadyPriority  tasks.o
    0x200063b0        -       0x00000200   Zero   RW         1597    .bss.vApplicationGetIdleTaskMemory.uxIdleTaskStack  main.o
    0x200065b0        -       0x00000060   Zero   RW         1596    .bss.vApplicationGetIdleTaskMemory.xIdleTaskTCB  main.o
    0x20006610        -       0x00000200   Zero   RW         1599    .bss.vApplicationGetTimerTaskMemory.uxTimerTaskStack  main.o
    0x20006810        -       0x00000060   Zero   RW         1598    .bss.vApplicationGetTimerTaskMemory.xTimerTaskTCB  main.o
    0x20006870        -       0x00000014   Zero   RW          539    .bss.xActiveTimerList1  timers.o
    0x20006884        -       0x00000014   Zero   RW          540    .bss.xActiveTimerList2  timers.o
    0x20006898        -       0x00000001   Zero   RW          248    .bss.xBlockAllocatedBit  heap_4.o
    0x20006899   0x0000f438   0x00000003   PAD
    0x2000689c        -       0x00000014   Zero   RW          484    .bss.xDelayedTaskList1  tasks.o
    0x200068b0        -       0x00000014   Zero   RW          485    .bss.xDelayedTaskList2  tasks.o
    0x200068c4        -       0x00000004   Zero   RW          249    .bss.xFreeBytesRemaining  heap_4.o
    0x200068c8        -       0x00000004   Zero   RW          478    .bss.xIdleTaskHandle  tasks.o
    0x200068cc        -       0x00000004   Zero   RW          251    .bss.xMinimumEverFreeBytesRemaining  heap_4.o
    0x200068d0        -       0x00000004   Zero   RW          479    .bss.xNextTaskUnblockTime  tasks.o
    0x200068d4        -       0x00000004   Zero   RW          483    .bss.xNumOfOverflows  tasks.o
    0x200068d8        -       0x00000004   Zero   RW          252    .bss.xNumberOfSuccessfulAllocations  heap_4.o
    0x200068dc        -       0x00000004   Zero   RW          253    .bss.xNumberOfSuccessfulFrees  heap_4.o
    0x200068e0        -       0x00000004   Zero   RW          480    .bss.xPendedTicks   tasks.o
    0x200068e4        -       0x00000014   Zero   RW          477    .bss.xPendingReadyList  tasks.o
    0x200068f8        -       0x00000050   Zero   RW          313    .bss.xQueueRegistry  queue.o
    0x20006948        -       0x00000004   Zero   RW          470    .bss.xSchedulerRunning  tasks.o
    0x2000694c        -       0x00000004   Zero   RW         1553    .bss.xSecureMemoryId  port.o
    0x20006950        -       0x00000008   Zero   RW          250    .bss.xStart         heap_4.o
    0x20006958        -       0x00000014   Zero   RW          475    .bss.xSuspendedTaskList  tasks.o
    0x2000696c        -       0x00000014   Zero   RW          467    .bss.xTasksWaitingTermination  tasks.o
    0x20006980        -       0x00000004   Zero   RW          472    .bss.xTickCount     tasks.o
    0x20006984        -       0x00000004   Zero   RW          534    .bss.xTimerQueue    timers.o
    0x20006988        -       0x00000004   Zero   RW          535    .bss.xTimerTaskHandle  timers.o
    0x2000698c        -       0x00000004   Zero   RW          476    .bss.xYieldPending  tasks.o


    Execution Region NOINIT (Exec base: 0x20006990, Load base: 0x0000f438, Size: 0x00000018, Max: 0xffffffff, ABSOLUTE, UNINIT)

    Exec Addr    Load Addr    Size         Type   Attr      Idx    E Section Name        Object

    0x20006990        -       0x00000018   Zero   RW          615    .bss.noinit         bsp_clocks.o


    Execution Region ARM_LIB_HEAP (Exec base: 0x200069a8, Load base: 0x0000f438, Size: 0x00001000, Max: 0xffffffff, ABSOLUTE, UNINIT)

    Exec Addr    Load Addr    Size         Type   Attr      Idx    E Section Name        Object

    0x200069a8        -       0x00001000   Zero   RW          572    .bss.heap           startup.o


    Execution Region ARM_LIB_STACK (Exec base: 0x200079a8, Load base: 0x0000f438, Size: 0x00000000, Max: 0x00000000, ABSOLUTE, UNINIT)

    Exec Addr    Load Addr    Size         Type   Attr      Idx    E Section Name        Object

    0x200079a8        -       0x00000000   Zero   RW            3    ARM_LIB_STACK.bss   anon$$obj.o


    Execution Region STACK (Exec base: 0x200079a8, Load base: 0x0000f438, Size: 0x00001000, Max: 0xffffffff, ABSOLUTE, UNINIT)

    Exec Addr    Load Addr    Size         Type   Attr      Idx    E Section Name        Object

    0x200079a8        -       0x00000400   Zero   RW          570    .bss.stack          startup.o
    0x20007da8        -       0x00000800   Zero   RW         1617    .bss.stack.thread   phid_main_thread.o
    0x200085a8        -       0x00000400   Zero   RW         1640    .bss.stack.thread   rtt_input_thread.o


    Execution Region RAM_END (Exec base: 0x200089a8, Load base: 0x0000f438, Size: 0x00000004, Max: 0x00000004, ABSOLUTE)

    Exec Addr    Load Addr    Size         Type   Attr      Idx    E Section Name        Object

    0x200089a8        -       0x00000004   Zero   RW            4    RAM_END.bss         anon$$obj.o


    Execution Region __tz_RAM_C (Exec base: 0x2000a000, Load base: 0x0000f438, Size: 0x00000000, Max: 0x00000000, ABSOLUTE)

    Exec Addr    Load Addr    Size         Type   Attr      Idx    E Section Name        Object

    0x2000a000        -       0x00000000   Zero   RW            5    __tz_RAM_C.bss      anon$$obj.o


    Execution Region __tz_RAM_N (Exec base: 0x2000a000, Load base: 0x0000f438, Size: 0x00000000, Max: 0x00000000, ABSOLUTE)

    Exec Addr    Load Addr    Size         Type   Attr      Idx    E Section Name        Object

    0x2000a000        -       0x00000000   Zero   RW            6    __tz_RAM_N.bss      anon$$obj.o


    Execution Region RAM_LIMIT (Exec base: 0x2000a000, Load base: 0x0000f438, Size: 0x00000004, Max: 0x00000004, ABSOLUTE)

    Exec Addr    Load Addr    Size         Type   Attr      Idx    E Section Name        Object

    0x2000a000        -       0x00000004   Zero   RW            7    RAM_LIMIT.bss       anon$$obj.o


    Execution Region OSPI_DEVICE_0_NO_LOAD (Exec base: 0x80020000, Load base: 0x0000f438, Size: 0x00000000, Max: 0xffffffff, ABSOLUTE, UNINIT)

    **** No section assigned to this execution region ****


    Execution Region OSPI_DEVICE_1_NO_LOAD (Exec base: 0x80030000, Load base: 0x0000f438, Size: 0x00000000, Max: 0xffffffff, ABSOLUTE, UNINIT)

    **** No section assigned to this execution region ****



  Load Region LOAD_REGION_NSC_FLASH (Base: 0x00016000, Size: 0x00000000, Max: 0xffffffff, ABSOLUTE)

    Execution Region __tz_FLASH_C (Exec base: 0x00016000, Load base: 0x00016000, Size: 0x00000000, Max: 0x00000000, ABSOLUTE)

    Exec Addr    Load Addr    Size         Type   Attr      Idx    E Section Name        Object

    0x00016000        -       0x00000000   Zero   RW            8    __tz_FLASH_C.bss    anon$$obj.o


    Execution Region EXEC_NSCR (Exec base: 0x00016000, Load base: 0x00016000, Size: 0x00000000, Max: 0xffffffff, ABSOLUTE, FIXED)

    **** No section assigned to this execution region ****


    Execution Region __tz_FLASH_N (Exec base: 0x00018000, Load base: 0x00016000, Size: 0x00000000, Max: 0x00000000, ABSOLUTE)

    Exec Addr    Load Addr    Size         Type   Attr      Idx    E Section Name        Object

    0x00018000        -       0x00000000   Zero   RW            9    __tz_FLASH_N.bss    anon$$obj.o



  Load Region LOAD_REGION_ID_CODE (Base: 0x0100a120, Size: 0x00000010, Max: 0x00000010, ABSOLUTE)

    Execution Region __tz_ID_CODE_S (Exec base: 0x0100a120, Load base: 0x0100a120, Size: 0x00000000, Max: 0x00000000, ABSOLUTE)

    Exec Addr    Load Addr    Size         Type   Attr      Idx    E Section Name        Object

    0x0100a120        -       0x00000000   Zero   RW           10    __tz_ID_CODE_S.bss  anon$$obj.o


    Execution Region __tz_ID_CODE_N (Exec base: 0x0100a120, Load base: 0x0100a120, Size: 0x00000000, Max: 0x00000000, ABSOLUTE)

    Exec Addr    Load Addr    Size         Type   Attr      Idx    E Section Name        Object

    0x0100a120        -       0x00000000   Zero   RW           11    __tz_ID_CODE_N.bss  anon$$obj.o


    Execution Region ID_CODE (Exec base: 0x0100a120, Load base: 0x0100a120, Size: 0x00000010, Max: 0xffffffff, ABSOLUTE, FIXED)

    Exec Addr    Load Addr    Size         Type   Attr      Idx    E Section Name        Object

    0x0100a120   0x0100a120   0x00000010   Data   RO          697    .id_code            bsp_rom_registers.o



  Load Region LOAD_REGION_OPTION_SETTING (Base: 0x0100a180, Size: 0x00000080, Max: 0x00000080, ABSOLUTE)

    Execution Region __tz_OPTION_SETTING_S (Exec base: 0x0100a180, Load base: 0x0100a180, Size: 0x00000000, Max: 0x00000000, ABSOLUTE)

    Exec Addr    Load Addr    Size         Type   Attr      Idx    E Section Name        Object

    0x0100a180        -       0x00000000   Zero   RW           12    __tz_OPTION_SETTING_S.bss  anon$$obj.o


    Execution Region __tz_OPTION_SETTING_N (Exec base: 0x0100a180, Load base: 0x0100a180, Size: 0x00000000, Max: 0x00000000, ABSOLUTE)

    Exec Addr    Load Addr    Size         Type   Attr      Idx    E Section Name        Object

    0x0100a180        -       0x00000000   Zero   RW           13    __tz_OPTION_SETTING_N.bss  anon$$obj.o


    Execution Region OFS1 (Exec base: 0x0100a180, Load base: 0x0100a180, Size: 0x00000000, Max: 0xffffffff, ABSOLUTE, FIXED)

    **** No section assigned to this execution region ****


    Execution Region UNUSED_4 (Exec base: 0x0100a180, Load base: 0x0100a180, Size: 0x00000004, Max: 0x00000004, ABSOLUTE, FIXED)

    Exec Addr    Load Addr    Size         Type   Attr      Idx    E Section Name        Object

    0x0100a180        -       0x00000004   Zero   RW           14    UNUSED_4.bss        anon$$obj.o


    Execution Region OFS3 (Exec base: 0x0100a184, Load base: 0x0100a184, Size: 0x00000000, Max: 0xffffffff, ABSOLUTE, FIXED)

    **** No section assigned to this execution region ****


    Execution Region UNUSED_5 (Exec base: 0x0100a184, Load base: 0x0100a184, Size: 0x0000000c, Max: 0x0000000c, ABSOLUTE, FIXED)

    Exec Addr    Load Addr    Size         Type   Attr      Idx    E Section Name        Object

    0x0100a184        -       0x0000000c   Zero   RW           15    UNUSED_5.bss        anon$$obj.o


    Execution Region BANKSEL (Exec base: 0x0100a190, Load base: 0x0100a190, Size: 0x00000000, Max: 0xffffffff, ABSOLUTE, FIXED)

    **** No section assigned to this execution region ****


    Execution Region UNUSED_6 (Exec base: 0x0100a190, Load base: 0x0100a190, Size: 0x00000030, Max: 0x00000030, ABSOLUTE, FIXED)

    Exec Addr    Load Addr    Size         Type   Attr      Idx    E Section Name        Object

    0x0100a190        -       0x00000030   Zero   RW           16    UNUSED_6.bss        anon$$obj.o


    Execution Region BPS (Exec base: 0x0100a1c0, Load base: 0x0100a1c0, Size: 0x00000000, Max: 0xffffffff, ABSOLUTE, FIXED)

    **** No section assigned to this execution region ****


    Execution Region UNUSED_7 (Exec base: 0x0100a1c0, Load base: 0x0100a1c0, Size: 0x00000020, Max: 0x00000020, ABSOLUTE, FIXED)

    Exec Addr    Load Addr    Size         Type   Attr      Idx    E Section Name        Object

    0x0100a1c0        -       0x00000020   Zero   RW           17    UNUSED_7.bss        anon$$obj.o


    Execution Region PBPS (Exec base: 0x0100a1e0, Load base: 0x0100a1e0, Size: 0x00000000, Max: 0xffffffff, ABSOLUTE, FIXED)

    **** No section assigned to this execution region ****


    Execution Region UNUSED_8 (Exec base: 0x0100a1e0, Load base: 0x0100a1e0, Size: 0x00000020, Max: 0x00000020, ABSOLUTE, FIXED)

    Exec Addr    Load Addr    Size         Type   Attr      Idx    E Section Name        Object

    0x0100a1e0        -       0x00000020   Zero   RW           18    UNUSED_8.bss        anon$$obj.o



  Load Region LOAD_REGION_DATA_FLASH (Base: 0x08000000, Size: 0x00000000, Max: 0x00001000, ABSOLUTE)

    Execution Region __tz_DATA_FLASH_S (Exec base: 0x08000000, Load base: 0x08000000, Size: 0x00000000, Max: 0x00000000, ABSOLUTE)

    Exec Addr    Load Addr    Size         Type   Attr      Idx    E Section Name        Object

    0x08000000        -       0x00000000   Zero   RW           19    __tz_DATA_FLASH_S.bss  anon$$obj.o


    Execution Region DATA_FLASH (Exec base: 0x08000000, Load base: 0x08000000, Size: 0x00000000, Max: 0xffffffff, ABSOLUTE)

    **** No section assigned to this execution region ****


    Execution Region __tz_DATA_FLASH_N (Exec base: 0x08000000, Load base: 0x08000000, Size: 0x00000000, Max: 0x00000000, ABSOLUTE)

    Exec Addr    Load Addr    Size         Type   Attr      Idx    E Section Name        Object

    0x08000000        -       0x00000000   Zero   RW           20    __tz_DATA_FLASH_N.bss  anon$$obj.o



  Load Region LOAD_REGION_QSPI_FLASH (Base: 0x60000000, Size: 0x00000000, Max: 0x04000000, ABSOLUTE)

    Execution Region __tz_QSPI_FLASH_S (Exec base: 0x60000000, Load base: 0x60000000, Size: 0x00000000, Max: 0x00000000, ABSOLUTE)

    Exec Addr    Load Addr    Size         Type   Attr      Idx    E Section Name        Object

    0x60000000        -       0x00000000   Zero   RW           21    __tz_QSPI_FLASH_S.bss  anon$$obj.o


    Execution Region QSPI_FLASH (Exec base: 0x60000000, Load base: 0x60000000, Size: 0x00000000, Max: 0xffffffff, ABSOLUTE, FIXED)

    **** No section assigned to this execution region ****


    Execution Region __tz_QSPI_FLASH_N (Exec base: 0x60000000, Load base: 0x60000000, Size: 0x00000000, Max: 0x00000000, ABSOLUTE)

    Exec Addr    Load Addr    Size         Type   Attr      Idx    E Section Name        Object

    0x60000000        -       0x00000000   Zero   RW           22    __tz_QSPI_FLASH_N.bss  anon$$obj.o



  Load Region LOAD_REGION_OSPI_DEVICE_0 (Base: 0x80020000, Size: 0x00000000, Max: 0x00000000, ABSOLUTE)

    Execution Region __tz_OSPI_DEVICE_0_S (Exec base: 0x80020000, Load base: 0x80020000, Size: 0x00000000, Max: 0x00000000, ABSOLUTE)

    Exec Addr    Load Addr    Size         Type   Attr      Idx    E Section Name        Object

    0x80020000        -       0x00000000   Zero   RW           23    __tz_OSPI_DEVICE_0_S.bss  anon$$obj.o


    Execution Region OSPI_DEVICE_0 (Exec base: 0x80020000, Load base: 0x80020000, Size: 0x00000000, Max: 0xffffffff, ABSOLUTE, FIXED)

    **** No section assigned to this execution region ****


    Execution Region __tz_OSPI_DEVICE_0_N (Exec base: 0x80020000, Load base: 0x80020000, Size: 0x00000000, Max: 0x00000000, ABSOLUTE)

    Exec Addr    Load Addr    Size         Type   Attr      Idx    E Section Name        Object

    0x80020000        -       0x00000000   Zero   RW           24    __tz_OSPI_DEVICE_0_N.bss  anon$$obj.o



  Load Region LOAD_REGION_OSPI_DEVICE_1 (Base: 0x80030000, Size: 0x00000000, Max: 0x00000000, ABSOLUTE)

    Execution Region __tz_OSPI_DEVICE_1_S (Exec base: 0x80030000, Load base: 0x80030000, Size: 0x00000000, Max: 0x00000000, ABSOLUTE)

    Exec Addr    Load Addr    Size         Type   Attr      Idx    E Section Name        Object

    0x80030000        -       0x00000000   Zero   RW           25    __tz_OSPI_DEVICE_1_S.bss  anon$$obj.o


    Execution Region OSPI_DEVICE_1 (Exec base: 0x80030000, Load base: 0x80030000, Size: 0x00000000, Max: 0xffffffff, ABSOLUTE, FIXED)

    **** No section assigned to this execution region ****


    Execution Region __tz_OSPI_DEVICE_1_N (Exec base: 0x80030000, Load base: 0x80030000, Size: 0x00000000, Max: 0x00000000, ABSOLUTE)

    Exec Addr    Load Addr    Size         Type   Attr      Idx    E Section Name        Object

    0x80030000        -       0x00000000   Zero   RW           26    __tz_OSPI_DEVICE_1_N.bss  anon$$obj.o



  Load Region LOAD_REGION_SDRAM (Base: 0x80010000, Size: 0x00000000, Max: 0x00000000, ABSOLUTE)

    Execution Region __tz_SDRAM_S (Exec base: 0x80010000, Load base: 0x80010000, Size: 0x00000000, Max: 0x00000000, ABSOLUTE)

    Exec Addr    Load Addr    Size         Type   Attr      Idx    E Section Name        Object

    0x80010000        -       0x00000000   Zero   RW           27    __tz_SDRAM_S.bss    anon$$obj.o


    Execution Region SDRAM (Exec base: 0x80010000, Load base: 0x80010000, Size: 0x00000000, Max: 0xffffffff, ABSOLUTE, FIXED)

    **** No section assigned to this execution region ****


    Execution Region __tz_SDRAM_N (Exec base: 0x80010000, Load base: 0x80010000, Size: 0x00000000, Max: 0x00000000, ABSOLUTE)

    Exec Addr    Load Addr    Size         Type   Attr      Idx    E Section Name        Object

    0x80010000        -       0x00000000   Zero   RW           28    __tz_SDRAM_N.bss    anon$$obj.o


==============================================================================

Image component sizes


      Code (inc. data)   RO Data    RW Data    ZI Data      Debug   Object Name

         2          0          0          0          0        534   board_init.o
       126          0          0          0         24      32698   bsp_clocks.o
        20          0         88          0          0       9712   bsp_common.o
        80          0          0          0          0       1691   bsp_delay.o
        54          0          0          0         64      13688   bsp_group_irq.o
         0          0          0          0          4        571   bsp_io.o
        36          0          0          0        384      10628   bsp_irq.o
         0          0         16          0          0        648   bsp_rom_registers.o
         2          0          0          0          8      17503   common_data.o
         4          0          0          0          0        499   hal_data.o
        26          0          0          0          0      16473   hal_entry.o
       594          0          0          0      10029       4754   heap_4.o
       150          0          0          0          0       2278   list.o
       232          0          0          0       1297       3369   main.o
       136         12         80          0       2192      17945   phid_main_thread.o
      1000        184        230          1         86      15710   phid_main_thread_entry.o
         0          0        256          0          0       7989   pin_data.o
       778         20          0          0         12      27598   port.o
      1818          0          0          0         80      18330   queue.o
       412         12          0          0          0      42364   r_ioport.o
      1074          8          0          0       1131      41209   r_usb_basic.o
       282          0         18        144        212      31102   r_usb_cdataio.o
       502         22          0          0          2      29436   r_usb_clibusbip.o
       696          0          0          0          0      27887   r_usb_creg_abs.o
      2356          0          0          0          0      41365   r_usb_creg_access.o
       774          8          0         48        108      32492   r_usb_cstd_rtos.o
       568          0          0          0          0      40335   r_usb_mcu.o
       182          0          0          0          2      27411   r_usb_pbc.o
       236          0          0          0          0      25914   r_usb_pcontrolrw.o
      1706         24          0          0        678      40212   r_usb_pdriver.o
         0          0        100        158          0       1213   r_usb_phid_descriptor.o
       152          0          6          0          0      26562   r_usb_phid_driver.o
       184          0          0          0          0      25790   r_usb_pintfifo.o
       110          0          0          0       2178      29130   r_usb_pinthandler_usbip0.o
      1712          0          0          0          0      31802   r_usb_plibusbip.o
      1232          0          0          0          2      29611   r_usb_preg_abs.o
       294          0          0          0          0      15053   r_usb_preg_access.o
       334          0          0          0          0      25941   r_usb_psignal.o
       346          0          0          0          0      28776   r_usb_pstdfunction.o
      2658         52          0          0          6      33222   r_usb_pstdrequest.o
       136         12          4          0       1124       2253   rtt_input_thread.o
       184         36        785          0          1       9237   rtt_input_thread_entry.o
       736         20          9          0       1208      21546   segger_rtt.o
      1074         26          0          0          0       4889   segger_rtt_printf.o
        14          0         64          0       5120       1035   startup.o
       172          0          0          0          4       3004   system.o
      2810          8          4          0        460      26179   tasks.o
       846         26          0          0        252      12997   timers.o
         0          0        768          0          0       6565   vector_data.o

    ----------------------------------------------------------------------
     26908        470       2432        356      26828     917150   Object Totals
         0          0          0          0        136          0   (incl. Generated)
        68          0          4          5         24          0   (incl. Padding)

    ----------------------------------------------------------------------

      Code (inc. data)   RO Data    RW Data    ZI Data      Debug   Library Member Name

        36          0          0          0          0         68   memcpya.o
        36          0          0          0          0        108   memseta.o

    ----------------------------------------------------------------------
        72          0          0          0          0        176   Library Totals
         0          0          0          0          0          0   (incl. Padding)

    ----------------------------------------------------------------------

      Code (inc. data)   RO Data    RW Data    ZI Data      Debug   Library Name

        72          0          0          0          0        176   mc_w.l

    ----------------------------------------------------------------------
        72          0          0          0          0        176   Library Totals

    ----------------------------------------------------------------------

==============================================================================


      Code (inc. data)   RO Data    RW Data    ZI Data      Debug   

     26980        470       2432        356      26828     916414   Grand Totals
     26980        470       2432        356      26828     916414   ELF Image Totals
     26980        470       2432        356          0          0   ROM Totals

==============================================================================

    Total RO  Size (Code + RO Data)                29412 (  28.72kB)
    Total RW  Size (RW Data + ZI Data)             27184 (  26.55kB)
    Total ROM Size (Code + RO Data + RW Data)      29768 (  29.07kB)

==============================================================================

