T2374 000:004.245   SEGGER J-Link V9.42 Log File
T2374 000:004.528   DLL Compiled: May  6 2026 12:25:27
T2374 000:004.557   Logging started @ 2026-06-10 11:05
T2374 000:004.645   Process: C:\Users\a5123763\.eclipse\com.renesas.platform_1584587709\DebugComp\RA\e2-server-gdb.exe
T2374 000:004.691 - 4.684ms 
T2374 000:004.752 JLINK_GetDLLVersion()
T2374 000:004.783 - 0.029ms returns 94200
T2374 000:017.220 JLINK_OpenEx(...)
T2374 000:032.492   Firmware: J-Link OB-S124 compiled Dec 10 2025 15:52:46
T2374 000:034.002   Firmware: J-Link OB-S124 compiled Dec 10 2025 15:52:46
T2374 000:060.488   Hardware: V1.00
T2374 000:060.614   S/N: 831745433
T2374 000:060.665   OEM: SEGGER
T2374 000:060.723   Feature(s): None
T2374 000:062.557   Bootloader: 2017 Feb 06
T2374 000:063.741   USB speed mode: Full speed (12 MBit/s)
T2374 000:065.017   TELNET listener socket opened on port 19021
T2374 000:065.663   WEBSRV WEBSRV_Init(): Starting webserver thread(s)
T2374 000:066.100   WEBSRV Webserver running on local port 19080
T2374 000:066.651   Looking for J-Link GUI Server exe at: C:\Users\a5123763\.eclipse\com.renesas.platform_1584587709\DebugComp\RA\ARM\Segger_v9.42.0\JLinkGUIServer.exe
T2374 000:067.467   Looking for J-Link GUI Server exe at: \JLinkGUIServer.exe
T2374 000:370.082   Failed to connect to J-Link GUI Server.
T2374 000:370.188 - 352.962ms returns "O.K."
T2374 000:370.500 JLINK_ExecCommand("ProjectFile=C:\Users\a5123763\e2_studio\workspace_650\reset_ek_ra6m3/reset_ek_ra6m3 Debug_Flat.jlink", ...). 
T2374 000:409.084 - 38.585ms returns 0x00
T2374 000:409.721 JLINK_ExecCommand("device=R7FA6M3AH", ...). 
T2374 000:412.099   Flash bank @ 0x0100A150: SFL: Parsing sectorization info from ELF file
T2374 000:412.172     FlashDevice.SectorInfo[0]: .SectorSize = 0x00000020, .SectorStartAddr = 0x00000000
T2374 000:412.906   Flash bank @ 0x60000000: SFL: Parsing sectorization info from ELF file
T2374 000:412.953     FlashDevice.SectorInfo[0]: .SectorSize = 0x00010000, .SectorStartAddr = 0x00000000
T2374 000:421.195   Device "R7FA6M3AH" selected.
T2374 000:424.341 - 14.618ms returns 0x00
T2374 000:424.459 JLINK_ExecCommand("SetCPUConnectIDCODE = FFFFFFFFFFFFFFFFFFFFFFFFFFFFFFFF", ...). 
T2374 000:424.493 - 0.033ms returns 0x00
T2374 000:424.538 JLINK_TIF_GetAvailable(...)
T2374 000:424.930 - 0.391ms 
T2374 000:424.999 JLINK_TIF_Select(JLINKARM_TIF_SWD)
T2374 000:426.192 - 1.199ms returns 0x00
T2374 000:426.261 JLINK_SetSpeed(4000)
T2374 000:426.529 - 0.270ms 
T2374 000:426.570 JLINK_SetEndian(ARM_ENDIAN_LITTLE)
T2374 000:426.596 - 0.025ms returns 0
T2374 000:426.621 JLINK_SetInitRegsOnReset(OFF)
T2374 000:426.645 - 0.024ms returns 1
T2374 000:426.678 JLINK_SetResetType(JLINKARM_RESET_TYPE_NO_RESET)
T2374 000:426.701 - 0.023ms returns JLINKARM_RESET_TYPE_NORMAL
T2374 000:426.726 JLINK_ExecCommand("EnableFlashBPs", ...). 
T2374 000:426.755 - 0.028ms returns 0x00
T2374 000:426.783 JLINK_ExecCommand("SetAllowFlashCache = 1", ...). 
T2374 000:426.813 - 0.030ms returns 0x01
T2374 000:426.838 JLINK_ExecCommand("SetRestartOnClose = 0", ...). 
T2374 000:426.865 - 0.027ms returns 0x01
T2374 000:426.892 JLINK_ExecCommand("SetAllowSimulation = 0", ...). 
T2374 000:426.919 - 0.027ms returns 0x01
T2374 000:426.949 JLINK_EnableSoftBPs(ON)
T2374 000:426.973 - 0.027ms 
T2374 000:426.998 JLINK_Connect()
T2374 000:427.441   InitTarget() start
T2374 000:427.503    J-Link Script File: Executing InitTarget()
T2374 000:427.533   Identifying target device...
T2374 000:427.570   SWD selected. Executing JTAG -> SWD switching sequence...
T2374 000:428.392   Initializing DAP...
T2374 000:430.834   DAP initialized successfully.
T2374 000:433.726   Low power mode detected. Waking device from low power mode.
T2374 000:440.069   InitTarget() end - Took 12.5ms
T2374 000:441.431   Found SW-DP with ID 0x5BA02477
T2374 000:445.468   DPIDR: 0x5BA02477
T2374 000:445.618   CoreSight SoC-400 or earlier
T2374 000:445.674   Scanning AP map to find all available APs
T2374 000:447.683   AP[2]: Stopped AP scan as end of AP map has been reached
T2374 000:447.805   AP[0]: AHB-AP (IDR: 0x24770011, ADDR: 0x00000000)
T2374 000:447.839   AP[1]: APB-AP (IDR: 0x44770002, ADDR: 0x01000000)
T2374 000:447.892   Iterating through AP map to find AHB-AP to use
T2374 000:449.769   AP[0]: Core found
T2374 000:449.919   AP[0]: AHB-AP ROM base: 0xE00FF000
T2374 000:450.930   CPUID register: 0x410FC241. Implementer code: 0x41 (ARM)
T2374 000:450.987   Found Cortex-M4 r0p1, Little endian.
T2374 000:451.645   -- Max. mem block: 0x00001B60
T2374 000:452.906   CPU_ReadMem(4 bytes @ 0xE000EDF0)
T2374 000:453.590   CPU_WriteMem(4 bytes @ 0xE000EDF0)
T2374 000:454.291   CPU_ReadMem(4 bytes @ 0xE0002000)
T2374 000:454.910   FPUnit: 6 code (BP) slots and 2 literal slots
T2374 000:454.971   CPU_ReadMem(4 bytes @ 0xE000EDFC)
T2374 000:455.571   CPU_WriteMem(4 bytes @ 0xE000EDFC)
T2374 000:456.311   CPU_ReadMem(4 bytes @ 0xE0001000)
T2374 000:457.030   CPU_WriteMem(4 bytes @ 0xE0001000)
T2374 000:457.784   CPU_ReadMem(4 bytes @ 0xE000ED88)
T2374 000:458.565   CPU_WriteMem(4 bytes @ 0xE000ED88)
T2374 000:459.414   CPU_ReadMem(4 bytes @ 0xE000ED88)
T2374 000:460.121   CPU_WriteMem(4 bytes @ 0xE000ED88)
T2374 000:460.774   CoreSight components:
T2374 000:460.822   ROMTbl[0] @ E00FF000
T2374 000:460.857   CPU_ReadMem(64 bytes @ 0xE00FF000)
T2374 000:462.259   CPU_ReadMem(32 bytes @ 0xE000EFE0)
T2374 000:463.315   [0][0]: E000E000 CID B105E00D PID 000BB00C SCS-M7
T2374 000:463.369   CPU_ReadMem(32 bytes @ 0xE0001FE0)
T2374 000:464.433   [0][1]: E0001000 CID B105E00D PID 003BB002 DWT
T2374 000:464.490   CPU_ReadMem(32 bytes @ 0xE0002FE0)
T2374 000:465.478   [0][2]: E0002000 CID B105E00D PID 002BB003 FPB
T2374 000:465.545   CPU_ReadMem(32 bytes @ 0xE0000FE0)
T2374 000:466.696   [0][3]: E0000000 CID B105E00D PID 003BB001 ITM
T2374 000:466.760   CPU_ReadMem(32 bytes @ 0xE0040FE0)
T2374 000:467.732   [0][4]: E0040000 CID B105900D PID 000BB9A1 TPIU
T2374 000:467.789   CPU_ReadMem(32 bytes @ 0xE0041FE0)
T2374 000:468.854   [0][5]: E0041000 CID B105900D PID 000BB925 ETM
T2374 000:468.922   CPU_ReadMem(32 bytes @ 0xE0042FE0)
T2374 000:469.960   [0][6]: E0042000 CID B105900D PID 002BB908 CSTF
T2374 000:470.029   CPU_ReadMem(32 bytes @ 0xE0043FE0)
T2374 000:471.061   [0][7]: E0043000 CID B105900D PID 001BB961 TMC
T2374 000:471.139   CPU_ReadMem(32 bytes @ 0xE0044FE0)
T2374 000:472.214   [0][8]: E0044000 CID B105F00D PID 001BB101 TSG
T2374 000:472.317 - 45.317ms returns 0x00
T2374 000:472.395 JLINK_Halt()
T2374 000:477.422 - 5.026ms returns 0x00
T2374 000:477.498 JLINK_IsHalted()
T2374 000:477.534 - 0.035ms returns TRUE
T2374 000:477.562 JLINK_ResetPullsRESET(ON)
T2374 000:477.589 - 0.027ms 
T2374 000:477.614 JLINK_Reset()
T2374 000:477.654   JLINK_GetResetTypeDesc
T2374 000:477.683   - 0.029ms 
T2374 000:477.707   Reset type: CONNECT UNDER RESET (https://kb.segger.com/J-Link_Reset_Strategies)
T2374 000:477.739   CPU_WriteMem(4 bytes @ 0xE000EDF0)
T2374 000:478.419   CPU_WriteMem(4 bytes @ 0xE000EDFC)
T2374 000:479.237   Reset: Halt core after reset via DEMCR.VC_CORERESET.
T2374 000:480.172   Reset: Reset device via AIRCR.SYSRESETREQ.
T2374 000:480.288   CPU_WriteMem(4 bytes @ 0xE000ED0C)
T2374 000:534.622   CPU_ReadMem(4 bytes @ 0xE000EDF0)
T2374 000:535.503   CPU_ReadMem(4 bytes @ 0xE000EDF0)
T2374 000:536.305   CPU_WriteMem(4 bytes @ 0xE000EDFC)
T2374 000:543.277   CPU_ReadMem(4 bytes @ 0xE000EDF0)
T2374 000:549.025   CPU_WriteMem(4 bytes @ 0xE0002000)
T2374 000:549.787   CPU_ReadMem(4 bytes @ 0xE000EDFC)
T2374 000:550.528   CPU_ReadMem(4 bytes @ 0xE0001000)
T2374 000:551.292 - 73.677ms 
T2374 000:551.364 JLINK_ReadMemEx(0x407FB19C, 0x8 Bytes, Flags = 0x00000004)
T2374 000:551.398   CPU_ReadMem(8 bytes @ 0x407FB19C)
T2374 000:552.173   Data:  00 70 00 01 00 00 00 00
T2374 000:552.227 - 0.863ms returns 8 (0x8)
T2374 000:552.331 JLINK_ReadMem(0x01007024, 0x10 Bytes, ...)
T2374 000:552.378   CPU_ReadMem(16 bytes @ 0x01007024)
T2374 000:553.155   Data:  52 37 46 41 36 4D 33 41 48 33 43 46 43 20 20 20
T2374 000:553.206 - 0.875ms returns 0
T2374 000:553.245 JLINK_IsHalted()
T2374 000:553.273 - 0.028ms returns TRUE
T2374 000:553.608 JLINK_IsHalted()
T2374 000:553.654 - 0.045ms returns TRUE
T2374 000:553.681 JLINK_MeasureCPUSpeed(RAMAddr = 0xFFFFFFFF)
T2374 000:553.714   CPU_ReadMem(16 bytes @ 0x20000000)
T2374 000:554.608   CPU_ReadMem(64 bytes @ 0x20000000)
T2374 000:556.250    -- Updating C cache (64 bytes @ 0x20000000)
T2374 000:556.334    -- Read from C cache (6 bytes @ 0x20000000)
T2374 000:556.375   CPU_ReadMem(4 bytes @ 0xE000ED90)
T2374 000:557.098   CPU_ReadMem(4 bytes @ 0xE000ED94)
T2374 000:557.751   CPU_WriteMem(16 bytes @ 0x20000000)
T2374 000:558.582   CPU_WriteMem(6 bytes @ 0x20000000)
T2374 000:559.326   CPU_ReadMem(64 bytes @ 0x20000000)
T2374 000:560.734    -- Updating C cache (64 bytes @ 0x20000000)
T2374 000:560.807    -- Read from C cache (6 bytes @ 0x20000000)
T2374 000:560.870   CPU_WriteMem(4 bytes @ 0xE0002008)
T2374 000:560.917   CPU_WriteMem(4 bytes @ 0xE000200C)
T2374 000:560.955   CPU_WriteMem(4 bytes @ 0xE0002010)
T2374 000:560.998   CPU_WriteMem(4 bytes @ 0xE0002014)
T2374 000:561.046   CPU_WriteMem(4 bytes @ 0xE0002018)
T2374 000:561.087   CPU_WriteMem(4 bytes @ 0xE000201C)
T2374 000:572.834   CPU_WriteMem(4 bytes @ 0xE0002008)
T2374 000:573.576   CPU_WriteMem(4 bytes @ 0xE000200C)
T2374 000:574.254   CPU_WriteMem(4 bytes @ 0xE0002010)
T2374 000:574.928   CPU_WriteMem(4 bytes @ 0xE0002014)
T2374 000:575.620   CPU_WriteMem(4 bytes @ 0xE0002018)
T2374 000:576.400   CPU_WriteMem(4 bytes @ 0xE000201C)
T2374 000:606.140   CPU_WriteMem(6 bytes @ 0x20000000)
T2374 000:607.181   ClockFreq: 661650 Hz
T2374 000:607.282 - 53.600ms returns 661650
T2374 000:607.322 JLINK_ReadReg(XPSR)
T2374 000:607.357 - 0.035ms returns 0x01000000
T69D8 003:037.265 JLINK_ResetPullsRESET(ON)
T69D8 003:037.373 - 0.108ms 
T69D8 003:037.422 JLINK_Halt()
T69D8 003:038.132 - 0.708ms returns 0x00
T69D8 003:038.194 JLINK_IsHalted()
T69D8 003:038.225 - 0.031ms returns TRUE
T69D8 003:038.255 JLINK_Reset()
T69D8 003:038.290   JLINK_GetResetTypeDesc
T69D8 003:038.329   - 0.038ms 
T69D8 003:038.362   Reset type: CONNECT UNDER RESET (https://kb.segger.com/J-Link_Reset_Strategies)
T69D8 003:038.395   CPU_WriteMem(4 bytes @ 0xE000EDF0)
T69D8 003:039.156   CPU_WriteMem(4 bytes @ 0xE000EDFC)
T69D8 003:040.001   Reset: Halt core after reset via DEMCR.VC_CORERESET.
T69D8 003:041.138   Reset: Reset device via AIRCR.SYSRESETREQ.
T69D8 003:041.203   CPU_WriteMem(4 bytes @ 0xE000ED0C)
T69D8 003:096.487   CPU_ReadMem(4 bytes @ 0xE000EDF0)
T69D8 003:097.276   CPU_ReadMem(4 bytes @ 0xE000EDF0)
T69D8 003:097.998   CPU_WriteMem(4 bytes @ 0xE000EDFC)
T69D8 003:104.676   CPU_ReadMem(4 bytes @ 0xE000EDF0)
T69D8 003:110.473   CPU_WriteMem(4 bytes @ 0xE0002000)
T69D8 003:111.322   CPU_ReadMem(4 bytes @ 0xE000EDFC)
T69D8 003:112.074   CPU_ReadMem(4 bytes @ 0xE0001000)
T69D8 003:112.821 - 74.565ms 
T69D8 003:112.890 JLINK_SetEndian(ARM_ENDIAN_LITTLE)
T69D8 003:112.940 - 0.049ms returns 0
T69D8 003:113.692 JLINK_BeginDownload(Flags = 0x00000000)
T69D8 003:113.749 - 0.056ms 
T69D8 003:133.367 JLINK_WriteMem(0x00000400, 0x4 Bytes, ...)
T69D8 003:133.447   Data:  FF FF FF FF
T69D8 003:133.823   completely In flash
T69D8 003:133.883 - 0.516ms returns 0x4
T69D8 003:134.991 JLINK_WriteMem(0x00000404, 0x4 Bytes, ...)
T69D8 003:135.129   Data:  FF FD FF FF
T69D8 003:135.195   completely In flash
T69D8 003:135.238 - 0.249ms returns 0x4
T69D8 003:135.998 JLINK_WriteMem(0x20030000, 0x40 Bytes, ...)
T69D8 003:136.092   Data:  38 0A 04 20 39 11 03 20 2D 10 03 20 35 11 03 20 ...
T69D8 003:136.820   HandleBeforeFlashProg() start
T69D8 003:136.899    J-Link Script File: Executing HandleBeforeFlashProg()
T69D8 003:136.934   CPU_ReadMem(2 bytes @ 0x40000D04)
T69D8 003:137.641   CPU_ReadMem(2 bytes @ 0x40000D14)
T69D8 003:138.370   HandleBeforeFlashProg() end - Took 1.47ms
T69D8 003:138.432   CPU_ReadMem(4 bytes @ 0xE000ED90)
T69D8 003:139.120   CPU_ReadMem(4 bytes @ 0xE000ED94)
T69D8 003:139.817    -- --------------------------------------
T69D8 003:139.884    -- Flash bank @ 0x00000000: Default: L2 verify disabled because algorithm performs L1 verify
T69D8 003:139.925    -- Start of determining dirty areas in flash cache
T69D8 003:139.962    -- Filling invalid ranges in sector buffer (flash cache) for sector @ 0x00000000 if necessary
T69D8 003:140.003    -- Start of preparing flash programming
T69D8 003:140.044    -- Calculating RAM usage
T69D8 003:140.138    -- RAM usage = 10644 Bytes
T69D8 003:140.179    -- Preserving CPU registers
T69D8 003:140.234    -- Determining CPU clock frequency
T69D8 003:190.618    -- Preparing target
T69D8 003:190.757    -- Preserving target RAM temporarily used for programming
T69D8 003:316.747    -- Downloading RAMCode
T69D8 003:364.900    -- Preparing RAMCode
T69D8 003:378.428    -- CPU frequency = 100000 kHz
T69D8 003:378.540    -- End of preparing flash programming
T69D8 003:378.590   CPU_ReadMem(8192 bytes @ 0x00000000)
T69D8 003:475.374    -- Updating flash cache (8192 bytes @ 0x00000000)
T69D8 003:475.487    -- Updating flash cache invalid range 0x00000000 - 0x000003FF (1024 bytes)
T69D8 003:475.539    -- Updating flash cache invalid range 0x00000408 - 0x00001FFF (7160 bytes)
T69D8 003:475.963    -- End of determining dirty areas
T69D8 003:476.024    -- CPU is running at 100000 kHz.
T69D8 003:476.072    -- Start of comparing flash
T69D8 003:476.114    -- CRC check was estimated as fastest method
T69D8 003:476.161    -- Comparing range 0x0000 - 0x1FFF (1 Sector, 8 KB), using multi-block CRC calculation
T69D8 003:479.350    -- CRC does not match for sector 0
T69D8 003:479.432    -- End of comparing flash
T69D8 003:479.479    -- Start of erasing sectors
T69D8 003:479.520    -- End of erasing sectors
T69D8 003:479.561    -- Start of flash programming
T69D8 003:479.608    -- Programming range 0x00000000 - 0x00001FFF (  1 Sector, 8 KB)
T69D8 003:479.668    -- End of flash programming
T69D8 003:479.718    -- 0x0000 - 0x1FFF (  1 Sector, 8 KB)
T69D8 003:479.759    -- Start of restoring
T69D8 003:479.804    -- Restoring RAMCode
T69D8 003:538.200    -- Restoring target memory
T69D8 003:645.783    -- Restore target
T69D8 003:646.187    -- Restoring CPU registers
T69D8 003:646.452    -- End of restoring
T69D8 003:646.722    -- Bank 1 @ 0x00000000: 1 range affected (8192 bytes)
T69D8 003:646.869    -- Total: 0.506s (Prepare: 0.336s, Compare: 0.003s, Erase: 0.000s, Program & Verify: 0.052s, Restore: 0.114s)
T69D8 003:647.069    -- Program & Verify speed: 153 KB/s
T69D8 003:675.270   HandleAfterFlashProg() start
T69D8 003:675.482    J-Link Script File: Executing HandleAfterFlashProg()
T69D8 003:675.560   HandleAfterFlashProg() end - Took 76us
T69D8 003:676.359   CPU_WriteMem(64 bytes @ 0x20030000)
T69D8 003:678.164 - 542.164ms returns 0x40
T69D8 003:679.719 JLINK_WriteMem(0x20030040, 0x88 Bytes, ...)
T69D8 003:679.892   Data:  02 00 00 00 B0 00 03 20 06 00 00 00 50 00 03 20 ...
T69D8 003:680.013   CPU_WriteMem(136 bytes @ 0x20030040)
T69D8 003:682.600 - 2.882ms returns 0x88
T69D8 003:683.717 JLINK_WriteMem(0x200300C8, 0x638 Bytes, ...)
T69D8 003:683.828   Data:  15 49 4F F4 2A 43 B1 F8 84 C0 A1 F8 84 30 B1 F8 ...
T69D8 003:683.921   CPU_WriteMem(1592 bytes @ 0x200300C8)
T69D8 003:701.130 - 17.412ms returns 0x638
T69D8 003:702.577 JLINK_WriteMem(0x20030700, 0xBA0 Bytes, ...)
T69D8 003:702.713   Data:  03 48 04 4B 83 42 02 D0 03 4B 03 B1 18 47 70 47 ...
T69D8 003:702.812   CPU_WriteMem(2976 bytes @ 0x20030700)
T69D8 003:733.737 - 31.159ms returns 0xBA0
T69D8 003:735.205 JLINK_WriteMem(0x200312A0, 0x2C0 Bytes, ...)
T69D8 003:735.360   Data:  00 40 00 00 08 00 00 00 00 40 00 00 09 00 00 00 ...
T69D8 003:735.523   CPU_WriteMem(704 bytes @ 0x200312A0)
T69D8 003:743.718 - 8.513ms returns 0x2C0
T69D8 003:744.765 JLINK_WriteMem(0x20031560, 0x4 Bytes, ...)
T69D8 003:744.904   Data:  F8 B5 00 BF
T69D8 003:744.994   CPU_WriteMem(4 bytes @ 0x20031560)
T69D8 003:745.860 - 1.094ms returns 0x4
T69D8 003:746.939 JLINK_WriteMem(0x20031564, 0x4 Bytes, ...)
T69D8 003:747.098   Data:  F8 B5 00 BF
T69D8 003:747.355   CPU_WriteMem(4 bytes @ 0x20031564)
T69D8 003:748.301 - 1.362ms returns 0x4
T69D8 003:749.266 JLINK_WriteMem(0x20031568, 0x4 Bytes, ...)
T69D8 003:749.423   Data:  69 07 03 20
T69D8 003:749.561   CPU_WriteMem(4 bytes @ 0x20031568)
T69D8 003:750.497 - 1.232ms returns 0x4
T69D8 003:751.334 JLINK_WriteMem(0x2003156C, 0x4 Bytes, ...)
T69D8 003:751.432   Data:  41 07 03 20
T69D8 003:751.516   CPU_WriteMem(4 bytes @ 0x2003156C)
T69D8 003:752.382 - 1.048ms returns 0x4
T69D8 003:768.452 JLINK_EndDownload()
T69D8 003:768.556 - 0.103ms returns 0 (0x0)
T69D8 003:768.768 JLINK_WriteReg(R15 (PC), 0x20031138)
T69D8 003:768.826 - 0.057ms returns 0
T69D8 003:768.873 JLINK_WriteReg(XPSR, 0x01000000)
T69D8 003:768.901 - 0.028ms returns 0
T69D8 003:769.740 JLINK_ResetPullsRESET(ON)
T69D8 003:769.822 - 0.081ms 
T69D8 003:769.852 JLINK_Halt()
T69D8 003:770.636 - 0.784ms returns 0x00
T69D8 003:770.696 JLINK_IsHalted()
T69D8 003:770.726 - 0.028ms returns TRUE
T69D8 003:770.758 JLINK_Reset()
T69D8 003:770.794   JLINK_GetResetTypeDesc
T69D8 003:770.828   - 0.033ms 
T69D8 003:770.856   Reset type: CONNECT UNDER RESET (https://kb.segger.com/J-Link_Reset_Strategies)
T69D8 003:770.886   CPU_WriteMem(4 bytes @ 0xE000EDF0)
T69D8 003:771.602   CPU_WriteMem(4 bytes @ 0xE000EDFC)
T69D8 003:772.443   Reset: Halt core after reset via DEMCR.VC_CORERESET.
T69D8 003:773.463   Reset: Reset device via AIRCR.SYSRESETREQ.
T69D8 003:773.534   CPU_WriteMem(4 bytes @ 0xE000ED0C)
T69D8 003:829.017   CPU_ReadMem(4 bytes @ 0xE000EDF0)
T69D8 003:830.267   CPU_ReadMem(4 bytes @ 0xE000EDF0)
T69D8 003:831.320   CPU_WriteMem(4 bytes @ 0xE000EDFC)
T69D8 003:837.928   CPU_ReadMem(4 bytes @ 0xE000EDF0)
T69D8 003:843.708   CPU_WriteMem(4 bytes @ 0xE0002000)
T69D8 003:844.574   CPU_ReadMem(4 bytes @ 0xE000EDFC)
T69D8 003:845.264   CPU_ReadMem(4 bytes @ 0xE0001000)
T69D8 003:845.981 - 75.221ms 
T69D8 003:846.053 JLINK_SetEndian(ARM_ENDIAN_LITTLE)
T69D8 003:846.087 - 0.033ms returns 0
T69D8 003:872.203 JLINK_ReadMem(0x20031138, 0x4 Bytes, ...)
T69D8 003:872.312   CPU_ReadMem(64 bytes @ 0x20031100)
T69D8 003:873.869    -- Updating C cache (64 bytes @ 0x20031100)
T69D8 003:873.965    -- Read from C cache (4 bytes @ 0x20031138)
T69D8 003:874.008   Data:  08 B5 00 F0
T69D8 003:874.050 - 1.847ms returns 0
T69D8 003:878.991 JLINK_ReadMem(0x20031138, 0x4 Bytes, ...)
T69D8 003:879.084    -- Read from C cache (4 bytes @ 0x20031138)
T69D8 003:879.124   Data:  08 B5 00 F0
T69D8 003:879.179 - 0.188ms returns 0
T69D8 005:042.452 JLINK_ReadMem(0x20030000, 0x4 Bytes, ...)
T69D8 005:042.544   CPU_ReadMem(64 bytes @ 0x20030000)
T69D8 005:044.069    -- Updating C cache (64 bytes @ 0x20030000)
T69D8 005:044.156    -- Read from C cache (4 bytes @ 0x20030000)
T69D8 005:044.199   Data:  38 0A 04 20
T69D8 005:044.240 - 1.788ms returns 0
T69D8 005:044.768 JLINK_WriteReg(R13 (SP), 0x20040A38)
T69D8 005:044.823 - 0.055ms returns 0
T69D8 005:045.225 JLINK_ReadRegs(NumRegs = 20)
T69D8 005:045.287   
  R0 (0)        = 0x00                 R1 (1)        = 0x00                 R2 (2)        = 0x00                 R3 (3)        = 0x4001C11C        
  R4 (4)        = 0x20000904           R5 (5)        = 0x20000924           R6 (6)        = 0x20000924           R7 (7)        = 0x00              
  R8 (8)        = 0x00                 R9 (9)        = 0x1FFE2280           R10 (10)      = 0x04                 R11 (11)      = 0x1FFE0000        
  R12 (12)      = 0x20000888           R13 (SP) (13) = 0x20040A38           R14 (14)      = 0xFFFFFFFF           R15 (PC) (15) = 0xFFFFFFFE        
  XPSR (16)     = 0x1000000            MSP (17)      = 0x20040A38           PSP (18)      = 0x77F742B0           CFBP (20)     = 0x00              
T69D8 005:045.328 - 0.103ms returns 0x00
T69D8 005:046.205 JLINK_ReadMem(0x20030004, 0x4 Bytes, ...)
T69D8 005:046.274    -- Read from C cache (4 bytes @ 0x20030004)
T69D8 005:046.311   Data:  39 11 03 20
T69D8 005:046.348 - 0.143ms returns 0
T69D8 005:046.644 JLINK_WriteReg(R15 (PC), 0x20031139)
T69D8 005:046.697 - 0.052ms returns 0
T69D8 005:046.977 JLINK_ReadRegs(NumRegs = 20)
T69D8 005:047.034   
  R0 (0)        = 0x00                 R1 (1)        = 0x00                 R2 (2)        = 0x00                 R3 (3)        = 0x4001C11C        
  R4 (4)        = 0x20000904           R5 (5)        = 0x20000924           R6 (6)        = 0x20000924           R7 (7)        = 0x00              
  R8 (8)        = 0x00                 R9 (9)        = 0x1FFE2280           R10 (10)      = 0x04                 R11 (11)      = 0x1FFE0000        
  R12 (12)      = 0x20000888           R13 (SP) (13) = 0x20040A38           R14 (14)      = 0xFFFFFFFF           R15 (PC) (15) = 0x20031138        
  XPSR (16)     = 0x1000000            MSP (17)      = 0x20040A38           PSP (18)      = 0x77F742B0           CFBP (20)     = 0x00              
T69D8 005:047.071 - 0.093ms returns 0x00
T69D8 005:047.471 JLINK_ReadMem(0x20031138, 0x4 Bytes, ...)
T69D8 005:047.533    -- Read from C cache (4 bytes @ 0x20031138)
T69D8 005:047.569   Data:  08 B5 00 F0
T69D8 005:047.609 - 0.138ms returns 0
T69D8 005:137.331 JLINK_ReadRegs(NumRegs = 20)
T69D8 005:137.447   
  R0 (0)        = 0x00                 R1 (1)        = 0x00                 R2 (2)        = 0x00                 R3 (3)        = 0x4001C11C        
  R4 (4)        = 0x20000904           R5 (5)        = 0x20000924           R6 (6)        = 0x20000924           R7 (7)        = 0x00              
  R8 (8)        = 0x00                 R9 (9)        = 0x1FFE2280           R10 (10)      = 0x04                 R11 (11)      = 0x1FFE0000        
  R12 (12)      = 0x20000888           R13 (SP) (13) = 0x20040A38           R14 (14)      = 0xFFFFFFFF           R15 (PC) (15) = 0x20031138        
  XPSR (16)     = 0x1000000            MSP (17)      = 0x20040A38           PSP (18)      = 0x77F742B0           CFBP (20)     = 0x00              
T69D8 005:137.489 - 0.159ms returns 0x00
T69D8 005:139.205 JLINK_ReadMem(0x20031138, 0x4 Bytes, ...)
T69D8 005:139.347    -- Read from C cache (4 bytes @ 0x20031138)
T69D8 005:139.406   Data:  08 B5 00 F0
T69D8 005:139.471 - 0.266ms returns 0
T5674 005:190.985 JLINK_GetNumBPUnits(Type = 0xFFFFFF00)
T5674 005:191.052 - 0.068ms returns 0x06
T5674 005:191.083 JLINK_GetNumWPUnits()
T5674 005:191.105 - 0.022ms returns 4
T5674 005:191.407 JLINK_GetNumBPUnits(Type = 0xFFFFFF00)
T5674 005:191.485 - 0.079ms returns 0x06
T5674 005:191.524 JLINK_GetNumWPUnits()
T5674 005:191.564 - 0.039ms returns 4
T5674 005:191.908 JLINK_GetNumBPUnits(Type = 0xFFFFFF00)
T5674 005:191.973 - 0.066ms returns 0x06
T5674 005:192.012 JLINK_GetNumWPUnits()
T5674 005:192.054 - 0.041ms returns 4
T5674 005:193.227 JLINK_GetNumBPUnits(Type = 0xFFFFFF00)
T5674 005:193.297 - 0.070ms returns 0x06
T5674 005:193.323 JLINK_GetNumWPUnits()
T5674 005:193.349 - 0.025ms returns 4
T5674 005:194.056 JLINK_GetNumBPUnits(Type = 0xFFFFFF00)
T5674 005:194.112 - 0.056ms returns 0x06
T5674 005:194.139 JLINK_GetNumWPUnits()
T5674 005:194.163 - 0.023ms returns 4
T5674 005:194.525 JLINK_GetNumBPUnits(Type = 0xFFFFFF00)
T5674 005:194.577 - 0.051ms returns 0x06
T5674 005:194.601 JLINK_GetNumWPUnits()
T5674 005:194.625 - 0.024ms returns 4
T5674 005:195.035 JLINK_GetNumBPUnits(Type = 0xFFFFFF00)
T5674 005:195.085 - 0.049ms returns 0x06
T5674 005:195.110 JLINK_GetNumWPUnits()
T5674 005:195.133 - 0.022ms returns 4
T5674 005:195.502 JLINK_GetNumBPUnits(Type = 0xFFFFFF00)
T5674 005:195.573 - 0.071ms returns 0x06
T5674 005:195.620 JLINK_GetNumWPUnits()
T5674 005:195.657 - 0.036ms returns 4
T69D8 005:215.501 JLINK_ReadMemEx(0xE000ED28, 0x4 Bytes, Flags = 0x00000004)
T69D8 005:215.591   CPU_ReadMem(4 bytes @ 0xE000ED28)
T69D8 005:216.287   Data:  00 00 00 00
T69D8 005:216.347 - 0.846ms returns 4 (0x4)
T69D8 005:216.377 JLINK_ReadMemEx(0xE000ED2C, 0x4 Bytes, Flags = 0x00000004)
T69D8 005:216.409   CPU_ReadMem(4 bytes @ 0xE000ED2C)
T69D8 005:217.098   Data:  00 00 00 00
T69D8 005:217.168 - 0.791ms returns 4 (0x4)
T69D8 005:217.211 JLINK_ReadMem(0xE000ED30, 0x4 Bytes, ...)
T69D8 005:217.246   CPU_ReadMem(4 bytes @ 0xE000ED30)
T69D8 005:217.933   Data:  08 00 00 00
T69D8 005:217.999 - 0.788ms returns 0
T69D8 005:218.029 JLINK_ReadMemEx(0xE000ED34, 0x4 Bytes, Flags = 0x00000004)
T69D8 005:218.057   CPU_ReadMem(4 bytes @ 0xE000ED34)
T69D8 005:218.744   Data:  F8 ED 00 E0
T69D8 005:218.803 - 0.773ms returns 4 (0x4)
T69D8 005:218.833 JLINK_ReadMemEx(0xE000ED38, 0x4 Bytes, Flags = 0x00000004)
T69D8 005:218.858   CPU_ReadMem(4 bytes @ 0xE000ED38)
T69D8 005:219.513   Data:  F8 ED 00 E0
T69D8 005:219.568 - 0.735ms returns 4 (0x4)
T69D8 005:219.599 JLINK_ReadMemEx(0xE000ED3C, 0x4 Bytes, Flags = 0x00000004)
T69D8 005:219.629   CPU_ReadMem(4 bytes @ 0xE000ED3C)
T69D8 005:220.294   Data:  00 00 00 00
T69D8 005:220.354 - 0.755ms returns 4 (0x4)
T69D8 007:011.901 JLINK_ReadMem(0x20031138, 0x4 Bytes, ...)
T69D8 007:012.014    -- Read from C cache (4 bytes @ 0x20031138)
T69D8 007:012.053   Data:  08 B5 00 F0
T69D8 007:012.091 - 0.196ms returns 0
T69D8 008:419.995 JLINK_IsHalted()
T69D8 008:420.779 - 0.782ms returns TRUE
T69D8 008:420.868 JLINK_GoEx(MaxEmulInsts = 0, Flags = 0x01)
T69D8 008:420.931   CPU_ReadMem(4 bytes @ 0xE0001000)
T69D8 008:421.757   CPU_WriteMem(4 bytes @ 0xE0001004)
T69D8 008:424.391   Memory map 'after startup completion point' is active
T69D8 008:424.514 - 3.645ms 
T69D8 008:519.103 JLINK_IsHalted()
T69D8 008:519.837 - 0.732ms returns FALSE
T69D8 008:519.919 JLINK_IsHalted()
T69D8 008:520.533 - 0.612ms returns FALSE
T69D8 008:629.266 JLINK_IsHalted()
T69D8 008:630.359 - 1.092ms returns FALSE
T69D8 008:630.474 JLINK_IsHalted()
T69D8 008:631.247 - 0.772ms returns FALSE
T69D8 008:738.778 JLINK_IsHalted()
T69D8 008:739.898 - 1.119ms returns FALSE
T69D8 008:740.003 JLINK_IsHalted()
T69D8 008:740.995 - 0.991ms returns FALSE
T69D8 008:847.533 JLINK_IsHalted()
T69D8 008:848.670 - 1.135ms returns FALSE
T69D8 008:848.841 JLINK_IsHalted()
T69D8 008:849.928 - 1.085ms returns FALSE
T69D8 008:957.787 JLINK_IsHalted()
T69D8 008:958.989 - 1.200ms returns FALSE
T69D8 008:959.174 JLINK_IsHalted()
T69D8 008:960.270 - 1.093ms returns FALSE
T69D8 009:066.244 JLINK_IsHalted()
T69D8 009:067.522 - 1.275ms returns FALSE
T69D8 009:067.741 JLINK_IsHalted()
T69D8 009:068.878 - 1.133ms returns FALSE
T69D8 009:176.138 JLINK_IsHalted()
T69D8 009:177.186 - 1.050ms returns FALSE
T69D8 009:177.332 JLINK_IsHalted()
T69D8 009:178.159 - 0.825ms returns FALSE
T69D8 009:284.821 JLINK_IsHalted()
T69D8 009:285.622 - 0.799ms returns FALSE
T69D8 009:285.693 JLINK_IsHalted()
T69D8 009:286.368 - 0.674ms returns FALSE
T69D8 009:394.068 JLINK_IsHalted()
T69D8 009:395.118 - 1.049ms returns FALSE
T69D8 009:395.238 JLINK_IsHalted()
T69D8 009:396.002 - 0.762ms returns FALSE
T5674 009:422.979 JLINK_IsHalted()
T5674 009:424.021 - 1.040ms returns FALSE
T5674 009:424.163 JLINK_IsHalted()
T5674 009:425.218 - 1.052ms returns FALSE
T69D8 009:503.588 JLINK_IsHalted()
T69D8 009:504.254 - 0.665ms returns FALSE
T69D8 009:504.309 JLINK_IsHalted()
T69D8 009:504.894 - 0.583ms returns FALSE
T69D8 009:613.382 JLINK_IsHalted()
T69D8 009:614.227 - 0.846ms returns FALSE
T69D8 009:614.278 JLINK_IsHalted()
T69D8 009:614.901 - 0.622ms returns FALSE
T69D8 009:723.171 JLINK_IsHalted()
T69D8 009:723.932 - 0.760ms returns FALSE
T69D8 009:723.987 JLINK_IsHalted()
T69D8 009:724.618 - 0.630ms returns FALSE
T69D8 009:832.264 JLINK_IsHalted()
T69D8 009:833.067 - 0.803ms returns FALSE
T69D8 009:833.132 JLINK_IsHalted()
T69D8 009:833.870 - 0.736ms returns FALSE
T69D8 009:941.192 JLINK_IsHalted()
T69D8 009:941.946 - 0.754ms returns FALSE
T69D8 009:942.001 JLINK_IsHalted()
T69D8 009:942.633 - 0.631ms returns FALSE
T69D8 010:050.912 JLINK_IsHalted()
T69D8 010:052.162 - 1.248ms returns FALSE
T69D8 010:052.295 JLINK_IsHalted()
T69D8 010:053.394 - 1.097ms returns FALSE
T69D8 010:159.899 JLINK_IsHalted()
T69D8 010:160.730 - 0.829ms returns FALSE
T69D8 010:160.796 JLINK_IsHalted()
T69D8 010:161.794 - 0.996ms returns FALSE
T69D8 010:269.718 JLINK_IsHalted()
T69D8 010:270.838 - 1.118ms returns FALSE
T69D8 010:270.989 JLINK_IsHalted()
T69D8 010:272.136 - 1.143ms returns FALSE
T69D8 010:378.914 JLINK_IsHalted()
T69D8 010:379.755 - 0.841ms returns FALSE
T69D8 010:379.866 JLINK_IsHalted()
T69D8 010:380.629 - 0.761ms returns FALSE
T5674 010:425.863 JLINK_IsHalted()
T5674 010:426.652 - 0.788ms returns FALSE
T5674 010:426.703 JLINK_IsHalted()
T5674 010:427.357 - 0.653ms returns FALSE
T69D8 010:488.531 JLINK_IsHalted()
T69D8 010:489.420 - 0.888ms returns FALSE
T69D8 010:489.538 JLINK_IsHalted()
T69D8 010:490.384 - 0.843ms returns FALSE
T69D8 010:597.562 JLINK_IsHalted()
T69D8 010:598.834 - 1.270ms returns FALSE
T69D8 010:598.957 JLINK_IsHalted()
T69D8 010:600.169 - 1.210ms returns FALSE
T69D8 010:707.855 JLINK_IsHalted()
T69D8 010:708.954 - 1.097ms returns FALSE
T69D8 010:709.218 JLINK_IsHalted()
T69D8 010:710.202 - 0.982ms returns FALSE
T69D8 010:816.126 JLINK_IsHalted()
T69D8 010:817.326 - 1.200ms returns FALSE
T69D8 010:817.457 JLINK_IsHalted()
T69D8 010:818.348 - 0.890ms returns FALSE
T69D8 010:926.120 JLINK_IsHalted()
T69D8 010:927.066 - 0.945ms returns FALSE
T69D8 010:927.223 JLINK_IsHalted()
T69D8 010:928.402 - 1.177ms returns FALSE
T69D8 011:034.830 JLINK_IsHalted()
T69D8 011:036.177 - 1.344ms returns FALSE
T69D8 011:036.495 JLINK_IsHalted()
T69D8 011:037.620 - 1.122ms returns FALSE
T69D8 011:144.931 JLINK_IsHalted()
T69D8 011:145.649 - 0.717ms returns FALSE
T69D8 011:145.711 JLINK_IsHalted()
T69D8 011:146.295 - 0.583ms returns FALSE
T69D8 011:254.678 JLINK_IsHalted()
T69D8 011:255.395 - 0.717ms returns FALSE
T69D8 011:255.458 JLINK_IsHalted()
T69D8 011:256.122 - 0.663ms returns FALSE
T69D8 011:363.776 JLINK_IsHalted()
T69D8 011:364.591 - 0.813ms returns FALSE
T69D8 011:364.690 JLINK_IsHalted()
T69D8 011:365.530 - 0.838ms returns FALSE
T5674 011:427.516 JLINK_IsHalted()
T5674 011:428.721 - 1.204ms returns FALSE
T5674 011:428.832 JLINK_IsHalted()
T5674 011:429.894 - 1.060ms returns FALSE
T69D8 011:472.520 JLINK_IsHalted()
T69D8 011:473.633 - 1.110ms returns FALSE
T69D8 011:473.793 JLINK_IsHalted()
T69D8 011:474.587 - 0.792ms returns FALSE
T69D8 011:582.218 JLINK_IsHalted()
T69D8 011:583.353 - 1.133ms returns FALSE
T69D8 011:583.498 JLINK_IsHalted()
T69D8 011:584.295 - 0.796ms returns FALSE
T69D8 011:691.603 JLINK_IsHalted()
T69D8 011:692.764 - 1.158ms returns FALSE
T69D8 011:692.941 JLINK_IsHalted()
T69D8 011:694.152 - 1.208ms returns FALSE
T69D8 011:800.797 JLINK_IsHalted()
T69D8 011:802.086 - 1.288ms returns FALSE
T69D8 011:802.226 JLINK_IsHalted()
T69D8 011:803.043 - 0.814ms returns FALSE
T69D8 011:910.325 JLINK_IsHalted()
T69D8 011:911.294 - 0.968ms returns FALSE
T69D8 011:911.431 JLINK_IsHalted()
T69D8 011:912.256 - 0.823ms returns FALSE
T69D8 012:019.272 JLINK_IsHalted()
T69D8 012:020.120 - 0.849ms returns FALSE
T69D8 012:020.206 JLINK_IsHalted()
T69D8 012:020.944 - 0.737ms returns FALSE
T69D8 012:128.720 JLINK_IsHalted()
T69D8 012:129.517 - 0.796ms returns FALSE
T69D8 012:129.581 JLINK_IsHalted()
T69D8 012:130.258 - 0.676ms returns FALSE
T69D8 012:238.778 JLINK_IsHalted()
T69D8 012:239.509 - 0.731ms returns FALSE
T69D8 012:239.562 JLINK_IsHalted()
T69D8 012:240.262 - 0.699ms returns FALSE
T69D8 012:347.973 JLINK_IsHalted()
T69D8 012:348.841 - 0.867ms returns FALSE
T69D8 012:348.894 JLINK_IsHalted()
T69D8 012:349.570 - 0.675ms returns FALSE
T2374 012:907.199 JLINK_Halt()
T2374 012:912.362 - 5.162ms returns 0x00
T2374 012:912.452 JLINK_ReadReg(XPSR)
T2374 012:913.154 - 0.700ms returns 0x61000000
T2374 012:921.662 JLINK_Close()
T2374 012:922.173   OnDisconnectTarget() start
T2374 012:922.256    J-Link Script File: Executing OnDisconnectTarget()
T2374 012:922.302   Restoring low power mode settings.
T2374 012:925.956   OnDisconnectTarget() end - Took 3.69ms
T2374 012:935.898 - 14.234ms
T2374 012:936.018   
T2374 012:936.058   Closed
