T3D98 000:003.705   SEGGER J-Link V9.64 Log File
T3D98 000:003.956   DLL Compiled: Jul 29 2026 13:53:00
T3D98 000:003.977   Logging started @ 2026-09-07 13:32
T3D98 000:003.998   Process: C:\Users\b3800117\.eclipse\com.renesas.platform_892812705\DebugComp\RA\e2-server-gdb.exe
T3D98 000:004.024 - 4.019ms 
T3D98 000:004.058 JLINK_GetDLLVersion()
T3D98 000:004.081 - 0.022ms returns 96400
T3D98 000:011.910 JLINK_OpenEx(...)
T3D98 000:024.596   Firmware: J-Link OB-RA4M2 compiled May  6 2026 16:18:23
T3D98 000:025.828   Firmware: J-Link OB-RA4M2 compiled May  6 2026 16:18:23
T3D98 000:038.854   Hardware: V1.00
T3D98 000:038.917   S/N: 1080797604
T3D98 000:038.950   OEM: SEGGER
T3D98 000:038.988   Feature(s): None
T3D98 000:040.299   Bootloader: 2023 Apr 26
T3D98 000:041.198   USB speed mode: Full speed (12 MBit/s)
T3D98 000:041.844   TELNET listener socket opened on port 19021
T3D98 000:042.263   WEBSRV WEBSRV_Init(): Starting webserver thread(s)
T3D98 000:042.543   WEBSRV Webserver running on local port 19080
T3D98 000:042.904   Looking for J-Link GUI Server exe at: C:\Users\b3800117\.eclipse\com.renesas.platform_892812705\DebugComp\RA\ARM\Segger_v9.64.0\JLinkGUIServer.exe
T3D98 000:043.258   Looking for J-Link GUI Server exe at: C:\Program Files (x86)\SEGGER\JLink_V914a\\JLinkGUIServer.exe
T3D98 000:043.392   Forking J-Link GUI Server: C:\Program Files (x86)\SEGGER\JLink_V914a\\JLinkGUIServer.exe
T3D98 000:120.110   J-Link GUI Server info: "J-Link GUI server V9.14a "
T3D98 000:124.110 - 112.191ms returns "O.K."
T3D98 000:124.511 JLINK_TIF_Select(JLINKARM_TIF_SWD)
T3D98 000:125.452 - 0.941ms returns 0x00
T3D98 000:125.516 JLINK_ClrRESET()
T3D98 000:127.418 - 1.902ms 
T3D98 000:178.387 JLINK_SetSpeed(1500)
T3D98 000:178.708 - 0.334ms 
T3D98 000:178.761 JLINK_CORESIGHT_Configure(PerformTIFInit=0)
T3D98 000:179.202 - 0.446ms returns 0
T3D98 000:179.257 JLINK_CORESIGHT_ReadAPDPReg(DP reg 0x00)
T3D98 000:179.771   Value=0x6BA02477
T3D98 000:179.829 - 0.576ms returns 0
T3D98 000:179.859 JLINK_CORESIGHT_WriteAPDPReg(DP reg 0x00, 0x0000001F)
T3D98 000:180.118 - 0.259ms returns 0
T3D98 000:180.160 JLINK_CORESIGHT_ReadAPDPReg(DP reg 0x00)
T3D98 000:180.419   Value=0x6BA02477
T3D98 000:180.474 - 0.314ms returns 0
T3D98 000:180.503 JLINK_CORESIGHT_WriteAPDPReg(DP reg 0x02, 0x00000000)
T3D98 000:180.764 - 0.260ms returns 0
T3D98 000:180.805 JLINK_CORESIGHT_WriteAPDPReg(DP reg 0x01, 0x50000000)
T3D98 000:181.083 - 0.278ms returns 0
T3D98 000:181.134 JLINK_CORESIGHT_ReadAPDPReg(DP reg 0x01)
T3D98 000:181.443   Value=0xF0000000
T3D98 000:181.485 - 0.350ms returns 0
T3D98 000:181.504 JLINK_CORESIGHT_WriteAPDPReg(DP reg 0x00, 0x0000001F)
T3D98 000:181.703 - 0.199ms returns 0
T3D98 000:181.731 JLINK_CORESIGHT_ReadAPDPReg(DP reg 0x00)
T3D98 000:182.001   Value=0x6BA02477
T3D98 000:182.030 - 0.298ms returns 0
T3D98 000:182.048 JLINK_CORESIGHT_WriteAPDPReg(DP reg 0x01, 0x54000000)
T3D98 000:182.261 - 0.213ms returns 0
T3D98 000:182.283 JLINK_CORESIGHT_WriteAPDPReg(DP reg 0x01, 0x50000F00)
T3D98 000:182.468 - 0.185ms returns 0
T3D98 000:182.490 JLINK_CORESIGHT_WriteAPDPReg(DP reg 0x02, 0x01000000)
T3D98 000:182.776 - 0.286ms returns 0
T3D98 000:182.801 JLINK_CORESIGHT_WriteAPDPReg(AP reg 0x00, 0x80000002)
T3D98 000:183.033 - 0.232ms returns 0
T3D98 000:183.054 JLINK_CORESIGHT_WriteAPDPReg(AP reg 0x01, 0x80011100)
T3D98 000:183.360 - 0.305ms returns 0
T3D98 000:183.381 JLINK_CORESIGHT_WriteAPDPReg(AP reg 0x03, 0x000000A5)
T3D98 000:183.637 - 0.255ms returns 0
T3D98 000:183.659 JLINK_CORESIGHT_WriteAPDPReg(AP reg 0x00, 0x80000002)
T3D98 000:183.942 - 0.282ms returns 0
T3D98 000:183.963 JLINK_CORESIGHT_WriteAPDPReg(AP reg 0x01, 0x80011100)
T3D98 000:184.149 - 0.186ms returns 0
T3D98 000:184.170 JLINK_CORESIGHT_ReadAPDPReg(AP reg 0x03)
T3D98 000:184.477   Value=0x000000A5
T3D98 000:184.505 - 0.334ms returns 0
T3D98 000:184.536 JLINK_ClrTMS()
T3D98 000:184.614 - 0.081ms 
T3D98 000:190.622 JLINK_SetTCK()
T3D98 000:190.737 - 0.114ms returns 0
T3D98 000:196.907 JLINK_SetRESET()
T3D98 000:197.124 - 0.217ms 
T3D98 000:397.424 JLINK_CORESIGHT_WriteAPDPReg(AP reg 0x00, 0x80000002)
T3D98 000:397.846 - 0.421ms returns 0
T3D98 000:397.889 JLINK_CORESIGHT_WriteAPDPReg(AP reg 0x01, 0x80011100)
T3D98 000:399.447 - 1.557ms returns 0
T3D98 000:399.500 JLINK_CORESIGHT_ReadAPDPReg(AP reg 0x03)
T3D98 000:399.954   Value=0x00000000
T3D98 000:400.003 - 0.503ms returns 0
T3D98 000:400.025 JLINK_CORESIGHT_WriteAPDPReg(AP reg 0x00, 0x80000002)
T3D98 000:400.316 - 0.290ms returns 0
T3D98 000:400.395 JLINK_CORESIGHT_WriteAPDPReg(AP reg 0x01, 0x80011140)
T3D98 000:400.699 - 0.304ms returns 0
T3D98 000:400.746 JLINK_CORESIGHT_ReadAPDPReg(AP reg 0x03)
T3D98 000:401.267   Value=0x00000002
T3D98 000:401.319 - 0.572ms returns 0
T3D98 000:401.351 JLINK_CORESIGHT_WriteAPDPReg(AP reg 0x00, 0x80000002)
T3D98 000:403.331 - 1.980ms returns 0
T3D98 000:403.373 JLINK_CORESIGHT_WriteAPDPReg(AP reg 0x01, 0x80011120)
T3D98 000:403.814 - 0.441ms returns 0
T3D98 000:403.863 JLINK_CORESIGHT_WriteAPDPReg(AP reg 0x03, 0x00000055)
T3D98 000:404.283 - 0.419ms returns 0
T3D98 000:404.325 JLINK_CORESIGHT_WriteAPDPReg(AP reg 0x00, 0x80000002)
T3D98 000:404.812 - 0.487ms returns 0
T3D98 000:404.852 JLINK_CORESIGHT_WriteAPDPReg(AP reg 0x01, 0x80011140)
T3D98 000:405.163 - 0.311ms returns 0
T3D98 000:405.208 JLINK_CORESIGHT_ReadAPDPReg(AP reg 0x03)
T3D98 000:405.675   Value=0x00000002
T3D98 000:405.723 - 0.514ms returns 0
T3D98 000:405.741 JLINK_CORESIGHT_ReadAPDPReg(AP reg 0x03)
T3D98 000:406.253   Value=0x00000002
T3D98 000:406.296 - 0.554ms returns 0
T3D98 000:406.314 JLINK_CORESIGHT_ReadAPDPReg(AP reg 0x03)
T3D98 000:406.737   Value=0x00000002
T3D98 000:406.780 - 0.465ms returns 0
T3D98 000:406.804 JLINK_CORESIGHT_ReadAPDPReg(AP reg 0x03)
T3D98 000:407.290   Value=0x00000002
T3D98 000:407.334 - 0.530ms returns 0
T3D98 000:407.358 JLINK_CORESIGHT_ReadAPDPReg(AP reg 0x03)
T3D98 000:407.800   Value=0x00000002
T3D98 000:407.842 - 0.484ms returns 0
T3D98 000:407.869 JLINK_CORESIGHT_ReadAPDPReg(AP reg 0x03)
T3D98 000:408.388   Value=0x00000002
T3D98 000:408.431 - 0.564ms returns 0
T3D98 000:408.454 JLINK_CORESIGHT_ReadAPDPReg(AP reg 0x03)
T3D98 000:408.953   Value=0x00000002
T3D98 000:408.997 - 0.543ms returns 0
T3D98 000:409.024 JLINK_CORESIGHT_ReadAPDPReg(AP reg 0x03)
T3D98 000:409.538   Value=0x00000002
T3D98 000:409.586 - 0.562ms returns 0
T3D98 000:409.610 JLINK_CORESIGHT_ReadAPDPReg(AP reg 0x03)
T3D98 000:410.060   Value=0x00000002
T3D98 000:410.105 - 0.495ms returns 0
T3D98 000:410.129 JLINK_CORESIGHT_ReadAPDPReg(AP reg 0x03)
T3D98 000:410.598   Value=0x00000002
T3D98 000:410.643 - 0.514ms returns 0
T3D98 000:410.667 JLINK_CORESIGHT_ReadAPDPReg(AP reg 0x03)
T3D98 000:411.128   Value=0x00000002
T3D98 000:411.171 - 0.504ms returns 0
T3D98 000:411.194 JLINK_CORESIGHT_ReadAPDPReg(AP reg 0x03)
T3D98 000:411.645   Value=0x00000002
T3D98 000:411.689 - 0.494ms returns 0
T3D98 000:411.716 JLINK_CORESIGHT_ReadAPDPReg(AP reg 0x03)
T3D98 000:412.235   Value=0x00000002
T3D98 000:412.281 - 0.565ms returns 0
T3D98 000:412.306 JLINK_CORESIGHT_ReadAPDPReg(AP reg 0x03)
T3D98 000:412.782   Value=0x00000002
T3D98 000:412.826 - 0.520ms returns 0
T3D98 000:412.850 JLINK_CORESIGHT_ReadAPDPReg(AP reg 0x03)
T3D98 000:413.340   Value=0x00000002
T3D98 000:413.387 - 0.536ms returns 0
T3D98 000:413.411 JLINK_CORESIGHT_ReadAPDPReg(AP reg 0x03)
T3D98 000:413.867   Value=0x00000002
T3D98 000:413.912 - 0.501ms returns 0
T3D98 000:413.936 JLINK_CORESIGHT_ReadAPDPReg(AP reg 0x03)
T3D98 000:414.387   Value=0x00000002
T3D98 000:414.435 - 0.498ms returns 0
T3D98 000:414.458 JLINK_CORESIGHT_ReadAPDPReg(AP reg 0x03)
T3D98 000:414.910   Value=0x00000002
T3D98 000:414.955 - 0.497ms returns 0
T3D98 000:414.979 JLINK_CORESIGHT_ReadAPDPReg(AP reg 0x03)
T3D98 000:415.456   Value=0x00000002
T3D98 000:415.500 - 0.520ms returns 0
T3D98 000:415.527 JLINK_CORESIGHT_ReadAPDPReg(AP reg 0x03)
T3D98 000:415.955   Value=0x00000000
T3D98 000:416.004 - 0.477ms returns 0
T3D98 000:416.028 JLINK_CORESIGHT_WriteAPDPReg(AP reg 0x00, 0x80000002)
T3D98 000:418.371 - 2.343ms returns 0
T3D98 000:418.421 JLINK_CORESIGHT_WriteAPDPReg(AP reg 0x01, 0x80011130)
T3D98 000:418.714 - 0.292ms returns 0
T3D98 000:418.763 JLINK_CORESIGHT_ReadAPDPReg(AP reg 0x03)
T3D98 000:419.069   Value=0x000000C6
T3D98 000:419.116 - 0.352ms returns 0
T3D98 000:419.803 JLINK_CORESIGHT_WriteAPDPReg(AP reg 0x00, 0x80000002)
T3D98 000:420.250 - 0.447ms returns 0
T3D98 000:420.290 JLINK_CORESIGHT_WriteAPDPReg(AP reg 0x01, 0x80011140)
T3D98 000:420.593 - 0.303ms returns 0
T3D98 000:420.637 JLINK_CORESIGHT_ReadAPDPReg(AP reg 0x03)
T3D98 000:421.074   Value=0x00000002
T3D98 000:421.122 - 0.485ms returns 0
T3D98 000:421.143 JLINK_CORESIGHT_WriteAPDPReg(AP reg 0x00, 0x80000002)
T3D98 000:421.526 - 0.383ms returns 0
T3D98 000:421.566 JLINK_CORESIGHT_WriteAPDPReg(AP reg 0x01, 0x80011120)
T3D98 000:421.871 - 0.304ms returns 0
T3D98 000:421.911 JLINK_CORESIGHT_WriteAPDPReg(AP reg 0x03, 0x3A010001)
T3D98 000:422.227 - 0.316ms returns 0
T3D98 000:422.266 JLINK_CORESIGHT_WriteAPDPReg(AP reg 0x00, 0x80000002)
T3D98 000:422.597 - 0.330ms returns 0
T3D98 000:422.645 JLINK_CORESIGHT_WriteAPDPReg(AP reg 0x01, 0x80011140)
T3D98 000:422.921 - 0.275ms returns 0
T3D98 000:422.961 JLINK_CORESIGHT_ReadAPDPReg(AP reg 0x03)
T3D98 000:423.314   Value=0x00000002
T3D98 000:423.359 - 0.398ms returns 0
T3D98 000:423.379 JLINK_CORESIGHT_WriteAPDPReg(AP reg 0x00, 0x80000002)
T3D98 000:423.652 - 0.273ms returns 0
T3D98 000:423.692 JLINK_CORESIGHT_WriteAPDPReg(AP reg 0x01, 0x80011120)
T3D98 000:424.005 - 0.312ms returns 0
T3D98 000:424.045 JLINK_CORESIGHT_WriteAPDPReg(AP reg 0x03, 0x000003C5)
T3D98 000:424.344 - 0.299ms returns 0
T3D98 000:424.384 JLINK_CORESIGHT_WriteAPDPReg(AP reg 0x00, 0x80000002)
T3D98 000:424.666 - 0.282ms returns 0
T3D98 000:424.705 JLINK_CORESIGHT_WriteAPDPReg(AP reg 0x01, 0x80011140)
T3D98 000:424.947 - 0.242ms returns 0
T3D98 000:424.987 JLINK_CORESIGHT_ReadAPDPReg(AP reg 0x03)
T3D98 000:425.404   Value=0x00000002
T3D98 000:425.453 - 0.466ms returns 0
T3D98 000:425.471 JLINK_CORESIGHT_ReadAPDPReg(AP reg 0x03)
T3D98 000:425.833   Value=0x00000002
T3D98 000:425.876 - 0.405ms returns 0
T3D98 000:425.895 JLINK_CORESIGHT_ReadAPDPReg(AP reg 0x03)
T3D98 000:426.212   Value=0x00000002
T3D98 000:426.261 - 0.365ms returns 0
T3D98 000:426.280 JLINK_CORESIGHT_ReadAPDPReg(AP reg 0x03)
T3D98 000:426.595   Value=0x00000002
T3D98 000:426.640 - 0.359ms returns 0
T3D98 000:426.659 JLINK_CORESIGHT_ReadAPDPReg(AP reg 0x03)
T3D98 000:427.023   Value=0x00000000
T3D98 000:427.068 - 0.408ms returns 0
T3D98 000:427.087 JLINK_CORESIGHT_WriteAPDPReg(AP reg 0x00, 0x80000002)
T3D98 000:427.438 - 0.350ms returns 0
T3D98 000:427.479 JLINK_CORESIGHT_WriteAPDPReg(AP reg 0x01, 0x80011130)
T3D98 000:427.751 - 0.271ms returns 0
T3D98 000:427.790 JLINK_CORESIGHT_ReadAPDPReg(AP reg 0x03)
T3D98 000:428.163   Value=0x3A2A0081
T3D98 000:428.207 - 0.417ms returns 0
T3D98 000:428.227 JLINK_CORESIGHT_WriteAPDPReg(AP reg 0x00, 0x80000002)
T3D98 000:428.520 - 0.293ms returns 0
T3D98 000:428.560 JLINK_CORESIGHT_WriteAPDPReg(AP reg 0x01, 0x80011140)
T3D98 000:428.860 - 0.299ms returns 0
T3D98 000:428.900 JLINK_CORESIGHT_ReadAPDPReg(AP reg 0x03)
T3D98 000:429.216   Value=0x00000000
T3D98 000:429.261 - 0.361ms returns 0
T3D98 000:429.281 JLINK_CORESIGHT_WriteAPDPReg(AP reg 0x00, 0x80000002)
T3D98 000:429.599 - 0.317ms returns 0
T3D98 000:429.638 JLINK_CORESIGHT_WriteAPDPReg(AP reg 0x01, 0x80011130)
T3D98 000:429.885 - 0.247ms returns 0
T3D98 000:429.926 JLINK_CORESIGHT_ReadAPDPReg(AP reg 0x03)
T3D98 000:430.344   Value=0x808D5B00
T3D98 000:430.395 - 0.468ms returns 0
T3D98 000:430.415 JLINK_CORESIGHT_WriteAPDPReg(AP reg 0x00, 0x80000002)
T3D98 000:430.731 - 0.316ms returns 0
T3D98 000:430.770 JLINK_CORESIGHT_WriteAPDPReg(AP reg 0x01, 0x80011140)
T3D98 000:431.017 - 0.247ms returns 0
T3D98 000:431.057 JLINK_CORESIGHT_ReadAPDPReg(AP reg 0x03)
T3D98 000:431.476   Value=0x00000000
T3D98 000:431.521 - 0.464ms returns 0
T3D98 000:431.544 JLINK_CORESIGHT_WriteAPDPReg(AP reg 0x00, 0x80000002)
T3D98 000:431.840 - 0.295ms returns 0
T3D98 000:431.880 JLINK_CORESIGHT_WriteAPDPReg(AP reg 0x01, 0x80011130)
T3D98 000:432.180 - 0.300ms returns 0
T3D98 000:432.220 JLINK_CORESIGHT_ReadAPDPReg(AP reg 0x03)
T3D98 000:432.497   Value=0x0806070A
T3D98 000:432.542 - 0.322ms returns 0
T3D98 000:432.561 JLINK_CORESIGHT_WriteAPDPReg(AP reg 0x00, 0x80000002)
T3D98 000:432.880 - 0.318ms returns 0
T3D98 000:432.911 JLINK_CORESIGHT_WriteAPDPReg(AP reg 0x01, 0x80011140)
T3D98 000:433.219 - 0.308ms returns 0
T3D98 000:433.261 JLINK_CORESIGHT_ReadAPDPReg(AP reg 0x03)
T3D98 000:433.608   Value=0x00000000
T3D98 000:433.658 - 0.396ms returns 0
T3D98 000:433.677 JLINK_CORESIGHT_WriteAPDPReg(AP reg 0x00, 0x80000002)
T3D98 000:433.926 - 0.249ms returns 0
T3D98 000:433.949 JLINK_CORESIGHT_WriteAPDPReg(AP reg 0x01, 0x80011130)
T3D98 000:434.174 - 0.224ms returns 0
T3D98 000:434.195 JLINK_CORESIGHT_ReadAPDPReg(AP reg 0x03)
T3D98 000:434.491   Value=0x33545414
T3D98 000:434.518 - 0.323ms returns 0
T3D98 000:434.538 JLINK_CORESIGHT_WriteAPDPReg(AP reg 0x00, 0x80000002)
T3D98 000:434.758 - 0.221ms returns 0
T3D98 000:434.778 JLINK_CORESIGHT_WriteAPDPReg(AP reg 0x01, 0x80011140)
T3D98 000:434.990 - 0.211ms returns 0
T3D98 000:435.011 JLINK_CORESIGHT_ReadAPDPReg(AP reg 0x03)
T3D98 000:435.363   Value=0x00000000
T3D98 000:435.398 - 0.387ms returns 0
T3D98 000:435.419 JLINK_CORESIGHT_WriteAPDPReg(AP reg 0x00, 0x80000002)
T3D98 000:435.675 - 0.256ms returns 0
T3D98 000:435.698 JLINK_CORESIGHT_WriteAPDPReg(AP reg 0x01, 0x80011130)
T3D98 000:435.948 - 0.250ms returns 0
T3D98 000:435.969 JLINK_CORESIGHT_ReadAPDPReg(AP reg 0x03)
T3D98 000:436.249   Value=0x5402653A
T3D98 000:436.276 - 0.307ms returns 0
T3D98 000:436.294 JLINK_CORESIGHT_WriteAPDPReg(AP reg 0x00, 0x80000002)
T3D98 000:436.490 - 0.196ms returns 0
T3D98 000:436.510 JLINK_CORESIGHT_WriteAPDPReg(AP reg 0x01, 0x80011140)
T3D98 000:436.727 - 0.216ms returns 0
T3D98 000:436.748 JLINK_CORESIGHT_ReadAPDPReg(AP reg 0x03)
T3D98 000:437.007   Value=0x00000000
T3D98 000:437.034 - 0.286ms returns 0
T3D98 000:437.052 JLINK_CORESIGHT_WriteAPDPReg(AP reg 0x00, 0x80000002)
T3D98 000:437.250 - 0.198ms returns 0
T3D98 000:437.273 JLINK_CORESIGHT_WriteAPDPReg(AP reg 0x01, 0x80011130)
T3D98 000:437.488 - 0.215ms returns 0
T3D98 000:437.518 JLINK_CORESIGHT_ReadAPDPReg(AP reg 0x03)
T3D98 000:437.762   Value=0x35325836
T3D98 000:437.791 - 0.272ms returns 0
T3D98 000:437.808 JLINK_CORESIGHT_WriteAPDPReg(AP reg 0x00, 0x80000002)
T3D98 000:438.029 - 0.220ms returns 0
T3D98 000:438.105 JLINK_CORESIGHT_WriteAPDPReg(AP reg 0x01, 0x80011140)
T3D98 000:438.393 - 0.288ms returns 0
T3D98 000:438.428 JLINK_CORESIGHT_ReadAPDPReg(AP reg 0x03)
T3D98 000:438.711   Value=0x00000000
T3D98 000:438.747 - 0.319ms returns 0
T3D98 000:438.768 JLINK_CORESIGHT_WriteAPDPReg(AP reg 0x00, 0x80000002)
T3D98 000:439.007 - 0.239ms returns 0
T3D98 000:439.028 JLINK_CORESIGHT_WriteAPDPReg(AP reg 0x01, 0x80011130)
T3D98 000:439.262 - 0.234ms returns 0
T3D98 000:439.283 JLINK_CORESIGHT_ReadAPDPReg(AP reg 0x03)
T3D98 000:439.570   Value=0x59072D30
T3D98 000:439.597 - 0.314ms returns 0
T3D98 000:439.615 JLINK_CORESIGHT_WriteAPDPReg(AP reg 0x00, 0x80000002)
T3D98 000:439.897 - 0.282ms returns 0
T3D98 000:439.917 JLINK_CORESIGHT_WriteAPDPReg(AP reg 0x01, 0x80011140)
T3D98 000:440.149 - 0.231ms returns 0
T3D98 000:440.170 JLINK_CORESIGHT_ReadAPDPReg(AP reg 0x03)
T3D98 000:440.444   Value=0x00000000
T3D98 000:440.471 - 0.301ms returns 0
T3D98 000:440.491 JLINK_CORESIGHT_WriteAPDPReg(AP reg 0x00, 0x80000002)
T3D98 000:440.774 - 0.282ms returns 0
T3D98 000:440.794 JLINK_CORESIGHT_WriteAPDPReg(AP reg 0x01, 0x80011130)
T3D98 000:440.989 - 0.195ms returns 0
T3D98 000:441.010 JLINK_CORESIGHT_ReadAPDPReg(AP reg 0x03)
T3D98 000:441.294   Value=0x4B37528C
T3D98 000:441.321 - 0.311ms returns 0
T3D98 000:441.338 JLINK_CORESIGHT_WriteAPDPReg(AP reg 0x00, 0x80000002)
T3D98 000:441.581 - 0.243ms returns 0
T3D98 000:441.602 JLINK_CORESIGHT_WriteAPDPReg(AP reg 0x01, 0x80011140)
T3D98 000:441.887 - 0.285ms returns 0
T3D98 000:441.911 JLINK_CORESIGHT_ReadAPDPReg(AP reg 0x03)
T3D98 000:442.148   Value=0x00000000
T3D98 000:442.178 - 0.267ms returns 0
T3D98 000:442.197 JLINK_CORESIGHT_WriteAPDPReg(AP reg 0x00, 0x80000002)
T3D98 000:442.445 - 0.248ms returns 0
T3D98 000:442.467 JLINK_CORESIGHT_WriteAPDPReg(AP reg 0x01, 0x80011130)
T3D98 000:442.659 - 0.192ms returns 0
T3D98 000:442.680 JLINK_CORESIGHT_ReadAPDPReg(AP reg 0x03)
T3D98 000:442.966   Value=0x31503841
T3D98 000:442.994 - 0.314ms returns 0
T3D98 000:443.012 JLINK_CORESIGHT_WriteAPDPReg(AP reg 0x00, 0x80000002)
T3D98 000:443.302 - 0.290ms returns 0
T3D98 000:443.323 JLINK_CORESIGHT_WriteAPDPReg(AP reg 0x01, 0x80011140)
T3D98 000:443.552 - 0.229ms returns 0
T3D98 000:443.573 JLINK_CORESIGHT_ReadAPDPReg(AP reg 0x03)
T3D98 000:443.895   Value=0x00000000
T3D98 000:443.922 - 0.349ms returns 0
T3D98 000:443.940 JLINK_CORESIGHT_WriteAPDPReg(AP reg 0x00, 0x80000002)
T3D98 000:444.252 - 0.311ms returns 0
T3D98 000:444.291 JLINK_CORESIGHT_WriteAPDPReg(AP reg 0x01, 0x80011130)
T3D98 000:444.489 - 0.198ms returns 0
T3D98 000:444.514 JLINK_CORESIGHT_ReadAPDPReg(AP reg 0x03)
T3D98 000:444.801   Value=0x434C464B
T3D98 000:444.829 - 0.315ms returns 0
T3D98 000:444.849 JLINK_CORESIGHT_WriteAPDPReg(AP reg 0x00, 0x80000002)
T3D98 000:445.067 - 0.218ms returns 0
T3D98 000:445.090 JLINK_CORESIGHT_WriteAPDPReg(AP reg 0x01, 0x80011140)
T3D98 000:445.423 - 0.333ms returns 0
T3D98 000:445.449 JLINK_CORESIGHT_ReadAPDPReg(AP reg 0x03)
T3D98 000:445.717   Value=0x00000000
T3D98 000:445.744 - 0.294ms returns 0
T3D98 000:445.764 JLINK_CORESIGHT_WriteAPDPReg(AP reg 0x00, 0x80000002)
T3D98 000:446.049 - 0.284ms returns 0
T3D98 000:446.072 JLINK_CORESIGHT_WriteAPDPReg(AP reg 0x01, 0x80011130)
T3D98 000:446.271 - 0.198ms returns 0
T3D98 000:446.298 JLINK_CORESIGHT_ReadAPDPReg(AP reg 0x03)
T3D98 000:446.574   Value=0x20204341
T3D98 000:446.601 - 0.303ms returns 0
T3D98 000:446.621 JLINK_CORESIGHT_WriteAPDPReg(AP reg 0x00, 0x80000002)
T3D98 000:446.841 - 0.219ms returns 0
T3D98 000:446.864 JLINK_CORESIGHT_WriteAPDPReg(AP reg 0x01, 0x80011140)
T3D98 000:447.075 - 0.211ms returns 0
T3D98 000:447.098 JLINK_CORESIGHT_ReadAPDPReg(AP reg 0x03)
T3D98 000:447.449   Value=0x00000000
T3D98 000:447.476 - 0.378ms returns 0
T3D98 000:447.499 JLINK_CORESIGHT_WriteAPDPReg(AP reg 0x00, 0x80000002)
T3D98 000:447.714 - 0.214ms returns 0
T3D98 000:447.736 JLINK_CORESIGHT_WriteAPDPReg(AP reg 0x01, 0x80011130)
T3D98 000:448.022 - 0.285ms returns 0
T3D98 000:448.045 JLINK_CORESIGHT_ReadAPDPReg(AP reg 0x03)
T3D98 000:448.294   Value=0x00032120
T3D98 000:448.327 - 0.281ms returns 0
T3D98 000:449.307 JLINK_CORESIGHT_WriteAPDPReg(AP reg 0x00, 0x80000002)
T3D98 000:449.561 - 0.254ms returns 0
T3D98 000:449.582 JLINK_CORESIGHT_WriteAPDPReg(AP reg 0x01, 0x80011140)
T3D98 000:449.796 - 0.213ms returns 0
T3D98 000:449.818 JLINK_CORESIGHT_ReadAPDPReg(AP reg 0x03)
T3D98 000:450.149   Value=0x00000002
T3D98 000:450.176 - 0.358ms returns 0
T3D98 000:450.194 JLINK_CORESIGHT_WriteAPDPReg(AP reg 0x00, 0x80000002)
T3D98 000:450.409 - 0.214ms returns 0
T3D98 000:450.430 JLINK_CORESIGHT_WriteAPDPReg(AP reg 0x01, 0x80011120)
T3D98 000:450.672 - 0.241ms returns 0
T3D98 000:450.692 JLINK_CORESIGHT_WriteAPDPReg(AP reg 0x03, 0x52020001)
T3D98 000:450.907 - 0.215ms returns 0
T3D98 000:450.927 JLINK_CORESIGHT_WriteAPDPReg(AP reg 0x00, 0x80000002)
T3D98 000:451.148 - 0.220ms returns 0
T3D98 000:451.169 JLINK_CORESIGHT_WriteAPDPReg(AP reg 0x01, 0x80011140)
T3D98 000:451.398 - 0.229ms returns 0
T3D98 000:451.424 JLINK_CORESIGHT_ReadAPDPReg(AP reg 0x03)
T3D98 000:451.670   Value=0x00000002
T3D98 000:451.698 - 0.274ms returns 0
T3D98 000:451.716 JLINK_CORESIGHT_WriteAPDPReg(AP reg 0x00, 0x80000002)
T3D98 000:451.941 - 0.225ms returns 0
T3D98 000:451.961 JLINK_CORESIGHT_WriteAPDPReg(AP reg 0x01, 0x80011120)
T3D98 000:452.250 - 0.289ms returns 0
T3D98 000:452.273 JLINK_CORESIGHT_WriteAPDPReg(AP reg 0x03, 0x0003A705)
T3D98 000:452.534 - 0.261ms returns 0
T3D98 000:452.623 JLINK_CORESIGHT_WriteAPDPReg(AP reg 0x00, 0x80000002)
T3D98 000:452.855 - 0.232ms returns 0
T3D98 000:452.877 JLINK_CORESIGHT_WriteAPDPReg(AP reg 0x01, 0x80011140)
T3D98 000:453.071 - 0.194ms returns 0
T3D98 000:453.094 JLINK_CORESIGHT_ReadAPDPReg(AP reg 0x03)
T3D98 000:453.341   Value=0x00000002
T3D98 000:453.369 - 0.275ms returns 0
T3D98 000:453.390 JLINK_CORESIGHT_ReadAPDPReg(AP reg 0x03)
T3D98 000:453.660   Value=0x00000002
T3D98 000:453.686 - 0.296ms returns 0
T3D98 000:453.704 JLINK_CORESIGHT_ReadAPDPReg(AP reg 0x03)
T3D98 000:454.041   Value=0x00000002
T3D98 000:454.068 - 0.364ms returns 0
T3D98 000:454.087 JLINK_CORESIGHT_ReadAPDPReg(AP reg 0x03)
T3D98 000:454.910   Value=0x00000002
T3D98 000:454.951 - 0.864ms returns 0
T3D98 000:454.970 JLINK_CORESIGHT_ReadAPDPReg(AP reg 0x03)
T3D98 000:455.252   Value=0x00000002
T3D98 000:455.288 - 0.317ms returns 0
T3D98 000:455.308 JLINK_CORESIGHT_ReadAPDPReg(AP reg 0x03)
T3D98 000:455.614   Value=0x00000002
T3D98 000:455.668 - 0.360ms returns 0
T3D98 000:455.686 JLINK_CORESIGHT_ReadAPDPReg(AP reg 0x03)
T3D98 000:455.948   Value=0x00000002
T3D98 000:455.987 - 0.301ms returns 0
T3D98 000:456.007 JLINK_CORESIGHT_ReadAPDPReg(AP reg 0x03)
T3D98 000:456.254   Value=0x00000002
T3D98 000:456.283 - 0.276ms returns 0
T3D98 000:456.302 JLINK_CORESIGHT_ReadAPDPReg(AP reg 0x03)
T3D98 000:456.592   Value=0x00000000
T3D98 000:456.620 - 0.318ms returns 0
T3D98 000:456.640 JLINK_CORESIGHT_WriteAPDPReg(AP reg 0x00, 0x80000002)
T3D98 000:456.923 - 0.284ms returns 0
T3D98 000:456.945 JLINK_CORESIGHT_WriteAPDPReg(AP reg 0x01, 0x80011130)
T3D98 000:457.136 - 0.191ms returns 0
T3D98 000:457.157 JLINK_CORESIGHT_ReadAPDPReg(AP reg 0x03)
T3D98 000:457.486   Value=0x52020081
T3D98 000:457.514 - 0.357ms returns 0
T3D98 000:457.533 JLINK_CORESIGHT_WriteAPDPReg(AP reg 0x00, 0x80000002)
T3D98 000:457.777 - 0.244ms returns 0
T3D98 000:457.801 JLINK_CORESIGHT_WriteAPDPReg(AP reg 0x01, 0x80011140)
T3D98 000:458.011 - 0.210ms returns 0
T3D98 000:458.033 JLINK_CORESIGHT_ReadAPDPReg(AP reg 0x03)
T3D98 000:458.371   Value=0x00000000
T3D98 000:458.398 - 0.365ms returns 0
T3D98 000:458.416 JLINK_CORESIGHT_WriteAPDPReg(AP reg 0x00, 0x80000002)
T3D98 000:458.654 - 0.237ms returns 0
T3D98 000:458.674 JLINK_CORESIGHT_WriteAPDPReg(AP reg 0x01, 0x80011130)
T3D98 000:458.889 - 0.214ms returns 0
T3D98 000:458.928 JLINK_CORESIGHT_ReadAPDPReg(AP reg 0x03)
T3D98 000:459.206   Value=0x0003A507
T3D98 000:459.242 - 0.313ms returns 0
T3D98 000:459.262 JLINK_CORESIGHT_WriteAPDPReg(AP reg 0x00, 0x80000002)
T3D98 000:459.491 - 0.229ms returns 0
T3D98 000:459.513 JLINK_CORESIGHT_WriteAPDPReg(AP reg 0x01, 0x80011140)
T3D98 000:459.729 - 0.216ms returns 0
T3D98 000:459.750 JLINK_CORESIGHT_ReadAPDPReg(AP reg 0x03)
T3D98 000:460.106   Value=0x00000002
T3D98 000:460.136 - 0.385ms returns 0
T3D98 000:460.154 JLINK_CORESIGHT_WriteAPDPReg(AP reg 0x00, 0x80000002)
T3D98 000:460.435 - 0.281ms returns 0
T3D98 000:460.455 JLINK_CORESIGHT_WriteAPDPReg(AP reg 0x01, 0x80011120)
T3D98 000:460.693 - 0.237ms returns 0
T3D98 000:460.713 JLINK_CORESIGHT_WriteAPDPReg(AP reg 0x03, 0x15090001)
T3D98 000:460.908 - 0.194ms returns 0
T3D98 000:460.942 JLINK_CORESIGHT_WriteAPDPReg(AP reg 0x00, 0x80000002)
T3D98 000:461.183 - 0.241ms returns 0
T3D98 000:461.206 JLINK_CORESIGHT_WriteAPDPReg(AP reg 0x01, 0x80011140)
T3D98 000:461.399 - 0.193ms returns 0
T3D98 000:461.421 JLINK_CORESIGHT_ReadAPDPReg(AP reg 0x03)
T3D98 000:461.679   Value=0x00000002
T3D98 000:461.707 - 0.286ms returns 0
T3D98 000:461.725 JLINK_CORESIGHT_WriteAPDPReg(AP reg 0x00, 0x80000002)
T3D98 000:462.023 - 0.297ms returns 0
T3D98 000:462.046 JLINK_CORESIGHT_WriteAPDPReg(AP reg 0x01, 0x80011120)
T3D98 000:462.263 - 0.217ms returns 0
T3D98 000:462.284 JLINK_CORESIGHT_WriteAPDPReg(AP reg 0x03, 0x40F0C902)
T3D98 000:462.477 - 0.193ms returns 0
T3D98 000:462.498 JLINK_CORESIGHT_WriteAPDPReg(AP reg 0x00, 0x80000002)
T3D98 000:462.763 - 0.265ms returns 0
T3D98 000:462.784 JLINK_CORESIGHT_WriteAPDPReg(AP reg 0x01, 0x80011140)
T3D98 000:463.089 - 0.305ms returns 0
T3D98 000:463.114 JLINK_CORESIGHT_ReadAPDPReg(AP reg 0x03)
T3D98 000:463.494   Value=0x00000002
T3D98 000:463.524 - 0.411ms returns 0
T3D98 000:463.543 JLINK_CORESIGHT_WriteAPDPReg(AP reg 0x00, 0x80000002)
T3D98 000:463.761 - 0.218ms returns 0
T3D98 000:463.782 JLINK_CORESIGHT_WriteAPDPReg(AP reg 0x01, 0x80011120)
T3D98 000:464.066 - 0.283ms returns 0
T3D98 000:464.099 JLINK_CORESIGHT_WriteAPDPReg(AP reg 0x03, 0x4FF0C902)
T3D98 000:464.377 - 0.278ms returns 0
T3D98 000:464.407 JLINK_CORESIGHT_WriteAPDPReg(AP reg 0x00, 0x80000002)
T3D98 000:464.655 - 0.248ms returns 0
T3D98 000:464.676 JLINK_CORESIGHT_WriteAPDPReg(AP reg 0x01, 0x80011140)
T3D98 000:464.921 - 0.244ms returns 0
T3D98 000:464.942 JLINK_CORESIGHT_ReadAPDPReg(AP reg 0x03)
T3D98 000:465.286   Value=0x00000002
T3D98 000:465.314 - 0.372ms returns 0
T3D98 000:465.333 JLINK_CORESIGHT_WriteAPDPReg(AP reg 0x00, 0x80000002)
T3D98 000:465.626 - 0.293ms returns 0
T3D98 000:465.649 JLINK_CORESIGHT_WriteAPDPReg(AP reg 0x01, 0x80011120)
T3D98 000:465.842 - 0.193ms returns 0
T3D98 000:465.863 JLINK_CORESIGHT_WriteAPDPReg(AP reg 0x03, 0x000003DD)
T3D98 000:466.072 - 0.209ms returns 0
T3D98 000:466.094 JLINK_CORESIGHT_WriteAPDPReg(AP reg 0x00, 0x80000002)
T3D98 000:466.387 - 0.293ms returns 0
T3D98 000:466.411 JLINK_CORESIGHT_WriteAPDPReg(AP reg 0x01, 0x80011140)
T3D98 000:466.653 - 0.241ms returns 0
T3D98 000:466.675 JLINK_CORESIGHT_ReadAPDPReg(AP reg 0x03)
T3D98 000:466.978   Value=0x00000002
T3D98 000:467.026 - 0.350ms returns 0
T3D98 000:467.045 JLINK_CORESIGHT_ReadAPDPReg(AP reg 0x03)
T3D98 000:467.447   Value=0x00000002
T3D98 000:467.474 - 0.429ms returns 0
T3D98 000:467.493 JLINK_CORESIGHT_ReadAPDPReg(AP reg 0x03)
T3D98 000:467.728   Value=0x00000002
T3D98 000:467.760 - 0.267ms returns 0
T3D98 000:467.778 JLINK_CORESIGHT_ReadAPDPReg(AP reg 0x03)
T3D98 000:468.022   Value=0x00000002
T3D98 000:468.049 - 0.271ms returns 0
T3D98 000:468.068 JLINK_CORESIGHT_ReadAPDPReg(AP reg 0x03)
T3D98 000:468.340   Value=0x00000002
T3D98 000:468.370 - 0.302ms returns 0
T3D98 000:468.392 JLINK_CORESIGHT_ReadAPDPReg(AP reg 0x03)
T3D98 000:468.681   Value=0x00000002
T3D98 000:468.708 - 0.316ms returns 0
T3D98 000:468.726 JLINK_CORESIGHT_ReadAPDPReg(AP reg 0x03)
T3D98 000:469.071   Value=0x00000002
T3D98 000:469.101 - 0.375ms returns 0
T3D98 000:469.120 JLINK_CORESIGHT_ReadAPDPReg(AP reg 0x03)
T3D98 000:469.433   Value=0x00000002
T3D98 000:469.482 - 0.361ms returns 0
T3D98 000:469.503 JLINK_CORESIGHT_ReadAPDPReg(AP reg 0x03)
T3D98 000:469.878   Value=0x00000002
T3D98 000:469.908 - 0.405ms returns 0
T3D98 000:469.927 JLINK_CORESIGHT_ReadAPDPReg(AP reg 0x03)
T3D98 000:470.171   Value=0x00000002
T3D98 000:470.200 - 0.273ms returns 0
T3D98 000:470.218 JLINK_CORESIGHT_ReadAPDPReg(AP reg 0x03)
T3D98 000:470.506   Value=0x00000002
T3D98 000:470.533 - 0.315ms returns 0
T3D98 000:470.551 JLINK_CORESIGHT_ReadAPDPReg(AP reg 0x03)
T3D98 000:470.841   Value=0x00000002
T3D98 000:470.870 - 0.319ms returns 0
T3D98 000:470.889 JLINK_CORESIGHT_ReadAPDPReg(AP reg 0x03)
T3D98 000:471.289   Value=0x00000002
T3D98 000:471.316 - 0.426ms returns 0
T3D98 000:471.334 JLINK_CORESIGHT_ReadAPDPReg(AP reg 0x03)
T3D98 000:471.672   Value=0x00000002
T3D98 000:471.700 - 0.366ms returns 0
T3D98 000:471.718 JLINK_CORESIGHT_ReadAPDPReg(AP reg 0x03)
T3D98 000:471.990   Value=0x00000002
T3D98 000:472.018 - 0.299ms returns 0
T3D98 000:472.038 JLINK_CORESIGHT_ReadAPDPReg(AP reg 0x03)
T3D98 000:472.346   Value=0x00000002
T3D98 000:472.395 - 0.357ms returns 0
T3D98 000:472.416 JLINK_CORESIGHT_ReadAPDPReg(AP reg 0x03)
T3D98 000:472.661   Value=0x00000002
T3D98 000:472.689 - 0.272ms returns 0
T3D98 000:472.707 JLINK_CORESIGHT_ReadAPDPReg(AP reg 0x03)
T3D98 000:472.943   Value=0x00000002
T3D98 000:472.970 - 0.262ms returns 0
T3D98 000:472.992 JLINK_CORESIGHT_ReadAPDPReg(AP reg 0x03)
T3D98 000:473.250   Value=0x00000002
T3D98 000:473.276 - 0.284ms returns 0
T3D98 000:473.293 JLINK_CORESIGHT_ReadAPDPReg(AP reg 0x03)
T3D98 000:473.728   Value=0x00000002
T3D98 000:473.758 - 0.464ms returns 0
T3D98 000:473.780 JLINK_CORESIGHT_ReadAPDPReg(AP reg 0x03)
T3D98 000:474.142   Value=0x00000000
T3D98 000:474.171 - 0.391ms returns 0
T3D98 000:474.193 JLINK_CORESIGHT_WriteAPDPReg(AP reg 0x00, 0x80000002)
T3D98 000:474.444 - 0.251ms returns 0
T3D98 000:474.471 JLINK_CORESIGHT_WriteAPDPReg(AP reg 0x01, 0x80011130)
T3D98 000:474.696 - 0.225ms returns 0
T3D98 000:474.720 JLINK_CORESIGHT_ReadAPDPReg(AP reg 0x03)
T3D98 000:475.024   Value=0x15110081
T3D98 000:475.076 - 0.355ms returns 0
T3D98 000:475.097 JLINK_CORESIGHT_WriteAPDPReg(AP reg 0x00, 0x80000002)
T3D98 000:475.390 - 0.292ms returns 0
T3D98 000:475.414 JLINK_CORESIGHT_WriteAPDPReg(AP reg 0x01, 0x80011140)
T3D98 000:475.662 - 0.248ms returns 0
T3D98 000:475.686 JLINK_CORESIGHT_ReadAPDPReg(AP reg 0x03)
T3D98 000:476.052   Value=0x00000000
T3D98 000:476.079 - 0.393ms returns 0
T3D98 000:476.100 JLINK_CORESIGHT_WriteAPDPReg(AP reg 0x00, 0x80000002)
T3D98 000:476.387 - 0.287ms returns 0
T3D98 000:476.411 JLINK_CORESIGHT_WriteAPDPReg(AP reg 0x01, 0x80011130)
T3D98 000:476.694 - 0.283ms returns 0
T3D98 000:476.718 JLINK_CORESIGHT_ReadAPDPReg(AP reg 0x03)
T3D98 000:476.964   Value=0xFFFFFFFF
T3D98 000:476.992 - 0.273ms returns 0
T3D98 000:477.013 JLINK_CORESIGHT_WriteAPDPReg(AP reg 0x00, 0x80000002)
T3D98 000:477.250 - 0.237ms returns 0
T3D98 000:477.274 JLINK_CORESIGHT_WriteAPDPReg(AP reg 0x01, 0x80011140)
T3D98 000:477.528 - 0.253ms returns 0
T3D98 000:477.554 JLINK_CORESIGHT_ReadAPDPReg(AP reg 0x03)
T3D98 000:477.842   Value=0x00000000
T3D98 000:477.869 - 0.316ms returns 0
T3D98 000:477.891 JLINK_CORESIGHT_WriteAPDPReg(AP reg 0x00, 0x80000002)
T3D98 000:478.094 - 0.202ms returns 0
T3D98 000:478.116 JLINK_CORESIGHT_WriteAPDPReg(AP reg 0x01, 0x80011130)
T3D98 000:478.375 - 0.258ms returns 0
T3D98 000:478.398 JLINK_CORESIGHT_ReadAPDPReg(AP reg 0x03)
T3D98 000:478.662   Value=0xFFFFFFEF
T3D98 000:478.689 - 0.291ms returns 0
T3D98 000:478.713 JLINK_CORESIGHT_WriteAPDPReg(AP reg 0x00, 0x80000002)
T3D98 000:478.952 - 0.239ms returns 0
T3D98 000:478.976 JLINK_CORESIGHT_WriteAPDPReg(AP reg 0x01, 0x80011140)
T3D98 000:479.270 - 0.293ms returns 0
T3D98 000:479.293 JLINK_CORESIGHT_ReadAPDPReg(AP reg 0x03)
T3D98 000:479.598   Value=0x00000000
T3D98 000:479.632 - 0.339ms returns 0
T3D98 000:479.653 JLINK_CORESIGHT_WriteAPDPReg(AP reg 0x00, 0x80000002)
T3D98 000:479.906 - 0.252ms returns 0
T3D98 000:479.931 JLINK_CORESIGHT_WriteAPDPReg(AP reg 0x01, 0x80011130)
T3D98 000:480.173 - 0.242ms returns 0
T3D98 000:480.197 JLINK_CORESIGHT_ReadAPDPReg(AP reg 0x03)
T3D98 000:480.489   Value=0xFFFFFFFF
T3D98 000:480.517 - 0.320ms returns 0
T3D98 000:480.538 JLINK_CORESIGHT_WriteAPDPReg(AP reg 0x00, 0x80000002)
T3D98 000:480.821 - 0.283ms returns 0
T3D98 000:480.844 JLINK_CORESIGHT_WriteAPDPReg(AP reg 0x01, 0x80011140)
T3D98 000:481.075 - 0.231ms returns 0
T3D98 000:481.098 JLINK_CORESIGHT_ReadAPDPReg(AP reg 0x03)
T3D98 000:481.355   Value=0x00000000
T3D98 000:481.380 - 0.282ms returns 0
T3D98 000:481.400 JLINK_CORESIGHT_WriteAPDPReg(AP reg 0x00, 0x80000002)
T3D98 000:481.651 - 0.251ms returns 0
T3D98 000:481.673 JLINK_CORESIGHT_WriteAPDPReg(AP reg 0x01, 0x80011130)
T3D98 000:481.911 - 0.237ms returns 0
T3D98 000:481.933 JLINK_CORESIGHT_ReadAPDPReg(AP reg 0x03)
T3D98 000:482.289   Value=0xFFFFFFFF
T3D98 000:482.317 - 0.384ms returns 0
T3D98 000:482.338 JLINK_CORESIGHT_WriteAPDPReg(AP reg 0x00, 0x80000002)
T3D98 000:482.589 - 0.251ms returns 0
T3D98 000:482.616 JLINK_CORESIGHT_WriteAPDPReg(AP reg 0x01, 0x80011140)
T3D98 000:482.844 - 0.228ms returns 0
T3D98 000:482.869 JLINK_CORESIGHT_ReadAPDPReg(AP reg 0x03)
T3D98 000:483.148   Value=0x00000000
T3D98 000:483.175 - 0.306ms returns 0
T3D98 000:483.196 JLINK_CORESIGHT_WriteAPDPReg(AP reg 0x00, 0x80000002)
T3D98 000:483.425 - 0.229ms returns 0
T3D98 000:483.449 JLINK_CORESIGHT_WriteAPDPReg(AP reg 0x01, 0x80011130)
T3D98 000:483.660 - 0.211ms returns 0
T3D98 000:483.684 JLINK_CORESIGHT_ReadAPDPReg(AP reg 0x03)
T3D98 000:484.050   Value=0x000003FA
T3D98 000:484.080 - 0.396ms returns 0
T3D98 000:484.724 JLINK_CORESIGHT_WriteAPDPReg(AP reg 0x00, 0x80000002)
T3D98 000:485.036 - 0.312ms returns 0
T3D98 000:485.058 JLINK_CORESIGHT_WriteAPDPReg(AP reg 0x01, 0x80011140)
T3D98 000:485.411 - 0.353ms returns 0
T3D98 000:485.432 JLINK_CORESIGHT_ReadAPDPReg(AP reg 0x03)
T3D98 000:485.755   Value=0x00000002
T3D98 000:485.784 - 0.352ms returns 0
T3D98 000:485.803 JLINK_CORESIGHT_WriteAPDPReg(AP reg 0x00, 0x80000002)
T3D98 000:486.068 - 0.265ms returns 0
T3D98 000:486.092 JLINK_CORESIGHT_WriteAPDPReg(AP reg 0x01, 0x80011120)
T3D98 000:486.435 - 0.343ms returns 0
T3D98 000:486.459 JLINK_CORESIGHT_WriteAPDPReg(AP reg 0x03, 0x39020001)
T3D98 000:486.702 - 0.243ms returns 0
T3D98 000:486.723 JLINK_CORESIGHT_WriteAPDPReg(AP reg 0x00, 0x80000002)
T3D98 000:486.944 - 0.220ms returns 0
T3D98 000:486.964 JLINK_CORESIGHT_WriteAPDPReg(AP reg 0x01, 0x80011140)
T3D98 000:487.154 - 0.189ms returns 0
T3D98 000:487.175 JLINK_CORESIGHT_ReadAPDPReg(AP reg 0x03)
T3D98 000:487.480   Value=0x00000002
T3D98 000:487.511 - 0.336ms returns 0
T3D98 000:487.529 JLINK_CORESIGHT_WriteAPDPReg(AP reg 0x00, 0x80000002)
T3D98 000:487.751 - 0.222ms returns 0
T3D98 000:487.772 JLINK_CORESIGHT_WriteAPDPReg(AP reg 0x01, 0x80011120)
T3D98 000:487.975 - 0.203ms returns 0
T3D98 000:487.998 JLINK_CORESIGHT_WriteAPDPReg(AP reg 0x03, 0x0003B312)
T3D98 000:488.260 - 0.261ms returns 0
T3D98 000:488.293 JLINK_CORESIGHT_WriteAPDPReg(AP reg 0x00, 0x80000002)
T3D98 000:488.550 - 0.256ms returns 0
T3D98 000:488.577 JLINK_CORESIGHT_WriteAPDPReg(AP reg 0x01, 0x80011140)
T3D98 000:488.884 - 0.305ms returns 0
T3D98 000:488.913 JLINK_CORESIGHT_ReadAPDPReg(AP reg 0x03)
T3D98 000:489.286   Value=0x00000000
T3D98 000:489.315 - 0.401ms returns 0
T3D98 000:489.333 JLINK_CORESIGHT_WriteAPDPReg(AP reg 0x00, 0x80000002)
T3D98 000:489.570 - 0.237ms returns 0
T3D98 000:489.593 JLINK_CORESIGHT_WriteAPDPReg(AP reg 0x01, 0x80011130)
T3D98 000:489.882 - 0.289ms returns 0
T3D98 000:489.903 JLINK_CORESIGHT_ReadAPDPReg(AP reg 0x03)
T3D98 000:490.148   Value=0xB90A0081
T3D98 000:490.176 - 0.272ms returns 0
T3D98 000:490.194 JLINK_CORESIGHT_WriteAPDPReg(AP reg 0x00, 0x80000002)
T3D98 000:490.467 - 0.273ms returns 0
T3D98 000:490.490 JLINK_CORESIGHT_WriteAPDPReg(AP reg 0x01, 0x80011140)
T3D98 000:490.704 - 0.213ms returns 0
T3D98 000:490.724 JLINK_CORESIGHT_ReadAPDPReg(AP reg 0x03)
T3D98 000:490.965   Value=0x00000000
T3D98 000:490.992 - 0.267ms returns 0
T3D98 000:491.010 JLINK_CORESIGHT_WriteAPDPReg(AP reg 0x00, 0x80000002)
T3D98 000:491.273 - 0.263ms returns 0
T3D98 000:491.295 JLINK_CORESIGHT_WriteAPDPReg(AP reg 0x01, 0x80011130)
T3D98 000:491.573 - 0.278ms returns 0
T3D98 000:491.593 JLINK_CORESIGHT_ReadAPDPReg(AP reg 0x03)
T3D98 000:491.853   Value=0xFFFFFFC0
T3D98 000:491.881 - 0.288ms returns 0
T3D98 000:491.902 JLINK_CORESIGHT_WriteAPDPReg(AP reg 0x00, 0x80000002)
T3D98 000:492.124 - 0.222ms returns 0
T3D98 000:492.148 JLINK_CORESIGHT_WriteAPDPReg(AP reg 0x01, 0x80011140)
T3D98 000:492.411 - 0.263ms returns 0
T3D98 000:492.434 JLINK_CORESIGHT_ReadAPDPReg(AP reg 0x03)
T3D98 000:492.773   Value=0x00000000
T3D98 000:492.800 - 0.366ms returns 0
T3D98 000:492.818 JLINK_CORESIGHT_WriteAPDPReg(AP reg 0x00, 0x80000002)
T3D98 000:493.073 - 0.255ms returns 0
T3D98 000:493.094 JLINK_CORESIGHT_WriteAPDPReg(AP reg 0x01, 0x80011130)
T3D98 000:493.380 - 0.286ms returns 0
T3D98 000:493.400 JLINK_CORESIGHT_ReadAPDPReg(AP reg 0x03)
T3D98 000:493.661   Value=0xFFFFFFFF
T3D98 000:493.688 - 0.288ms returns 0
T3D98 000:493.707 JLINK_CORESIGHT_WriteAPDPReg(AP reg 0x00, 0x80000002)
T3D98 000:493.923 - 0.216ms returns 0
T3D98 000:493.944 JLINK_CORESIGHT_WriteAPDPReg(AP reg 0x01, 0x80011140)
T3D98 000:494.146 - 0.201ms returns 0
T3D98 000:494.167 JLINK_CORESIGHT_ReadAPDPReg(AP reg 0x03)
T3D98 000:494.501   Value=0x00000000
T3D98 000:494.533 - 0.365ms returns 0
T3D98 000:494.552 JLINK_CORESIGHT_WriteAPDPReg(AP reg 0x00, 0x80000002)
T3D98 000:494.839 - 0.287ms returns 0
T3D98 000:494.866 JLINK_CORESIGHT_WriteAPDPReg(AP reg 0x01, 0x80011130)
T3D98 000:495.150 - 0.284ms returns 0
T3D98 000:495.172 JLINK_CORESIGHT_ReadAPDPReg(AP reg 0x03)
T3D98 000:495.471   Value=0x000385FF
T3D98 000:495.520 - 0.348ms returns 0
T3D98 000:495.607 JLINK_CORESIGHT_WriteAPDPReg(AP reg 0x00, 0x80000002)
T3D98 000:495.923 - 0.315ms returns 0
T3D98 000:495.969 JLINK_CORESIGHT_WriteAPDPReg(AP reg 0x01, 0x80011140)
T3D98 000:496.269 - 0.300ms returns 0
T3D98 000:496.299 JLINK_CORESIGHT_ReadAPDPReg(AP reg 0x03)
T3D98 000:496.592   Value=0x00000002
T3D98 000:496.620 - 0.321ms returns 0
T3D98 000:496.638 JLINK_CORESIGHT_WriteAPDPReg(AP reg 0x00, 0x80000002)
T3D98 000:496.925 - 0.287ms returns 0
T3D98 000:496.949 JLINK_CORESIGHT_WriteAPDPReg(AP reg 0x01, 0x80011120)
T3D98 000:497.171 - 0.222ms returns 0
T3D98 000:497.193 JLINK_CORESIGHT_WriteAPDPReg(AP reg 0x03, 0x2C010001)
T3D98 000:497.384 - 0.191ms returns 0
T3D98 000:497.408 JLINK_CORESIGHT_WriteAPDPReg(AP reg 0x00, 0x80000002)
T3D98 000:497.625 - 0.217ms returns 0
T3D98 000:497.646 JLINK_CORESIGHT_WriteAPDPReg(AP reg 0x01, 0x80011140)
T3D98 000:497.886 - 0.240ms returns 0
T3D98 000:497.907 JLINK_CORESIGHT_ReadAPDPReg(AP reg 0x03)
T3D98 000:498.149   Value=0x00000002
T3D98 000:498.178 - 0.271ms returns 0
T3D98 000:498.198 JLINK_CORESIGHT_WriteAPDPReg(AP reg 0x00, 0x80000002)
T3D98 000:498.445 - 0.247ms returns 0
T3D98 000:498.466 JLINK_CORESIGHT_WriteAPDPReg(AP reg 0x01, 0x80011120)
T3D98 000:498.658 - 0.191ms returns 0
T3D98 000:498.679 JLINK_CORESIGHT_WriteAPDPReg(AP reg 0x03, 0x000003D3)
T3D98 000:498.967 - 0.287ms returns 0
T3D98 000:498.988 JLINK_CORESIGHT_WriteAPDPReg(AP reg 0x00, 0x80000002)
T3D98 000:499.251 - 0.262ms returns 0
T3D98 000:499.273 JLINK_CORESIGHT_WriteAPDPReg(AP reg 0x01, 0x80011140)
T3D98 000:499.488 - 0.215ms returns 0
T3D98 000:499.511 JLINK_CORESIGHT_ReadAPDPReg(AP reg 0x03)
T3D98 000:499.772   Value=0x00000002
T3D98 000:499.800 - 0.289ms returns 0
T3D98 000:499.819 JLINK_CORESIGHT_ReadAPDPReg(AP reg 0x03)
T3D98 000:500.091   Value=0x00000002
T3D98 000:500.119 - 0.300ms returns 0
T3D98 000:500.139 JLINK_CORESIGHT_ReadAPDPReg(AP reg 0x03)
T3D98 000:500.494   Value=0x00000002
T3D98 000:500.522 - 0.383ms returns 0
T3D98 000:500.541 JLINK_CORESIGHT_ReadAPDPReg(AP reg 0x03)
T3D98 000:500.806   Value=0x00000002
T3D98 000:500.834 - 0.292ms returns 0
T3D98 000:500.855 JLINK_CORESIGHT_ReadAPDPReg(AP reg 0x03)
T3D98 000:501.092   Value=0x00000002
T3D98 000:501.120 - 0.265ms returns 0
T3D98 000:501.139 JLINK_CORESIGHT_ReadAPDPReg(AP reg 0x03)
T3D98 000:501.521   Value=0x00000002
T3D98 000:501.549 - 0.410ms returns 0
T3D98 000:501.567 JLINK_CORESIGHT_ReadAPDPReg(AP reg 0x03)
T3D98 000:501.814   Value=0x00000002
T3D98 000:501.842 - 0.275ms returns 0
T3D98 000:501.860 JLINK_CORESIGHT_ReadAPDPReg(AP reg 0x03)
T3D98 000:502.289   Value=0x00000002
T3D98 000:502.316 - 0.456ms returns 0
T3D98 000:502.335 JLINK_CORESIGHT_ReadAPDPReg(AP reg 0x03)
T3D98 000:502.604   Value=0x00000002
T3D98 000:502.632 - 0.297ms returns 0
T3D98 000:502.651 JLINK_CORESIGHT_ReadAPDPReg(AP reg 0x03)
T3D98 000:502.920   Value=0x00000002
T3D98 000:502.948 - 0.296ms returns 0
T3D98 000:502.966 JLINK_CORESIGHT_ReadAPDPReg(AP reg 0x03)
T3D98 000:503.251   Value=0x00000002
T3D98 000:503.278 - 0.312ms returns 0
T3D98 000:503.297 JLINK_CORESIGHT_ReadAPDPReg(AP reg 0x03)
T3D98 000:503.559   Value=0x00000000
T3D98 000:503.586 - 0.289ms returns 0
T3D98 000:503.605 JLINK_CORESIGHT_WriteAPDPReg(AP reg 0x00, 0x80000002)
T3D98 000:503.865 - 0.259ms returns 0
T3D98 000:503.885 JLINK_CORESIGHT_WriteAPDPReg(AP reg 0x01, 0x80011130)
T3D98 000:504.171 - 0.285ms returns 0
T3D98 000:504.192 JLINK_CORESIGHT_ReadAPDPReg(AP reg 0x03)
T3D98 000:504.430   Value=0x2C020081
T3D98 000:504.457 - 0.265ms returns 0
T3D98 000:504.476 JLINK_CORESIGHT_WriteAPDPReg(AP reg 0x00, 0x80000002)
T3D98 000:504.699 - 0.223ms returns 0
T3D98 000:504.723 JLINK_CORESIGHT_WriteAPDPReg(AP reg 0x01, 0x80011140)
T3D98 000:504.977 - 0.253ms returns 0
T3D98 000:505.018 JLINK_CORESIGHT_ReadAPDPReg(AP reg 0x03)
T3D98 000:505.297   Value=0x00000000
T3D98 000:505.334 - 0.316ms returns 0
T3D98 000:505.358 JLINK_CORESIGHT_WriteAPDPReg(AP reg 0x00, 0x80000002)
T3D98 000:505.573 - 0.215ms returns 0
T3D98 000:505.594 JLINK_CORESIGHT_WriteAPDPReg(AP reg 0x01, 0x80011130)
T3D98 000:505.804 - 0.210ms returns 0
T3D98 000:505.825 JLINK_CORESIGHT_ReadAPDPReg(AP reg 0x03)
T3D98 000:506.137   Value=0x0003CE04
T3D98 000:506.189 - 0.364ms returns 0
T3D98 000:506.211 JLINK_CORESIGHT_WriteAPDPReg(AP reg 0x00, 0x80000002)
T3D98 000:506.425 - 0.214ms returns 0
T3D98 000:506.447 JLINK_CORESIGHT_WriteAPDPReg(AP reg 0x01, 0x80011140)
T3D98 000:506.714 - 0.267ms returns 0
T3D98 000:506.735 JLINK_CORESIGHT_ReadAPDPReg(AP reg 0x03)
T3D98 000:507.046   Value=0x00000002
T3D98 000:507.100 - 0.365ms returns 0
T3D98 000:507.119 JLINK_CORESIGHT_WriteAPDPReg(AP reg 0x00, 0x80000002)
T3D98 000:507.408 - 0.289ms returns 0
T3D98 000:507.430 JLINK_CORESIGHT_WriteAPDPReg(AP reg 0x01, 0x80011120)
T3D98 000:507.671 - 0.241ms returns 0
T3D98 000:507.691 JLINK_CORESIGHT_WriteAPDPReg(AP reg 0x03, 0x73010001)
T3D98 000:507.936 - 0.244ms returns 0
T3D98 000:507.957 JLINK_CORESIGHT_WriteAPDPReg(AP reg 0x00, 0x80000002)
T3D98 000:508.170 - 0.213ms returns 0
T3D98 000:508.190 JLINK_CORESIGHT_WriteAPDPReg(AP reg 0x01, 0x80011140)
T3D98 000:508.435 - 0.244ms returns 0
T3D98 000:508.466 JLINK_CORESIGHT_ReadAPDPReg(AP reg 0x03)
T3D98 000:508.751   Value=0x00000002
T3D98 000:508.779 - 0.312ms returns 0
T3D98 000:508.797 JLINK_CORESIGHT_WriteAPDPReg(AP reg 0x00, 0x80000002)
T3D98 000:509.046 - 0.249ms returns 0
T3D98 000:509.067 JLINK_CORESIGHT_WriteAPDPReg(AP reg 0x01, 0x80011120)
T3D98 000:509.286 - 0.219ms returns 0
T3D98 000:509.307 JLINK_CORESIGHT_WriteAPDPReg(AP reg 0x03, 0x0000038C)
T3D98 000:509.566 - 0.259ms returns 0
T3D98 000:509.587 JLINK_CORESIGHT_WriteAPDPReg(AP reg 0x00, 0x80000002)
T3D98 000:509.823 - 0.236ms returns 0
T3D98 000:509.844 JLINK_CORESIGHT_WriteAPDPReg(AP reg 0x01, 0x80011140)
T3D98 000:510.036 - 0.191ms returns 0
T3D98 000:510.063 JLINK_CORESIGHT_ReadAPDPReg(AP reg 0x03)
T3D98 000:510.344   Value=0x00000002
T3D98 000:510.372 - 0.309ms returns 0
T3D98 000:510.392 JLINK_CORESIGHT_ReadAPDPReg(AP reg 0x03)
T3D98 000:510.659   Value=0x00000002
T3D98 000:510.686 - 0.294ms returns 0
T3D98 000:510.706 JLINK_CORESIGHT_ReadAPDPReg(AP reg 0x03)
T3D98 000:510.967   Value=0x00000002
T3D98 000:510.996 - 0.290ms returns 0
T3D98 000:511.017 JLINK_CORESIGHT_ReadAPDPReg(AP reg 0x03)
T3D98 000:511.386   Value=0x00000000
T3D98 000:511.414 - 0.397ms returns 0
T3D98 000:511.435 JLINK_CORESIGHT_WriteAPDPReg(AP reg 0x00, 0x80000002)
T3D98 000:511.651 - 0.216ms returns 0
T3D98 000:511.674 JLINK_CORESIGHT_WriteAPDPReg(AP reg 0x01, 0x80011130)
T3D98 000:511.910 - 0.236ms returns 0
T3D98 000:511.934 JLINK_CORESIGHT_ReadAPDPReg(AP reg 0x03)
T3D98 000:512.255   Value=0x73020081
T3D98 000:512.289 - 0.355ms returns 0
T3D98 000:512.310 JLINK_CORESIGHT_WriteAPDPReg(AP reg 0x00, 0x80000002)
T3D98 000:512.604 - 0.294ms returns 0
T3D98 000:512.627 JLINK_CORESIGHT_WriteAPDPReg(AP reg 0x01, 0x80011140)
T3D98 000:512.819 - 0.191ms returns 0
T3D98 000:512.844 JLINK_CORESIGHT_ReadAPDPReg(AP reg 0x03)
T3D98 000:513.181   Value=0x00000000
T3D98 000:513.210 - 0.366ms returns 0
T3D98 000:513.231 JLINK_CORESIGHT_WriteAPDPReg(AP reg 0x00, 0x80000002)
T3D98 000:513.491 - 0.259ms returns 0
T3D98 000:513.514 JLINK_CORESIGHT_WriteAPDPReg(AP reg 0x01, 0x80011130)
T3D98 000:513.802 - 0.288ms returns 0
T3D98 000:513.826 JLINK_CORESIGHT_ReadAPDPReg(AP reg 0x03)
T3D98 000:514.093   Value=0x00038902
T3D98 000:514.121 - 0.295ms returns 0
T3D98 000:514.142 JLINK_CORESIGHT_WriteAPDPReg(AP reg 0x00, 0x80000002)
T3D98 000:514.386 - 0.244ms returns 0
T3D98 000:514.410 JLINK_CORESIGHT_WriteAPDPReg(AP reg 0x01, 0x80011140)
T3D98 000:514.694 - 0.283ms returns 0
T3D98 000:514.717 JLINK_CORESIGHT_ReadAPDPReg(AP reg 0x03)
T3D98 000:515.060   Value=0x00000002
T3D98 000:515.088 - 0.370ms returns 0
T3D98 000:515.109 JLINK_CORESIGHT_WriteAPDPReg(AP reg 0x00, 0x80000002)
T3D98 000:515.446 - 0.337ms returns 0
T3D98 000:515.469 JLINK_CORESIGHT_WriteAPDPReg(AP reg 0x01, 0x80011120)
T3D98 000:515.752 - 0.283ms returns 0
T3D98 000:515.776 JLINK_CORESIGHT_WriteAPDPReg(AP reg 0x03, 0x75010001)
T3D98 000:515.969 - 0.193ms returns 0
T3D98 000:515.992 JLINK_CORESIGHT_WriteAPDPReg(AP reg 0x00, 0x80000002)
T3D98 000:516.250 - 0.258ms returns 0
T3D98 000:516.273 JLINK_CORESIGHT_WriteAPDPReg(AP reg 0x01, 0x80011140)
T3D98 000:516.487 - 0.214ms returns 0
T3D98 000:516.511 JLINK_CORESIGHT_ReadAPDPReg(AP reg 0x03)
T3D98 000:516.773   Value=0x00000002
T3D98 000:516.800 - 0.290ms returns 0
T3D98 000:516.820 JLINK_CORESIGHT_WriteAPDPReg(AP reg 0x00, 0x80000002)
T3D98 000:517.068 - 0.247ms returns 0
T3D98 000:517.092 JLINK_CORESIGHT_WriteAPDPReg(AP reg 0x01, 0x80011120)
T3D98 000:517.306 - 0.214ms returns 0
T3D98 000:517.329 JLINK_CORESIGHT_WriteAPDPReg(AP reg 0x03, 0x0000038A)
T3D98 000:517.546 - 0.217ms returns 0
T3D98 000:517.570 JLINK_CORESIGHT_WriteAPDPReg(AP reg 0x00, 0x80000002)
T3D98 000:517.786 - 0.216ms returns 0
T3D98 000:517.810 JLINK_CORESIGHT_WriteAPDPReg(AP reg 0x01, 0x80011140)
T3D98 000:518.037 - 0.227ms returns 0
T3D98 000:518.061 JLINK_CORESIGHT_ReadAPDPReg(AP reg 0x03)
T3D98 000:518.300   Value=0x00000002
T3D98 000:518.327 - 0.266ms returns 0
T3D98 000:518.348 JLINK_CORESIGHT_ReadAPDPReg(AP reg 0x03)
T3D98 000:518.590   Value=0x00000002
T3D98 000:518.617 - 0.269ms returns 0
T3D98 000:518.639 JLINK_CORESIGHT_ReadAPDPReg(AP reg 0x03)
T3D98 000:518.909   Value=0x00000002
T3D98 000:518.936 - 0.297ms returns 0
T3D98 000:518.958 JLINK_CORESIGHT_ReadAPDPReg(AP reg 0x03)
T3D98 000:519.251   Value=0x00000002
T3D98 000:519.282 - 0.324ms returns 0
T3D98 000:519.303 JLINK_CORESIGHT_ReadAPDPReg(AP reg 0x03)
T3D98 000:519.591   Value=0x00000002
T3D98 000:519.619 - 0.316ms returns 0
T3D98 000:519.640 JLINK_CORESIGHT_ReadAPDPReg(AP reg 0x03)
T3D98 000:519.944   Value=0x00000000
T3D98 000:519.992 - 0.353ms returns 0
T3D98 000:520.014 JLINK_CORESIGHT_WriteAPDPReg(AP reg 0x00, 0x80000002)
T3D98 000:520.300 - 0.286ms returns 0
T3D98 000:520.323 JLINK_CORESIGHT_WriteAPDPReg(AP reg 0x01, 0x80011130)
T3D98 000:520.534 - 0.211ms returns 0
T3D98 000:520.557 JLINK_CORESIGHT_ReadAPDPReg(AP reg 0x03)
T3D98 000:520.816   Value=0x75020081
T3D98 000:520.844 - 0.287ms returns 0
T3D98 000:520.865 JLINK_CORESIGHT_WriteAPDPReg(AP reg 0x00, 0x80000002)
T3D98 000:521.106 - 0.241ms returns 0
T3D98 000:521.131 JLINK_CORESIGHT_WriteAPDPReg(AP reg 0x01, 0x80011140)
T3D98 000:521.425 - 0.294ms returns 0
T3D98 000:521.448 JLINK_CORESIGHT_ReadAPDPReg(AP reg 0x03)
T3D98 000:521.681   Value=0x00000000
T3D98 000:521.709 - 0.260ms returns 0
T3D98 000:521.729 JLINK_CORESIGHT_WriteAPDPReg(AP reg 0x00, 0x80000002)
T3D98 000:521.947 - 0.218ms returns 0
T3D98 000:521.980 JLINK_CORESIGHT_WriteAPDPReg(AP reg 0x01, 0x80011130)
T3D98 000:522.258 - 0.278ms returns 0
T3D98 000:522.282 JLINK_CORESIGHT_ReadAPDPReg(AP reg 0x03)
T3D98 000:522.639   Value=0x00038702
T3D98 000:522.666 - 0.384ms returns 0
T3D98 000:523.300 JLINK_CORESIGHT_WriteAPDPReg(AP reg 0x00, 0x80000002)
T3D98 000:523.524 - 0.224ms returns 0
T3D98 000:523.546 JLINK_CORESIGHT_WriteAPDPReg(AP reg 0x01, 0x80011140)
T3D98 000:523.753 - 0.207ms returns 0
T3D98 000:523.774 JLINK_CORESIGHT_ReadAPDPReg(AP reg 0x03)
T3D98 000:524.049   Value=0x00000002
T3D98 000:524.077 - 0.303ms returns 0
T3D98 000:524.096 JLINK_CORESIGHT_WriteAPDPReg(AP reg 0x00, 0x80000002)
T3D98 000:524.360 - 0.264ms returns 0
T3D98 000:524.382 JLINK_CORESIGHT_WriteAPDPReg(AP reg 0x01, 0x80011120)
T3D98 000:524.671 - 0.289ms returns 0
T3D98 000:524.693 JLINK_CORESIGHT_WriteAPDPReg(AP reg 0x03, 0x4F010001)
T3D98 000:524.963 - 0.270ms returns 0
T3D98 000:524.985 JLINK_CORESIGHT_WriteAPDPReg(AP reg 0x00, 0x80000002)
T3D98 000:525.253 - 0.268ms returns 0
T3D98 000:525.274 JLINK_CORESIGHT_WriteAPDPReg(AP reg 0x01, 0x80011140)
T3D98 000:525.569 - 0.295ms returns 0
T3D98 000:525.592 JLINK_CORESIGHT_ReadAPDPReg(AP reg 0x03)
T3D98 000:525.830   Value=0x00000002
T3D98 000:525.859 - 0.266ms returns 0
T3D98 000:525.877 JLINK_CORESIGHT_WriteAPDPReg(AP reg 0x00, 0x80000002)
T3D98 000:526.125 - 0.248ms returns 0
T3D98 000:526.149 JLINK_CORESIGHT_WriteAPDPReg(AP reg 0x01, 0x80011120)
T3D98 000:526.424 - 0.275ms returns 0
T3D98 000:526.445 JLINK_CORESIGHT_WriteAPDPReg(AP reg 0x03, 0x000003B0)
T3D98 000:526.658 - 0.212ms returns 0
T3D98 000:526.679 JLINK_CORESIGHT_WriteAPDPReg(AP reg 0x00, 0x80000002)
T3D98 000:526.921 - 0.242ms returns 0
T3D98 000:526.941 JLINK_CORESIGHT_WriteAPDPReg(AP reg 0x01, 0x80011140)
T3D98 000:527.134 - 0.192ms returns 0
T3D98 000:527.155 JLINK_CORESIGHT_ReadAPDPReg(AP reg 0x03)
T3D98 000:527.505   Value=0x00000002
T3D98 000:527.533 - 0.378ms returns 0
T3D98 000:527.551 JLINK_CORESIGHT_ReadAPDPReg(AP reg 0x03)
T3D98 000:527.903   Value=0x00000002
T3D98 000:527.929 - 0.378ms returns 0
T3D98 000:527.947 JLINK_CORESIGHT_ReadAPDPReg(AP reg 0x03)
T3D98 000:528.251   Value=0x00000002
T3D98 000:528.288 - 0.340ms returns 0
T3D98 000:528.310 JLINK_CORESIGHT_ReadAPDPReg(AP reg 0x03)
T3D98 000:528.614   Value=0x00000002
T3D98 000:528.662 - 0.352ms returns 0
T3D98 000:528.680 JLINK_CORESIGHT_ReadAPDPReg(AP reg 0x03)
T3D98 000:528.987   Value=0x00000002
T3D98 000:529.033 - 0.353ms returns 0
T3D98 000:529.051 JLINK_CORESIGHT_ReadAPDPReg(AP reg 0x03)
T3D98 000:529.340   Value=0x00000002
T3D98 000:529.372 - 0.320ms returns 0
T3D98 000:529.390 JLINK_CORESIGHT_ReadAPDPReg(AP reg 0x03)
T3D98 000:529.650   Value=0x00000000
T3D98 000:529.678 - 0.288ms returns 0
T3D98 000:529.698 JLINK_CORESIGHT_WriteAPDPReg(AP reg 0x00, 0x80000002)
T3D98 000:529.963 - 0.265ms returns 0
T3D98 000:529.984 JLINK_CORESIGHT_WriteAPDPReg(AP reg 0x01, 0x80011130)
T3D98 000:530.250 - 0.266ms returns 0
T3D98 000:530.272 JLINK_CORESIGHT_ReadAPDPReg(AP reg 0x03)
T3D98 000:530.663   Value=0x4F0B0081
T3D98 000:530.691 - 0.419ms returns 0
T3D98 000:530.709 JLINK_CORESIGHT_WriteAPDPReg(AP reg 0x00, 0x80000002)
T3D98 000:531.011 - 0.303ms returns 0
T3D98 000:531.059 JLINK_CORESIGHT_WriteAPDPReg(AP reg 0x01, 0x80011140)
T3D98 000:531.362 - 0.303ms returns 0
T3D98 000:531.383 JLINK_CORESIGHT_ReadAPDPReg(AP reg 0x03)
T3D98 000:531.743   Value=0x00000000
T3D98 000:531.771 - 0.388ms returns 0
T3D98 000:531.790 JLINK_CORESIGHT_WriteAPDPReg(AP reg 0x00, 0x80000002)
T3D98 000:532.062 - 0.272ms returns 0
T3D98 000:532.083 JLINK_CORESIGHT_WriteAPDPReg(AP reg 0x01, 0x80011130)
T3D98 000:532.386 - 0.303ms returns 0
T3D98 000:532.425 JLINK_CORESIGHT_ReadAPDPReg(AP reg 0x03)
T3D98 000:532.671   Value=0xC0030000
T3D98 000:532.700 - 0.274ms returns 0
T3D98 000:532.721 JLINK_CORESIGHT_WriteAPDPReg(AP reg 0x00, 0x80000002)
T3D98 000:532.909 - 0.188ms returns 0
T3D98 000:532.930 JLINK_CORESIGHT_WriteAPDPReg(AP reg 0x01, 0x80011140)
T3D98 000:533.285 - 0.355ms returns 0
T3D98 000:533.307 JLINK_CORESIGHT_ReadAPDPReg(AP reg 0x03)
T3D98 000:533.545   Value=0x00000000
T3D98 000:533.573 - 0.266ms returns 0
T3D98 000:533.593 JLINK_CORESIGHT_WriteAPDPReg(AP reg 0x00, 0x80000002)
T3D98 000:533.827 - 0.234ms returns 0
T3D98 000:533.848 JLINK_CORESIGHT_WriteAPDPReg(AP reg 0x01, 0x80011130)
T3D98 000:534.067 - 0.219ms returns 0
T3D98 000:534.089 JLINK_CORESIGHT_ReadAPDPReg(AP reg 0x03)
T3D98 000:534.461   Value=0x00000000
T3D98 000:534.489 - 0.400ms returns 0
T3D98 000:534.508 JLINK_CORESIGHT_WriteAPDPReg(AP reg 0x00, 0x80000002)
T3D98 000:534.728 - 0.220ms returns 0
T3D98 000:534.749 JLINK_CORESIGHT_WriteAPDPReg(AP reg 0x01, 0x80011140)
T3D98 000:534.941 - 0.192ms returns 0
T3D98 000:534.970 JLINK_CORESIGHT_ReadAPDPReg(AP reg 0x03)
T3D98 000:535.327   Value=0x00000000
T3D98 000:535.355 - 0.384ms returns 0
T3D98 000:535.374 JLINK_CORESIGHT_WriteAPDPReg(AP reg 0x00, 0x80000002)
T3D98 000:535.566 - 0.192ms returns 0
T3D98 000:535.589 JLINK_CORESIGHT_WriteAPDPReg(AP reg 0x01, 0x80011130)
T3D98 000:535.876 - 0.287ms returns 0
T3D98 000:535.899 JLINK_CORESIGHT_ReadAPDPReg(AP reg 0x03)
T3D98 000:536.137   Value=0x03E30000
T3D98 000:536.166 - 0.267ms returns 0
T3D98 000:536.272 JLINK_CORESIGHT_ReadAPDPReg(DP reg 0x01)
T3D98 000:536.570   Value=0xF0000F40
T3D98 000:536.605 - 0.333ms returns 0
T3D98 000:536.623 JLINK_CORESIGHT_WriteAPDPReg(DP reg 0x01, 0xA0000F40)
T3D98 000:536.817 - 0.194ms returns 0
T3D98 000:536.840 JLINK_CORESIGHT_ReadAPDPReg(DP reg 0x01)
T3D98 000:537.126   Value=0x00000F40
T3D98 000:537.152 - 0.312ms returns 0
T3D98 000:537.170 JLINK_ClrRESET()
T3D98 000:537.382 - 0.212ms 
T3D98 000:645.805 JLINK_Close()
T3D98 000:655.599 - 9.794ms
T3D98 000:655.704   
T3D98 000:655.721   Closed
