<html>
<body>
<pre>
<h1>µVision Build Log</h1>
<h2>Tool Versions:</h2>
IDE-Version: µVision V5.38.0.0
Copyright (C) 2022 ARM Ltd and ARM Germany GmbH. All rights reserved.
License Information: Catherine Kenzie, Renesas Electronics, LIC=NHYFS-I34DI-MM9YL-Y1JTL-TGSWZ-4TUZN
 
Tool Versions:
Toolchain:       MDK-ARM Professional: 15 user  Version: 5.38.0.0
Toolchain Path:  C:\Keil_v5\ARM\ARMCLANG\Bin
C Compiler:      ArmClang.exe V6.19
Assembler:       Armasm.exe V6.19
Linker/Locator:  ArmLink.exe V6.19
Library Manager: ArmAr.exe V6.19
Hex Converter:   FromElf.exe V6.19
CPU DLL:         SARMV8M.DLL V5.38.0.0
Dialog DLL:      DCM.DLL V1.17.5.0
Target DLL:      Segger\JL2CM3.dll V2.99.42.0
Dialog DLL:      TCM.DLL V1.56.4.0
 
<h2>Project:</h2>
C:\Users\a5132247\gitlab_repo\ra_solutions\example_projects\mck_ra6t3\wdt\wdt_mck_ra6t3_ep\keil\wdt_mck_ra6t3_ep.uvprojx
Project File Date:  05/23/2023

<h2>Output:</h2>
*** Using Compiler 'V6.19', folder: 'C:\Keil_v5\ARM\ARMCLANG\Bin'
Build target 'Target 1'
compiling ext_irq_setup.c...
compiling timer_setup.c...
compiling SEGGER_RTT_printf.c...
compiling board_leds.c...
compiling board_init.c...
compiling startup.c...
compiling system.c...
compiling bsp_clocks.c...
compiling SEGGER_RTT.c...
compiling bsp_common.c...
compiling hal_entry.c...
compiling bsp_delay.c...
compiling bsp_guard.c...
compiling bsp_group_irq.c...
compiling bsp_io.c...
compiling bsp_sbrk.c...
compiling bsp_irq.c...
compiling bsp_rom_registers.c...
compiling bsp_register_protection.c...
compiling bsp_security.c...
compiling r_icu.c...
compiling common_data.c...
compiling r_gpt.c...
compiling r_wdt.c...
compiling hal_data.c...
compiling r_ioport.c...
compiling main.c...
compiling vector_data.c...
compiling pin_data.c...
linking...
Program Size: Code=7032 RO-data=2540 RW-data=4 ZI-data=4184  
FromELF: creating hex file...
After Build - User command #1: cmd /c "start "Renesas" /w cmd /c ""C:/Users/a5132247/AppData/Local/Arm/Packs/Renesas/RA_DFP/4.4.0/launcher\rasc_launcher.bat" "C:\Users\a5132247\gitlab_repo\ra_solutions\example_projects\mck_ra6t3\wdt\wdt_mck_ra6t3_ep\keil\rasc_version.txt" -nosplash --launcher.suppressErrors --gensmartbundle --compiler ARMv6 "C:\Users\a5132247\gitlab_repo\ra_solutions\example_projects\mck_ra6t3\wdt\wdt_mck_ra6t3_ep\keil\configuration.xml" "C:\Users\a5132247\gitlab_repo\ra_solutions\example_projects\mck_ra6t3\wdt\wdt_mck_ra6t3_ep\keil\Objects\wdt_mck_ra6t3_ep.axf" 2> "%TEMP%\rasc_stderr.out"""
".\Objects\wdt_mck_ra6t3_ep.axf" - 0 Error(s), 0 Warning(s).

<h2>Software Packages used:</h2>

Package Vendor: Renesas
                
                Renesas.Project Content.1.0.0
                Project content managed by the Renesas Smart Configurator
   * Component: Build Configuration Version: 
   * Component: ra Version: 
   * Component: Generated Data Version: 
   * Component: Linker Script Version: 

Package Vendor: Renesas
                https://www2.renesas.eu/Keil_MDK_Packs/Renesas.RA_DFP.4.4.0.pack
                Renesas.RA_DFP.4.4.0
                Renesas RA series device family pack
   * Component: RA Configuration Version: 1.0.0

<h2>Collection of Component include folders:</h2>
  ./RTE/_Target_1
  ./ra/arm/CMSIS_5/CMSIS/Core/Include
  ./ra/fsp/inc
  ./ra/fsp/inc/api
  ./ra/fsp/inc/instances
  ./ra_cfg/fsp_cfg
  ./ra_cfg/fsp_cfg/bsp
  ./ra_gen
  C:/Users/a5132247/gitlab_repo/ra_solutions/example_projects/mck_ra6t3/wdt/wdt_mck_ra6t3_ep/keil

<h2>Collection of Component Files used:</h2>

   * Component: Renesas::Flex Software:Build Configuration
      Include file:  ra_cfg/fsp_cfg/bsp/board_cfg.h
      Include file:  ra_cfg/fsp_cfg/bsp/bsp_cfg.h
      Include file:  ra_cfg/fsp_cfg/r_gpt_cfg.h
      Include file:  ra_cfg/fsp_cfg/r_ioport_cfg.h
      Include file:  ra_cfg/fsp_cfg/bsp/bsp_mcu_device_cfg.h
      Include file:  ra_cfg/fsp_cfg/bsp/bsp_mcu_device_pn_cfg.h
      Include file:  ra_cfg/fsp_cfg/r_icu_cfg.h
      Include file:  ra_cfg/fsp_cfg/bsp/bsp_mcu_family_cfg.h
      Include file:  ra_cfg/fsp_cfg/bsp/bsp_pin_cfg.h
      Include file:  ra_cfg/fsp_cfg/r_wdt_cfg.h

   * Component: Renesas::Flex Software:Components:ra
      Include file:  ra/arm/CMSIS_5/CMSIS/Core/Include/cachel1_armv7.h
      Include file:  ra/arm/CMSIS_5/CMSIS/Core/Include/cmsis_armcc.h
      Include file:  ra/arm/CMSIS_5/CMSIS/Core/Include/cmsis_armclang_ltm.h
      Include file:  ra/arm/CMSIS_5/CMSIS/Core/Include/cmsis_compiler.h
      Include file:  ra/arm/CMSIS_5/CMSIS/Core/Include/cmsis_iccarm.h
      Include file:  ra/arm/CMSIS_5/CMSIS/Core/Include/cmsis_version.h
      Include file:  ra/arm/CMSIS_5/CMSIS/Core/Include/core_armv81mml.h
      Include file:  ra/arm/CMSIS_5/CMSIS/Core/Include/cmsis_gcc.h
      Include file:  ra/arm/CMSIS_5/CMSIS/Core/Include/cmsis_armclang.h
      Include file:  ra/arm/CMSIS_5/CMSIS/Core/Include/core_armv8mbl.h
      Include file:  ra/arm/CMSIS_5/CMSIS/Core/Include/core_armv8mml.h
      Include file:  ra/arm/CMSIS_5/CMSIS/Core/Include/core_cm0.h
      Include file:  ra/arm/CMSIS_5/CMSIS/Core/Include/pmu_armv8.h
      Include file:  ra/arm/CMSIS_5/CMSIS/Core/Include/core_starmc1.h
      Include file:  ra/arm/CMSIS_5/CMSIS/Core/Include/mpu_armv8.h
      Include file:  ra/arm/CMSIS_5/CMSIS/Core/Include/core_cm23.h
      Include file:  ra/arm/CMSIS_5/CMSIS/Core/Include/pac_armv81.h
      Include file:  ra/arm/CMSIS_5/CMSIS/Core/Include/core_cm85.h
      Source file:   ra/board/ra6t3_mck/board_init.c
      Include file:  ra/arm/CMSIS_5/CMSIS/Core/Include/core_cm33.h
      Include file:  ra/arm/CMSIS_5/CMSIS/Core/Include/core_cm3.h
      Include file:  ra/arm/CMSIS_5/CMSIS/Core/Include/core_cm7.h
      Include file:  ra/arm/CMSIS_5/CMSIS/Core/Include/core_sc000.h
      Include file:  ra/arm/CMSIS_5/CMSIS/Core/Include/tz_context.h
      Include file:  ra/board/ra6t3_mck/board.h
      Include file:  ra/arm/CMSIS_5/CMSIS/Core/Include/core_cm55.h
      Include file:  ra/arm/CMSIS_5/CMSIS/Core/Include/core_cm4.h
      Include file:  ra/arm/CMSIS_5/CMSIS/Core/Include/core_cm35p.h
      Include file:  ra/arm/CMSIS_5/CMSIS/Core/Include/mpu_armv7.h
      Include file:  ra/arm/CMSIS_5/CMSIS/Core/Include/core_sc300.h
      Include file:  ra/arm/CMSIS_5/CMSIS/Core/Include/core_cm1.h
      Include file:  ra/arm/CMSIS_5/CMSIS/Core/Include/core_cm0plus.h
      Include file:  ra/fsp/inc/api/r_external_irq_api.h
      Include file:  ra/fsp/inc/instances/r_icu.h
      Source file:   ra/fsp/src/bsp/mcu/all/bsp_guard.c
      Include file:  ra/fsp/src/bsp/mcu/all/bsp_guard.h
      Include file:  ra/fsp/inc/api/bsp_api.h
      Include file:  ra/fsp/src/bsp/mcu/all/bsp_clocks.h
      Include file:  ra/fsp/src/bsp/cmsis/Device/RENESAS/Include/system.h
      Include file:  ra/fsp/inc/instances/r_wdt.h
      Include file:  ra/board/ra6t3_mck/board_init.h
      Source file:   ra/fsp/src/bsp/cmsis/Device/RENESAS/Source/startup.c
      Include file:  ra/fsp/inc/fsp_common_api.h
      Source file:   ra/fsp/src/bsp/mcu/all/bsp_clocks.c
      Include file:  ra/fsp/src/bsp/cmsis/Device/RENESAS/Include/R7FA6T3BB.h
      Source file:   ra/board/ra6t3_mck/board_leds.c
      Source file:   ra/fsp/src/bsp/cmsis/Device/RENESAS/Source/system.c
      Include file:  ra/board/ra6t3_mck/board_leds.h
      Include file:  ra/fsp/src/bsp/mcu/all/bsp_compiler_support.h
      Source file:   ra/fsp/src/bsp/mcu/all/bsp_delay.c
      Include file:  ra/fsp/src/bsp/cmsis/Device/RENESAS/Include/renesas.h
      Include file:  ra/fsp/src/bsp/mcu/all/bsp_group_irq.h
      Include file:  ra/fsp/inc/instances/r_ioport.h
      Include file:  ra/fsp/src/bsp/mcu/all/bsp_arm_exceptions.h
      Include file:  ra/fsp/inc/fsp_version.h
      Include file:  ra/fsp/inc/api/r_wdt_api.h
      Source file:   ra/fsp/src/bsp/mcu/all/bsp_common.c
      Include file:  ra/fsp/src/bsp/mcu/all/bsp_common.h
      Include file:  ra/fsp/inc/fsp_features.h
      Include file:  ra/fsp/src/bsp/mcu/all/bsp_delay.h
      Source file:   ra/fsp/src/bsp/mcu/all/bsp_group_irq.c
      Include file:  ra/fsp/inc/api/r_ioport_api.h
      Include file:  ra/fsp/inc/api/r_timer_api.h
      Include file:  ra/fsp/inc/instances/r_gpt.h
      Include file:  ra/fsp/src/bsp/mcu/ra6t3/bsp_feature.h
      Include file:  ra/fsp/src/bsp/mcu/all/bsp_module_stop.h
      Include file:  ra/fsp/src/bsp/mcu/ra6t3/bsp_mcu_info.h
      Source file:   ra/fsp/src/bsp/mcu/all/bsp_irq.c
      Source file:   ra/fsp/src/r_wdt/r_wdt.c
      Include file:  ra/fsp/src/bsp/mcu/all/bsp_io.h
      Source file:   ra/fsp/src/bsp/mcu/all/bsp_rom_registers.c
      Include file:  ra/fsp/src/bsp/mcu/all/bsp_tfu.h
      Include file:  ra/fsp/src/bsp/mcu/ra6t3/bsp_elc.h
      Source file:   ra/fsp/src/r_gpt/r_gpt.c
      Include file:  ra/fsp/src/bsp/mcu/all/bsp_register_protection.h
      Source file:   ra/fsp/src/bsp/mcu/all/bsp_sbrk.c
      Source file:   ra/fsp/src/r_ioport/r_ioport.c
      Source file:   ra/fsp/src/bsp/mcu/all/bsp_register_protection.c
      Source file:   ra/fsp/src/bsp/mcu/all/bsp_security.c
      Include file:  ra/fsp/src/bsp/mcu/all/bsp_irq.h
      Source file:   ra/fsp/src/bsp/mcu/all/bsp_io.c
      Source file:   ra/fsp/src/r_icu/r_icu.c
      Include file:  ra/fsp/src/bsp/mcu/all/bsp_mcu_api.h
      Include file:  ra/fsp/src/bsp/mcu/all/bsp_security.h

   * Component: Renesas::Flex Software:Generated Data
      Include file:  ra_gen/common_data.h
      Source file:   ra_gen/main.c
      Source file:   ra_gen/hal_data.c
      Source file:   ra_gen/common_data.c
      Include file:  ra_gen/hal_data.h
      Source file:   ra_gen/vector_data.c
      Source file:   ra_gen/pin_data.c
      Include file:  ra_gen/bsp_clock_cfg.h
      Include file:  ra_gen/vector_data.h

   * Component: Renesas::Flex Software:Linker Script

   * Component: Renesas::Flex Software:RA Configuration:1.0.0
Build Time Elapsed:  00:00:23
</pre>
</body>
</html>
